WARNING: insecure preprocessing
 Key 0: 10638407565037905969
 Key 1: 16153682713515662489
 Key 2: 9485887530093329314
 Key 3: 11871327934705032448
--------------
Final Key: 48149305743351930220
No MAC key share for player 0, generating a fresh ones
Written new MAC key share to Player-Data//4-2-128//Player-MAC-Keys-2-P0
 Key 0: 6ca155033f4d32358ac313e7e5eb57cf
Written new MAC key share to Player-Data//4-2-128//Player-MAC-Keys-2-P1
 Key 1: 205d384a51ef7f142c8b7e26abaf21be
Written new MAC key share to Player-Data//4-2-128//Player-MAC-Keys-2-P2
 Key 2: 0f58409f32addd2e6f3d663fec74f1bb
Written new MAC key share to Player-Data//4-2-128//Player-MAC-Keys-2-P3
 Key 3: 8f5ad20eea41cbe00642d1a5f353e4f1
--------------
Final Key: ccfeffd8b64e5befcf37da5b5163633b
Opening Player-Data//4-2-128/Triples-2-P0
Opening Player-Data//4-2-128/Triples-2-P1
Opening Player-Data//4-2-128/Triples-2-P2
Opening Player-Data//4-2-128/Triples-2-P3
Opening Player-Data//4-Z64,64-64/Triples-Z64,64-P0
Opening Player-Data//4-Z64,64-64/Triples-Z64,64-P1
Opening Player-Data//4-Z64,64-64/Triples-Z64,64-P2
Opening Player-Data//4-Z64,64-64/Triples-Z64,64-P3
Opening Player-Data//4-2-128/Bits-2-P0
Opening Player-Data//4-2-128/Bits-2-P1
Opening Player-Data//4-2-128/Bits-2-P2
Opening Player-Data//4-2-128/Bits-2-P3
Opening Player-Data//4-Z64,64-64/Bits-Z64,64-P0
Opening Player-Data//4-Z64,64-64/Bits-Z64,64-P1
Opening Player-Data//4-Z64,64-64/Bits-Z64,64-P2
Opening Player-Data//4-Z64,64-64/Bits-Z64,64-P3
Opening Player-Data//4-2-128/Squares-2-P0
Opening Player-Data//4-2-128/Squares-2-P1
Opening Player-Data//4-2-128/Squares-2-P2
Opening Player-Data//4-2-128/Squares-2-P3
Opening Player-Data//4-Z64,64-64/Squares-Z64,64-P0
Opening Player-Data//4-Z64,64-64/Squares-Z64,64-P1
Opening Player-Data//4-Z64,64-64/Squares-Z64,64-P2
Opening Player-Data//4-Z64,64-64/Squares-Z64,64-P3
Opening Player-Data//4-2-128/Inputs-2-P0-0
Opening Player-Data//4-2-128/Inputs-2-P1-0
Opening Player-Data//4-2-128/Inputs-2-P2-0
Opening Player-Data//4-2-128/Inputs-2-P3-0
Opening Player-Data//4-2-128/Inputs-2-P0-1
Opening Player-Data//4-2-128/Inputs-2-P1-1
Opening Player-Data//4-2-128/Inputs-2-P2-1
Opening Player-Data//4-2-128/Inputs-2-P3-1
Opening Player-Data//4-2-128/Inputs-2-P0-2
Opening Player-Data//4-2-128/Inputs-2-P1-2
Opening Player-Data//4-2-128/Inputs-2-P2-2
Opening Player-Data//4-2-128/Inputs-2-P3-2
Opening Player-Data//4-2-128/Inputs-2-P0-3
Opening Player-Data//4-2-128/Inputs-2-P1-3
Opening Player-Data//4-2-128/Inputs-2-P2-3
Opening Player-Data//4-2-128/Inputs-2-P3-3
Opening Player-Data//4-Z64,64-64/Inputs-Z64,64-P0-0
Opening Player-Data//4-Z64,64-64/Inputs-Z64,64-P1-0
Opening Player-Data//4-Z64,64-64/Inputs-Z64,64-P2-0
Opening Player-Data//4-Z64,64-64/Inputs-Z64,64-P3-0
Opening Player-Data//4-Z64,64-64/Inputs-Z64,64-P0-1
Opening Player-Data//4-Z64,64-64/Inputs-Z64,64-P1-1
Opening Player-Data//4-Z64,64-64/Inputs-Z64,64-P2-1
Opening Player-Data//4-Z64,64-64/Inputs-Z64,64-P3-1
Opening Player-Data//4-Z64,64-64/Inputs-Z64,64-P0-2
Opening Player-Data//4-Z64,64-64/Inputs-Z64,64-P1-2
Opening Player-Data//4-Z64,64-64/Inputs-Z64,64-P2-2
Opening Player-Data//4-Z64,64-64/Inputs-Z64,64-P3-2
Opening Player-Data//4-Z64,64-64/Inputs-Z64,64-P0-3
Opening Player-Data//4-Z64,64-64/Inputs-Z64,64-P1-3
Opening Player-Data//4-Z64,64-64/Inputs-Z64,64-P2-3
Opening Player-Data//4-Z64,64-64/Inputs-Z64,64-P3-3
Opening Player-Data//4-2-128/Inverses-2-P0
Opening Player-Data//4-2-128/Inverses-2-P1
Opening Player-Data//4-2-128/Inverses-2-P2
Opening Player-Data//4-2-128/Inverses-2-P3
Opening Player-Data//4-R4R-64/Triples-R4R-P0
Opening Player-Data//4-R4R-64/Triples-R4R-P1
Opening Player-Data//4-R4R-64/Triples-R4R-P2
Opening Player-Data//4-R4R-64/Triples-R4R-P3
Opening Player-Data//4-R4R-64/Bits-R4R-P0
Opening Player-Data//4-R4R-64/Bits-R4R-P1
Opening Player-Data//4-R4R-64/Bits-R4R-P2
Opening Player-Data//4-R4R-64/Bits-R4R-P3
Opening Player-Data//4-R4R-64/Inputs-R4R-P0-0
Opening Player-Data//4-R4R-64/Inputs-R4R-P1-0
Opening Player-Data//4-R4R-64/Inputs-R4R-P2-0
Opening Player-Data//4-R4R-64/Inputs-R4R-P3-0
Opening Player-Data//4-R4R-64/Inputs-R4R-P0-1
Opening Player-Data//4-R4R-64/Inputs-R4R-P1-1
Opening Player-Data//4-R4R-64/Inputs-R4R-P2-1
Opening Player-Data//4-R4R-64/Inputs-R4R-P3-1
Opening Player-Data//4-R4R-64/Inputs-R4R-P0-2
Opening Player-Data//4-R4R-64/Inputs-R4R-P1-2
Opening Player-Data//4-R4R-64/Inputs-R4R-P2-2
Opening Player-Data//4-R4R-64/Inputs-R4R-P3-2
Opening Player-Data//4-R4R-64/Inputs-R4R-P0-3
Opening Player-Data//4-R4R-64/Inputs-R4R-P1-3
Opening Player-Data//4-R4R-64/Inputs-R4R-P2-3
Opening Player-Data//4-R4R-64/Inputs-R4R-P3-3
Opening Player-Data//4-R4R-64/Squares-R4R-P0
Opening Player-Data//4-R4R-64/Squares-R4R-P1
Opening Player-Data//4-R4R-64/Squares-R4R-P2
Opening Player-Data//4-R4R-64/Squares-R4R-P3
Opening Player-Data//4-R4R-64/daBits-R4R-P0
Opening Player-Data//4-R4R-64/daBits-R4R-P1
Opening Player-Data//4-R4R-64/daBits-R4R-P2
Opening Player-Data//4-R4R-64/daBits-R4R-P3
Opening Player-Data//4-DDB-64/Triples-DDB-P0
Opening Player-Data//4-DDB-64/Triples-DDB-P1
Opening Player-Data//4-DDB-64/Triples-DDB-P2
Opening Player-Data//4-DDB-64/Triples-DDB-P3
Opening Player-Data//4-DDB-64/Bits-DDB-P0
Opening Player-Data//4-DDB-64/Bits-DDB-P1
Opening Player-Data//4-DDB-64/Bits-DDB-P2
Opening Player-Data//4-DDB-64/Bits-DDB-P3
Opening Player-Data//4-DDB-64/Inputs-DDB-P0-0
Opening Player-Data//4-DDB-64/Inputs-DDB-P1-0
Opening Player-Data//4-DDB-64/Inputs-DDB-P2-0
Opening Player-Data//4-DDB-64/Inputs-DDB-P3-0
Opening Player-Data//4-DDB-64/Inputs-DDB-P0-1
Opening Player-Data//4-DDB-64/Inputs-DDB-P1-1
Opening Player-Data//4-DDB-64/Inputs-DDB-P2-1
Opening Player-Data//4-DDB-64/Inputs-DDB-P3-1
Opening Player-Data//4-DDB-64/Inputs-DDB-P0-2
Opening Player-Data//4-DDB-64/Inputs-DDB-P1-2
Opening Player-Data//4-DDB-64/Inputs-DDB-P2-2
Opening Player-Data//4-DDB-64/Inputs-DDB-P3-2
Opening Player-Data//4-DDB-64/Inputs-DDB-P0-3
Opening Player-Data//4-DDB-64/Inputs-DDB-P1-3
Opening Player-Data//4-DDB-64/Inputs-DDB-P2-3
Opening Player-Data//4-DDB-64/Inputs-DDB-P3-3
Opening Player-Data//4-DB-64/Triples-DB-P0
Opening Player-Data//4-DB-64/Triples-DB-P1
Opening Player-Data//4-DB-64/Triples-DB-P2
Opening Player-Data//4-DB-64/Triples-DB-P3
Opening Player-Data//4-DB-64/Bits-DB-P0
Opening Player-Data//4-DB-64/Bits-DB-P1
Opening Player-Data//4-DB-64/Bits-DB-P2
Opening Player-Data//4-DB-64/Bits-DB-P3
No MAC key share for player 0, generating a fresh ones
Written new MAC key share to Player-Data//4-T-64//Player-MAC-Keys-R-P0
 Key 0: 2185793886076
Written new MAC key share to Player-Data//4-T-64//Player-MAC-Keys-R-P1
 Key 1: 269857211952
Written new MAC key share to Player-Data//4-T-64//Player-MAC-Keys-R-P2
 Key 2: 1083488818106
Written new MAC key share to Player-Data//4-T-64//Player-MAC-Keys-R-P3
 Key 3: 771094454400
--------------
Final Key: 2111211114982
Opening Player-Data//4-T-64/Triples-T-P0
Opening Player-Data//4-T-64/Triples-T-P1
Opening Player-Data//4-T-64/Triples-T-P2
Opening Player-Data//4-T-64/Triples-T-P3
Opening Player-Data//4-T-64/Bits-T-P0
Opening Player-Data//4-T-64/Bits-T-P1
Opening Player-Data//4-T-64/Bits-T-P2
Opening Player-Data//4-T-64/Bits-T-P3
Opening Player-Data//4-T-64/Inputs-T-P0-0
Opening Player-Data//4-T-64/Inputs-T-P1-0
Opening Player-Data//4-T-64/Inputs-T-P2-0
Opening Player-Data//4-T-64/Inputs-T-P3-0
Opening Player-Data//4-T-64/Inputs-T-P0-1
Opening Player-Data//4-T-64/Inputs-T-P1-1
Opening Player-Data//4-T-64/Inputs-T-P2-1
Opening Player-Data//4-T-64/Inputs-T-P3-1
Opening Player-Data//4-T-64/Inputs-T-P0-2
Opening Player-Data//4-T-64/Inputs-T-P1-2
Opening Player-Data//4-T-64/Inputs-T-P2-2
Opening Player-Data//4-T-64/Inputs-T-P3-2
Opening Player-Data//4-T-64/Inputs-T-P0-3
Opening Player-Data//4-T-64/Inputs-T-P1-3
Opening Player-Data//4-T-64/Inputs-T-P2-3
Opening Player-Data//4-T-64/Inputs-T-P3-3
No MAC key share for player 0, generating a fresh ones
Written new MAC key share to Player-Data//4-TT-8//Player-MAC-Keys-2-P0
 Key 0: 50961279a0
Written new MAC key share to Player-Data//4-TT-8//Player-MAC-Keys-2-P1
 Key 1: 63352fa96d
Written new MAC key share to Player-Data//4-TT-8//Player-MAC-Keys-2-P2
 Key 2: 56685347f9
Written new MAC key share to Player-Data//4-TT-8//Player-MAC-Keys-2-P3
 Key 3: a45262c217
--------------
Final Key: c1990c5523
Opening Player-Data//4-TT-8/Triples-TT-P0
Opening Player-Data//4-TT-8/Triples-TT-P1
Opening Player-Data//4-TT-8/Triples-TT-P2
Opening Player-Data//4-TT-8/Triples-TT-P3
Opening Player-Data//4-TT-8/Bits-TT-P0
Opening Player-Data//4-TT-8/Bits-TT-P1
Opening Player-Data//4-TT-8/Bits-TT-P2
Opening Player-Data//4-TT-8/Bits-TT-P3
Opening Player-Data//4-TT-8/Inputs-TT-P0-0
Opening Player-Data//4-TT-8/Inputs-TT-P1-0
Opening Player-Data//4-TT-8/Inputs-TT-P2-0
Opening Player-Data//4-TT-8/Inputs-TT-P3-0
Opening Player-Data//4-TT-8/Inputs-TT-P0-1
Opening Player-Data//4-TT-8/Inputs-TT-P1-1
Opening Player-Data//4-TT-8/Inputs-TT-P2-1
Opening Player-Data//4-TT-8/Inputs-TT-P3-1
Opening Player-Data//4-TT-8/Inputs-TT-P0-2
Opening Player-Data//4-TT-8/Inputs-TT-P1-2
Opening Player-Data//4-TT-8/Inputs-TT-P2-2
Opening Player-Data//4-TT-8/Inputs-TT-P3-2
Opening Player-Data//4-TT-8/Inputs-TT-P0-3
Opening Player-Data//4-TT-8/Inputs-TT-P1-3
Opening Player-Data//4-TT-8/Inputs-TT-P2-3
Opening Player-Data//4-TT-8/Inputs-TT-P3-3
Opening Player-Data//4-Z64,64-64/daBits-Z64,64-P0
Opening Player-Data//4-Z64,64-64/daBits-Z64,64-P1
Opening Player-Data//4-Z64,64-64/daBits-Z64,64-P2
Opening Player-Data//4-Z64,64-64/daBits-Z64,64-P3
Opening Player-Data//4-MS2-8/Triples-MS2-P0
Opening Player-Data//4-MS2-8/Triples-MS2-P1
Opening Player-Data//4-MS2-8/Triples-MS2-P2
Opening Player-Data//4-MS2-8/Triples-MS2-P3
Opening Player-Data//4-MS2-8/Bits-MS2-P0
Opening Player-Data//4-MS2-8/Bits-MS2-P1
Opening Player-Data//4-MS2-8/Bits-MS2-P2
Opening Player-Data//4-MS2-8/Bits-MS2-P3
Opening Player-Data//4-R42-128/Triples-R42-P0
Opening Player-Data//4-R42-128/Triples-R42-P1
Opening Player-Data//4-R42-128/Triples-R42-P2
Opening Player-Data//4-R42-128/Triples-R42-P3
Opening Player-Data//4-R42-128/Bits-R42-P0
Opening Player-Data//4-R42-128/Bits-R42-P1
Opening Player-Data//4-R42-128/Bits-R42-P2
Opening Player-Data//4-R42-128/Bits-R42-P3
Opening Player-Data//4-R42-128/Inputs-R42-P0-0
Opening Player-Data//4-R42-128/Inputs-R42-P1-0
Opening Player-Data//4-R42-128/Inputs-R42-P2-0
Opening Player-Data//4-R42-128/Inputs-R42-P3-0
Opening Player-Data//4-R42-128/Inputs-R42-P0-1
Opening Player-Data//4-R42-128/Inputs-R42-P1-1
Opening Player-Data//4-R42-128/Inputs-R42-P2-1
Opening Player-Data//4-R42-128/Inputs-R42-P3-1
Opening Player-Data//4-R42-128/Inputs-R42-P0-2
Opening Player-Data//4-R42-128/Inputs-R42-P1-2
Opening Player-Data//4-R42-128/Inputs-R42-P2-2
Opening Player-Data//4-R42-128/Inputs-R42-P3-2
Opening Player-Data//4-R42-128/Inputs-R42-P0-3
Opening Player-Data//4-R42-128/Inputs-R42-P1-3
Opening Player-Data//4-R42-128/Inputs-R42-P2-3
Opening Player-Data//4-R42-128/Inputs-R42-P3-3
Opening Player-Data//4-R42-128/Squares-R42-P0
Opening Player-Data//4-R42-128/Squares-R42-P1
Opening Player-Data//4-R42-128/Squares-R42-P2
Opening Player-Data//4-R42-128/Squares-R42-P3
Opening Player-Data//4-R42-128/daBits-R42-P0
Opening Player-Data//4-R42-128/daBits-R42-P1
Opening Player-Data//4-R42-128/daBits-R42-P2
Opening Player-Data//4-R42-128/daBits-R42-P3
Opening Player-Data//4-R42-128/Inverses-R42-P0
Opening Player-Data//4-R42-128/Inverses-R42-P1
Opening Player-Data//4-R42-128/Inverses-R42-P2
Opening Player-Data//4-R42-128/Inverses-R42-P3
Opening Player-Data//4-D2-128/Triples-D2-P0
Opening Player-Data//4-D2-128/Triples-D2-P1
Opening Player-Data//4-D2-128/Triples-D2-P2
Opening Player-Data//4-D2-128/Triples-D2-P3
Opening Player-Data//4-D2-128/Bits-D2-P0
Opening Player-Data//4-D2-128/Bits-D2-P1
Opening Player-Data//4-D2-128/Bits-D2-P2
Opening Player-Data//4-D2-128/Bits-D2-P3
Opening Player-Data//4-D2-128/Inputs-D2-P0-0
Opening Player-Data//4-D2-128/Inputs-D2-P1-0
Opening Player-Data//4-D2-128/Inputs-D2-P2-0
Opening Player-Data//4-D2-128/Inputs-D2-P3-0
Opening Player-Data//4-D2-128/Inputs-D2-P0-1
Opening Player-Data//4-D2-128/Inputs-D2-P1-1
Opening Player-Data//4-D2-128/Inputs-D2-P2-1
Opening Player-Data//4-D2-128/Inputs-D2-P3-1
Opening Player-Data//4-D2-128/Inputs-D2-P0-2
Opening Player-Data//4-D2-128/Inputs-D2-P1-2
Opening Player-Data//4-D2-128/Inputs-D2-P2-2
Opening Player-Data//4-D2-128/Inputs-D2-P3-2
Opening Player-Data//4-D2-128/Inputs-D2-P0-3
Opening Player-Data//4-D2-128/Inputs-D2-P1-3
Opening Player-Data//4-D2-128/Inputs-D2-P2-3
Opening Player-Data//4-D2-128/Inputs-D2-P3-3
Opening Player-Data//4-D2-128/Squares-D2-P0
Opening Player-Data//4-D2-128/Squares-D2-P1
Opening Player-Data//4-D2-128/Squares-D2-P2
Opening Player-Data//4-D2-128/Squares-D2-P3
Opening Player-Data//4-D2-128/daBits-D2-P0
Opening Player-Data//4-D2-128/daBits-D2-P1
Opening Player-Data//4-D2-128/daBits-D2-P2
Opening Player-Data//4-D2-128/daBits-D2-P3
Opening Player-Data//4-D2-128/Inverses-D2-P0
Opening Player-Data//4-D2-128/Inverses-D2-P1
Opening Player-Data//4-D2-128/Inverses-D2-P2
Opening Player-Data//4-D2-128/Inverses-D2-P3
Opening Player-Data//4-DD2-128/Triples-DD2-P0
Opening Player-Data//4-DD2-128/Triples-DD2-P1
Opening Player-Data//4-DD2-128/Triples-DD2-P2
Opening Player-Data//4-DD2-128/Triples-DD2-P3
Opening Player-Data//4-DD2-128/Bits-DD2-P0
Opening Player-Data//4-DD2-128/Bits-DD2-P1
Opening Player-Data//4-DD2-128/Bits-DD2-P2
Opening Player-Data//4-DD2-128/Bits-DD2-P3
Opening Player-Data//4-DD2-128/Inputs-DD2-P0-0
Opening Player-Data//4-DD2-128/Inputs-DD2-P1-0
Opening Player-Data//4-DD2-128/Inputs-DD2-P2-0
Opening Player-Data//4-DD2-128/Inputs-DD2-P3-0
Opening Player-Data//4-DD2-128/Inputs-DD2-P0-1
Opening Player-Data//4-DD2-128/Inputs-DD2-P1-1
Opening Player-Data//4-DD2-128/Inputs-DD2-P2-1
Opening Player-Data//4-DD2-128/Inputs-DD2-P3-1
Opening Player-Data//4-DD2-128/Inputs-DD2-P0-2
Opening Player-Data//4-DD2-128/Inputs-DD2-P1-2
Opening Player-Data//4-DD2-128/Inputs-DD2-P2-2
Opening Player-Data//4-DD2-128/Inputs-DD2-P3-2
Opening Player-Data//4-DD2-128/Inputs-DD2-P0-3
Opening Player-Data//4-DD2-128/Inputs-DD2-P1-3
Opening Player-Data//4-DD2-128/Inputs-DD2-P2-3
Opening Player-Data//4-DD2-128/Inputs-DD2-P3-3
Opening Player-Data//4-DD2-128/Squares-DD2-P0
Opening Player-Data//4-DD2-128/Squares-DD2-P1
Opening Player-Data//4-DD2-128/Squares-DD2-P2
Opening Player-Data//4-DD2-128/Squares-DD2-P3
Opening Player-Data//4-DD2-128/daBits-DD2-P0
Opening Player-Data//4-DD2-128/daBits-DD2-P1
Opening Player-Data//4-DD2-128/daBits-DD2-P2
Opening Player-Data//4-DD2-128/daBits-DD2-P3
Opening Player-Data//4-DD2-128/Inverses-DD2-P0
Opening Player-Data//4-DD2-128/Inverses-DD2-P1
Opening Player-Data//4-DD2-128/Inverses-DD2-P2
Opening Player-Data//4-DD2-128/Inverses-DD2-P3
Opening Player-Data//4-S2-128/Triples-S2-P0
Opening Player-Data//4-S2-128/Triples-S2-P1
Opening Player-Data//4-S2-128/Triples-S2-P2
Opening Player-Data//4-S2-128/Triples-S2-P3
Opening Player-Data//4-S2-128/Bits-S2-P0
Opening Player-Data//4-S2-128/Bits-S2-P1
Opening Player-Data//4-S2-128/Bits-S2-P2
Opening Player-Data//4-S2-128/Bits-S2-P3
Opening Player-Data//4-S2-128/Inputs-S2-P0-0
Opening Player-Data//4-S2-128/Inputs-S2-P1-0
Opening Player-Data//4-S2-128/Inputs-S2-P2-0
Opening Player-Data//4-S2-128/Inputs-S2-P3-0
Opening Player-Data//4-S2-128/Inputs-S2-P0-1
Opening Player-Data//4-S2-128/Inputs-S2-P1-1
Opening Player-Data//4-S2-128/Inputs-S2-P2-1
Opening Player-Data//4-S2-128/Inputs-S2-P3-1
Opening Player-Data//4-S2-128/Inputs-S2-P0-2
Opening Player-Data//4-S2-128/Inputs-S2-P1-2
Opening Player-Data//4-S2-128/Inputs-S2-P2-2
Opening Player-Data//4-S2-128/Inputs-S2-P3-2
Opening Player-Data//4-S2-128/Inputs-S2-P0-3
Opening Player-Data//4-S2-128/Inputs-S2-P1-3
Opening Player-Data//4-S2-128/Inputs-S2-P2-3
Opening Player-Data//4-S2-128/Inputs-S2-P3-3
Opening Player-Data//4-S2-128/Squares-S2-P0
Opening Player-Data//4-S2-128/Squares-S2-P1
Opening Player-Data//4-S2-128/Squares-S2-P2
Opening Player-Data//4-S2-128/Squares-S2-P3
Opening Player-Data//4-S2-128/daBits-S2-P0
Opening Player-Data//4-S2-128/daBits-S2-P1
Opening Player-Data//4-S2-128/daBits-S2-P2
Opening Player-Data//4-S2-128/daBits-S2-P3
Opening Player-Data//4-S2-128/Inverses-S2-P0
Opening Player-Data//4-S2-128/Inverses-S2-P1
Opening Player-Data//4-S2-128/Inverses-S2-P2
Opening Player-Data//4-S2-128/Inverses-S2-P3
Opening Player-Data//4-MS2-128/Triples-MS2-P0
Opening Player-Data//4-MS2-128/Triples-MS2-P1
Opening Player-Data//4-MS2-128/Triples-MS2-P2
Opening Player-Data//4-MS2-128/Triples-MS2-P3
Opening Player-Data//4-MS2-128/Bits-MS2-P0
Opening Player-Data//4-MS2-128/Bits-MS2-P1
Opening Player-Data//4-MS2-128/Bits-MS2-P2
Opening Player-Data//4-MS2-128/Bits-MS2-P3
Opening Player-Data//4-MS2-128/Inputs-MS2-P0-0
Opening Player-Data//4-MS2-128/Inputs-MS2-P1-0
Opening Player-Data//4-MS2-128/Inputs-MS2-P2-0
Opening Player-Data//4-MS2-128/Inputs-MS2-P3-0
Opening Player-Data//4-MS2-128/Inputs-MS2-P0-1
Opening Player-Data//4-MS2-128/Inputs-MS2-P1-1
Opening Player-Data//4-MS2-128/Inputs-MS2-P2-1
Opening Player-Data//4-MS2-128/Inputs-MS2-P3-1
Opening Player-Data//4-MS2-128/Inputs-MS2-P0-2
Opening Player-Data//4-MS2-128/Inputs-MS2-P1-2
Opening Player-Data//4-MS2-128/Inputs-MS2-P2-2
Opening Player-Data//4-MS2-128/Inputs-MS2-P3-2
Opening Player-Data//4-MS2-128/Inputs-MS2-P0-3
Opening Player-Data//4-MS2-128/Inputs-MS2-P1-3
Opening Player-Data//4-MS2-128/Inputs-MS2-P2-3
Opening Player-Data//4-MS2-128/Inputs-MS2-P3-3
Opening Player-Data//4-MS2-128/Squares-MS2-P0
Opening Player-Data//4-MS2-128/Squares-MS2-P1
Opening Player-Data//4-MS2-128/Squares-MS2-P2
Opening Player-Data//4-MS2-128/Squares-MS2-P3
Opening Player-Data//4-MS2-128/daBits-MS2-P0
Opening Player-Data//4-MS2-128/daBits-MS2-P1
Opening Player-Data//4-MS2-128/daBits-MS2-P2
Opening Player-Data//4-MS2-128/daBits-MS2-P3
Opening Player-Data//4-MS2-128/Inverses-MS2-P0
Opening Player-Data//4-MS2-128/Inverses-MS2-P1
Opening Player-Data//4-MS2-128/Inverses-MS2-P2
Opening Player-Data//4-MS2-128/Inverses-MS2-P3
No MAC key share for player 0, generating a fresh ones
Written new MAC key share to Player-Data//4-SYMS2-128//Player-MAC-Keys-MS2-P0
 Key 0: cb4e67aa63e7f9d8b78d5a0383dc852c
Written new MAC key share to Player-Data//4-SYMS2-128//Player-MAC-Keys-MS2-P1
 Key 1: 81a6e8dc626fa378d65bc6fc635ae79c
Written new MAC key share to Player-Data//4-SYMS2-128//Player-MAC-Keys-MS2-P2
 Key 2: b8016df19d179518f6e9b2a93cd8c60c
Written new MAC key share to Player-Data//4-SYMS2-128//Player-MAC-Keys-MS2-P3
 Key 3: 1477f630617f163815f6ff03a25622fc
--------------
Final Key: f2e9e2879c9fcfb8973f2e56dc5ea4bc
Opening Player-Data//4-SYMS2-128/Triples-SYMS2-P0
Opening Player-Data//4-SYMS2-128/Triples-SYMS2-P1
Opening Player-Data//4-SYMS2-128/Triples-SYMS2-P2
Opening Player-Data//4-SYMS2-128/Triples-SYMS2-P3
Opening Player-Data//4-SYMS2-128/Bits-SYMS2-P0
Opening Player-Data//4-SYMS2-128/Bits-SYMS2-P1
Opening Player-Data//4-SYMS2-128/Bits-SYMS2-P2
Opening Player-Data//4-SYMS2-128/Bits-SYMS2-P3
Opening Player-Data//4-SYMS2-128/Inputs-SYMS2-P0-0
Opening Player-Data//4-SYMS2-128/Inputs-SYMS2-P1-0
Opening Player-Data//4-SYMS2-128/Inputs-SYMS2-P2-0
Opening Player-Data//4-SYMS2-128/Inputs-SYMS2-P3-0
Opening Player-Data//4-SYMS2-128/Inputs-SYMS2-P0-1
Opening Player-Data//4-SYMS2-128/Inputs-SYMS2-P1-1
Opening Player-Data//4-SYMS2-128/Inputs-SYMS2-P2-1
Opening Player-Data//4-SYMS2-128/Inputs-SYMS2-P3-1
Opening Player-Data//4-SYMS2-128/Inputs-SYMS2-P0-2
Opening Player-Data//4-SYMS2-128/Inputs-SYMS2-P1-2
Opening Player-Data//4-SYMS2-128/Inputs-SYMS2-P2-2
Opening Player-Data//4-SYMS2-128/Inputs-SYMS2-P3-2
Opening Player-Data//4-SYMS2-128/Inputs-SYMS2-P0-3
Opening Player-Data//4-SYMS2-128/Inputs-SYMS2-P1-3
Opening Player-Data//4-SYMS2-128/Inputs-SYMS2-P2-3
Opening Player-Data//4-SYMS2-128/Inputs-SYMS2-P3-3
Opening Player-Data//4-SYMS2-128/Squares-SYMS2-P0
Opening Player-Data//4-SYMS2-128/Squares-SYMS2-P1
Opening Player-Data//4-SYMS2-128/Squares-SYMS2-P2
Opening Player-Data//4-SYMS2-128/Squares-SYMS2-P3
Opening Player-Data//4-SYMS2-128/daBits-SYMS2-P0
Opening Player-Data//4-SYMS2-128/daBits-SYMS2-P1
Opening Player-Data//4-SYMS2-128/daBits-SYMS2-P2
Opening Player-Data//4-SYMS2-128/daBits-SYMS2-P3
Opening Player-Data//4-SYMS2-128/Inverses-SYMS2-P0
Opening Player-Data//4-SYMS2-128/Inverses-SYMS2-P1
Opening Player-Data//4-SYMS2-128/Inverses-SYMS2-P2
Opening Player-Data//4-SYMS2-128/Inverses-SYMS2-P3
Opening Player-Data//4-R42-40/Triples-R42-P0
Opening Player-Data//4-R42-40/Triples-R42-P1
Opening Player-Data//4-R42-40/Triples-R42-P2
Opening Player-Data//4-R42-40/Triples-R42-P3
Opening Player-Data//4-R42-40/Bits-R42-P0
Opening Player-Data//4-R42-40/Bits-R42-P1
Opening Player-Data//4-R42-40/Bits-R42-P2
Opening Player-Data//4-R42-40/Bits-R42-P3
Opening Player-Data//4-R42-40/Inputs-R42-P0-0
Opening Player-Data//4-R42-40/Inputs-R42-P1-0
Opening Player-Data//4-R42-40/Inputs-R42-P2-0
Opening Player-Data//4-R42-40/Inputs-R42-P3-0
Opening Player-Data//4-R42-40/Inputs-R42-P0-1
Opening Player-Data//4-R42-40/Inputs-R42-P1-1
Opening Player-Data//4-R42-40/Inputs-R42-P2-1
Opening Player-Data//4-R42-40/Inputs-R42-P3-1
Opening Player-Data//4-R42-40/Inputs-R42-P0-2
Opening Player-Data//4-R42-40/Inputs-R42-P1-2
Opening Player-Data//4-R42-40/Inputs-R42-P2-2
Opening Player-Data//4-R42-40/Inputs-R42-P3-2
Opening Player-Data//4-R42-40/Inputs-R42-P0-3
Opening Player-Data//4-R42-40/Inputs-R42-P1-3
Opening Player-Data//4-R42-40/Inputs-R42-P2-3
Opening Player-Data//4-R42-40/Inputs-R42-P3-3
Opening Player-Data//4-R42-40/Squares-R42-P0
Opening Player-Data//4-R42-40/Squares-R42-P1
Opening Player-Data//4-R42-40/Squares-R42-P2
Opening Player-Data//4-R42-40/Squares-R42-P3
Opening Player-Data//4-R42-40/daBits-R42-P0
Opening Player-Data//4-R42-40/daBits-R42-P1
Opening Player-Data//4-R42-40/daBits-R42-P2
Opening Player-Data//4-R42-40/daBits-R42-P3
Opening Player-Data//4-R42-40/Inverses-R42-P0
Opening Player-Data//4-R42-40/Inverses-R42-P1
Opening Player-Data//4-R42-40/Inverses-R42-P2
Opening Player-Data//4-R42-40/Inverses-R42-P3
Opening Player-Data//4-D2-40/Triples-D2-P0
Opening Player-Data//4-D2-40/Triples-D2-P1
Opening Player-Data//4-D2-40/Triples-D2-P2
Opening Player-Data//4-D2-40/Triples-D2-P3
Opening Player-Data//4-D2-40/Bits-D2-P0
Opening Player-Data//4-D2-40/Bits-D2-P1
Opening Player-Data//4-D2-40/Bits-D2-P2
Opening Player-Data//4-D2-40/Bits-D2-P3
Opening Player-Data//4-D2-40/Inputs-D2-P0-0
Opening Player-Data//4-D2-40/Inputs-D2-P1-0
Opening Player-Data//4-D2-40/Inputs-D2-P2-0
Opening Player-Data//4-D2-40/Inputs-D2-P3-0
Opening Player-Data//4-D2-40/Inputs-D2-P0-1
Opening Player-Data//4-D2-40/Inputs-D2-P1-1
Opening Player-Data//4-D2-40/Inputs-D2-P2-1
Opening Player-Data//4-D2-40/Inputs-D2-P3-1
Opening Player-Data//4-D2-40/Inputs-D2-P0-2
Opening Player-Data//4-D2-40/Inputs-D2-P1-2
Opening Player-Data//4-D2-40/Inputs-D2-P2-2
Opening Player-Data//4-D2-40/Inputs-D2-P3-2
Opening Player-Data//4-D2-40/Inputs-D2-P0-3
Opening Player-Data//4-D2-40/Inputs-D2-P1-3
Opening Player-Data//4-D2-40/Inputs-D2-P2-3
Opening Player-Data//4-D2-40/Inputs-D2-P3-3
Opening Player-Data//4-D2-40/Squares-D2-P0
Opening Player-Data//4-D2-40/Squares-D2-P1
Opening Player-Data//4-D2-40/Squares-D2-P2
Opening Player-Data//4-D2-40/Squares-D2-P3
Opening Player-Data//4-D2-40/daBits-D2-P0
Opening Player-Data//4-D2-40/daBits-D2-P1
Opening Player-Data//4-D2-40/daBits-D2-P2
Opening Player-Data//4-D2-40/daBits-D2-P3
Opening Player-Data//4-D2-40/Inverses-D2-P0
Opening Player-Data//4-D2-40/Inverses-D2-P1
Opening Player-Data//4-D2-40/Inverses-D2-P2
Opening Player-Data//4-D2-40/Inverses-D2-P3
Opening Player-Data//4-DD2-40/Triples-DD2-P0
Opening Player-Data//4-DD2-40/Triples-DD2-P1
Opening Player-Data//4-DD2-40/Triples-DD2-P2
Opening Player-Data//4-DD2-40/Triples-DD2-P3
Opening Player-Data//4-DD2-40/Bits-DD2-P0
Opening Player-Data//4-DD2-40/Bits-DD2-P1
Opening Player-Data//4-DD2-40/Bits-DD2-P2
Opening Player-Data//4-DD2-40/Bits-DD2-P3
Opening Player-Data//4-DD2-40/Inputs-DD2-P0-0
Opening Player-Data//4-DD2-40/Inputs-DD2-P1-0
Opening Player-Data//4-DD2-40/Inputs-DD2-P2-0
Opening Player-Data//4-DD2-40/Inputs-DD2-P3-0
Opening Player-Data//4-DD2-40/Inputs-DD2-P0-1
Opening Player-Data//4-DD2-40/Inputs-DD2-P1-1
Opening Player-Data//4-DD2-40/Inputs-DD2-P2-1
Opening Player-Data//4-DD2-40/Inputs-DD2-P3-1
Opening Player-Data//4-DD2-40/Inputs-DD2-P0-2
Opening Player-Data//4-DD2-40/Inputs-DD2-P1-2
Opening Player-Data//4-DD2-40/Inputs-DD2-P2-2
Opening Player-Data//4-DD2-40/Inputs-DD2-P3-2
Opening Player-Data//4-DD2-40/Inputs-DD2-P0-3
Opening Player-Data//4-DD2-40/Inputs-DD2-P1-3
Opening Player-Data//4-DD2-40/Inputs-DD2-P2-3
Opening Player-Data//4-DD2-40/Inputs-DD2-P3-3
Opening Player-Data//4-DD2-40/Squares-DD2-P0
Opening Player-Data//4-DD2-40/Squares-DD2-P1
Opening Player-Data//4-DD2-40/Squares-DD2-P2
Opening Player-Data//4-DD2-40/Squares-DD2-P3
Opening Player-Data//4-DD2-40/daBits-DD2-P0
Opening Player-Data//4-DD2-40/daBits-DD2-P1
Opening Player-Data//4-DD2-40/daBits-DD2-P2
Opening Player-Data//4-DD2-40/daBits-DD2-P3
Opening Player-Data//4-DD2-40/Inverses-DD2-P0
Opening Player-Data//4-DD2-40/Inverses-DD2-P1
Opening Player-Data//4-DD2-40/Inverses-DD2-P2
Opening Player-Data//4-DD2-40/Inverses-DD2-P3
Opening Player-Data//4-S2-40/Triples-S2-P0
Opening Player-Data//4-S2-40/Triples-S2-P1
Opening Player-Data//4-S2-40/Triples-S2-P2
Opening Player-Data//4-S2-40/Triples-S2-P3
Opening Player-Data//4-S2-40/Bits-S2-P0
Opening Player-Data//4-S2-40/Bits-S2-P1
Opening Player-Data//4-S2-40/Bits-S2-P2
Opening Player-Data//4-S2-40/Bits-S2-P3
Opening Player-Data//4-S2-40/Inputs-S2-P0-0
Opening Player-Data//4-S2-40/Inputs-S2-P1-0
Opening Player-Data//4-S2-40/Inputs-S2-P2-0
Opening Player-Data//4-S2-40/Inputs-S2-P3-0
Opening Player-Data//4-S2-40/Inputs-S2-P0-1
Opening Player-Data//4-S2-40/Inputs-S2-P1-1
Opening Player-Data//4-S2-40/Inputs-S2-P2-1
Opening Player-Data//4-S2-40/Inputs-S2-P3-1
Opening Player-Data//4-S2-40/Inputs-S2-P0-2
Opening Player-Data//4-S2-40/Inputs-S2-P1-2
Opening Player-Data//4-S2-40/Inputs-S2-P2-2
Opening Player-Data//4-S2-40/Inputs-S2-P3-2
Opening Player-Data//4-S2-40/Inputs-S2-P0-3
Opening Player-Data//4-S2-40/Inputs-S2-P1-3
Opening Player-Data//4-S2-40/Inputs-S2-P2-3
Opening Player-Data//4-S2-40/Inputs-S2-P3-3
Opening Player-Data//4-S2-40/Squares-S2-P0
Opening Player-Data//4-S2-40/Squares-S2-P1
Opening Player-Data//4-S2-40/Squares-S2-P2
Opening Player-Data//4-S2-40/Squares-S2-P3
Opening Player-Data//4-S2-40/daBits-S2-P0
Opening Player-Data//4-S2-40/daBits-S2-P1
Opening Player-Data//4-S2-40/daBits-S2-P2
Opening Player-Data//4-S2-40/daBits-S2-P3
Opening Player-Data//4-S2-40/Inverses-S2-P0
Opening Player-Data//4-S2-40/Inverses-S2-P1
Opening Player-Data//4-S2-40/Inverses-S2-P2
Opening Player-Data//4-S2-40/Inverses-S2-P3
Opening Player-Data//4-MS2-40/Triples-MS2-P0
Opening Player-Data//4-MS2-40/Triples-MS2-P1
Opening Player-Data//4-MS2-40/Triples-MS2-P2
Opening Player-Data//4-MS2-40/Triples-MS2-P3
Opening Player-Data//4-MS2-40/Bits-MS2-P0
Opening Player-Data//4-MS2-40/Bits-MS2-P1
Opening Player-Data//4-MS2-40/Bits-MS2-P2
Opening Player-Data//4-MS2-40/Bits-MS2-P3
Opening Player-Data//4-MS2-40/Inputs-MS2-P0-0
Opening Player-Data//4-MS2-40/Inputs-MS2-P1-0
Opening Player-Data//4-MS2-40/Inputs-MS2-P2-0
Opening Player-Data//4-MS2-40/Inputs-MS2-P3-0
Opening Player-Data//4-MS2-40/Inputs-MS2-P0-1
Opening Player-Data//4-MS2-40/Inputs-MS2-P1-1
Opening Player-Data//4-MS2-40/Inputs-MS2-P2-1
Opening Player-Data//4-MS2-40/Inputs-MS2-P3-1
Opening Player-Data//4-MS2-40/Inputs-MS2-P0-2
Opening Player-Data//4-MS2-40/Inputs-MS2-P1-2
Opening Player-Data//4-MS2-40/Inputs-MS2-P2-2
Opening Player-Data//4-MS2-40/Inputs-MS2-P3-2
Opening Player-Data//4-MS2-40/Inputs-MS2-P0-3
Opening Player-Data//4-MS2-40/Inputs-MS2-P1-3
Opening Player-Data//4-MS2-40/Inputs-MS2-P2-3
Opening Player-Data//4-MS2-40/Inputs-MS2-P3-3
Opening Player-Data//4-MS2-40/Squares-MS2-P0
Opening Player-Data//4-MS2-40/Squares-MS2-P1
Opening Player-Data//4-MS2-40/Squares-MS2-P2
Opening Player-Data//4-MS2-40/Squares-MS2-P3
Opening Player-Data//4-MS2-40/daBits-MS2-P0
Opening Player-Data//4-MS2-40/daBits-MS2-P1
Opening Player-Data//4-MS2-40/daBits-MS2-P2
Opening Player-Data//4-MS2-40/daBits-MS2-P3
Opening Player-Data//4-MS2-40/Inverses-MS2-P0
Opening Player-Data//4-MS2-40/Inverses-MS2-P1
Opening Player-Data//4-MS2-40/Inverses-MS2-P2
Opening Player-Data//4-MS2-40/Inverses-MS2-P3
No MAC key share for player 0, generating a fresh ones
Written new MAC key share to Player-Data//4-SYMS2-40//Player-MAC-Keys-MS2-P0
 Key 0: da7d715f06
Written new MAC key share to Player-Data//4-SYMS2-40//Player-MAC-Keys-MS2-P1
 Key 1: d58a1bd7aa
Written new MAC key share to Player-Data//4-SYMS2-40//Player-MAC-Keys-MS2-P2
 Key 2: 2f27322c31
Written new MAC key share to Player-Data//4-SYMS2-40//Player-MAC-Keys-MS2-P3
 Key 3: ca64cec6f2
--------------
Final Key: 20d058a49d
Opening Player-Data//4-SYMS2-40/Triples-SYMS2-P0
Opening Player-Data//4-SYMS2-40/Triples-SYMS2-P1
Opening Player-Data//4-SYMS2-40/Triples-SYMS2-P2
Opening Player-Data//4-SYMS2-40/Triples-SYMS2-P3
Opening Player-Data//4-SYMS2-40/Bits-SYMS2-P0
Opening Player-Data//4-SYMS2-40/Bits-SYMS2-P1
Opening Player-Data//4-SYMS2-40/Bits-SYMS2-P2
Opening Player-Data//4-SYMS2-40/Bits-SYMS2-P3
Opening Player-Data//4-SYMS2-40/Inputs-SYMS2-P0-0
Opening Player-Data//4-SYMS2-40/Inputs-SYMS2-P1-0
Opening Player-Data//4-SYMS2-40/Inputs-SYMS2-P2-0
Opening Player-Data//4-SYMS2-40/Inputs-SYMS2-P3-0
Opening Player-Data//4-SYMS2-40/Inputs-SYMS2-P0-1
Opening Player-Data//4-SYMS2-40/Inputs-SYMS2-P1-1
Opening Player-Data//4-SYMS2-40/Inputs-SYMS2-P2-1
Opening Player-Data//4-SYMS2-40/Inputs-SYMS2-P3-1
Opening Player-Data//4-SYMS2-40/Inputs-SYMS2-P0-2
Opening Player-Data//4-SYMS2-40/Inputs-SYMS2-P1-2
Opening Player-Data//4-SYMS2-40/Inputs-SYMS2-P2-2
Opening Player-Data//4-SYMS2-40/Inputs-SYMS2-P3-2
Opening Player-Data//4-SYMS2-40/Inputs-SYMS2-P0-3
Opening Player-Data//4-SYMS2-40/Inputs-SYMS2-P1-3
Opening Player-Data//4-SYMS2-40/Inputs-SYMS2-P2-3
Opening Player-Data//4-SYMS2-40/Inputs-SYMS2-P3-3
Opening Player-Data//4-SYMS2-40/Squares-SYMS2-P0
Opening Player-Data//4-SYMS2-40/Squares-SYMS2-P1
Opening Player-Data//4-SYMS2-40/Squares-SYMS2-P2
Opening Player-Data//4-SYMS2-40/Squares-SYMS2-P3
Opening Player-Data//4-SYMS2-40/daBits-SYMS2-P0
Opening Player-Data//4-SYMS2-40/daBits-SYMS2-P1
Opening Player-Data//4-SYMS2-40/daBits-SYMS2-P2
Opening Player-Data//4-SYMS2-40/daBits-SYMS2-P3
Opening Player-Data//4-SYMS2-40/Inverses-SYMS2-P0
Opening Player-Data//4-SYMS2-40/Inverses-SYMS2-P1
Opening Player-Data//4-SYMS2-40/Inverses-SYMS2-P2
Opening Player-Data//4-SYMS2-40/Inverses-SYMS2-P3
Opening Player-Data//4-R4R-64/Triples-R4R-P0
Opening Player-Data//4-R4R-64/Triples-R4R-P1
Opening Player-Data//4-R4R-64/Triples-R4R-P2
Opening Player-Data//4-R4R-64/Triples-R4R-P3
Opening Player-Data//4-R4R-64/Bits-R4R-P0
Opening Player-Data//4-R4R-64/Bits-R4R-P1
Opening Player-Data//4-R4R-64/Bits-R4R-P2
Opening Player-Data//4-R4R-64/Bits-R4R-P3
Opening Player-Data//4-R4R-64/Inputs-R4R-P0-0
Opening Player-Data//4-R4R-64/Inputs-R4R-P1-0
Opening Player-Data//4-R4R-64/Inputs-R4R-P2-0
Opening Player-Data//4-R4R-64/Inputs-R4R-P3-0
Opening Player-Data//4-R4R-64/Inputs-R4R-P0-1
Opening Player-Data//4-R4R-64/Inputs-R4R-P1-1
Opening Player-Data//4-R4R-64/Inputs-R4R-P2-1
Opening Player-Data//4-R4R-64/Inputs-R4R-P3-1
Opening Player-Data//4-R4R-64/Inputs-R4R-P0-2
Opening Player-Data//4-R4R-64/Inputs-R4R-P1-2
Opening Player-Data//4-R4R-64/Inputs-R4R-P2-2
Opening Player-Data//4-R4R-64/Inputs-R4R-P3-2
Opening Player-Data//4-R4R-64/Inputs-R4R-P0-3
Opening Player-Data//4-R4R-64/Inputs-R4R-P1-3
Opening Player-Data//4-R4R-64/Inputs-R4R-P2-3
Opening Player-Data//4-R4R-64/Inputs-R4R-P3-3
Opening Player-Data//4-R4R-64/Squares-R4R-P0
Opening Player-Data//4-R4R-64/Squares-R4R-P1
Opening Player-Data//4-R4R-64/Squares-R4R-P2
Opening Player-Data//4-R4R-64/Squares-R4R-P3
Opening Player-Data//4-R4R-64/daBits-R4R-P0
Opening Player-Data//4-R4R-64/daBits-R4R-P1
Opening Player-Data//4-R4R-64/daBits-R4R-P2
Opening Player-Data//4-R4R-64/daBits-R4R-P3
Opening Player-Data//4-DR-64/Triples-DR-P0
Opening Player-Data//4-DR-64/Triples-DR-P1
Opening Player-Data//4-DR-64/Triples-DR-P2
Opening Player-Data//4-DR-64/Triples-DR-P3
Opening Player-Data//4-DR-64/Bits-DR-P0
Opening Player-Data//4-DR-64/Bits-DR-P1
Opening Player-Data//4-DR-64/Bits-DR-P2
Opening Player-Data//4-DR-64/Bits-DR-P3
Opening Player-Data//4-DR-64/Inputs-DR-P0-0
Opening Player-Data//4-DR-64/Inputs-DR-P1-0
Opening Player-Data//4-DR-64/Inputs-DR-P2-0
Opening Player-Data//4-DR-64/Inputs-DR-P3-0
Opening Player-Data//4-DR-64/Inputs-DR-P0-1
Opening Player-Data//4-DR-64/Inputs-DR-P1-1
Opening Player-Data//4-DR-64/Inputs-DR-P2-1
Opening Player-Data//4-DR-64/Inputs-DR-P3-1
Opening Player-Data//4-DR-64/Inputs-DR-P0-2
Opening Player-Data//4-DR-64/Inputs-DR-P1-2
Opening Player-Data//4-DR-64/Inputs-DR-P2-2
Opening Player-Data//4-DR-64/Inputs-DR-P3-2
Opening Player-Data//4-DR-64/Inputs-DR-P0-3
Opening Player-Data//4-DR-64/Inputs-DR-P1-3
Opening Player-Data//4-DR-64/Inputs-DR-P2-3
Opening Player-Data//4-DR-64/Inputs-DR-P3-3
Opening Player-Data//4-DR-64/Squares-DR-P0
Opening Player-Data//4-DR-64/Squares-DR-P1
Opening Player-Data//4-DR-64/Squares-DR-P2
Opening Player-Data//4-DR-64/Squares-DR-P3
Opening Player-Data//4-DR-64/daBits-DR-P0
Opening Player-Data//4-DR-64/daBits-DR-P1
Opening Player-Data//4-DR-64/daBits-DR-P2
Opening Player-Data//4-DR-64/daBits-DR-P3
Opening Player-Data//4-DDR-64/Triples-DDR-P0
Opening Player-Data//4-DDR-64/Triples-DDR-P1
Opening Player-Data//4-DDR-64/Triples-DDR-P2
Opening Player-Data//4-DDR-64/Triples-DDR-P3
Opening Player-Data//4-DDR-64/Bits-DDR-P0
Opening Player-Data//4-DDR-64/Bits-DDR-P1
Opening Player-Data//4-DDR-64/Bits-DDR-P2
Opening Player-Data//4-DDR-64/Bits-DDR-P3
Opening Player-Data//4-DDR-64/Inputs-DDR-P0-0
Opening Player-Data//4-DDR-64/Inputs-DDR-P1-0
Opening Player-Data//4-DDR-64/Inputs-DDR-P2-0
Opening Player-Data//4-DDR-64/Inputs-DDR-P3-0
Opening Player-Data//4-DDR-64/Inputs-DDR-P0-1
Opening Player-Data//4-DDR-64/Inputs-DDR-P1-1
Opening Player-Data//4-DDR-64/Inputs-DDR-P2-1
Opening Player-Data//4-DDR-64/Inputs-DDR-P3-1
Opening Player-Data//4-DDR-64/Inputs-DDR-P0-2
Opening Player-Data//4-DDR-64/Inputs-DDR-P1-2
Opening Player-Data//4-DDR-64/Inputs-DDR-P2-2
Opening Player-Data//4-DDR-64/Inputs-DDR-P3-2
Opening Player-Data//4-DDR-64/Inputs-DDR-P0-3
Opening Player-Data//4-DDR-64/Inputs-DDR-P1-3
Opening Player-Data//4-DDR-64/Inputs-DDR-P2-3
Opening Player-Data//4-DDR-64/Inputs-DDR-P3-3
Opening Player-Data//4-DDR-64/Squares-DDR-P0
Opening Player-Data//4-DDR-64/Squares-DDR-P1
Opening Player-Data//4-DDR-64/Squares-DDR-P2
Opening Player-Data//4-DDR-64/Squares-DDR-P3
Opening Player-Data//4-DDR-64/daBits-DDR-P0
Opening Player-Data//4-DDR-64/daBits-DDR-P1
Opening Player-Data//4-DDR-64/daBits-DDR-P2
Opening Player-Data//4-DDR-64/daBits-DDR-P3
Opening Player-Data//4-R4R-128/Triples-R4R-P0
Opening Player-Data//4-R4R-128/Triples-R4R-P1
Opening Player-Data//4-R4R-128/Triples-R4R-P2
Opening Player-Data//4-R4R-128/Triples-R4R-P3
Opening Player-Data//4-R4R-128/Bits-R4R-P0
Opening Player-Data//4-R4R-128/Bits-R4R-P1
Opening Player-Data//4-R4R-128/Bits-R4R-P2
Opening Player-Data//4-R4R-128/Bits-R4R-P3
Opening Player-Data//4-R4R-128/Inputs-R4R-P0-0
Opening Player-Data//4-R4R-128/Inputs-R4R-P1-0
Opening Player-Data//4-R4R-128/Inputs-R4R-P2-0
Opening Player-Data//4-R4R-128/Inputs-R4R-P3-0
Opening Player-Data//4-R4R-128/Inputs-R4R-P0-1
Opening Player-Data//4-R4R-128/Inputs-R4R-P1-1
Opening Player-Data//4-R4R-128/Inputs-R4R-P2-1
Opening Player-Data//4-R4R-128/Inputs-R4R-P3-1
Opening Player-Data//4-R4R-128/Inputs-R4R-P0-2
Opening Player-Data//4-R4R-128/Inputs-R4R-P1-2
Opening Player-Data//4-R4R-128/Inputs-R4R-P2-2
Opening Player-Data//4-R4R-128/Inputs-R4R-P3-2
Opening Player-Data//4-R4R-128/Inputs-R4R-P0-3
Opening Player-Data//4-R4R-128/Inputs-R4R-P1-3
Opening Player-Data//4-R4R-128/Inputs-R4R-P2-3
Opening Player-Data//4-R4R-128/Inputs-R4R-P3-3
Opening Player-Data//4-R4R-128/Squares-R4R-P0
Opening Player-Data//4-R4R-128/Squares-R4R-P1
Opening Player-Data//4-R4R-128/Squares-R4R-P2
Opening Player-Data//4-R4R-128/Squares-R4R-P3
Opening Player-Data//4-R4R-128/daBits-R4R-P0
Opening Player-Data//4-R4R-128/daBits-R4R-P1
Opening Player-Data//4-R4R-128/daBits-R4R-P2
Opening Player-Data//4-R4R-128/daBits-R4R-P3
Opening Player-Data//4-DR-128/Triples-DR-P0
Opening Player-Data//4-DR-128/Triples-DR-P1
Opening Player-Data//4-DR-128/Triples-DR-P2
Opening Player-Data//4-DR-128/Triples-DR-P3
Opening Player-Data//4-DR-128/Bits-DR-P0
Opening Player-Data//4-DR-128/Bits-DR-P1
Opening Player-Data//4-DR-128/Bits-DR-P2
Opening Player-Data//4-DR-128/Bits-DR-P3
Opening Player-Data//4-DR-128/Inputs-DR-P0-0
Opening Player-Data//4-DR-128/Inputs-DR-P1-0
Opening Player-Data//4-DR-128/Inputs-DR-P2-0
Opening Player-Data//4-DR-128/Inputs-DR-P3-0
Opening Player-Data//4-DR-128/Inputs-DR-P0-1
Opening Player-Data//4-DR-128/Inputs-DR-P1-1
Opening Player-Data//4-DR-128/Inputs-DR-P2-1
Opening Player-Data//4-DR-128/Inputs-DR-P3-1
Opening Player-Data//4-DR-128/Inputs-DR-P0-2
Opening Player-Data//4-DR-128/Inputs-DR-P1-2
Opening Player-Data//4-DR-128/Inputs-DR-P2-2
Opening Player-Data//4-DR-128/Inputs-DR-P3-2
Opening Player-Data//4-DR-128/Inputs-DR-P0-3
Opening Player-Data//4-DR-128/Inputs-DR-P1-3
Opening Player-Data//4-DR-128/Inputs-DR-P2-3
Opening Player-Data//4-DR-128/Inputs-DR-P3-3
Opening Player-Data//4-DR-128/Squares-DR-P0
Opening Player-Data//4-DR-128/Squares-DR-P1
Opening Player-Data//4-DR-128/Squares-DR-P2
Opening Player-Data//4-DR-128/Squares-DR-P3
Opening Player-Data//4-DR-128/daBits-DR-P0
Opening Player-Data//4-DR-128/daBits-DR-P1
Opening Player-Data//4-DR-128/daBits-DR-P2
Opening Player-Data//4-DR-128/daBits-DR-P3
Opening Player-Data//4-DDR-128/Triples-DDR-P0
Opening Player-Data//4-DDR-128/Triples-DDR-P1
Opening Player-Data//4-DDR-128/Triples-DDR-P2
Opening Player-Data//4-DDR-128/Triples-DDR-P3
Opening Player-Data//4-DDR-128/Bits-DDR-P0
Opening Player-Data//4-DDR-128/Bits-DDR-P1
Opening Player-Data//4-DDR-128/Bits-DDR-P2
Opening Player-Data//4-DDR-128/Bits-DDR-P3
Opening Player-Data//4-DDR-128/Inputs-DDR-P0-0
Opening Player-Data//4-DDR-128/Inputs-DDR-P1-0
Opening Player-Data//4-DDR-128/Inputs-DDR-P2-0
Opening Player-Data//4-DDR-128/Inputs-DDR-P3-0
Opening Player-Data//4-DDR-128/Inputs-DDR-P0-1
Opening Player-Data//4-DDR-128/Inputs-DDR-P1-1
Opening Player-Data//4-DDR-128/Inputs-DDR-P2-1
Opening Player-Data//4-DDR-128/Inputs-DDR-P3-1
Opening Player-Data//4-DDR-128/Inputs-DDR-P0-2
Opening Player-Data//4-DDR-128/Inputs-DDR-P1-2
Opening Player-Data//4-DDR-128/Inputs-DDR-P2-2
Opening Player-Data//4-DDR-128/Inputs-DDR-P3-2
Opening Player-Data//4-DDR-128/Inputs-DDR-P0-3
Opening Player-Data//4-DDR-128/Inputs-DDR-P1-3
Opening Player-Data//4-DDR-128/Inputs-DDR-P2-3
Opening Player-Data//4-DDR-128/Inputs-DDR-P3-3
Opening Player-Data//4-DDR-128/Squares-DDR-P0
Opening Player-Data//4-DDR-128/Squares-DDR-P1
Opening Player-Data//4-DDR-128/Squares-DDR-P2
Opening Player-Data//4-DDR-128/Squares-DDR-P3
Opening Player-Data//4-DDR-128/daBits-DDR-P0
Opening Player-Data//4-DDR-128/daBits-DDR-P1
Opening Player-Data//4-DDR-128/daBits-DDR-P2
Opening Player-Data//4-DDR-128/daBits-DDR-P3
