WARNING: insecure preprocessing
 Key 0: 16379254424045783576
 Key 1: 10016129911411185748
 Key 2: 16464163389713607795
 Key 3: 7005362464322805858
 Key 4: 10491432487649848459
 Key 5: 15724630425120579730
 Key 6: 5511254449768007660
 Key 7: 1604998124638812137
--------------
Final Key: 83197225676670630963
No MAC key share for player 0, generating a fresh ones
Written new MAC key share to Player-Data//8-2-128//Player-MAC-Keys-2-P0
 Key 0: d7854ffd1c98e3032c1f39ded9ae0b88
Written new MAC key share to Player-Data//8-2-128//Player-MAC-Keys-2-P1
 Key 1: 6364255ed2e73c5805df1f5328200bbd
Written new MAC key share to Player-Data//8-2-128//Player-MAC-Keys-2-P2
 Key 2: 63b2c59f14d50427e71df3d8f503a5eb
Written new MAC key share to Player-Data//8-2-128//Player-MAC-Keys-2-P3
 Key 3: d19ad42038f7aa41021c5b461cee642f
Written new MAC key share to Player-Data//8-2-128//Player-MAC-Keys-2-P4
 Key 4: 727ffcc22360a93d4813d52d28bbf0e4
Written new MAC key share to Player-Data//8-2-128//Player-MAC-Keys-2-P5
 Key 5: a5039dc30a68bfe7028bc68c8461ed74
Written new MAC key share to Player-Data//8-2-128//Player-MAC-Keys-2-P6
 Key 6: 2fa6818c56675be9e092bcd05d5f08ac
Written new MAC key share to Player-Data//8-2-128//Player-MAC-Keys-2-P7
 Key 7: a149fe19380b5e1f3ac8992b8f1a3927
--------------
Final Key: 5f5a6588a53962115c03b84966fcedea
Opening Player-Data//8-2-128/Triples-2-P0
Opening Player-Data//8-2-128/Triples-2-P1
Opening Player-Data//8-2-128/Triples-2-P2
Opening Player-Data//8-2-128/Triples-2-P3
Opening Player-Data//8-2-128/Triples-2-P4
Opening Player-Data//8-2-128/Triples-2-P5
Opening Player-Data//8-2-128/Triples-2-P6
Opening Player-Data//8-2-128/Triples-2-P7
Opening Player-Data//8-Z64,64-64/Triples-Z64,64-P0
Opening Player-Data//8-Z64,64-64/Triples-Z64,64-P1
Opening Player-Data//8-Z64,64-64/Triples-Z64,64-P2
Opening Player-Data//8-Z64,64-64/Triples-Z64,64-P3
Opening Player-Data//8-Z64,64-64/Triples-Z64,64-P4
Opening Player-Data//8-Z64,64-64/Triples-Z64,64-P5
Opening Player-Data//8-Z64,64-64/Triples-Z64,64-P6
Opening Player-Data//8-Z64,64-64/Triples-Z64,64-P7
Opening Player-Data//8-2-128/Bits-2-P0
Opening Player-Data//8-2-128/Bits-2-P1
Opening Player-Data//8-2-128/Bits-2-P2
Opening Player-Data//8-2-128/Bits-2-P3
Opening Player-Data//8-2-128/Bits-2-P4
Opening Player-Data//8-2-128/Bits-2-P5
Opening Player-Data//8-2-128/Bits-2-P6
Opening Player-Data//8-2-128/Bits-2-P7
Opening Player-Data//8-Z64,64-64/Bits-Z64,64-P0
Opening Player-Data//8-Z64,64-64/Bits-Z64,64-P1
Opening Player-Data//8-Z64,64-64/Bits-Z64,64-P2
Opening Player-Data//8-Z64,64-64/Bits-Z64,64-P3
Opening Player-Data//8-Z64,64-64/Bits-Z64,64-P4
Opening Player-Data//8-Z64,64-64/Bits-Z64,64-P5
Opening Player-Data//8-Z64,64-64/Bits-Z64,64-P6
Opening Player-Data//8-Z64,64-64/Bits-Z64,64-P7
Opening Player-Data//8-2-128/Squares-2-P0
Opening Player-Data//8-2-128/Squares-2-P1
Opening Player-Data//8-2-128/Squares-2-P2
Opening Player-Data//8-2-128/Squares-2-P3
Opening Player-Data//8-2-128/Squares-2-P4
Opening Player-Data//8-2-128/Squares-2-P5
Opening Player-Data//8-2-128/Squares-2-P6
Opening Player-Data//8-2-128/Squares-2-P7
Opening Player-Data//8-Z64,64-64/Squares-Z64,64-P0
Opening Player-Data//8-Z64,64-64/Squares-Z64,64-P1
Opening Player-Data//8-Z64,64-64/Squares-Z64,64-P2
Opening Player-Data//8-Z64,64-64/Squares-Z64,64-P3
Opening Player-Data//8-Z64,64-64/Squares-Z64,64-P4
Opening Player-Data//8-Z64,64-64/Squares-Z64,64-P5
Opening Player-Data//8-Z64,64-64/Squares-Z64,64-P6
Opening Player-Data//8-Z64,64-64/Squares-Z64,64-P7
Opening Player-Data//8-2-128/Inputs-2-P0-0
Opening Player-Data//8-2-128/Inputs-2-P1-0
Opening Player-Data//8-2-128/Inputs-2-P2-0
Opening Player-Data//8-2-128/Inputs-2-P3-0
Opening Player-Data//8-2-128/Inputs-2-P4-0
Opening Player-Data//8-2-128/Inputs-2-P5-0
Opening Player-Data//8-2-128/Inputs-2-P6-0
Opening Player-Data//8-2-128/Inputs-2-P7-0
Opening Player-Data//8-2-128/Inputs-2-P0-1
Opening Player-Data//8-2-128/Inputs-2-P1-1
Opening Player-Data//8-2-128/Inputs-2-P2-1
Opening Player-Data//8-2-128/Inputs-2-P3-1
Opening Player-Data//8-2-128/Inputs-2-P4-1
Opening Player-Data//8-2-128/Inputs-2-P5-1
Opening Player-Data//8-2-128/Inputs-2-P6-1
Opening Player-Data//8-2-128/Inputs-2-P7-1
Opening Player-Data//8-2-128/Inputs-2-P0-2
Opening Player-Data//8-2-128/Inputs-2-P1-2
Opening Player-Data//8-2-128/Inputs-2-P2-2
Opening Player-Data//8-2-128/Inputs-2-P3-2
Opening Player-Data//8-2-128/Inputs-2-P4-2
Opening Player-Data//8-2-128/Inputs-2-P5-2
Opening Player-Data//8-2-128/Inputs-2-P6-2
Opening Player-Data//8-2-128/Inputs-2-P7-2
Opening Player-Data//8-2-128/Inputs-2-P0-3
Opening Player-Data//8-2-128/Inputs-2-P1-3
Opening Player-Data//8-2-128/Inputs-2-P2-3
Opening Player-Data//8-2-128/Inputs-2-P3-3
Opening Player-Data//8-2-128/Inputs-2-P4-3
Opening Player-Data//8-2-128/Inputs-2-P5-3
Opening Player-Data//8-2-128/Inputs-2-P6-3
Opening Player-Data//8-2-128/Inputs-2-P7-3
Opening Player-Data//8-2-128/Inputs-2-P0-4
Opening Player-Data//8-2-128/Inputs-2-P1-4
Opening Player-Data//8-2-128/Inputs-2-P2-4
Opening Player-Data//8-2-128/Inputs-2-P3-4
Opening Player-Data//8-2-128/Inputs-2-P4-4
Opening Player-Data//8-2-128/Inputs-2-P5-4
Opening Player-Data//8-2-128/Inputs-2-P6-4
Opening Player-Data//8-2-128/Inputs-2-P7-4
Opening Player-Data//8-2-128/Inputs-2-P0-5
Opening Player-Data//8-2-128/Inputs-2-P1-5
Opening Player-Data//8-2-128/Inputs-2-P2-5
Opening Player-Data//8-2-128/Inputs-2-P3-5
Opening Player-Data//8-2-128/Inputs-2-P4-5
Opening Player-Data//8-2-128/Inputs-2-P5-5
Opening Player-Data//8-2-128/Inputs-2-P6-5
Opening Player-Data//8-2-128/Inputs-2-P7-5
Opening Player-Data//8-2-128/Inputs-2-P0-6
Opening Player-Data//8-2-128/Inputs-2-P1-6
Opening Player-Data//8-2-128/Inputs-2-P2-6
Opening Player-Data//8-2-128/Inputs-2-P3-6
Opening Player-Data//8-2-128/Inputs-2-P4-6
Opening Player-Data//8-2-128/Inputs-2-P5-6
Opening Player-Data//8-2-128/Inputs-2-P6-6
Opening Player-Data//8-2-128/Inputs-2-P7-6
Opening Player-Data//8-2-128/Inputs-2-P0-7
Opening Player-Data//8-2-128/Inputs-2-P1-7
Opening Player-Data//8-2-128/Inputs-2-P2-7
Opening Player-Data//8-2-128/Inputs-2-P3-7
Opening Player-Data//8-2-128/Inputs-2-P4-7
Opening Player-Data//8-2-128/Inputs-2-P5-7
Opening Player-Data//8-2-128/Inputs-2-P6-7
Opening Player-Data//8-2-128/Inputs-2-P7-7
Opening Player-Data//8-Z64,64-64/Inputs-Z64,64-P0-0
Opening Player-Data//8-Z64,64-64/Inputs-Z64,64-P1-0
Opening Player-Data//8-Z64,64-64/Inputs-Z64,64-P2-0
Opening Player-Data//8-Z64,64-64/Inputs-Z64,64-P3-0
Opening Player-Data//8-Z64,64-64/Inputs-Z64,64-P4-0
Opening Player-Data//8-Z64,64-64/Inputs-Z64,64-P5-0
Opening Player-Data//8-Z64,64-64/Inputs-Z64,64-P6-0
Opening Player-Data//8-Z64,64-64/Inputs-Z64,64-P7-0
Opening Player-Data//8-Z64,64-64/Inputs-Z64,64-P0-1
Opening Player-Data//8-Z64,64-64/Inputs-Z64,64-P1-1
Opening Player-Data//8-Z64,64-64/Inputs-Z64,64-P2-1
Opening Player-Data//8-Z64,64-64/Inputs-Z64,64-P3-1
Opening Player-Data//8-Z64,64-64/Inputs-Z64,64-P4-1
Opening Player-Data//8-Z64,64-64/Inputs-Z64,64-P5-1
Opening Player-Data//8-Z64,64-64/Inputs-Z64,64-P6-1
Opening Player-Data//8-Z64,64-64/Inputs-Z64,64-P7-1
Opening Player-Data//8-Z64,64-64/Inputs-Z64,64-P0-2
Opening Player-Data//8-Z64,64-64/Inputs-Z64,64-P1-2
Opening Player-Data//8-Z64,64-64/Inputs-Z64,64-P2-2
Opening Player-Data//8-Z64,64-64/Inputs-Z64,64-P3-2
Opening Player-Data//8-Z64,64-64/Inputs-Z64,64-P4-2
Opening Player-Data//8-Z64,64-64/Inputs-Z64,64-P5-2
Opening Player-Data//8-Z64,64-64/Inputs-Z64,64-P6-2
Opening Player-Data//8-Z64,64-64/Inputs-Z64,64-P7-2
Opening Player-Data//8-Z64,64-64/Inputs-Z64,64-P0-3
Opening Player-Data//8-Z64,64-64/Inputs-Z64,64-P1-3
Opening Player-Data//8-Z64,64-64/Inputs-Z64,64-P2-3
Opening Player-Data//8-Z64,64-64/Inputs-Z64,64-P3-3
Opening Player-Data//8-Z64,64-64/Inputs-Z64,64-P4-3
Opening Player-Data//8-Z64,64-64/Inputs-Z64,64-P5-3
Opening Player-Data//8-Z64,64-64/Inputs-Z64,64-P6-3
Opening Player-Data//8-Z64,64-64/Inputs-Z64,64-P7-3
Opening Player-Data//8-Z64,64-64/Inputs-Z64,64-P0-4
Opening Player-Data//8-Z64,64-64/Inputs-Z64,64-P1-4
Opening Player-Data//8-Z64,64-64/Inputs-Z64,64-P2-4
Opening Player-Data//8-Z64,64-64/Inputs-Z64,64-P3-4
Opening Player-Data//8-Z64,64-64/Inputs-Z64,64-P4-4
Opening Player-Data//8-Z64,64-64/Inputs-Z64,64-P5-4
Opening Player-Data//8-Z64,64-64/Inputs-Z64,64-P6-4
Opening Player-Data//8-Z64,64-64/Inputs-Z64,64-P7-4
Opening Player-Data//8-Z64,64-64/Inputs-Z64,64-P0-5
Opening Player-Data//8-Z64,64-64/Inputs-Z64,64-P1-5
Opening Player-Data//8-Z64,64-64/Inputs-Z64,64-P2-5
Opening Player-Data//8-Z64,64-64/Inputs-Z64,64-P3-5
Opening Player-Data//8-Z64,64-64/Inputs-Z64,64-P4-5
Opening Player-Data//8-Z64,64-64/Inputs-Z64,64-P5-5
Opening Player-Data//8-Z64,64-64/Inputs-Z64,64-P6-5
Opening Player-Data//8-Z64,64-64/Inputs-Z64,64-P7-5
Opening Player-Data//8-Z64,64-64/Inputs-Z64,64-P0-6
Opening Player-Data//8-Z64,64-64/Inputs-Z64,64-P1-6
Opening Player-Data//8-Z64,64-64/Inputs-Z64,64-P2-6
Opening Player-Data//8-Z64,64-64/Inputs-Z64,64-P3-6
Opening Player-Data//8-Z64,64-64/Inputs-Z64,64-P4-6
Opening Player-Data//8-Z64,64-64/Inputs-Z64,64-P5-6
Opening Player-Data//8-Z64,64-64/Inputs-Z64,64-P6-6
Opening Player-Data//8-Z64,64-64/Inputs-Z64,64-P7-6
Opening Player-Data//8-Z64,64-64/Inputs-Z64,64-P0-7
Opening Player-Data//8-Z64,64-64/Inputs-Z64,64-P1-7
Opening Player-Data//8-Z64,64-64/Inputs-Z64,64-P2-7
Opening Player-Data//8-Z64,64-64/Inputs-Z64,64-P3-7
Opening Player-Data//8-Z64,64-64/Inputs-Z64,64-P4-7
Opening Player-Data//8-Z64,64-64/Inputs-Z64,64-P5-7
Opening Player-Data//8-Z64,64-64/Inputs-Z64,64-P6-7
Opening Player-Data//8-Z64,64-64/Inputs-Z64,64-P7-7
Opening Player-Data//8-2-128/Inverses-2-P0
Opening Player-Data//8-2-128/Inverses-2-P1
Opening Player-Data//8-2-128/Inverses-2-P2
Opening Player-Data//8-2-128/Inverses-2-P3
Opening Player-Data//8-2-128/Inverses-2-P4
Opening Player-Data//8-2-128/Inverses-2-P5
Opening Player-Data//8-2-128/Inverses-2-P6
Opening Player-Data//8-2-128/Inverses-2-P7
Opening Player-Data//8-DDB-64/Triples-DDB-P0
Opening Player-Data//8-DDB-64/Triples-DDB-P1
Opening Player-Data//8-DDB-64/Triples-DDB-P2
Opening Player-Data//8-DDB-64/Triples-DDB-P3
Opening Player-Data//8-DDB-64/Triples-DDB-P4
Opening Player-Data//8-DDB-64/Triples-DDB-P5
Opening Player-Data//8-DDB-64/Triples-DDB-P6
Opening Player-Data//8-DDB-64/Triples-DDB-P7
Opening Player-Data//8-DDB-64/Bits-DDB-P0
Opening Player-Data//8-DDB-64/Bits-DDB-P1
Opening Player-Data//8-DDB-64/Bits-DDB-P2
Opening Player-Data//8-DDB-64/Bits-DDB-P3
Opening Player-Data//8-DDB-64/Bits-DDB-P4
Opening Player-Data//8-DDB-64/Bits-DDB-P5
Opening Player-Data//8-DDB-64/Bits-DDB-P6
Opening Player-Data//8-DDB-64/Bits-DDB-P7
Opening Player-Data//8-DDB-64/Inputs-DDB-P0-0
Opening Player-Data//8-DDB-64/Inputs-DDB-P1-0
Opening Player-Data//8-DDB-64/Inputs-DDB-P2-0
Opening Player-Data//8-DDB-64/Inputs-DDB-P3-0
Opening Player-Data//8-DDB-64/Inputs-DDB-P4-0
Opening Player-Data//8-DDB-64/Inputs-DDB-P5-0
Opening Player-Data//8-DDB-64/Inputs-DDB-P6-0
Opening Player-Data//8-DDB-64/Inputs-DDB-P7-0
Opening Player-Data//8-DDB-64/Inputs-DDB-P0-1
Opening Player-Data//8-DDB-64/Inputs-DDB-P1-1
Opening Player-Data//8-DDB-64/Inputs-DDB-P2-1
Opening Player-Data//8-DDB-64/Inputs-DDB-P3-1
Opening Player-Data//8-DDB-64/Inputs-DDB-P4-1
Opening Player-Data//8-DDB-64/Inputs-DDB-P5-1
Opening Player-Data//8-DDB-64/Inputs-DDB-P6-1
Opening Player-Data//8-DDB-64/Inputs-DDB-P7-1
Opening Player-Data//8-DDB-64/Inputs-DDB-P0-2
Opening Player-Data//8-DDB-64/Inputs-DDB-P1-2
Opening Player-Data//8-DDB-64/Inputs-DDB-P2-2
Opening Player-Data//8-DDB-64/Inputs-DDB-P3-2
Opening Player-Data//8-DDB-64/Inputs-DDB-P4-2
Opening Player-Data//8-DDB-64/Inputs-DDB-P5-2
Opening Player-Data//8-DDB-64/Inputs-DDB-P6-2
Opening Player-Data//8-DDB-64/Inputs-DDB-P7-2
Opening Player-Data//8-DDB-64/Inputs-DDB-P0-3
Opening Player-Data//8-DDB-64/Inputs-DDB-P1-3
Opening Player-Data//8-DDB-64/Inputs-DDB-P2-3
Opening Player-Data//8-DDB-64/Inputs-DDB-P3-3
Opening Player-Data//8-DDB-64/Inputs-DDB-P4-3
Opening Player-Data//8-DDB-64/Inputs-DDB-P5-3
Opening Player-Data//8-DDB-64/Inputs-DDB-P6-3
Opening Player-Data//8-DDB-64/Inputs-DDB-P7-3
Opening Player-Data//8-DDB-64/Inputs-DDB-P0-4
Opening Player-Data//8-DDB-64/Inputs-DDB-P1-4
Opening Player-Data//8-DDB-64/Inputs-DDB-P2-4
Opening Player-Data//8-DDB-64/Inputs-DDB-P3-4
Opening Player-Data//8-DDB-64/Inputs-DDB-P4-4
Opening Player-Data//8-DDB-64/Inputs-DDB-P5-4
Opening Player-Data//8-DDB-64/Inputs-DDB-P6-4
Opening Player-Data//8-DDB-64/Inputs-DDB-P7-4
Opening Player-Data//8-DDB-64/Inputs-DDB-P0-5
Opening Player-Data//8-DDB-64/Inputs-DDB-P1-5
Opening Player-Data//8-DDB-64/Inputs-DDB-P2-5
Opening Player-Data//8-DDB-64/Inputs-DDB-P3-5
Opening Player-Data//8-DDB-64/Inputs-DDB-P4-5
Opening Player-Data//8-DDB-64/Inputs-DDB-P5-5
Opening Player-Data//8-DDB-64/Inputs-DDB-P6-5
Opening Player-Data//8-DDB-64/Inputs-DDB-P7-5
Opening Player-Data//8-DDB-64/Inputs-DDB-P0-6
Opening Player-Data//8-DDB-64/Inputs-DDB-P1-6
Opening Player-Data//8-DDB-64/Inputs-DDB-P2-6
Opening Player-Data//8-DDB-64/Inputs-DDB-P3-6
Opening Player-Data//8-DDB-64/Inputs-DDB-P4-6
Opening Player-Data//8-DDB-64/Inputs-DDB-P5-6
Opening Player-Data//8-DDB-64/Inputs-DDB-P6-6
Opening Player-Data//8-DDB-64/Inputs-DDB-P7-6
Opening Player-Data//8-DDB-64/Inputs-DDB-P0-7
Opening Player-Data//8-DDB-64/Inputs-DDB-P1-7
Opening Player-Data//8-DDB-64/Inputs-DDB-P2-7
Opening Player-Data//8-DDB-64/Inputs-DDB-P3-7
Opening Player-Data//8-DDB-64/Inputs-DDB-P4-7
Opening Player-Data//8-DDB-64/Inputs-DDB-P5-7
Opening Player-Data//8-DDB-64/Inputs-DDB-P6-7
Opening Player-Data//8-DDB-64/Inputs-DDB-P7-7
Opening Player-Data//8-DB-64/Triples-DB-P0
Opening Player-Data//8-DB-64/Triples-DB-P1
Opening Player-Data//8-DB-64/Triples-DB-P2
Opening Player-Data//8-DB-64/Triples-DB-P3
Opening Player-Data//8-DB-64/Triples-DB-P4
Opening Player-Data//8-DB-64/Triples-DB-P5
Opening Player-Data//8-DB-64/Triples-DB-P6
Opening Player-Data//8-DB-64/Triples-DB-P7
Opening Player-Data//8-DB-64/Bits-DB-P0
Opening Player-Data//8-DB-64/Bits-DB-P1
Opening Player-Data//8-DB-64/Bits-DB-P2
Opening Player-Data//8-DB-64/Bits-DB-P3
Opening Player-Data//8-DB-64/Bits-DB-P4
Opening Player-Data//8-DB-64/Bits-DB-P5
Opening Player-Data//8-DB-64/Bits-DB-P6
Opening Player-Data//8-DB-64/Bits-DB-P7
No MAC key share for player 0, generating a fresh ones
Written new MAC key share to Player-Data//8-T-64//Player-MAC-Keys-R-P0
 Key 0: 1208411484330
Written new MAC key share to Player-Data//8-T-64//Player-MAC-Keys-R-P1
 Key 1: 696490337725
Written new MAC key share to Player-Data//8-T-64//Player-MAC-Keys-R-P2
 Key 2: 1347533570457
Written new MAC key share to Player-Data//8-T-64//Player-MAC-Keys-R-P3
 Key 3: 1596607210041
Written new MAC key share to Player-Data//8-T-64//Player-MAC-Keys-R-P4
 Key 4: 1798878453912
Written new MAC key share to Player-Data//8-T-64//Player-MAC-Keys-R-P5
 Key 5: 1140130186651
Written new MAC key share to Player-Data//8-T-64//Player-MAC-Keys-R-P6
 Key 6: 1337781023627
Written new MAC key share to Player-Data//8-T-64//Player-MAC-Keys-R-P7
 Key 7: 119580900602
--------------
Final Key: 449320145137
Opening Player-Data//8-T-64/Triples-T-P0
Opening Player-Data//8-T-64/Triples-T-P1
Opening Player-Data//8-T-64/Triples-T-P2
Opening Player-Data//8-T-64/Triples-T-P3
Opening Player-Data//8-T-64/Triples-T-P4
Opening Player-Data//8-T-64/Triples-T-P5
Opening Player-Data//8-T-64/Triples-T-P6
Opening Player-Data//8-T-64/Triples-T-P7
Opening Player-Data//8-T-64/Bits-T-P0
Opening Player-Data//8-T-64/Bits-T-P1
Opening Player-Data//8-T-64/Bits-T-P2
Opening Player-Data//8-T-64/Bits-T-P3
Opening Player-Data//8-T-64/Bits-T-P4
Opening Player-Data//8-T-64/Bits-T-P5
Opening Player-Data//8-T-64/Bits-T-P6
Opening Player-Data//8-T-64/Bits-T-P7
Opening Player-Data//8-T-64/Inputs-T-P0-0
Opening Player-Data//8-T-64/Inputs-T-P1-0
Opening Player-Data//8-T-64/Inputs-T-P2-0
Opening Player-Data//8-T-64/Inputs-T-P3-0
Opening Player-Data//8-T-64/Inputs-T-P4-0
Opening Player-Data//8-T-64/Inputs-T-P5-0
Opening Player-Data//8-T-64/Inputs-T-P6-0
Opening Player-Data//8-T-64/Inputs-T-P7-0
Opening Player-Data//8-T-64/Inputs-T-P0-1
Opening Player-Data//8-T-64/Inputs-T-P1-1
Opening Player-Data//8-T-64/Inputs-T-P2-1
Opening Player-Data//8-T-64/Inputs-T-P3-1
Opening Player-Data//8-T-64/Inputs-T-P4-1
Opening Player-Data//8-T-64/Inputs-T-P5-1
Opening Player-Data//8-T-64/Inputs-T-P6-1
Opening Player-Data//8-T-64/Inputs-T-P7-1
Opening Player-Data//8-T-64/Inputs-T-P0-2
Opening Player-Data//8-T-64/Inputs-T-P1-2
Opening Player-Data//8-T-64/Inputs-T-P2-2
Opening Player-Data//8-T-64/Inputs-T-P3-2
Opening Player-Data//8-T-64/Inputs-T-P4-2
Opening Player-Data//8-T-64/Inputs-T-P5-2
Opening Player-Data//8-T-64/Inputs-T-P6-2
Opening Player-Data//8-T-64/Inputs-T-P7-2
Opening Player-Data//8-T-64/Inputs-T-P0-3
Opening Player-Data//8-T-64/Inputs-T-P1-3
Opening Player-Data//8-T-64/Inputs-T-P2-3
Opening Player-Data//8-T-64/Inputs-T-P3-3
Opening Player-Data//8-T-64/Inputs-T-P4-3
Opening Player-Data//8-T-64/Inputs-T-P5-3
Opening Player-Data//8-T-64/Inputs-T-P6-3
Opening Player-Data//8-T-64/Inputs-T-P7-3
Opening Player-Data//8-T-64/Inputs-T-P0-4
Opening Player-Data//8-T-64/Inputs-T-P1-4
Opening Player-Data//8-T-64/Inputs-T-P2-4
Opening Player-Data//8-T-64/Inputs-T-P3-4
Opening Player-Data//8-T-64/Inputs-T-P4-4
Opening Player-Data//8-T-64/Inputs-T-P5-4
Opening Player-Data//8-T-64/Inputs-T-P6-4
Opening Player-Data//8-T-64/Inputs-T-P7-4
Opening Player-Data//8-T-64/Inputs-T-P0-5
Opening Player-Data//8-T-64/Inputs-T-P1-5
Opening Player-Data//8-T-64/Inputs-T-P2-5
Opening Player-Data//8-T-64/Inputs-T-P3-5
Opening Player-Data//8-T-64/Inputs-T-P4-5
Opening Player-Data//8-T-64/Inputs-T-P5-5
Opening Player-Data//8-T-64/Inputs-T-P6-5
Opening Player-Data//8-T-64/Inputs-T-P7-5
Opening Player-Data//8-T-64/Inputs-T-P0-6
Opening Player-Data//8-T-64/Inputs-T-P1-6
Opening Player-Data//8-T-64/Inputs-T-P2-6
Opening Player-Data//8-T-64/Inputs-T-P3-6
Opening Player-Data//8-T-64/Inputs-T-P4-6
Opening Player-Data//8-T-64/Inputs-T-P5-6
Opening Player-Data//8-T-64/Inputs-T-P6-6
Opening Player-Data//8-T-64/Inputs-T-P7-6
Opening Player-Data//8-T-64/Inputs-T-P0-7
Opening Player-Data//8-T-64/Inputs-T-P1-7
Opening Player-Data//8-T-64/Inputs-T-P2-7
Opening Player-Data//8-T-64/Inputs-T-P3-7
Opening Player-Data//8-T-64/Inputs-T-P4-7
Opening Player-Data//8-T-64/Inputs-T-P5-7
Opening Player-Data//8-T-64/Inputs-T-P6-7
Opening Player-Data//8-T-64/Inputs-T-P7-7
No MAC key share for player 0, generating a fresh ones
Written new MAC key share to Player-Data//8-TT-8//Player-MAC-Keys-2-P0
 Key 0: a3277986c8
Written new MAC key share to Player-Data//8-TT-8//Player-MAC-Keys-2-P1
 Key 1: 8b62ebf8bb
Written new MAC key share to Player-Data//8-TT-8//Player-MAC-Keys-2-P2
 Key 2: 14b4bd0311
Written new MAC key share to Player-Data//8-TT-8//Player-MAC-Keys-2-P3
 Key 3: 74c9f818eb
Written new MAC key share to Player-Data//8-TT-8//Player-MAC-Keys-2-P4
 Key 4: a473ff861b
Written new MAC key share to Player-Data//8-TT-8//Player-MAC-Keys-2-P5
 Key 5: 7a694ae2ce
Written new MAC key share to Player-Data//8-TT-8//Player-MAC-Keys-2-P6
 Key 6: e22085c00a
Written new MAC key share to Player-Data//8-TT-8//Player-MAC-Keys-2-P7
 Key 7: d7df1cf297
--------------
Final Key: a3ddfb33c1
Opening Player-Data//8-TT-8/Triples-TT-P0
Opening Player-Data//8-TT-8/Triples-TT-P1
Opening Player-Data//8-TT-8/Triples-TT-P2
Opening Player-Data//8-TT-8/Triples-TT-P3
Opening Player-Data//8-TT-8/Triples-TT-P4
Opening Player-Data//8-TT-8/Triples-TT-P5
Opening Player-Data//8-TT-8/Triples-TT-P6
Opening Player-Data//8-TT-8/Triples-TT-P7
Opening Player-Data//8-TT-8/Bits-TT-P0
Opening Player-Data//8-TT-8/Bits-TT-P1
Opening Player-Data//8-TT-8/Bits-TT-P2
Opening Player-Data//8-TT-8/Bits-TT-P3
Opening Player-Data//8-TT-8/Bits-TT-P4
Opening Player-Data//8-TT-8/Bits-TT-P5
Opening Player-Data//8-TT-8/Bits-TT-P6
Opening Player-Data//8-TT-8/Bits-TT-P7
Opening Player-Data//8-TT-8/Inputs-TT-P0-0
Opening Player-Data//8-TT-8/Inputs-TT-P1-0
Opening Player-Data//8-TT-8/Inputs-TT-P2-0
Opening Player-Data//8-TT-8/Inputs-TT-P3-0
Opening Player-Data//8-TT-8/Inputs-TT-P4-0
Opening Player-Data//8-TT-8/Inputs-TT-P5-0
Opening Player-Data//8-TT-8/Inputs-TT-P6-0
Opening Player-Data//8-TT-8/Inputs-TT-P7-0
Opening Player-Data//8-TT-8/Inputs-TT-P0-1
Opening Player-Data//8-TT-8/Inputs-TT-P1-1
Opening Player-Data//8-TT-8/Inputs-TT-P2-1
Opening Player-Data//8-TT-8/Inputs-TT-P3-1
Opening Player-Data//8-TT-8/Inputs-TT-P4-1
Opening Player-Data//8-TT-8/Inputs-TT-P5-1
Opening Player-Data//8-TT-8/Inputs-TT-P6-1
Opening Player-Data//8-TT-8/Inputs-TT-P7-1
Opening Player-Data//8-TT-8/Inputs-TT-P0-2
Opening Player-Data//8-TT-8/Inputs-TT-P1-2
Opening Player-Data//8-TT-8/Inputs-TT-P2-2
Opening Player-Data//8-TT-8/Inputs-TT-P3-2
Opening Player-Data//8-TT-8/Inputs-TT-P4-2
Opening Player-Data//8-TT-8/Inputs-TT-P5-2
Opening Player-Data//8-TT-8/Inputs-TT-P6-2
Opening Player-Data//8-TT-8/Inputs-TT-P7-2
Opening Player-Data//8-TT-8/Inputs-TT-P0-3
Opening Player-Data//8-TT-8/Inputs-TT-P1-3
Opening Player-Data//8-TT-8/Inputs-TT-P2-3
Opening Player-Data//8-TT-8/Inputs-TT-P3-3
Opening Player-Data//8-TT-8/Inputs-TT-P4-3
Opening Player-Data//8-TT-8/Inputs-TT-P5-3
Opening Player-Data//8-TT-8/Inputs-TT-P6-3
Opening Player-Data//8-TT-8/Inputs-TT-P7-3
Opening Player-Data//8-TT-8/Inputs-TT-P0-4
Opening Player-Data//8-TT-8/Inputs-TT-P1-4
Opening Player-Data//8-TT-8/Inputs-TT-P2-4
Opening Player-Data//8-TT-8/Inputs-TT-P3-4
Opening Player-Data//8-TT-8/Inputs-TT-P4-4
Opening Player-Data//8-TT-8/Inputs-TT-P5-4
Opening Player-Data//8-TT-8/Inputs-TT-P6-4
Opening Player-Data//8-TT-8/Inputs-TT-P7-4
Opening Player-Data//8-TT-8/Inputs-TT-P0-5
Opening Player-Data//8-TT-8/Inputs-TT-P1-5
Opening Player-Data//8-TT-8/Inputs-TT-P2-5
Opening Player-Data//8-TT-8/Inputs-TT-P3-5
Opening Player-Data//8-TT-8/Inputs-TT-P4-5
Opening Player-Data//8-TT-8/Inputs-TT-P5-5
Opening Player-Data//8-TT-8/Inputs-TT-P6-5
Opening Player-Data//8-TT-8/Inputs-TT-P7-5
Opening Player-Data//8-TT-8/Inputs-TT-P0-6
Opening Player-Data//8-TT-8/Inputs-TT-P1-6
Opening Player-Data//8-TT-8/Inputs-TT-P2-6
Opening Player-Data//8-TT-8/Inputs-TT-P3-6
Opening Player-Data//8-TT-8/Inputs-TT-P4-6
Opening Player-Data//8-TT-8/Inputs-TT-P5-6
Opening Player-Data//8-TT-8/Inputs-TT-P6-6
Opening Player-Data//8-TT-8/Inputs-TT-P7-6
Opening Player-Data//8-TT-8/Inputs-TT-P0-7
Opening Player-Data//8-TT-8/Inputs-TT-P1-7
Opening Player-Data//8-TT-8/Inputs-TT-P2-7
Opening Player-Data//8-TT-8/Inputs-TT-P3-7
Opening Player-Data//8-TT-8/Inputs-TT-P4-7
Opening Player-Data//8-TT-8/Inputs-TT-P5-7
Opening Player-Data//8-TT-8/Inputs-TT-P6-7
Opening Player-Data//8-TT-8/Inputs-TT-P7-7
Opening Player-Data//8-Z64,64-64/daBits-Z64,64-P0
Opening Player-Data//8-Z64,64-64/daBits-Z64,64-P1
Opening Player-Data//8-Z64,64-64/daBits-Z64,64-P2
Opening Player-Data//8-Z64,64-64/daBits-Z64,64-P3
Opening Player-Data//8-Z64,64-64/daBits-Z64,64-P4
Opening Player-Data//8-Z64,64-64/daBits-Z64,64-P5
Opening Player-Data//8-Z64,64-64/daBits-Z64,64-P6
Opening Player-Data//8-Z64,64-64/daBits-Z64,64-P7
Opening Player-Data//8-MS2-8/Triples-MS2-P0
Opening Player-Data//8-MS2-8/Triples-MS2-P1
Opening Player-Data//8-MS2-8/Triples-MS2-P2
Opening Player-Data//8-MS2-8/Triples-MS2-P3
Opening Player-Data//8-MS2-8/Triples-MS2-P4
Opening Player-Data//8-MS2-8/Triples-MS2-P5
Opening Player-Data//8-MS2-8/Triples-MS2-P6
Opening Player-Data//8-MS2-8/Triples-MS2-P7
Opening Player-Data//8-MS2-8/Bits-MS2-P0
Opening Player-Data//8-MS2-8/Bits-MS2-P1
Opening Player-Data//8-MS2-8/Bits-MS2-P2
Opening Player-Data//8-MS2-8/Bits-MS2-P3
Opening Player-Data//8-MS2-8/Bits-MS2-P4
Opening Player-Data//8-MS2-8/Bits-MS2-P5
Opening Player-Data//8-MS2-8/Bits-MS2-P6
Opening Player-Data//8-MS2-8/Bits-MS2-P7
Opening Player-Data//8-D2-128/Triples-D2-P0
Opening Player-Data//8-D2-128/Triples-D2-P1
Opening Player-Data//8-D2-128/Triples-D2-P2
Opening Player-Data//8-D2-128/Triples-D2-P3
Opening Player-Data//8-D2-128/Triples-D2-P4
Opening Player-Data//8-D2-128/Triples-D2-P5
Opening Player-Data//8-D2-128/Triples-D2-P6
Opening Player-Data//8-D2-128/Triples-D2-P7
Opening Player-Data//8-D2-128/Bits-D2-P0
Opening Player-Data//8-D2-128/Bits-D2-P1
Opening Player-Data//8-D2-128/Bits-D2-P2
Opening Player-Data//8-D2-128/Bits-D2-P3
Opening Player-Data//8-D2-128/Bits-D2-P4
Opening Player-Data//8-D2-128/Bits-D2-P5
Opening Player-Data//8-D2-128/Bits-D2-P6
Opening Player-Data//8-D2-128/Bits-D2-P7
Opening Player-Data//8-D2-128/Inputs-D2-P0-0
Opening Player-Data//8-D2-128/Inputs-D2-P1-0
Opening Player-Data//8-D2-128/Inputs-D2-P2-0
Opening Player-Data//8-D2-128/Inputs-D2-P3-0
Opening Player-Data//8-D2-128/Inputs-D2-P4-0
Opening Player-Data//8-D2-128/Inputs-D2-P5-0
Opening Player-Data//8-D2-128/Inputs-D2-P6-0
Opening Player-Data//8-D2-128/Inputs-D2-P7-0
Opening Player-Data//8-D2-128/Inputs-D2-P0-1
Opening Player-Data//8-D2-128/Inputs-D2-P1-1
Opening Player-Data//8-D2-128/Inputs-D2-P2-1
Opening Player-Data//8-D2-128/Inputs-D2-P3-1
Opening Player-Data//8-D2-128/Inputs-D2-P4-1
Opening Player-Data//8-D2-128/Inputs-D2-P5-1
Opening Player-Data//8-D2-128/Inputs-D2-P6-1
Opening Player-Data//8-D2-128/Inputs-D2-P7-1
Opening Player-Data//8-D2-128/Inputs-D2-P0-2
Opening Player-Data//8-D2-128/Inputs-D2-P1-2
Opening Player-Data//8-D2-128/Inputs-D2-P2-2
Opening Player-Data//8-D2-128/Inputs-D2-P3-2
Opening Player-Data//8-D2-128/Inputs-D2-P4-2
Opening Player-Data//8-D2-128/Inputs-D2-P5-2
Opening Player-Data//8-D2-128/Inputs-D2-P6-2
Opening Player-Data//8-D2-128/Inputs-D2-P7-2
Opening Player-Data//8-D2-128/Inputs-D2-P0-3
Opening Player-Data//8-D2-128/Inputs-D2-P1-3
Opening Player-Data//8-D2-128/Inputs-D2-P2-3
Opening Player-Data//8-D2-128/Inputs-D2-P3-3
Opening Player-Data//8-D2-128/Inputs-D2-P4-3
Opening Player-Data//8-D2-128/Inputs-D2-P5-3
Opening Player-Data//8-D2-128/Inputs-D2-P6-3
Opening Player-Data//8-D2-128/Inputs-D2-P7-3
Opening Player-Data//8-D2-128/Inputs-D2-P0-4
Opening Player-Data//8-D2-128/Inputs-D2-P1-4
Opening Player-Data//8-D2-128/Inputs-D2-P2-4
Opening Player-Data//8-D2-128/Inputs-D2-P3-4
Opening Player-Data//8-D2-128/Inputs-D2-P4-4
Opening Player-Data//8-D2-128/Inputs-D2-P5-4
Opening Player-Data//8-D2-128/Inputs-D2-P6-4
Opening Player-Data//8-D2-128/Inputs-D2-P7-4
Opening Player-Data//8-D2-128/Inputs-D2-P0-5
Opening Player-Data//8-D2-128/Inputs-D2-P1-5
Opening Player-Data//8-D2-128/Inputs-D2-P2-5
Opening Player-Data//8-D2-128/Inputs-D2-P3-5
Opening Player-Data//8-D2-128/Inputs-D2-P4-5
Opening Player-Data//8-D2-128/Inputs-D2-P5-5
Opening Player-Data//8-D2-128/Inputs-D2-P6-5
Opening Player-Data//8-D2-128/Inputs-D2-P7-5
Opening Player-Data//8-D2-128/Inputs-D2-P0-6
Opening Player-Data//8-D2-128/Inputs-D2-P1-6
Opening Player-Data//8-D2-128/Inputs-D2-P2-6
Opening Player-Data//8-D2-128/Inputs-D2-P3-6
Opening Player-Data//8-D2-128/Inputs-D2-P4-6
Opening Player-Data//8-D2-128/Inputs-D2-P5-6
Opening Player-Data//8-D2-128/Inputs-D2-P6-6
Opening Player-Data//8-D2-128/Inputs-D2-P7-6
Opening Player-Data//8-D2-128/Inputs-D2-P0-7
Opening Player-Data//8-D2-128/Inputs-D2-P1-7
Opening Player-Data//8-D2-128/Inputs-D2-P2-7
Opening Player-Data//8-D2-128/Inputs-D2-P3-7
Opening Player-Data//8-D2-128/Inputs-D2-P4-7
Opening Player-Data//8-D2-128/Inputs-D2-P5-7
Opening Player-Data//8-D2-128/Inputs-D2-P6-7
Opening Player-Data//8-D2-128/Inputs-D2-P7-7
Opening Player-Data//8-D2-128/Squares-D2-P0
Opening Player-Data//8-D2-128/Squares-D2-P1
Opening Player-Data//8-D2-128/Squares-D2-P2
Opening Player-Data//8-D2-128/Squares-D2-P3
Opening Player-Data//8-D2-128/Squares-D2-P4
Opening Player-Data//8-D2-128/Squares-D2-P5
Opening Player-Data//8-D2-128/Squares-D2-P6
Opening Player-Data//8-D2-128/Squares-D2-P7
Opening Player-Data//8-D2-128/daBits-D2-P0
Opening Player-Data//8-D2-128/daBits-D2-P1
Opening Player-Data//8-D2-128/daBits-D2-P2
Opening Player-Data//8-D2-128/daBits-D2-P3
Opening Player-Data//8-D2-128/daBits-D2-P4
Opening Player-Data//8-D2-128/daBits-D2-P5
Opening Player-Data//8-D2-128/daBits-D2-P6
Opening Player-Data//8-D2-128/daBits-D2-P7
Opening Player-Data//8-D2-128/Inverses-D2-P0
Opening Player-Data//8-D2-128/Inverses-D2-P1
Opening Player-Data//8-D2-128/Inverses-D2-P2
Opening Player-Data//8-D2-128/Inverses-D2-P3
Opening Player-Data//8-D2-128/Inverses-D2-P4
Opening Player-Data//8-D2-128/Inverses-D2-P5
Opening Player-Data//8-D2-128/Inverses-D2-P6
Opening Player-Data//8-D2-128/Inverses-D2-P7
Opening Player-Data//8-DD2-128/Triples-DD2-P0
Opening Player-Data//8-DD2-128/Triples-DD2-P1
Opening Player-Data//8-DD2-128/Triples-DD2-P2
Opening Player-Data//8-DD2-128/Triples-DD2-P3
Opening Player-Data//8-DD2-128/Triples-DD2-P4
Opening Player-Data//8-DD2-128/Triples-DD2-P5
Opening Player-Data//8-DD2-128/Triples-DD2-P6
Opening Player-Data//8-DD2-128/Triples-DD2-P7
Opening Player-Data//8-DD2-128/Bits-DD2-P0
Opening Player-Data//8-DD2-128/Bits-DD2-P1
Opening Player-Data//8-DD2-128/Bits-DD2-P2
Opening Player-Data//8-DD2-128/Bits-DD2-P3
Opening Player-Data//8-DD2-128/Bits-DD2-P4
Opening Player-Data//8-DD2-128/Bits-DD2-P5
Opening Player-Data//8-DD2-128/Bits-DD2-P6
Opening Player-Data//8-DD2-128/Bits-DD2-P7
Opening Player-Data//8-DD2-128/Inputs-DD2-P0-0
Opening Player-Data//8-DD2-128/Inputs-DD2-P1-0
Opening Player-Data//8-DD2-128/Inputs-DD2-P2-0
Opening Player-Data//8-DD2-128/Inputs-DD2-P3-0
Opening Player-Data//8-DD2-128/Inputs-DD2-P4-0
Opening Player-Data//8-DD2-128/Inputs-DD2-P5-0
Opening Player-Data//8-DD2-128/Inputs-DD2-P6-0
Opening Player-Data//8-DD2-128/Inputs-DD2-P7-0
Opening Player-Data//8-DD2-128/Inputs-DD2-P0-1
Opening Player-Data//8-DD2-128/Inputs-DD2-P1-1
Opening Player-Data//8-DD2-128/Inputs-DD2-P2-1
Opening Player-Data//8-DD2-128/Inputs-DD2-P3-1
Opening Player-Data//8-DD2-128/Inputs-DD2-P4-1
Opening Player-Data//8-DD2-128/Inputs-DD2-P5-1
Opening Player-Data//8-DD2-128/Inputs-DD2-P6-1
Opening Player-Data//8-DD2-128/Inputs-DD2-P7-1
Opening Player-Data//8-DD2-128/Inputs-DD2-P0-2
Opening Player-Data//8-DD2-128/Inputs-DD2-P1-2
Opening Player-Data//8-DD2-128/Inputs-DD2-P2-2
Opening Player-Data//8-DD2-128/Inputs-DD2-P3-2
Opening Player-Data//8-DD2-128/Inputs-DD2-P4-2
Opening Player-Data//8-DD2-128/Inputs-DD2-P5-2
Opening Player-Data//8-DD2-128/Inputs-DD2-P6-2
Opening Player-Data//8-DD2-128/Inputs-DD2-P7-2
Opening Player-Data//8-DD2-128/Inputs-DD2-P0-3
Opening Player-Data//8-DD2-128/Inputs-DD2-P1-3
Opening Player-Data//8-DD2-128/Inputs-DD2-P2-3
Opening Player-Data//8-DD2-128/Inputs-DD2-P3-3
Opening Player-Data//8-DD2-128/Inputs-DD2-P4-3
Opening Player-Data//8-DD2-128/Inputs-DD2-P5-3
Opening Player-Data//8-DD2-128/Inputs-DD2-P6-3
Opening Player-Data//8-DD2-128/Inputs-DD2-P7-3
Opening Player-Data//8-DD2-128/Inputs-DD2-P0-4
Opening Player-Data//8-DD2-128/Inputs-DD2-P1-4
Opening Player-Data//8-DD2-128/Inputs-DD2-P2-4
Opening Player-Data//8-DD2-128/Inputs-DD2-P3-4
Opening Player-Data//8-DD2-128/Inputs-DD2-P4-4
Opening Player-Data//8-DD2-128/Inputs-DD2-P5-4
Opening Player-Data//8-DD2-128/Inputs-DD2-P6-4
Opening Player-Data//8-DD2-128/Inputs-DD2-P7-4
Opening Player-Data//8-DD2-128/Inputs-DD2-P0-5
Opening Player-Data//8-DD2-128/Inputs-DD2-P1-5
Opening Player-Data//8-DD2-128/Inputs-DD2-P2-5
Opening Player-Data//8-DD2-128/Inputs-DD2-P3-5
Opening Player-Data//8-DD2-128/Inputs-DD2-P4-5
Opening Player-Data//8-DD2-128/Inputs-DD2-P5-5
Opening Player-Data//8-DD2-128/Inputs-DD2-P6-5
Opening Player-Data//8-DD2-128/Inputs-DD2-P7-5
Opening Player-Data//8-DD2-128/Inputs-DD2-P0-6
Opening Player-Data//8-DD2-128/Inputs-DD2-P1-6
Opening Player-Data//8-DD2-128/Inputs-DD2-P2-6
Opening Player-Data//8-DD2-128/Inputs-DD2-P3-6
Opening Player-Data//8-DD2-128/Inputs-DD2-P4-6
Opening Player-Data//8-DD2-128/Inputs-DD2-P5-6
Opening Player-Data//8-DD2-128/Inputs-DD2-P6-6
Opening Player-Data//8-DD2-128/Inputs-DD2-P7-6
Opening Player-Data//8-DD2-128/Inputs-DD2-P0-7
Opening Player-Data//8-DD2-128/Inputs-DD2-P1-7
Opening Player-Data//8-DD2-128/Inputs-DD2-P2-7
Opening Player-Data//8-DD2-128/Inputs-DD2-P3-7
Opening Player-Data//8-DD2-128/Inputs-DD2-P4-7
Opening Player-Data//8-DD2-128/Inputs-DD2-P5-7
Opening Player-Data//8-DD2-128/Inputs-DD2-P6-7
Opening Player-Data//8-DD2-128/Inputs-DD2-P7-7
Opening Player-Data//8-DD2-128/Squares-DD2-P0
Opening Player-Data//8-DD2-128/Squares-DD2-P1
Opening Player-Data//8-DD2-128/Squares-DD2-P2
Opening Player-Data//8-DD2-128/Squares-DD2-P3
Opening Player-Data//8-DD2-128/Squares-DD2-P4
Opening Player-Data//8-DD2-128/Squares-DD2-P5
Opening Player-Data//8-DD2-128/Squares-DD2-P6
Opening Player-Data//8-DD2-128/Squares-DD2-P7
Opening Player-Data//8-DD2-128/daBits-DD2-P0
Opening Player-Data//8-DD2-128/daBits-DD2-P1
Opening Player-Data//8-DD2-128/daBits-DD2-P2
Opening Player-Data//8-DD2-128/daBits-DD2-P3
Opening Player-Data//8-DD2-128/daBits-DD2-P4
Opening Player-Data//8-DD2-128/daBits-DD2-P5
Opening Player-Data//8-DD2-128/daBits-DD2-P6
Opening Player-Data//8-DD2-128/daBits-DD2-P7
Opening Player-Data//8-DD2-128/Inverses-DD2-P0
Opening Player-Data//8-DD2-128/Inverses-DD2-P1
Opening Player-Data//8-DD2-128/Inverses-DD2-P2
Opening Player-Data//8-DD2-128/Inverses-DD2-P3
Opening Player-Data//8-DD2-128/Inverses-DD2-P4
Opening Player-Data//8-DD2-128/Inverses-DD2-P5
Opening Player-Data//8-DD2-128/Inverses-DD2-P6
Opening Player-Data//8-DD2-128/Inverses-DD2-P7
Opening Player-Data//8-S2-128/Triples-S2-P0
Opening Player-Data//8-S2-128/Triples-S2-P1
Opening Player-Data//8-S2-128/Triples-S2-P2
Opening Player-Data//8-S2-128/Triples-S2-P3
Opening Player-Data//8-S2-128/Triples-S2-P4
Opening Player-Data//8-S2-128/Triples-S2-P5
Opening Player-Data//8-S2-128/Triples-S2-P6
Opening Player-Data//8-S2-128/Triples-S2-P7
Opening Player-Data//8-S2-128/Bits-S2-P0
Opening Player-Data//8-S2-128/Bits-S2-P1
Opening Player-Data//8-S2-128/Bits-S2-P2
Opening Player-Data//8-S2-128/Bits-S2-P3
Opening Player-Data//8-S2-128/Bits-S2-P4
Opening Player-Data//8-S2-128/Bits-S2-P5
Opening Player-Data//8-S2-128/Bits-S2-P6
Opening Player-Data//8-S2-128/Bits-S2-P7
Opening Player-Data//8-S2-128/Inputs-S2-P0-0
Opening Player-Data//8-S2-128/Inputs-S2-P1-0
Opening Player-Data//8-S2-128/Inputs-S2-P2-0
Opening Player-Data//8-S2-128/Inputs-S2-P3-0
Opening Player-Data//8-S2-128/Inputs-S2-P4-0
Opening Player-Data//8-S2-128/Inputs-S2-P5-0
Opening Player-Data//8-S2-128/Inputs-S2-P6-0
Opening Player-Data//8-S2-128/Inputs-S2-P7-0
Opening Player-Data//8-S2-128/Inputs-S2-P0-1
Opening Player-Data//8-S2-128/Inputs-S2-P1-1
Opening Player-Data//8-S2-128/Inputs-S2-P2-1
Opening Player-Data//8-S2-128/Inputs-S2-P3-1
Opening Player-Data//8-S2-128/Inputs-S2-P4-1
Opening Player-Data//8-S2-128/Inputs-S2-P5-1
Opening Player-Data//8-S2-128/Inputs-S2-P6-1
Opening Player-Data//8-S2-128/Inputs-S2-P7-1
Opening Player-Data//8-S2-128/Inputs-S2-P0-2
Opening Player-Data//8-S2-128/Inputs-S2-P1-2
Opening Player-Data//8-S2-128/Inputs-S2-P2-2
Opening Player-Data//8-S2-128/Inputs-S2-P3-2
Opening Player-Data//8-S2-128/Inputs-S2-P4-2
Opening Player-Data//8-S2-128/Inputs-S2-P5-2
Opening Player-Data//8-S2-128/Inputs-S2-P6-2
Opening Player-Data//8-S2-128/Inputs-S2-P7-2
Opening Player-Data//8-S2-128/Inputs-S2-P0-3
Opening Player-Data//8-S2-128/Inputs-S2-P1-3
Opening Player-Data//8-S2-128/Inputs-S2-P2-3
Opening Player-Data//8-S2-128/Inputs-S2-P3-3
Opening Player-Data//8-S2-128/Inputs-S2-P4-3
Opening Player-Data//8-S2-128/Inputs-S2-P5-3
Opening Player-Data//8-S2-128/Inputs-S2-P6-3
Opening Player-Data//8-S2-128/Inputs-S2-P7-3
Opening Player-Data//8-S2-128/Inputs-S2-P0-4
Opening Player-Data//8-S2-128/Inputs-S2-P1-4
Opening Player-Data//8-S2-128/Inputs-S2-P2-4
Opening Player-Data//8-S2-128/Inputs-S2-P3-4
Opening Player-Data//8-S2-128/Inputs-S2-P4-4
Opening Player-Data//8-S2-128/Inputs-S2-P5-4
Opening Player-Data//8-S2-128/Inputs-S2-P6-4
Opening Player-Data//8-S2-128/Inputs-S2-P7-4
Opening Player-Data//8-S2-128/Inputs-S2-P0-5
Opening Player-Data//8-S2-128/Inputs-S2-P1-5
Opening Player-Data//8-S2-128/Inputs-S2-P2-5
Opening Player-Data//8-S2-128/Inputs-S2-P3-5
Opening Player-Data//8-S2-128/Inputs-S2-P4-5
Opening Player-Data//8-S2-128/Inputs-S2-P5-5
Opening Player-Data//8-S2-128/Inputs-S2-P6-5
Opening Player-Data//8-S2-128/Inputs-S2-P7-5
Opening Player-Data//8-S2-128/Inputs-S2-P0-6
Opening Player-Data//8-S2-128/Inputs-S2-P1-6
Opening Player-Data//8-S2-128/Inputs-S2-P2-6
Opening Player-Data//8-S2-128/Inputs-S2-P3-6
Opening Player-Data//8-S2-128/Inputs-S2-P4-6
Opening Player-Data//8-S2-128/Inputs-S2-P5-6
Opening Player-Data//8-S2-128/Inputs-S2-P6-6
Opening Player-Data//8-S2-128/Inputs-S2-P7-6
Opening Player-Data//8-S2-128/Inputs-S2-P0-7
Opening Player-Data//8-S2-128/Inputs-S2-P1-7
Opening Player-Data//8-S2-128/Inputs-S2-P2-7
Opening Player-Data//8-S2-128/Inputs-S2-P3-7
Opening Player-Data//8-S2-128/Inputs-S2-P4-7
Opening Player-Data//8-S2-128/Inputs-S2-P5-7
Opening Player-Data//8-S2-128/Inputs-S2-P6-7
Opening Player-Data//8-S2-128/Inputs-S2-P7-7
Opening Player-Data//8-S2-128/Squares-S2-P0
Opening Player-Data//8-S2-128/Squares-S2-P1
Opening Player-Data//8-S2-128/Squares-S2-P2
Opening Player-Data//8-S2-128/Squares-S2-P3
Opening Player-Data//8-S2-128/Squares-S2-P4
Opening Player-Data//8-S2-128/Squares-S2-P5
Opening Player-Data//8-S2-128/Squares-S2-P6
Opening Player-Data//8-S2-128/Squares-S2-P7
Opening Player-Data//8-S2-128/daBits-S2-P0
Opening Player-Data//8-S2-128/daBits-S2-P1
Opening Player-Data//8-S2-128/daBits-S2-P2
Opening Player-Data//8-S2-128/daBits-S2-P3
Opening Player-Data//8-S2-128/daBits-S2-P4
Opening Player-Data//8-S2-128/daBits-S2-P5
Opening Player-Data//8-S2-128/daBits-S2-P6
Opening Player-Data//8-S2-128/daBits-S2-P7
Opening Player-Data//8-S2-128/Inverses-S2-P0
Opening Player-Data//8-S2-128/Inverses-S2-P1
Opening Player-Data//8-S2-128/Inverses-S2-P2
Opening Player-Data//8-S2-128/Inverses-S2-P3
Opening Player-Data//8-S2-128/Inverses-S2-P4
Opening Player-Data//8-S2-128/Inverses-S2-P5
Opening Player-Data//8-S2-128/Inverses-S2-P6
Opening Player-Data//8-S2-128/Inverses-S2-P7
Opening Player-Data//8-MS2-128/Triples-MS2-P0
Opening Player-Data//8-MS2-128/Triples-MS2-P1
Opening Player-Data//8-MS2-128/Triples-MS2-P2
Opening Player-Data//8-MS2-128/Triples-MS2-P3
Opening Player-Data//8-MS2-128/Triples-MS2-P4
Opening Player-Data//8-MS2-128/Triples-MS2-P5
Opening Player-Data//8-MS2-128/Triples-MS2-P6
Opening Player-Data//8-MS2-128/Triples-MS2-P7
Opening Player-Data//8-MS2-128/Bits-MS2-P0
Opening Player-Data//8-MS2-128/Bits-MS2-P1
Opening Player-Data//8-MS2-128/Bits-MS2-P2
Opening Player-Data//8-MS2-128/Bits-MS2-P3
Opening Player-Data//8-MS2-128/Bits-MS2-P4
Opening Player-Data//8-MS2-128/Bits-MS2-P5
Opening Player-Data//8-MS2-128/Bits-MS2-P6
Opening Player-Data//8-MS2-128/Bits-MS2-P7
Opening Player-Data//8-MS2-128/Inputs-MS2-P0-0
Opening Player-Data//8-MS2-128/Inputs-MS2-P1-0
Opening Player-Data//8-MS2-128/Inputs-MS2-P2-0
Opening Player-Data//8-MS2-128/Inputs-MS2-P3-0
Opening Player-Data//8-MS2-128/Inputs-MS2-P4-0
Opening Player-Data//8-MS2-128/Inputs-MS2-P5-0
Opening Player-Data//8-MS2-128/Inputs-MS2-P6-0
Opening Player-Data//8-MS2-128/Inputs-MS2-P7-0
Opening Player-Data//8-MS2-128/Inputs-MS2-P0-1
Opening Player-Data//8-MS2-128/Inputs-MS2-P1-1
Opening Player-Data//8-MS2-128/Inputs-MS2-P2-1
Opening Player-Data//8-MS2-128/Inputs-MS2-P3-1
Opening Player-Data//8-MS2-128/Inputs-MS2-P4-1
Opening Player-Data//8-MS2-128/Inputs-MS2-P5-1
Opening Player-Data//8-MS2-128/Inputs-MS2-P6-1
Opening Player-Data//8-MS2-128/Inputs-MS2-P7-1
Opening Player-Data//8-MS2-128/Inputs-MS2-P0-2
Opening Player-Data//8-MS2-128/Inputs-MS2-P1-2
Opening Player-Data//8-MS2-128/Inputs-MS2-P2-2
Opening Player-Data//8-MS2-128/Inputs-MS2-P3-2
Opening Player-Data//8-MS2-128/Inputs-MS2-P4-2
Opening Player-Data//8-MS2-128/Inputs-MS2-P5-2
Opening Player-Data//8-MS2-128/Inputs-MS2-P6-2
Opening Player-Data//8-MS2-128/Inputs-MS2-P7-2
Opening Player-Data//8-MS2-128/Inputs-MS2-P0-3
Opening Player-Data//8-MS2-128/Inputs-MS2-P1-3
Opening Player-Data//8-MS2-128/Inputs-MS2-P2-3
Opening Player-Data//8-MS2-128/Inputs-MS2-P3-3
Opening Player-Data//8-MS2-128/Inputs-MS2-P4-3
Opening Player-Data//8-MS2-128/Inputs-MS2-P5-3
Opening Player-Data//8-MS2-128/Inputs-MS2-P6-3
Opening Player-Data//8-MS2-128/Inputs-MS2-P7-3
Opening Player-Data//8-MS2-128/Inputs-MS2-P0-4
Opening Player-Data//8-MS2-128/Inputs-MS2-P1-4
Opening Player-Data//8-MS2-128/Inputs-MS2-P2-4
Opening Player-Data//8-MS2-128/Inputs-MS2-P3-4
Opening Player-Data//8-MS2-128/Inputs-MS2-P4-4
Opening Player-Data//8-MS2-128/Inputs-MS2-P5-4
Opening Player-Data//8-MS2-128/Inputs-MS2-P6-4
Opening Player-Data//8-MS2-128/Inputs-MS2-P7-4
Opening Player-Data//8-MS2-128/Inputs-MS2-P0-5
Opening Player-Data//8-MS2-128/Inputs-MS2-P1-5
Opening Player-Data//8-MS2-128/Inputs-MS2-P2-5
Opening Player-Data//8-MS2-128/Inputs-MS2-P3-5
Opening Player-Data//8-MS2-128/Inputs-MS2-P4-5
Opening Player-Data//8-MS2-128/Inputs-MS2-P5-5
Opening Player-Data//8-MS2-128/Inputs-MS2-P6-5
Opening Player-Data//8-MS2-128/Inputs-MS2-P7-5
Opening Player-Data//8-MS2-128/Inputs-MS2-P0-6
Opening Player-Data//8-MS2-128/Inputs-MS2-P1-6
Opening Player-Data//8-MS2-128/Inputs-MS2-P2-6
Opening Player-Data//8-MS2-128/Inputs-MS2-P3-6
Opening Player-Data//8-MS2-128/Inputs-MS2-P4-6
Opening Player-Data//8-MS2-128/Inputs-MS2-P5-6
Opening Player-Data//8-MS2-128/Inputs-MS2-P6-6
Opening Player-Data//8-MS2-128/Inputs-MS2-P7-6
Opening Player-Data//8-MS2-128/Inputs-MS2-P0-7
Opening Player-Data//8-MS2-128/Inputs-MS2-P1-7
Opening Player-Data//8-MS2-128/Inputs-MS2-P2-7
Opening Player-Data//8-MS2-128/Inputs-MS2-P3-7
Opening Player-Data//8-MS2-128/Inputs-MS2-P4-7
Opening Player-Data//8-MS2-128/Inputs-MS2-P5-7
Opening Player-Data//8-MS2-128/Inputs-MS2-P6-7
Opening Player-Data//8-MS2-128/Inputs-MS2-P7-7
Opening Player-Data//8-MS2-128/Squares-MS2-P0
Opening Player-Data//8-MS2-128/Squares-MS2-P1
Opening Player-Data//8-MS2-128/Squares-MS2-P2
Opening Player-Data//8-MS2-128/Squares-MS2-P3
Opening Player-Data//8-MS2-128/Squares-MS2-P4
Opening Player-Data//8-MS2-128/Squares-MS2-P5
Opening Player-Data//8-MS2-128/Squares-MS2-P6
Opening Player-Data//8-MS2-128/Squares-MS2-P7
Opening Player-Data//8-MS2-128/daBits-MS2-P0
Opening Player-Data//8-MS2-128/daBits-MS2-P1
Opening Player-Data//8-MS2-128/daBits-MS2-P2
Opening Player-Data//8-MS2-128/daBits-MS2-P3
Opening Player-Data//8-MS2-128/daBits-MS2-P4
Opening Player-Data//8-MS2-128/daBits-MS2-P5
Opening Player-Data//8-MS2-128/daBits-MS2-P6
Opening Player-Data//8-MS2-128/daBits-MS2-P7
Opening Player-Data//8-MS2-128/Inverses-MS2-P0
Opening Player-Data//8-MS2-128/Inverses-MS2-P1
Opening Player-Data//8-MS2-128/Inverses-MS2-P2
Opening Player-Data//8-MS2-128/Inverses-MS2-P3
Opening Player-Data//8-MS2-128/Inverses-MS2-P4
Opening Player-Data//8-MS2-128/Inverses-MS2-P5
Opening Player-Data//8-MS2-128/Inverses-MS2-P6
Opening Player-Data//8-MS2-128/Inverses-MS2-P7
No MAC key share for player 0, generating a fresh ones
Written new MAC key share to Player-Data//8-SYMS2-128//Player-MAC-Keys-MS2-P0
 Key 0: 66732f7ab1d853bb7599b53533497eaa
Written new MAC key share to Player-Data//8-SYMS2-128//Player-MAC-Keys-MS2-P1
 Key 1: 196b569f5ca11de3dff0bc8530049acf
Written new MAC key share to Player-Data//8-SYMS2-128//Player-MAC-Keys-MS2-P2
 Key 2: 8f151755b3aa7e7e1167595f2c2ca729
Written new MAC key share to Player-Data//8-SYMS2-128//Player-MAC-Keys-MS2-P3
 Key 3: e527eb0774ce8d9ab51218d0885eeb0d
Written new MAC key share to Player-Data//8-SYMS2-128//Player-MAC-Keys-MS2-P4
 Key 4: 1cda5232dd8d526e710e548f3fd653dd
Written new MAC key share to Player-Data//8-SYMS2-128//Player-MAC-Keys-MS2-P5
 Key 5: bcc5da29bc6564e4ce700e346bdabdd4
Written new MAC key share to Player-Data//8-SYMS2-128//Player-MAC-Keys-MS2-P6
 Key 6: e7639de3d45332b309efa15ce4df848d
Written new MAC key share to Player-Data//8-SYMS2-128//Player-MAC-Keys-MS2-P7
 Key 7: de1f1d63689ec7151fa9ce793e722059
--------------
Final Key: 5256904f9fa6b985b88db3d817ecc2c5
Opening Player-Data//8-SYMS2-128/Triples-SYMS2-P0
Opening Player-Data//8-SYMS2-128/Triples-SYMS2-P1
Opening Player-Data//8-SYMS2-128/Triples-SYMS2-P2
Opening Player-Data//8-SYMS2-128/Triples-SYMS2-P3
Opening Player-Data//8-SYMS2-128/Triples-SYMS2-P4
Opening Player-Data//8-SYMS2-128/Triples-SYMS2-P5
Opening Player-Data//8-SYMS2-128/Triples-SYMS2-P6
Opening Player-Data//8-SYMS2-128/Triples-SYMS2-P7
Opening Player-Data//8-SYMS2-128/Bits-SYMS2-P0
Opening Player-Data//8-SYMS2-128/Bits-SYMS2-P1
Opening Player-Data//8-SYMS2-128/Bits-SYMS2-P2
Opening Player-Data//8-SYMS2-128/Bits-SYMS2-P3
Opening Player-Data//8-SYMS2-128/Bits-SYMS2-P4
Opening Player-Data//8-SYMS2-128/Bits-SYMS2-P5
Opening Player-Data//8-SYMS2-128/Bits-SYMS2-P6
Opening Player-Data//8-SYMS2-128/Bits-SYMS2-P7
Opening Player-Data//8-SYMS2-128/Inputs-SYMS2-P0-0
Opening Player-Data//8-SYMS2-128/Inputs-SYMS2-P1-0
Opening Player-Data//8-SYMS2-128/Inputs-SYMS2-P2-0
Opening Player-Data//8-SYMS2-128/Inputs-SYMS2-P3-0
Opening Player-Data//8-SYMS2-128/Inputs-SYMS2-P4-0
Opening Player-Data//8-SYMS2-128/Inputs-SYMS2-P5-0
Opening Player-Data//8-SYMS2-128/Inputs-SYMS2-P6-0
Opening Player-Data//8-SYMS2-128/Inputs-SYMS2-P7-0
Opening Player-Data//8-SYMS2-128/Inputs-SYMS2-P0-1
Opening Player-Data//8-SYMS2-128/Inputs-SYMS2-P1-1
Opening Player-Data//8-SYMS2-128/Inputs-SYMS2-P2-1
Opening Player-Data//8-SYMS2-128/Inputs-SYMS2-P3-1
Opening Player-Data//8-SYMS2-128/Inputs-SYMS2-P4-1
Opening Player-Data//8-SYMS2-128/Inputs-SYMS2-P5-1
Opening Player-Data//8-SYMS2-128/Inputs-SYMS2-P6-1
Opening Player-Data//8-SYMS2-128/Inputs-SYMS2-P7-1
Opening Player-Data//8-SYMS2-128/Inputs-SYMS2-P0-2
Opening Player-Data//8-SYMS2-128/Inputs-SYMS2-P1-2
Opening Player-Data//8-SYMS2-128/Inputs-SYMS2-P2-2
Opening Player-Data//8-SYMS2-128/Inputs-SYMS2-P3-2
Opening Player-Data//8-SYMS2-128/Inputs-SYMS2-P4-2
Opening Player-Data//8-SYMS2-128/Inputs-SYMS2-P5-2
Opening Player-Data//8-SYMS2-128/Inputs-SYMS2-P6-2
Opening Player-Data//8-SYMS2-128/Inputs-SYMS2-P7-2
Opening Player-Data//8-SYMS2-128/Inputs-SYMS2-P0-3
Opening Player-Data//8-SYMS2-128/Inputs-SYMS2-P1-3
Opening Player-Data//8-SYMS2-128/Inputs-SYMS2-P2-3
Opening Player-Data//8-SYMS2-128/Inputs-SYMS2-P3-3
Opening Player-Data//8-SYMS2-128/Inputs-SYMS2-P4-3
Opening Player-Data//8-SYMS2-128/Inputs-SYMS2-P5-3
Opening Player-Data//8-SYMS2-128/Inputs-SYMS2-P6-3
Opening Player-Data//8-SYMS2-128/Inputs-SYMS2-P7-3
Opening Player-Data//8-SYMS2-128/Inputs-SYMS2-P0-4
Opening Player-Data//8-SYMS2-128/Inputs-SYMS2-P1-4
Opening Player-Data//8-SYMS2-128/Inputs-SYMS2-P2-4
Opening Player-Data//8-SYMS2-128/Inputs-SYMS2-P3-4
Opening Player-Data//8-SYMS2-128/Inputs-SYMS2-P4-4
Opening Player-Data//8-SYMS2-128/Inputs-SYMS2-P5-4
Opening Player-Data//8-SYMS2-128/Inputs-SYMS2-P6-4
Opening Player-Data//8-SYMS2-128/Inputs-SYMS2-P7-4
Opening Player-Data//8-SYMS2-128/Inputs-SYMS2-P0-5
Opening Player-Data//8-SYMS2-128/Inputs-SYMS2-P1-5
Opening Player-Data//8-SYMS2-128/Inputs-SYMS2-P2-5
Opening Player-Data//8-SYMS2-128/Inputs-SYMS2-P3-5
Opening Player-Data//8-SYMS2-128/Inputs-SYMS2-P4-5
Opening Player-Data//8-SYMS2-128/Inputs-SYMS2-P5-5
Opening Player-Data//8-SYMS2-128/Inputs-SYMS2-P6-5
Opening Player-Data//8-SYMS2-128/Inputs-SYMS2-P7-5
Opening Player-Data//8-SYMS2-128/Inputs-SYMS2-P0-6
Opening Player-Data//8-SYMS2-128/Inputs-SYMS2-P1-6
Opening Player-Data//8-SYMS2-128/Inputs-SYMS2-P2-6
Opening Player-Data//8-SYMS2-128/Inputs-SYMS2-P3-6
Opening Player-Data//8-SYMS2-128/Inputs-SYMS2-P4-6
Opening Player-Data//8-SYMS2-128/Inputs-SYMS2-P5-6
Opening Player-Data//8-SYMS2-128/Inputs-SYMS2-P6-6
Opening Player-Data//8-SYMS2-128/Inputs-SYMS2-P7-6
Opening Player-Data//8-SYMS2-128/Inputs-SYMS2-P0-7
Opening Player-Data//8-SYMS2-128/Inputs-SYMS2-P1-7
Opening Player-Data//8-SYMS2-128/Inputs-SYMS2-P2-7
Opening Player-Data//8-SYMS2-128/Inputs-SYMS2-P3-7
Opening Player-Data//8-SYMS2-128/Inputs-SYMS2-P4-7
Opening Player-Data//8-SYMS2-128/Inputs-SYMS2-P5-7
Opening Player-Data//8-SYMS2-128/Inputs-SYMS2-P6-7
Opening Player-Data//8-SYMS2-128/Inputs-SYMS2-P7-7
Opening Player-Data//8-SYMS2-128/Squares-SYMS2-P0
Opening Player-Data//8-SYMS2-128/Squares-SYMS2-P1
Opening Player-Data//8-SYMS2-128/Squares-SYMS2-P2
Opening Player-Data//8-SYMS2-128/Squares-SYMS2-P3
Opening Player-Data//8-SYMS2-128/Squares-SYMS2-P4
Opening Player-Data//8-SYMS2-128/Squares-SYMS2-P5
Opening Player-Data//8-SYMS2-128/Squares-SYMS2-P6
Opening Player-Data//8-SYMS2-128/Squares-SYMS2-P7
Opening Player-Data//8-SYMS2-128/daBits-SYMS2-P0
Opening Player-Data//8-SYMS2-128/daBits-SYMS2-P1
Opening Player-Data//8-SYMS2-128/daBits-SYMS2-P2
Opening Player-Data//8-SYMS2-128/daBits-SYMS2-P3
Opening Player-Data//8-SYMS2-128/daBits-SYMS2-P4
Opening Player-Data//8-SYMS2-128/daBits-SYMS2-P5
Opening Player-Data//8-SYMS2-128/daBits-SYMS2-P6
Opening Player-Data//8-SYMS2-128/daBits-SYMS2-P7
Opening Player-Data//8-SYMS2-128/Inverses-SYMS2-P0
Opening Player-Data//8-SYMS2-128/Inverses-SYMS2-P1
Opening Player-Data//8-SYMS2-128/Inverses-SYMS2-P2
Opening Player-Data//8-SYMS2-128/Inverses-SYMS2-P3
Opening Player-Data//8-SYMS2-128/Inverses-SYMS2-P4
Opening Player-Data//8-SYMS2-128/Inverses-SYMS2-P5
Opening Player-Data//8-SYMS2-128/Inverses-SYMS2-P6
Opening Player-Data//8-SYMS2-128/Inverses-SYMS2-P7
Opening Player-Data//8-D2-40/Triples-D2-P0
Opening Player-Data//8-D2-40/Triples-D2-P1
Opening Player-Data//8-D2-40/Triples-D2-P2
Opening Player-Data//8-D2-40/Triples-D2-P3
Opening Player-Data//8-D2-40/Triples-D2-P4
Opening Player-Data//8-D2-40/Triples-D2-P5
Opening Player-Data//8-D2-40/Triples-D2-P6
Opening Player-Data//8-D2-40/Triples-D2-P7
Opening Player-Data//8-D2-40/Bits-D2-P0
Opening Player-Data//8-D2-40/Bits-D2-P1
Opening Player-Data//8-D2-40/Bits-D2-P2
Opening Player-Data//8-D2-40/Bits-D2-P3
Opening Player-Data//8-D2-40/Bits-D2-P4
Opening Player-Data//8-D2-40/Bits-D2-P5
Opening Player-Data//8-D2-40/Bits-D2-P6
Opening Player-Data//8-D2-40/Bits-D2-P7
Opening Player-Data//8-D2-40/Inputs-D2-P0-0
Opening Player-Data//8-D2-40/Inputs-D2-P1-0
Opening Player-Data//8-D2-40/Inputs-D2-P2-0
Opening Player-Data//8-D2-40/Inputs-D2-P3-0
Opening Player-Data//8-D2-40/Inputs-D2-P4-0
Opening Player-Data//8-D2-40/Inputs-D2-P5-0
Opening Player-Data//8-D2-40/Inputs-D2-P6-0
Opening Player-Data//8-D2-40/Inputs-D2-P7-0
Opening Player-Data//8-D2-40/Inputs-D2-P0-1
Opening Player-Data//8-D2-40/Inputs-D2-P1-1
Opening Player-Data//8-D2-40/Inputs-D2-P2-1
Opening Player-Data//8-D2-40/Inputs-D2-P3-1
Opening Player-Data//8-D2-40/Inputs-D2-P4-1
Opening Player-Data//8-D2-40/Inputs-D2-P5-1
Opening Player-Data//8-D2-40/Inputs-D2-P6-1
Opening Player-Data//8-D2-40/Inputs-D2-P7-1
Opening Player-Data//8-D2-40/Inputs-D2-P0-2
Opening Player-Data//8-D2-40/Inputs-D2-P1-2
Opening Player-Data//8-D2-40/Inputs-D2-P2-2
Opening Player-Data//8-D2-40/Inputs-D2-P3-2
Opening Player-Data//8-D2-40/Inputs-D2-P4-2
Opening Player-Data//8-D2-40/Inputs-D2-P5-2
Opening Player-Data//8-D2-40/Inputs-D2-P6-2
Opening Player-Data//8-D2-40/Inputs-D2-P7-2
Opening Player-Data//8-D2-40/Inputs-D2-P0-3
Opening Player-Data//8-D2-40/Inputs-D2-P1-3
Opening Player-Data//8-D2-40/Inputs-D2-P2-3
Opening Player-Data//8-D2-40/Inputs-D2-P3-3
Opening Player-Data//8-D2-40/Inputs-D2-P4-3
Opening Player-Data//8-D2-40/Inputs-D2-P5-3
Opening Player-Data//8-D2-40/Inputs-D2-P6-3
Opening Player-Data//8-D2-40/Inputs-D2-P7-3
Opening Player-Data//8-D2-40/Inputs-D2-P0-4
Opening Player-Data//8-D2-40/Inputs-D2-P1-4
Opening Player-Data//8-D2-40/Inputs-D2-P2-4
Opening Player-Data//8-D2-40/Inputs-D2-P3-4
Opening Player-Data//8-D2-40/Inputs-D2-P4-4
Opening Player-Data//8-D2-40/Inputs-D2-P5-4
Opening Player-Data//8-D2-40/Inputs-D2-P6-4
Opening Player-Data//8-D2-40/Inputs-D2-P7-4
Opening Player-Data//8-D2-40/Inputs-D2-P0-5
Opening Player-Data//8-D2-40/Inputs-D2-P1-5
Opening Player-Data//8-D2-40/Inputs-D2-P2-5
Opening Player-Data//8-D2-40/Inputs-D2-P3-5
Opening Player-Data//8-D2-40/Inputs-D2-P4-5
Opening Player-Data//8-D2-40/Inputs-D2-P5-5
Opening Player-Data//8-D2-40/Inputs-D2-P6-5
Opening Player-Data//8-D2-40/Inputs-D2-P7-5
Opening Player-Data//8-D2-40/Inputs-D2-P0-6
Opening Player-Data//8-D2-40/Inputs-D2-P1-6
Opening Player-Data//8-D2-40/Inputs-D2-P2-6
Opening Player-Data//8-D2-40/Inputs-D2-P3-6
Opening Player-Data//8-D2-40/Inputs-D2-P4-6
Opening Player-Data//8-D2-40/Inputs-D2-P5-6
Opening Player-Data//8-D2-40/Inputs-D2-P6-6
Opening Player-Data//8-D2-40/Inputs-D2-P7-6
Opening Player-Data//8-D2-40/Inputs-D2-P0-7
Opening Player-Data//8-D2-40/Inputs-D2-P1-7
Opening Player-Data//8-D2-40/Inputs-D2-P2-7
Opening Player-Data//8-D2-40/Inputs-D2-P3-7
Opening Player-Data//8-D2-40/Inputs-D2-P4-7
Opening Player-Data//8-D2-40/Inputs-D2-P5-7
Opening Player-Data//8-D2-40/Inputs-D2-P6-7
Opening Player-Data//8-D2-40/Inputs-D2-P7-7
Opening Player-Data//8-D2-40/Squares-D2-P0
Opening Player-Data//8-D2-40/Squares-D2-P1
Opening Player-Data//8-D2-40/Squares-D2-P2
Opening Player-Data//8-D2-40/Squares-D2-P3
Opening Player-Data//8-D2-40/Squares-D2-P4
Opening Player-Data//8-D2-40/Squares-D2-P5
Opening Player-Data//8-D2-40/Squares-D2-P6
Opening Player-Data//8-D2-40/Squares-D2-P7
Opening Player-Data//8-D2-40/daBits-D2-P0
Opening Player-Data//8-D2-40/daBits-D2-P1
Opening Player-Data//8-D2-40/daBits-D2-P2
Opening Player-Data//8-D2-40/daBits-D2-P3
Opening Player-Data//8-D2-40/daBits-D2-P4
Opening Player-Data//8-D2-40/daBits-D2-P5
Opening Player-Data//8-D2-40/daBits-D2-P6
Opening Player-Data//8-D2-40/daBits-D2-P7
Opening Player-Data//8-D2-40/Inverses-D2-P0
Opening Player-Data//8-D2-40/Inverses-D2-P1
Opening Player-Data//8-D2-40/Inverses-D2-P2
Opening Player-Data//8-D2-40/Inverses-D2-P3
Opening Player-Data//8-D2-40/Inverses-D2-P4
Opening Player-Data//8-D2-40/Inverses-D2-P5
Opening Player-Data//8-D2-40/Inverses-D2-P6
Opening Player-Data//8-D2-40/Inverses-D2-P7
Opening Player-Data//8-DD2-40/Triples-DD2-P0
Opening Player-Data//8-DD2-40/Triples-DD2-P1
Opening Player-Data//8-DD2-40/Triples-DD2-P2
Opening Player-Data//8-DD2-40/Triples-DD2-P3
Opening Player-Data//8-DD2-40/Triples-DD2-P4
Opening Player-Data//8-DD2-40/Triples-DD2-P5
Opening Player-Data//8-DD2-40/Triples-DD2-P6
Opening Player-Data//8-DD2-40/Triples-DD2-P7
Opening Player-Data//8-DD2-40/Bits-DD2-P0
Opening Player-Data//8-DD2-40/Bits-DD2-P1
Opening Player-Data//8-DD2-40/Bits-DD2-P2
Opening Player-Data//8-DD2-40/Bits-DD2-P3
Opening Player-Data//8-DD2-40/Bits-DD2-P4
Opening Player-Data//8-DD2-40/Bits-DD2-P5
Opening Player-Data//8-DD2-40/Bits-DD2-P6
Opening Player-Data//8-DD2-40/Bits-DD2-P7
Opening Player-Data//8-DD2-40/Inputs-DD2-P0-0
Opening Player-Data//8-DD2-40/Inputs-DD2-P1-0
Opening Player-Data//8-DD2-40/Inputs-DD2-P2-0
Opening Player-Data//8-DD2-40/Inputs-DD2-P3-0
Opening Player-Data//8-DD2-40/Inputs-DD2-P4-0
Opening Player-Data//8-DD2-40/Inputs-DD2-P5-0
Opening Player-Data//8-DD2-40/Inputs-DD2-P6-0
Opening Player-Data//8-DD2-40/Inputs-DD2-P7-0
Opening Player-Data//8-DD2-40/Inputs-DD2-P0-1
Opening Player-Data//8-DD2-40/Inputs-DD2-P1-1
Opening Player-Data//8-DD2-40/Inputs-DD2-P2-1
Opening Player-Data//8-DD2-40/Inputs-DD2-P3-1
Opening Player-Data//8-DD2-40/Inputs-DD2-P4-1
Opening Player-Data//8-DD2-40/Inputs-DD2-P5-1
Opening Player-Data//8-DD2-40/Inputs-DD2-P6-1
Opening Player-Data//8-DD2-40/Inputs-DD2-P7-1
Opening Player-Data//8-DD2-40/Inputs-DD2-P0-2
Opening Player-Data//8-DD2-40/Inputs-DD2-P1-2
Opening Player-Data//8-DD2-40/Inputs-DD2-P2-2
Opening Player-Data//8-DD2-40/Inputs-DD2-P3-2
Opening Player-Data//8-DD2-40/Inputs-DD2-P4-2
Opening Player-Data//8-DD2-40/Inputs-DD2-P5-2
Opening Player-Data//8-DD2-40/Inputs-DD2-P6-2
Opening Player-Data//8-DD2-40/Inputs-DD2-P7-2
Opening Player-Data//8-DD2-40/Inputs-DD2-P0-3
Opening Player-Data//8-DD2-40/Inputs-DD2-P1-3
Opening Player-Data//8-DD2-40/Inputs-DD2-P2-3
Opening Player-Data//8-DD2-40/Inputs-DD2-P3-3
Opening Player-Data//8-DD2-40/Inputs-DD2-P4-3
Opening Player-Data//8-DD2-40/Inputs-DD2-P5-3
Opening Player-Data//8-DD2-40/Inputs-DD2-P6-3
Opening Player-Data//8-DD2-40/Inputs-DD2-P7-3
Opening Player-Data//8-DD2-40/Inputs-DD2-P0-4
Opening Player-Data//8-DD2-40/Inputs-DD2-P1-4
Opening Player-Data//8-DD2-40/Inputs-DD2-P2-4
Opening Player-Data//8-DD2-40/Inputs-DD2-P3-4
Opening Player-Data//8-DD2-40/Inputs-DD2-P4-4
Opening Player-Data//8-DD2-40/Inputs-DD2-P5-4
Opening Player-Data//8-DD2-40/Inputs-DD2-P6-4
Opening Player-Data//8-DD2-40/Inputs-DD2-P7-4
Opening Player-Data//8-DD2-40/Inputs-DD2-P0-5
Opening Player-Data//8-DD2-40/Inputs-DD2-P1-5
Opening Player-Data//8-DD2-40/Inputs-DD2-P2-5
Opening Player-Data//8-DD2-40/Inputs-DD2-P3-5
Opening Player-Data//8-DD2-40/Inputs-DD2-P4-5
Opening Player-Data//8-DD2-40/Inputs-DD2-P5-5
Opening Player-Data//8-DD2-40/Inputs-DD2-P6-5
Opening Player-Data//8-DD2-40/Inputs-DD2-P7-5
Opening Player-Data//8-DD2-40/Inputs-DD2-P0-6
Opening Player-Data//8-DD2-40/Inputs-DD2-P1-6
Opening Player-Data//8-DD2-40/Inputs-DD2-P2-6
Opening Player-Data//8-DD2-40/Inputs-DD2-P3-6
Opening Player-Data//8-DD2-40/Inputs-DD2-P4-6
Opening Player-Data//8-DD2-40/Inputs-DD2-P5-6
Opening Player-Data//8-DD2-40/Inputs-DD2-P6-6
Opening Player-Data//8-DD2-40/Inputs-DD2-P7-6
Opening Player-Data//8-DD2-40/Inputs-DD2-P0-7
Opening Player-Data//8-DD2-40/Inputs-DD2-P1-7
Opening Player-Data//8-DD2-40/Inputs-DD2-P2-7
Opening Player-Data//8-DD2-40/Inputs-DD2-P3-7
Opening Player-Data//8-DD2-40/Inputs-DD2-P4-7
Opening Player-Data//8-DD2-40/Inputs-DD2-P5-7
Opening Player-Data//8-DD2-40/Inputs-DD2-P6-7
Opening Player-Data//8-DD2-40/Inputs-DD2-P7-7
Opening Player-Data//8-DD2-40/Squares-DD2-P0
Opening Player-Data//8-DD2-40/Squares-DD2-P1
Opening Player-Data//8-DD2-40/Squares-DD2-P2
Opening Player-Data//8-DD2-40/Squares-DD2-P3
Opening Player-Data//8-DD2-40/Squares-DD2-P4
Opening Player-Data//8-DD2-40/Squares-DD2-P5
Opening Player-Data//8-DD2-40/Squares-DD2-P6
Opening Player-Data//8-DD2-40/Squares-DD2-P7
Opening Player-Data//8-DD2-40/daBits-DD2-P0
Opening Player-Data//8-DD2-40/daBits-DD2-P1
Opening Player-Data//8-DD2-40/daBits-DD2-P2
Opening Player-Data//8-DD2-40/daBits-DD2-P3
Opening Player-Data//8-DD2-40/daBits-DD2-P4
Opening Player-Data//8-DD2-40/daBits-DD2-P5
Opening Player-Data//8-DD2-40/daBits-DD2-P6
Opening Player-Data//8-DD2-40/daBits-DD2-P7
Opening Player-Data//8-DD2-40/Inverses-DD2-P0
Opening Player-Data//8-DD2-40/Inverses-DD2-P1
Opening Player-Data//8-DD2-40/Inverses-DD2-P2
Opening Player-Data//8-DD2-40/Inverses-DD2-P3
Opening Player-Data//8-DD2-40/Inverses-DD2-P4
Opening Player-Data//8-DD2-40/Inverses-DD2-P5
Opening Player-Data//8-DD2-40/Inverses-DD2-P6
Opening Player-Data//8-DD2-40/Inverses-DD2-P7
Opening Player-Data//8-S2-40/Triples-S2-P0
Opening Player-Data//8-S2-40/Triples-S2-P1
Opening Player-Data//8-S2-40/Triples-S2-P2
Opening Player-Data//8-S2-40/Triples-S2-P3
Opening Player-Data//8-S2-40/Triples-S2-P4
Opening Player-Data//8-S2-40/Triples-S2-P5
Opening Player-Data//8-S2-40/Triples-S2-P6
Opening Player-Data//8-S2-40/Triples-S2-P7
Opening Player-Data//8-S2-40/Bits-S2-P0
Opening Player-Data//8-S2-40/Bits-S2-P1
Opening Player-Data//8-S2-40/Bits-S2-P2
Opening Player-Data//8-S2-40/Bits-S2-P3
Opening Player-Data//8-S2-40/Bits-S2-P4
Opening Player-Data//8-S2-40/Bits-S2-P5
Opening Player-Data//8-S2-40/Bits-S2-P6
Opening Player-Data//8-S2-40/Bits-S2-P7
Opening Player-Data//8-S2-40/Inputs-S2-P0-0
Opening Player-Data//8-S2-40/Inputs-S2-P1-0
Opening Player-Data//8-S2-40/Inputs-S2-P2-0
Opening Player-Data//8-S2-40/Inputs-S2-P3-0
Opening Player-Data//8-S2-40/Inputs-S2-P4-0
Opening Player-Data//8-S2-40/Inputs-S2-P5-0
Opening Player-Data//8-S2-40/Inputs-S2-P6-0
Opening Player-Data//8-S2-40/Inputs-S2-P7-0
Opening Player-Data//8-S2-40/Inputs-S2-P0-1
Opening Player-Data//8-S2-40/Inputs-S2-P1-1
Opening Player-Data//8-S2-40/Inputs-S2-P2-1
Opening Player-Data//8-S2-40/Inputs-S2-P3-1
Opening Player-Data//8-S2-40/Inputs-S2-P4-1
Opening Player-Data//8-S2-40/Inputs-S2-P5-1
Opening Player-Data//8-S2-40/Inputs-S2-P6-1
Opening Player-Data//8-S2-40/Inputs-S2-P7-1
Opening Player-Data//8-S2-40/Inputs-S2-P0-2
Opening Player-Data//8-S2-40/Inputs-S2-P1-2
Opening Player-Data//8-S2-40/Inputs-S2-P2-2
Opening Player-Data//8-S2-40/Inputs-S2-P3-2
Opening Player-Data//8-S2-40/Inputs-S2-P4-2
Opening Player-Data//8-S2-40/Inputs-S2-P5-2
Opening Player-Data//8-S2-40/Inputs-S2-P6-2
Opening Player-Data//8-S2-40/Inputs-S2-P7-2
Opening Player-Data//8-S2-40/Inputs-S2-P0-3
Opening Player-Data//8-S2-40/Inputs-S2-P1-3
Opening Player-Data//8-S2-40/Inputs-S2-P2-3
Opening Player-Data//8-S2-40/Inputs-S2-P3-3
Opening Player-Data//8-S2-40/Inputs-S2-P4-3
Opening Player-Data//8-S2-40/Inputs-S2-P5-3
Opening Player-Data//8-S2-40/Inputs-S2-P6-3
Opening Player-Data//8-S2-40/Inputs-S2-P7-3
Opening Player-Data//8-S2-40/Inputs-S2-P0-4
Opening Player-Data//8-S2-40/Inputs-S2-P1-4
Opening Player-Data//8-S2-40/Inputs-S2-P2-4
Opening Player-Data//8-S2-40/Inputs-S2-P3-4
Opening Player-Data//8-S2-40/Inputs-S2-P4-4
Opening Player-Data//8-S2-40/Inputs-S2-P5-4
Opening Player-Data//8-S2-40/Inputs-S2-P6-4
Opening Player-Data//8-S2-40/Inputs-S2-P7-4
Opening Player-Data//8-S2-40/Inputs-S2-P0-5
Opening Player-Data//8-S2-40/Inputs-S2-P1-5
Opening Player-Data//8-S2-40/Inputs-S2-P2-5
Opening Player-Data//8-S2-40/Inputs-S2-P3-5
Opening Player-Data//8-S2-40/Inputs-S2-P4-5
Opening Player-Data//8-S2-40/Inputs-S2-P5-5
Opening Player-Data//8-S2-40/Inputs-S2-P6-5
Opening Player-Data//8-S2-40/Inputs-S2-P7-5
Opening Player-Data//8-S2-40/Inputs-S2-P0-6
Opening Player-Data//8-S2-40/Inputs-S2-P1-6
Opening Player-Data//8-S2-40/Inputs-S2-P2-6
Opening Player-Data//8-S2-40/Inputs-S2-P3-6
Opening Player-Data//8-S2-40/Inputs-S2-P4-6
Opening Player-Data//8-S2-40/Inputs-S2-P5-6
Opening Player-Data//8-S2-40/Inputs-S2-P6-6
Opening Player-Data//8-S2-40/Inputs-S2-P7-6
Opening Player-Data//8-S2-40/Inputs-S2-P0-7
Opening Player-Data//8-S2-40/Inputs-S2-P1-7
Opening Player-Data//8-S2-40/Inputs-S2-P2-7
Opening Player-Data//8-S2-40/Inputs-S2-P3-7
Opening Player-Data//8-S2-40/Inputs-S2-P4-7
Opening Player-Data//8-S2-40/Inputs-S2-P5-7
Opening Player-Data//8-S2-40/Inputs-S2-P6-7
Opening Player-Data//8-S2-40/Inputs-S2-P7-7
Opening Player-Data//8-S2-40/Squares-S2-P0
Opening Player-Data//8-S2-40/Squares-S2-P1
Opening Player-Data//8-S2-40/Squares-S2-P2
Opening Player-Data//8-S2-40/Squares-S2-P3
Opening Player-Data//8-S2-40/Squares-S2-P4
Opening Player-Data//8-S2-40/Squares-S2-P5
Opening Player-Data//8-S2-40/Squares-S2-P6
Opening Player-Data//8-S2-40/Squares-S2-P7
Opening Player-Data//8-S2-40/daBits-S2-P0
Opening Player-Data//8-S2-40/daBits-S2-P1
Opening Player-Data//8-S2-40/daBits-S2-P2
Opening Player-Data//8-S2-40/daBits-S2-P3
Opening Player-Data//8-S2-40/daBits-S2-P4
Opening Player-Data//8-S2-40/daBits-S2-P5
Opening Player-Data//8-S2-40/daBits-S2-P6
Opening Player-Data//8-S2-40/daBits-S2-P7
Opening Player-Data//8-S2-40/Inverses-S2-P0
Opening Player-Data//8-S2-40/Inverses-S2-P1
Opening Player-Data//8-S2-40/Inverses-S2-P2
Opening Player-Data//8-S2-40/Inverses-S2-P3
Opening Player-Data//8-S2-40/Inverses-S2-P4
Opening Player-Data//8-S2-40/Inverses-S2-P5
Opening Player-Data//8-S2-40/Inverses-S2-P6
Opening Player-Data//8-S2-40/Inverses-S2-P7
Opening Player-Data//8-MS2-40/Triples-MS2-P0
Opening Player-Data//8-MS2-40/Triples-MS2-P1
Opening Player-Data//8-MS2-40/Triples-MS2-P2
Opening Player-Data//8-MS2-40/Triples-MS2-P3
Opening Player-Data//8-MS2-40/Triples-MS2-P4
Opening Player-Data//8-MS2-40/Triples-MS2-P5
Opening Player-Data//8-MS2-40/Triples-MS2-P6
Opening Player-Data//8-MS2-40/Triples-MS2-P7
Opening Player-Data//8-MS2-40/Bits-MS2-P0
Opening Player-Data//8-MS2-40/Bits-MS2-P1
Opening Player-Data//8-MS2-40/Bits-MS2-P2
Opening Player-Data//8-MS2-40/Bits-MS2-P3
Opening Player-Data//8-MS2-40/Bits-MS2-P4
Opening Player-Data//8-MS2-40/Bits-MS2-P5
Opening Player-Data//8-MS2-40/Bits-MS2-P6
Opening Player-Data//8-MS2-40/Bits-MS2-P7
Opening Player-Data//8-MS2-40/Inputs-MS2-P0-0
Opening Player-Data//8-MS2-40/Inputs-MS2-P1-0
Opening Player-Data//8-MS2-40/Inputs-MS2-P2-0
Opening Player-Data//8-MS2-40/Inputs-MS2-P3-0
Opening Player-Data//8-MS2-40/Inputs-MS2-P4-0
Opening Player-Data//8-MS2-40/Inputs-MS2-P5-0
Opening Player-Data//8-MS2-40/Inputs-MS2-P6-0
Opening Player-Data//8-MS2-40/Inputs-MS2-P7-0
Opening Player-Data//8-MS2-40/Inputs-MS2-P0-1
Opening Player-Data//8-MS2-40/Inputs-MS2-P1-1
Opening Player-Data//8-MS2-40/Inputs-MS2-P2-1
Opening Player-Data//8-MS2-40/Inputs-MS2-P3-1
Opening Player-Data//8-MS2-40/Inputs-MS2-P4-1
Opening Player-Data//8-MS2-40/Inputs-MS2-P5-1
Opening Player-Data//8-MS2-40/Inputs-MS2-P6-1
Opening Player-Data//8-MS2-40/Inputs-MS2-P7-1
Opening Player-Data//8-MS2-40/Inputs-MS2-P0-2
Opening Player-Data//8-MS2-40/Inputs-MS2-P1-2
Opening Player-Data//8-MS2-40/Inputs-MS2-P2-2
Opening Player-Data//8-MS2-40/Inputs-MS2-P3-2
Opening Player-Data//8-MS2-40/Inputs-MS2-P4-2
Opening Player-Data//8-MS2-40/Inputs-MS2-P5-2
Opening Player-Data//8-MS2-40/Inputs-MS2-P6-2
Opening Player-Data//8-MS2-40/Inputs-MS2-P7-2
Opening Player-Data//8-MS2-40/Inputs-MS2-P0-3
Opening Player-Data//8-MS2-40/Inputs-MS2-P1-3
Opening Player-Data//8-MS2-40/Inputs-MS2-P2-3
Opening Player-Data//8-MS2-40/Inputs-MS2-P3-3
Opening Player-Data//8-MS2-40/Inputs-MS2-P4-3
Opening Player-Data//8-MS2-40/Inputs-MS2-P5-3
Opening Player-Data//8-MS2-40/Inputs-MS2-P6-3
Opening Player-Data//8-MS2-40/Inputs-MS2-P7-3
Opening Player-Data//8-MS2-40/Inputs-MS2-P0-4
Opening Player-Data//8-MS2-40/Inputs-MS2-P1-4
Opening Player-Data//8-MS2-40/Inputs-MS2-P2-4
Opening Player-Data//8-MS2-40/Inputs-MS2-P3-4
Opening Player-Data//8-MS2-40/Inputs-MS2-P4-4
Opening Player-Data//8-MS2-40/Inputs-MS2-P5-4
Opening Player-Data//8-MS2-40/Inputs-MS2-P6-4
Opening Player-Data//8-MS2-40/Inputs-MS2-P7-4
Opening Player-Data//8-MS2-40/Inputs-MS2-P0-5
Opening Player-Data//8-MS2-40/Inputs-MS2-P1-5
Opening Player-Data//8-MS2-40/Inputs-MS2-P2-5
Opening Player-Data//8-MS2-40/Inputs-MS2-P3-5
Opening Player-Data//8-MS2-40/Inputs-MS2-P4-5
Opening Player-Data//8-MS2-40/Inputs-MS2-P5-5
Opening Player-Data//8-MS2-40/Inputs-MS2-P6-5
Opening Player-Data//8-MS2-40/Inputs-MS2-P7-5
Opening Player-Data//8-MS2-40/Inputs-MS2-P0-6
Opening Player-Data//8-MS2-40/Inputs-MS2-P1-6
Opening Player-Data//8-MS2-40/Inputs-MS2-P2-6
Opening Player-Data//8-MS2-40/Inputs-MS2-P3-6
Opening Player-Data//8-MS2-40/Inputs-MS2-P4-6
Opening Player-Data//8-MS2-40/Inputs-MS2-P5-6
Opening Player-Data//8-MS2-40/Inputs-MS2-P6-6
Opening Player-Data//8-MS2-40/Inputs-MS2-P7-6
Opening Player-Data//8-MS2-40/Inputs-MS2-P0-7
Opening Player-Data//8-MS2-40/Inputs-MS2-P1-7
Opening Player-Data//8-MS2-40/Inputs-MS2-P2-7
Opening Player-Data//8-MS2-40/Inputs-MS2-P3-7
Opening Player-Data//8-MS2-40/Inputs-MS2-P4-7
Opening Player-Data//8-MS2-40/Inputs-MS2-P5-7
Opening Player-Data//8-MS2-40/Inputs-MS2-P6-7
Opening Player-Data//8-MS2-40/Inputs-MS2-P7-7
Opening Player-Data//8-MS2-40/Squares-MS2-P0
Opening Player-Data//8-MS2-40/Squares-MS2-P1
Opening Player-Data//8-MS2-40/Squares-MS2-P2
Opening Player-Data//8-MS2-40/Squares-MS2-P3
Opening Player-Data//8-MS2-40/Squares-MS2-P4
Opening Player-Data//8-MS2-40/Squares-MS2-P5
Opening Player-Data//8-MS2-40/Squares-MS2-P6
Opening Player-Data//8-MS2-40/Squares-MS2-P7
Opening Player-Data//8-MS2-40/daBits-MS2-P0
Opening Player-Data//8-MS2-40/daBits-MS2-P1
Opening Player-Data//8-MS2-40/daBits-MS2-P2
Opening Player-Data//8-MS2-40/daBits-MS2-P3
Opening Player-Data//8-MS2-40/daBits-MS2-P4
Opening Player-Data//8-MS2-40/daBits-MS2-P5
Opening Player-Data//8-MS2-40/daBits-MS2-P6
Opening Player-Data//8-MS2-40/daBits-MS2-P7
Opening Player-Data//8-MS2-40/Inverses-MS2-P0
Opening Player-Data//8-MS2-40/Inverses-MS2-P1
Opening Player-Data//8-MS2-40/Inverses-MS2-P2
Opening Player-Data//8-MS2-40/Inverses-MS2-P3
Opening Player-Data//8-MS2-40/Inverses-MS2-P4
Opening Player-Data//8-MS2-40/Inverses-MS2-P5
Opening Player-Data//8-MS2-40/Inverses-MS2-P6
Opening Player-Data//8-MS2-40/Inverses-MS2-P7
No MAC key share for player 0, generating a fresh ones
Written new MAC key share to Player-Data//8-SYMS2-40//Player-MAC-Keys-MS2-P0
 Key 0: 375fd60ea3
Written new MAC key share to Player-Data//8-SYMS2-40//Player-MAC-Keys-MS2-P1
 Key 1: 92117e83fb
Written new MAC key share to Player-Data//8-SYMS2-40//Player-MAC-Keys-MS2-P2
 Key 2: ff4e1ba1db
Written new MAC key share to Player-Data//8-SYMS2-40//Player-MAC-Keys-MS2-P3
 Key 3: e7b1e9574c
Written new MAC key share to Player-Data//8-SYMS2-40//Player-MAC-Keys-MS2-P4
 Key 4: 3e18ba2100
Written new MAC key share to Player-Data//8-SYMS2-40//Player-MAC-Keys-MS2-P5
 Key 5: f2ba6e8081
Written new MAC key share to Player-Data//8-SYMS2-40//Player-MAC-Keys-MS2-P6
 Key 6: 7a825cb002
Written new MAC key share to Player-Data//8-SYMS2-40//Player-MAC-Keys-MS2-P7
 Key 7: 55caf687b0
--------------
Final Key: b91d26a4c
Opening Player-Data//8-SYMS2-40/Triples-SYMS2-P0
Opening Player-Data//8-SYMS2-40/Triples-SYMS2-P1
Opening Player-Data//8-SYMS2-40/Triples-SYMS2-P2
Opening Player-Data//8-SYMS2-40/Triples-SYMS2-P3
Opening Player-Data//8-SYMS2-40/Triples-SYMS2-P4
Opening Player-Data//8-SYMS2-40/Triples-SYMS2-P5
Opening Player-Data//8-SYMS2-40/Triples-SYMS2-P6
Opening Player-Data//8-SYMS2-40/Triples-SYMS2-P7
Opening Player-Data//8-SYMS2-40/Bits-SYMS2-P0
Opening Player-Data//8-SYMS2-40/Bits-SYMS2-P1
Opening Player-Data//8-SYMS2-40/Bits-SYMS2-P2
Opening Player-Data//8-SYMS2-40/Bits-SYMS2-P3
Opening Player-Data//8-SYMS2-40/Bits-SYMS2-P4
Opening Player-Data//8-SYMS2-40/Bits-SYMS2-P5
Opening Player-Data//8-SYMS2-40/Bits-SYMS2-P6
Opening Player-Data//8-SYMS2-40/Bits-SYMS2-P7
Opening Player-Data//8-SYMS2-40/Inputs-SYMS2-P0-0
Opening Player-Data//8-SYMS2-40/Inputs-SYMS2-P1-0
Opening Player-Data//8-SYMS2-40/Inputs-SYMS2-P2-0
Opening Player-Data//8-SYMS2-40/Inputs-SYMS2-P3-0
Opening Player-Data//8-SYMS2-40/Inputs-SYMS2-P4-0
Opening Player-Data//8-SYMS2-40/Inputs-SYMS2-P5-0
Opening Player-Data//8-SYMS2-40/Inputs-SYMS2-P6-0
Opening Player-Data//8-SYMS2-40/Inputs-SYMS2-P7-0
Opening Player-Data//8-SYMS2-40/Inputs-SYMS2-P0-1
Opening Player-Data//8-SYMS2-40/Inputs-SYMS2-P1-1
Opening Player-Data//8-SYMS2-40/Inputs-SYMS2-P2-1
Opening Player-Data//8-SYMS2-40/Inputs-SYMS2-P3-1
Opening Player-Data//8-SYMS2-40/Inputs-SYMS2-P4-1
Opening Player-Data//8-SYMS2-40/Inputs-SYMS2-P5-1
Opening Player-Data//8-SYMS2-40/Inputs-SYMS2-P6-1
Opening Player-Data//8-SYMS2-40/Inputs-SYMS2-P7-1
Opening Player-Data//8-SYMS2-40/Inputs-SYMS2-P0-2
Opening Player-Data//8-SYMS2-40/Inputs-SYMS2-P1-2
Opening Player-Data//8-SYMS2-40/Inputs-SYMS2-P2-2
Opening Player-Data//8-SYMS2-40/Inputs-SYMS2-P3-2
Opening Player-Data//8-SYMS2-40/Inputs-SYMS2-P4-2
Opening Player-Data//8-SYMS2-40/Inputs-SYMS2-P5-2
Opening Player-Data//8-SYMS2-40/Inputs-SYMS2-P6-2
Opening Player-Data//8-SYMS2-40/Inputs-SYMS2-P7-2
Opening Player-Data//8-SYMS2-40/Inputs-SYMS2-P0-3
Opening Player-Data//8-SYMS2-40/Inputs-SYMS2-P1-3
Opening Player-Data//8-SYMS2-40/Inputs-SYMS2-P2-3
Opening Player-Data//8-SYMS2-40/Inputs-SYMS2-P3-3
Opening Player-Data//8-SYMS2-40/Inputs-SYMS2-P4-3
Opening Player-Data//8-SYMS2-40/Inputs-SYMS2-P5-3
Opening Player-Data//8-SYMS2-40/Inputs-SYMS2-P6-3
Opening Player-Data//8-SYMS2-40/Inputs-SYMS2-P7-3
Opening Player-Data//8-SYMS2-40/Inputs-SYMS2-P0-4
Opening Player-Data//8-SYMS2-40/Inputs-SYMS2-P1-4
Opening Player-Data//8-SYMS2-40/Inputs-SYMS2-P2-4
Opening Player-Data//8-SYMS2-40/Inputs-SYMS2-P3-4
Opening Player-Data//8-SYMS2-40/Inputs-SYMS2-P4-4
Opening Player-Data//8-SYMS2-40/Inputs-SYMS2-P5-4
Opening Player-Data//8-SYMS2-40/Inputs-SYMS2-P6-4
Opening Player-Data//8-SYMS2-40/Inputs-SYMS2-P7-4
Opening Player-Data//8-SYMS2-40/Inputs-SYMS2-P0-5
Opening Player-Data//8-SYMS2-40/Inputs-SYMS2-P1-5
Opening Player-Data//8-SYMS2-40/Inputs-SYMS2-P2-5
Opening Player-Data//8-SYMS2-40/Inputs-SYMS2-P3-5
Opening Player-Data//8-SYMS2-40/Inputs-SYMS2-P4-5
Opening Player-Data//8-SYMS2-40/Inputs-SYMS2-P5-5
Opening Player-Data//8-SYMS2-40/Inputs-SYMS2-P6-5
Opening Player-Data//8-SYMS2-40/Inputs-SYMS2-P7-5
Opening Player-Data//8-SYMS2-40/Inputs-SYMS2-P0-6
Opening Player-Data//8-SYMS2-40/Inputs-SYMS2-P1-6
Opening Player-Data//8-SYMS2-40/Inputs-SYMS2-P2-6
Opening Player-Data//8-SYMS2-40/Inputs-SYMS2-P3-6
Opening Player-Data//8-SYMS2-40/Inputs-SYMS2-P4-6
Opening Player-Data//8-SYMS2-40/Inputs-SYMS2-P5-6
Opening Player-Data//8-SYMS2-40/Inputs-SYMS2-P6-6
Opening Player-Data//8-SYMS2-40/Inputs-SYMS2-P7-6
Opening Player-Data//8-SYMS2-40/Inputs-SYMS2-P0-7
Opening Player-Data//8-SYMS2-40/Inputs-SYMS2-P1-7
Opening Player-Data//8-SYMS2-40/Inputs-SYMS2-P2-7
Opening Player-Data//8-SYMS2-40/Inputs-SYMS2-P3-7
Opening Player-Data//8-SYMS2-40/Inputs-SYMS2-P4-7
Opening Player-Data//8-SYMS2-40/Inputs-SYMS2-P5-7
Opening Player-Data//8-SYMS2-40/Inputs-SYMS2-P6-7
Opening Player-Data//8-SYMS2-40/Inputs-SYMS2-P7-7
Opening Player-Data//8-SYMS2-40/Squares-SYMS2-P0
Opening Player-Data//8-SYMS2-40/Squares-SYMS2-P1
Opening Player-Data//8-SYMS2-40/Squares-SYMS2-P2
Opening Player-Data//8-SYMS2-40/Squares-SYMS2-P3
Opening Player-Data//8-SYMS2-40/Squares-SYMS2-P4
Opening Player-Data//8-SYMS2-40/Squares-SYMS2-P5
Opening Player-Data//8-SYMS2-40/Squares-SYMS2-P6
Opening Player-Data//8-SYMS2-40/Squares-SYMS2-P7
Opening Player-Data//8-SYMS2-40/daBits-SYMS2-P0
Opening Player-Data//8-SYMS2-40/daBits-SYMS2-P1
Opening Player-Data//8-SYMS2-40/daBits-SYMS2-P2
Opening Player-Data//8-SYMS2-40/daBits-SYMS2-P3
Opening Player-Data//8-SYMS2-40/daBits-SYMS2-P4
Opening Player-Data//8-SYMS2-40/daBits-SYMS2-P5
Opening Player-Data//8-SYMS2-40/daBits-SYMS2-P6
Opening Player-Data//8-SYMS2-40/daBits-SYMS2-P7
Opening Player-Data//8-SYMS2-40/Inverses-SYMS2-P0
Opening Player-Data//8-SYMS2-40/Inverses-SYMS2-P1
Opening Player-Data//8-SYMS2-40/Inverses-SYMS2-P2
Opening Player-Data//8-SYMS2-40/Inverses-SYMS2-P3
Opening Player-Data//8-SYMS2-40/Inverses-SYMS2-P4
Opening Player-Data//8-SYMS2-40/Inverses-SYMS2-P5
Opening Player-Data//8-SYMS2-40/Inverses-SYMS2-P6
Opening Player-Data//8-SYMS2-40/Inverses-SYMS2-P7
Opening Player-Data//8-DR-64/Triples-DR-P0
Opening Player-Data//8-DR-64/Triples-DR-P1
Opening Player-Data//8-DR-64/Triples-DR-P2
Opening Player-Data//8-DR-64/Triples-DR-P3
Opening Player-Data//8-DR-64/Triples-DR-P4
Opening Player-Data//8-DR-64/Triples-DR-P5
Opening Player-Data//8-DR-64/Triples-DR-P6
Opening Player-Data//8-DR-64/Triples-DR-P7
Opening Player-Data//8-DR-64/Bits-DR-P0
Opening Player-Data//8-DR-64/Bits-DR-P1
Opening Player-Data//8-DR-64/Bits-DR-P2
Opening Player-Data//8-DR-64/Bits-DR-P3
Opening Player-Data//8-DR-64/Bits-DR-P4
Opening Player-Data//8-DR-64/Bits-DR-P5
Opening Player-Data//8-DR-64/Bits-DR-P6
Opening Player-Data//8-DR-64/Bits-DR-P7
Opening Player-Data//8-DR-64/Inputs-DR-P0-0
Opening Player-Data//8-DR-64/Inputs-DR-P1-0
Opening Player-Data//8-DR-64/Inputs-DR-P2-0
Opening Player-Data//8-DR-64/Inputs-DR-P3-0
Opening Player-Data//8-DR-64/Inputs-DR-P4-0
Opening Player-Data//8-DR-64/Inputs-DR-P5-0
Opening Player-Data//8-DR-64/Inputs-DR-P6-0
Opening Player-Data//8-DR-64/Inputs-DR-P7-0
Opening Player-Data//8-DR-64/Inputs-DR-P0-1
Opening Player-Data//8-DR-64/Inputs-DR-P1-1
Opening Player-Data//8-DR-64/Inputs-DR-P2-1
Opening Player-Data//8-DR-64/Inputs-DR-P3-1
Opening Player-Data//8-DR-64/Inputs-DR-P4-1
Opening Player-Data//8-DR-64/Inputs-DR-P5-1
Opening Player-Data//8-DR-64/Inputs-DR-P6-1
Opening Player-Data//8-DR-64/Inputs-DR-P7-1
Opening Player-Data//8-DR-64/Inputs-DR-P0-2
Opening Player-Data//8-DR-64/Inputs-DR-P1-2
Opening Player-Data//8-DR-64/Inputs-DR-P2-2
Opening Player-Data//8-DR-64/Inputs-DR-P3-2
Opening Player-Data//8-DR-64/Inputs-DR-P4-2
Opening Player-Data//8-DR-64/Inputs-DR-P5-2
Opening Player-Data//8-DR-64/Inputs-DR-P6-2
Opening Player-Data//8-DR-64/Inputs-DR-P7-2
Opening Player-Data//8-DR-64/Inputs-DR-P0-3
Opening Player-Data//8-DR-64/Inputs-DR-P1-3
Opening Player-Data//8-DR-64/Inputs-DR-P2-3
Opening Player-Data//8-DR-64/Inputs-DR-P3-3
Opening Player-Data//8-DR-64/Inputs-DR-P4-3
Opening Player-Data//8-DR-64/Inputs-DR-P5-3
Opening Player-Data//8-DR-64/Inputs-DR-P6-3
Opening Player-Data//8-DR-64/Inputs-DR-P7-3
Opening Player-Data//8-DR-64/Inputs-DR-P0-4
Opening Player-Data//8-DR-64/Inputs-DR-P1-4
Opening Player-Data//8-DR-64/Inputs-DR-P2-4
Opening Player-Data//8-DR-64/Inputs-DR-P3-4
Opening Player-Data//8-DR-64/Inputs-DR-P4-4
Opening Player-Data//8-DR-64/Inputs-DR-P5-4
Opening Player-Data//8-DR-64/Inputs-DR-P6-4
Opening Player-Data//8-DR-64/Inputs-DR-P7-4
Opening Player-Data//8-DR-64/Inputs-DR-P0-5
Opening Player-Data//8-DR-64/Inputs-DR-P1-5
Opening Player-Data//8-DR-64/Inputs-DR-P2-5
Opening Player-Data//8-DR-64/Inputs-DR-P3-5
Opening Player-Data//8-DR-64/Inputs-DR-P4-5
Opening Player-Data//8-DR-64/Inputs-DR-P5-5
Opening Player-Data//8-DR-64/Inputs-DR-P6-5
Opening Player-Data//8-DR-64/Inputs-DR-P7-5
Opening Player-Data//8-DR-64/Inputs-DR-P0-6
Opening Player-Data//8-DR-64/Inputs-DR-P1-6
Opening Player-Data//8-DR-64/Inputs-DR-P2-6
Opening Player-Data//8-DR-64/Inputs-DR-P3-6
Opening Player-Data//8-DR-64/Inputs-DR-P4-6
Opening Player-Data//8-DR-64/Inputs-DR-P5-6
Opening Player-Data//8-DR-64/Inputs-DR-P6-6
Opening Player-Data//8-DR-64/Inputs-DR-P7-6
Opening Player-Data//8-DR-64/Inputs-DR-P0-7
Opening Player-Data//8-DR-64/Inputs-DR-P1-7
Opening Player-Data//8-DR-64/Inputs-DR-P2-7
Opening Player-Data//8-DR-64/Inputs-DR-P3-7
Opening Player-Data//8-DR-64/Inputs-DR-P4-7
Opening Player-Data//8-DR-64/Inputs-DR-P5-7
Opening Player-Data//8-DR-64/Inputs-DR-P6-7
Opening Player-Data//8-DR-64/Inputs-DR-P7-7
Opening Player-Data//8-DR-64/Squares-DR-P0
Opening Player-Data//8-DR-64/Squares-DR-P1
Opening Player-Data//8-DR-64/Squares-DR-P2
Opening Player-Data//8-DR-64/Squares-DR-P3
Opening Player-Data//8-DR-64/Squares-DR-P4
Opening Player-Data//8-DR-64/Squares-DR-P5
Opening Player-Data//8-DR-64/Squares-DR-P6
Opening Player-Data//8-DR-64/Squares-DR-P7
Opening Player-Data//8-DR-64/daBits-DR-P0
Opening Player-Data//8-DR-64/daBits-DR-P1
Opening Player-Data//8-DR-64/daBits-DR-P2
Opening Player-Data//8-DR-64/daBits-DR-P3
Opening Player-Data//8-DR-64/daBits-DR-P4
Opening Player-Data//8-DR-64/daBits-DR-P5
Opening Player-Data//8-DR-64/daBits-DR-P6
Opening Player-Data//8-DR-64/daBits-DR-P7
Opening Player-Data//8-DDR-64/Triples-DDR-P0
Opening Player-Data//8-DDR-64/Triples-DDR-P1
Opening Player-Data//8-DDR-64/Triples-DDR-P2
Opening Player-Data//8-DDR-64/Triples-DDR-P3
Opening Player-Data//8-DDR-64/Triples-DDR-P4
Opening Player-Data//8-DDR-64/Triples-DDR-P5
Opening Player-Data//8-DDR-64/Triples-DDR-P6
Opening Player-Data//8-DDR-64/Triples-DDR-P7
Opening Player-Data//8-DDR-64/Bits-DDR-P0
Opening Player-Data//8-DDR-64/Bits-DDR-P1
Opening Player-Data//8-DDR-64/Bits-DDR-P2
Opening Player-Data//8-DDR-64/Bits-DDR-P3
Opening Player-Data//8-DDR-64/Bits-DDR-P4
Opening Player-Data//8-DDR-64/Bits-DDR-P5
Opening Player-Data//8-DDR-64/Bits-DDR-P6
Opening Player-Data//8-DDR-64/Bits-DDR-P7
Opening Player-Data//8-DDR-64/Inputs-DDR-P0-0
Opening Player-Data//8-DDR-64/Inputs-DDR-P1-0
Opening Player-Data//8-DDR-64/Inputs-DDR-P2-0
Opening Player-Data//8-DDR-64/Inputs-DDR-P3-0
Opening Player-Data//8-DDR-64/Inputs-DDR-P4-0
Opening Player-Data//8-DDR-64/Inputs-DDR-P5-0
Opening Player-Data//8-DDR-64/Inputs-DDR-P6-0
Opening Player-Data//8-DDR-64/Inputs-DDR-P7-0
Opening Player-Data//8-DDR-64/Inputs-DDR-P0-1
Opening Player-Data//8-DDR-64/Inputs-DDR-P1-1
Opening Player-Data//8-DDR-64/Inputs-DDR-P2-1
Opening Player-Data//8-DDR-64/Inputs-DDR-P3-1
Opening Player-Data//8-DDR-64/Inputs-DDR-P4-1
Opening Player-Data//8-DDR-64/Inputs-DDR-P5-1
Opening Player-Data//8-DDR-64/Inputs-DDR-P6-1
Opening Player-Data//8-DDR-64/Inputs-DDR-P7-1
Opening Player-Data//8-DDR-64/Inputs-DDR-P0-2
Opening Player-Data//8-DDR-64/Inputs-DDR-P1-2
Opening Player-Data//8-DDR-64/Inputs-DDR-P2-2
Opening Player-Data//8-DDR-64/Inputs-DDR-P3-2
Opening Player-Data//8-DDR-64/Inputs-DDR-P4-2
Opening Player-Data//8-DDR-64/Inputs-DDR-P5-2
Opening Player-Data//8-DDR-64/Inputs-DDR-P6-2
Opening Player-Data//8-DDR-64/Inputs-DDR-P7-2
Opening Player-Data//8-DDR-64/Inputs-DDR-P0-3
Opening Player-Data//8-DDR-64/Inputs-DDR-P1-3
Opening Player-Data//8-DDR-64/Inputs-DDR-P2-3
Opening Player-Data//8-DDR-64/Inputs-DDR-P3-3
Opening Player-Data//8-DDR-64/Inputs-DDR-P4-3
Opening Player-Data//8-DDR-64/Inputs-DDR-P5-3
Opening Player-Data//8-DDR-64/Inputs-DDR-P6-3
Opening Player-Data//8-DDR-64/Inputs-DDR-P7-3
Opening Player-Data//8-DDR-64/Inputs-DDR-P0-4
Opening Player-Data//8-DDR-64/Inputs-DDR-P1-4
Opening Player-Data//8-DDR-64/Inputs-DDR-P2-4
Opening Player-Data//8-DDR-64/Inputs-DDR-P3-4
Opening Player-Data//8-DDR-64/Inputs-DDR-P4-4
Opening Player-Data//8-DDR-64/Inputs-DDR-P5-4
Opening Player-Data//8-DDR-64/Inputs-DDR-P6-4
Opening Player-Data//8-DDR-64/Inputs-DDR-P7-4
Opening Player-Data//8-DDR-64/Inputs-DDR-P0-5
Opening Player-Data//8-DDR-64/Inputs-DDR-P1-5
Opening Player-Data//8-DDR-64/Inputs-DDR-P2-5
Opening Player-Data//8-DDR-64/Inputs-DDR-P3-5
Opening Player-Data//8-DDR-64/Inputs-DDR-P4-5
Opening Player-Data//8-DDR-64/Inputs-DDR-P5-5
Opening Player-Data//8-DDR-64/Inputs-DDR-P6-5
Opening Player-Data//8-DDR-64/Inputs-DDR-P7-5
Opening Player-Data//8-DDR-64/Inputs-DDR-P0-6
Opening Player-Data//8-DDR-64/Inputs-DDR-P1-6
Opening Player-Data//8-DDR-64/Inputs-DDR-P2-6
Opening Player-Data//8-DDR-64/Inputs-DDR-P3-6
Opening Player-Data//8-DDR-64/Inputs-DDR-P4-6
Opening Player-Data//8-DDR-64/Inputs-DDR-P5-6
Opening Player-Data//8-DDR-64/Inputs-DDR-P6-6
Opening Player-Data//8-DDR-64/Inputs-DDR-P7-6
Opening Player-Data//8-DDR-64/Inputs-DDR-P0-7
Opening Player-Data//8-DDR-64/Inputs-DDR-P1-7
Opening Player-Data//8-DDR-64/Inputs-DDR-P2-7
Opening Player-Data//8-DDR-64/Inputs-DDR-P3-7
Opening Player-Data//8-DDR-64/Inputs-DDR-P4-7
Opening Player-Data//8-DDR-64/Inputs-DDR-P5-7
Opening Player-Data//8-DDR-64/Inputs-DDR-P6-7
Opening Player-Data//8-DDR-64/Inputs-DDR-P7-7
Opening Player-Data//8-DDR-64/Squares-DDR-P0
Opening Player-Data//8-DDR-64/Squares-DDR-P1
Opening Player-Data//8-DDR-64/Squares-DDR-P2
Opening Player-Data//8-DDR-64/Squares-DDR-P3
Opening Player-Data//8-DDR-64/Squares-DDR-P4
Opening Player-Data//8-DDR-64/Squares-DDR-P5
Opening Player-Data//8-DDR-64/Squares-DDR-P6
Opening Player-Data//8-DDR-64/Squares-DDR-P7
Opening Player-Data//8-DDR-64/daBits-DDR-P0
Opening Player-Data//8-DDR-64/daBits-DDR-P1
Opening Player-Data//8-DDR-64/daBits-DDR-P2
Opening Player-Data//8-DDR-64/daBits-DDR-P3
Opening Player-Data//8-DDR-64/daBits-DDR-P4
Opening Player-Data//8-DDR-64/daBits-DDR-P5
Opening Player-Data//8-DDR-64/daBits-DDR-P6
Opening Player-Data//8-DDR-64/daBits-DDR-P7
Opening Player-Data//8-DR-128/Triples-DR-P0
Opening Player-Data//8-DR-128/Triples-DR-P1
Opening Player-Data//8-DR-128/Triples-DR-P2
Opening Player-Data//8-DR-128/Triples-DR-P3
Opening Player-Data//8-DR-128/Triples-DR-P4
Opening Player-Data//8-DR-128/Triples-DR-P5
Opening Player-Data//8-DR-128/Triples-DR-P6
Opening Player-Data//8-DR-128/Triples-DR-P7
Opening Player-Data//8-DR-128/Bits-DR-P0
Opening Player-Data//8-DR-128/Bits-DR-P1
Opening Player-Data//8-DR-128/Bits-DR-P2
Opening Player-Data//8-DR-128/Bits-DR-P3
Opening Player-Data//8-DR-128/Bits-DR-P4
Opening Player-Data//8-DR-128/Bits-DR-P5
Opening Player-Data//8-DR-128/Bits-DR-P6
Opening Player-Data//8-DR-128/Bits-DR-P7
Opening Player-Data//8-DR-128/Inputs-DR-P0-0
Opening Player-Data//8-DR-128/Inputs-DR-P1-0
Opening Player-Data//8-DR-128/Inputs-DR-P2-0
Opening Player-Data//8-DR-128/Inputs-DR-P3-0
Opening Player-Data//8-DR-128/Inputs-DR-P4-0
Opening Player-Data//8-DR-128/Inputs-DR-P5-0
Opening Player-Data//8-DR-128/Inputs-DR-P6-0
Opening Player-Data//8-DR-128/Inputs-DR-P7-0
Opening Player-Data//8-DR-128/Inputs-DR-P0-1
Opening Player-Data//8-DR-128/Inputs-DR-P1-1
Opening Player-Data//8-DR-128/Inputs-DR-P2-1
Opening Player-Data//8-DR-128/Inputs-DR-P3-1
Opening Player-Data//8-DR-128/Inputs-DR-P4-1
Opening Player-Data//8-DR-128/Inputs-DR-P5-1
Opening Player-Data//8-DR-128/Inputs-DR-P6-1
Opening Player-Data//8-DR-128/Inputs-DR-P7-1
Opening Player-Data//8-DR-128/Inputs-DR-P0-2
Opening Player-Data//8-DR-128/Inputs-DR-P1-2
Opening Player-Data//8-DR-128/Inputs-DR-P2-2
Opening Player-Data//8-DR-128/Inputs-DR-P3-2
Opening Player-Data//8-DR-128/Inputs-DR-P4-2
Opening Player-Data//8-DR-128/Inputs-DR-P5-2
Opening Player-Data//8-DR-128/Inputs-DR-P6-2
Opening Player-Data//8-DR-128/Inputs-DR-P7-2
Opening Player-Data//8-DR-128/Inputs-DR-P0-3
Opening Player-Data//8-DR-128/Inputs-DR-P1-3
Opening Player-Data//8-DR-128/Inputs-DR-P2-3
Opening Player-Data//8-DR-128/Inputs-DR-P3-3
Opening Player-Data//8-DR-128/Inputs-DR-P4-3
Opening Player-Data//8-DR-128/Inputs-DR-P5-3
Opening Player-Data//8-DR-128/Inputs-DR-P6-3
Opening Player-Data//8-DR-128/Inputs-DR-P7-3
Opening Player-Data//8-DR-128/Inputs-DR-P0-4
Opening Player-Data//8-DR-128/Inputs-DR-P1-4
Opening Player-Data//8-DR-128/Inputs-DR-P2-4
Opening Player-Data//8-DR-128/Inputs-DR-P3-4
Opening Player-Data//8-DR-128/Inputs-DR-P4-4
Opening Player-Data//8-DR-128/Inputs-DR-P5-4
Opening Player-Data//8-DR-128/Inputs-DR-P6-4
Opening Player-Data//8-DR-128/Inputs-DR-P7-4
Opening Player-Data//8-DR-128/Inputs-DR-P0-5
Opening Player-Data//8-DR-128/Inputs-DR-P1-5
Opening Player-Data//8-DR-128/Inputs-DR-P2-5
Opening Player-Data//8-DR-128/Inputs-DR-P3-5
Opening Player-Data//8-DR-128/Inputs-DR-P4-5
Opening Player-Data//8-DR-128/Inputs-DR-P5-5
Opening Player-Data//8-DR-128/Inputs-DR-P6-5
Opening Player-Data//8-DR-128/Inputs-DR-P7-5
Opening Player-Data//8-DR-128/Inputs-DR-P0-6
Opening Player-Data//8-DR-128/Inputs-DR-P1-6
Opening Player-Data//8-DR-128/Inputs-DR-P2-6
Opening Player-Data//8-DR-128/Inputs-DR-P3-6
Opening Player-Data//8-DR-128/Inputs-DR-P4-6
Opening Player-Data//8-DR-128/Inputs-DR-P5-6
Opening Player-Data//8-DR-128/Inputs-DR-P6-6
Opening Player-Data//8-DR-128/Inputs-DR-P7-6
Opening Player-Data//8-DR-128/Inputs-DR-P0-7
Opening Player-Data//8-DR-128/Inputs-DR-P1-7
Opening Player-Data//8-DR-128/Inputs-DR-P2-7
Opening Player-Data//8-DR-128/Inputs-DR-P3-7
Opening Player-Data//8-DR-128/Inputs-DR-P4-7
Opening Player-Data//8-DR-128/Inputs-DR-P5-7
Opening Player-Data//8-DR-128/Inputs-DR-P6-7
Opening Player-Data//8-DR-128/Inputs-DR-P7-7
Opening Player-Data//8-DR-128/Squares-DR-P0
Opening Player-Data//8-DR-128/Squares-DR-P1
Opening Player-Data//8-DR-128/Squares-DR-P2
Opening Player-Data//8-DR-128/Squares-DR-P3
Opening Player-Data//8-DR-128/Squares-DR-P4
Opening Player-Data//8-DR-128/Squares-DR-P5
Opening Player-Data//8-DR-128/Squares-DR-P6
Opening Player-Data//8-DR-128/Squares-DR-P7
Opening Player-Data//8-DR-128/daBits-DR-P0
Opening Player-Data//8-DR-128/daBits-DR-P1
Opening Player-Data//8-DR-128/daBits-DR-P2
Opening Player-Data//8-DR-128/daBits-DR-P3
Opening Player-Data//8-DR-128/daBits-DR-P4
Opening Player-Data//8-DR-128/daBits-DR-P5
Opening Player-Data//8-DR-128/daBits-DR-P6
Opening Player-Data//8-DR-128/daBits-DR-P7
Opening Player-Data//8-DDR-128/Triples-DDR-P0
Opening Player-Data//8-DDR-128/Triples-DDR-P1
Opening Player-Data//8-DDR-128/Triples-DDR-P2
Opening Player-Data//8-DDR-128/Triples-DDR-P3
Opening Player-Data//8-DDR-128/Triples-DDR-P4
Opening Player-Data//8-DDR-128/Triples-DDR-P5
Opening Player-Data//8-DDR-128/Triples-DDR-P6
Opening Player-Data//8-DDR-128/Triples-DDR-P7
Opening Player-Data//8-DDR-128/Bits-DDR-P0
Opening Player-Data//8-DDR-128/Bits-DDR-P1
Opening Player-Data//8-DDR-128/Bits-DDR-P2
Opening Player-Data//8-DDR-128/Bits-DDR-P3
Opening Player-Data//8-DDR-128/Bits-DDR-P4
Opening Player-Data//8-DDR-128/Bits-DDR-P5
Opening Player-Data//8-DDR-128/Bits-DDR-P6
Opening Player-Data//8-DDR-128/Bits-DDR-P7
Opening Player-Data//8-DDR-128/Inputs-DDR-P0-0
Opening Player-Data//8-DDR-128/Inputs-DDR-P1-0
Opening Player-Data//8-DDR-128/Inputs-DDR-P2-0
Opening Player-Data//8-DDR-128/Inputs-DDR-P3-0
Opening Player-Data//8-DDR-128/Inputs-DDR-P4-0
Opening Player-Data//8-DDR-128/Inputs-DDR-P5-0
Opening Player-Data//8-DDR-128/Inputs-DDR-P6-0
Opening Player-Data//8-DDR-128/Inputs-DDR-P7-0
Opening Player-Data//8-DDR-128/Inputs-DDR-P0-1
Opening Player-Data//8-DDR-128/Inputs-DDR-P1-1
Opening Player-Data//8-DDR-128/Inputs-DDR-P2-1
Opening Player-Data//8-DDR-128/Inputs-DDR-P3-1
Opening Player-Data//8-DDR-128/Inputs-DDR-P4-1
Opening Player-Data//8-DDR-128/Inputs-DDR-P5-1
Opening Player-Data//8-DDR-128/Inputs-DDR-P6-1
Opening Player-Data//8-DDR-128/Inputs-DDR-P7-1
Opening Player-Data//8-DDR-128/Inputs-DDR-P0-2
Opening Player-Data//8-DDR-128/Inputs-DDR-P1-2
Opening Player-Data//8-DDR-128/Inputs-DDR-P2-2
Opening Player-Data//8-DDR-128/Inputs-DDR-P3-2
Opening Player-Data//8-DDR-128/Inputs-DDR-P4-2
Opening Player-Data//8-DDR-128/Inputs-DDR-P5-2
Opening Player-Data//8-DDR-128/Inputs-DDR-P6-2
Opening Player-Data//8-DDR-128/Inputs-DDR-P7-2
Opening Player-Data//8-DDR-128/Inputs-DDR-P0-3
Opening Player-Data//8-DDR-128/Inputs-DDR-P1-3
Opening Player-Data//8-DDR-128/Inputs-DDR-P2-3
Opening Player-Data//8-DDR-128/Inputs-DDR-P3-3
Opening Player-Data//8-DDR-128/Inputs-DDR-P4-3
Opening Player-Data//8-DDR-128/Inputs-DDR-P5-3
Opening Player-Data//8-DDR-128/Inputs-DDR-P6-3
Opening Player-Data//8-DDR-128/Inputs-DDR-P7-3
Opening Player-Data//8-DDR-128/Inputs-DDR-P0-4
Opening Player-Data//8-DDR-128/Inputs-DDR-P1-4
Opening Player-Data//8-DDR-128/Inputs-DDR-P2-4
Opening Player-Data//8-DDR-128/Inputs-DDR-P3-4
Opening Player-Data//8-DDR-128/Inputs-DDR-P4-4
Opening Player-Data//8-DDR-128/Inputs-DDR-P5-4
Opening Player-Data//8-DDR-128/Inputs-DDR-P6-4
Opening Player-Data//8-DDR-128/Inputs-DDR-P7-4
Opening Player-Data//8-DDR-128/Inputs-DDR-P0-5
Opening Player-Data//8-DDR-128/Inputs-DDR-P1-5
Opening Player-Data//8-DDR-128/Inputs-DDR-P2-5
Opening Player-Data//8-DDR-128/Inputs-DDR-P3-5
Opening Player-Data//8-DDR-128/Inputs-DDR-P4-5
Opening Player-Data//8-DDR-128/Inputs-DDR-P5-5
Opening Player-Data//8-DDR-128/Inputs-DDR-P6-5
Opening Player-Data//8-DDR-128/Inputs-DDR-P7-5
Opening Player-Data//8-DDR-128/Inputs-DDR-P0-6
Opening Player-Data//8-DDR-128/Inputs-DDR-P1-6
Opening Player-Data//8-DDR-128/Inputs-DDR-P2-6
Opening Player-Data//8-DDR-128/Inputs-DDR-P3-6
Opening Player-Data//8-DDR-128/Inputs-DDR-P4-6
Opening Player-Data//8-DDR-128/Inputs-DDR-P5-6
Opening Player-Data//8-DDR-128/Inputs-DDR-P6-6
Opening Player-Data//8-DDR-128/Inputs-DDR-P7-6
Opening Player-Data//8-DDR-128/Inputs-DDR-P0-7
Opening Player-Data//8-DDR-128/Inputs-DDR-P1-7
Opening Player-Data//8-DDR-128/Inputs-DDR-P2-7
Opening Player-Data//8-DDR-128/Inputs-DDR-P3-7
Opening Player-Data//8-DDR-128/Inputs-DDR-P4-7
Opening Player-Data//8-DDR-128/Inputs-DDR-P5-7
Opening Player-Data//8-DDR-128/Inputs-DDR-P6-7
Opening Player-Data//8-DDR-128/Inputs-DDR-P7-7
Opening Player-Data//8-DDR-128/Squares-DDR-P0
Opening Player-Data//8-DDR-128/Squares-DDR-P1
Opening Player-Data//8-DDR-128/Squares-DDR-P2
Opening Player-Data//8-DDR-128/Squares-DDR-P3
Opening Player-Data//8-DDR-128/Squares-DDR-P4
Opening Player-Data//8-DDR-128/Squares-DDR-P5
Opening Player-Data//8-DDR-128/Squares-DDR-P6
Opening Player-Data//8-DDR-128/Squares-DDR-P7
Opening Player-Data//8-DDR-128/daBits-DDR-P0
Opening Player-Data//8-DDR-128/daBits-DDR-P1
Opening Player-Data//8-DDR-128/daBits-DDR-P2
Opening Player-Data//8-DDR-128/daBits-DDR-P3
Opening Player-Data//8-DDR-128/daBits-DDR-P4
Opening Player-Data//8-DDR-128/daBits-DDR-P5
Opening Player-Data//8-DDR-128/daBits-DDR-P6
Opening Player-Data//8-DDR-128/daBits-DDR-P7
