WARNING: insecure preprocessing
 Key 0: 16379254424045783576
 Key 1: 10016129911411185748
 Key 2: 16464163389713607795
 Key 3: 7005362464322805858
 Key 4: 10491432487649848459
 Key 5: 15724630425120579730
 Key 6: 5511254449768007660
 Key 7: 1604998124638812137
--------------
Final Key: 83197225676670630963
No MAC key share for player 0, generating a fresh ones
Written new MAC key share to Player-Data//8-2-128//Player-MAC-Keys-2-P0
 Key 0: 9220bdad880bce5ce16d3cdd741bd70b
Written new MAC key share to Player-Data//8-2-128//Player-MAC-Keys-2-P1
 Key 1: f4631b8256d9789e2d2f957601b4d622
Written new MAC key share to Player-Data//8-2-128//Player-MAC-Keys-2-P2
 Key 2: cd4cc8746c2a547533661f61b5ef12dc
Written new MAC key share to Player-Data//8-2-128//Player-MAC-Keys-2-P3
 Key 3: 29cbfd8ce879c60f3b020c22b4099bcc
Written new MAC key share to Player-Data//8-2-128//Player-MAC-Keys-2-P4
 Key 4: f0092edc6f031fac30bb63e5f920d615
Written new MAC key share to Player-Data//8-2-128//Player-MAC-Keys-2-P5
 Key 5: 59117c2eb7dc47340b09fd1e7013ee33
Written new MAC key share to Player-Data//8-2-128//Player-MAC-Keys-2-P6
 Key 6: 3d51aa573079d510b1d58360bf96ae6d
Written new MAC key share to Player-Data//8-2-128//Player-MAC-Keys-2-P7
 Key 7: 366c3480ea0e0ded506938878e6bc740
--------------
Final Key: 20e15ff25829a4dd1e289ff4cc87d932
Opening Player-Data//8-2-128/Triples-2-P0
Opening Player-Data//8-2-128/Triples-2-P1
Opening Player-Data//8-2-128/Triples-2-P2
Opening Player-Data//8-2-128/Triples-2-P3
Opening Player-Data//8-2-128/Triples-2-P4
Opening Player-Data//8-2-128/Triples-2-P5
Opening Player-Data//8-2-128/Triples-2-P6
Opening Player-Data//8-2-128/Triples-2-P7
Opening Player-Data//8-Z64,64-64/Triples-Z64,64-P0
Opening Player-Data//8-Z64,64-64/Triples-Z64,64-P1
Opening Player-Data//8-Z64,64-64/Triples-Z64,64-P2
Opening Player-Data//8-Z64,64-64/Triples-Z64,64-P3
Opening Player-Data//8-Z64,64-64/Triples-Z64,64-P4
Opening Player-Data//8-Z64,64-64/Triples-Z64,64-P5
Opening Player-Data//8-Z64,64-64/Triples-Z64,64-P6
Opening Player-Data//8-Z64,64-64/Triples-Z64,64-P7
Opening Player-Data//8-2-128/Bits-2-P0
Opening Player-Data//8-2-128/Bits-2-P1
Opening Player-Data//8-2-128/Bits-2-P2
Opening Player-Data//8-2-128/Bits-2-P3
Opening Player-Data//8-2-128/Bits-2-P4
Opening Player-Data//8-2-128/Bits-2-P5
Opening Player-Data//8-2-128/Bits-2-P6
Opening Player-Data//8-2-128/Bits-2-P7
Opening Player-Data//8-Z64,64-64/Bits-Z64,64-P0
Opening Player-Data//8-Z64,64-64/Bits-Z64,64-P1
Opening Player-Data//8-Z64,64-64/Bits-Z64,64-P2
Opening Player-Data//8-Z64,64-64/Bits-Z64,64-P3
Opening Player-Data//8-Z64,64-64/Bits-Z64,64-P4
Opening Player-Data//8-Z64,64-64/Bits-Z64,64-P5
Opening Player-Data//8-Z64,64-64/Bits-Z64,64-P6
Opening Player-Data//8-Z64,64-64/Bits-Z64,64-P7
Opening Player-Data//8-2-128/Squares-2-P0
Opening Player-Data//8-2-128/Squares-2-P1
Opening Player-Data//8-2-128/Squares-2-P2
Opening Player-Data//8-2-128/Squares-2-P3
Opening Player-Data//8-2-128/Squares-2-P4
Opening Player-Data//8-2-128/Squares-2-P5
Opening Player-Data//8-2-128/Squares-2-P6
Opening Player-Data//8-2-128/Squares-2-P7
Opening Player-Data//8-Z64,64-64/Squares-Z64,64-P0
Opening Player-Data//8-Z64,64-64/Squares-Z64,64-P1
Opening Player-Data//8-Z64,64-64/Squares-Z64,64-P2
Opening Player-Data//8-Z64,64-64/Squares-Z64,64-P3
Opening Player-Data//8-Z64,64-64/Squares-Z64,64-P4
Opening Player-Data//8-Z64,64-64/Squares-Z64,64-P5
Opening Player-Data//8-Z64,64-64/Squares-Z64,64-P6
Opening Player-Data//8-Z64,64-64/Squares-Z64,64-P7
Opening Player-Data//8-2-128/Inputs-2-P0-0
Opening Player-Data//8-2-128/Inputs-2-P1-0
Opening Player-Data//8-2-128/Inputs-2-P2-0
Opening Player-Data//8-2-128/Inputs-2-P3-0
Opening Player-Data//8-2-128/Inputs-2-P4-0
Opening Player-Data//8-2-128/Inputs-2-P5-0
Opening Player-Data//8-2-128/Inputs-2-P6-0
Opening Player-Data//8-2-128/Inputs-2-P7-0
Opening Player-Data//8-2-128/Inputs-2-P0-1
Opening Player-Data//8-2-128/Inputs-2-P1-1
Opening Player-Data//8-2-128/Inputs-2-P2-1
Opening Player-Data//8-2-128/Inputs-2-P3-1
Opening Player-Data//8-2-128/Inputs-2-P4-1
Opening Player-Data//8-2-128/Inputs-2-P5-1
Opening Player-Data//8-2-128/Inputs-2-P6-1
Opening Player-Data//8-2-128/Inputs-2-P7-1
Opening Player-Data//8-2-128/Inputs-2-P0-2
Opening Player-Data//8-2-128/Inputs-2-P1-2
Opening Player-Data//8-2-128/Inputs-2-P2-2
Opening Player-Data//8-2-128/Inputs-2-P3-2
Opening Player-Data//8-2-128/Inputs-2-P4-2
Opening Player-Data//8-2-128/Inputs-2-P5-2
Opening Player-Data//8-2-128/Inputs-2-P6-2
Opening Player-Data//8-2-128/Inputs-2-P7-2
Opening Player-Data//8-2-128/Inputs-2-P0-3
Opening Player-Data//8-2-128/Inputs-2-P1-3
Opening Player-Data//8-2-128/Inputs-2-P2-3
Opening Player-Data//8-2-128/Inputs-2-P3-3
Opening Player-Data//8-2-128/Inputs-2-P4-3
Opening Player-Data//8-2-128/Inputs-2-P5-3
Opening Player-Data//8-2-128/Inputs-2-P6-3
Opening Player-Data//8-2-128/Inputs-2-P7-3
Opening Player-Data//8-2-128/Inputs-2-P0-4
Opening Player-Data//8-2-128/Inputs-2-P1-4
Opening Player-Data//8-2-128/Inputs-2-P2-4
Opening Player-Data//8-2-128/Inputs-2-P3-4
Opening Player-Data//8-2-128/Inputs-2-P4-4
Opening Player-Data//8-2-128/Inputs-2-P5-4
Opening Player-Data//8-2-128/Inputs-2-P6-4
Opening Player-Data//8-2-128/Inputs-2-P7-4
Opening Player-Data//8-2-128/Inputs-2-P0-5
Opening Player-Data//8-2-128/Inputs-2-P1-5
Opening Player-Data//8-2-128/Inputs-2-P2-5
Opening Player-Data//8-2-128/Inputs-2-P3-5
Opening Player-Data//8-2-128/Inputs-2-P4-5
Opening Player-Data//8-2-128/Inputs-2-P5-5
Opening Player-Data//8-2-128/Inputs-2-P6-5
Opening Player-Data//8-2-128/Inputs-2-P7-5
Opening Player-Data//8-2-128/Inputs-2-P0-6
Opening Player-Data//8-2-128/Inputs-2-P1-6
Opening Player-Data//8-2-128/Inputs-2-P2-6
Opening Player-Data//8-2-128/Inputs-2-P3-6
Opening Player-Data//8-2-128/Inputs-2-P4-6
Opening Player-Data//8-2-128/Inputs-2-P5-6
Opening Player-Data//8-2-128/Inputs-2-P6-6
Opening Player-Data//8-2-128/Inputs-2-P7-6
Opening Player-Data//8-2-128/Inputs-2-P0-7
Opening Player-Data//8-2-128/Inputs-2-P1-7
Opening Player-Data//8-2-128/Inputs-2-P2-7
Opening Player-Data//8-2-128/Inputs-2-P3-7
Opening Player-Data//8-2-128/Inputs-2-P4-7
Opening Player-Data//8-2-128/Inputs-2-P5-7
Opening Player-Data//8-2-128/Inputs-2-P6-7
Opening Player-Data//8-2-128/Inputs-2-P7-7
Opening Player-Data//8-Z64,64-64/Inputs-Z64,64-P0-0
Opening Player-Data//8-Z64,64-64/Inputs-Z64,64-P1-0
Opening Player-Data//8-Z64,64-64/Inputs-Z64,64-P2-0
Opening Player-Data//8-Z64,64-64/Inputs-Z64,64-P3-0
Opening Player-Data//8-Z64,64-64/Inputs-Z64,64-P4-0
Opening Player-Data//8-Z64,64-64/Inputs-Z64,64-P5-0
Opening Player-Data//8-Z64,64-64/Inputs-Z64,64-P6-0
Opening Player-Data//8-Z64,64-64/Inputs-Z64,64-P7-0
Opening Player-Data//8-Z64,64-64/Inputs-Z64,64-P0-1
Opening Player-Data//8-Z64,64-64/Inputs-Z64,64-P1-1
Opening Player-Data//8-Z64,64-64/Inputs-Z64,64-P2-1
Opening Player-Data//8-Z64,64-64/Inputs-Z64,64-P3-1
Opening Player-Data//8-Z64,64-64/Inputs-Z64,64-P4-1
Opening Player-Data//8-Z64,64-64/Inputs-Z64,64-P5-1
Opening Player-Data//8-Z64,64-64/Inputs-Z64,64-P6-1
Opening Player-Data//8-Z64,64-64/Inputs-Z64,64-P7-1
Opening Player-Data//8-Z64,64-64/Inputs-Z64,64-P0-2
Opening Player-Data//8-Z64,64-64/Inputs-Z64,64-P1-2
Opening Player-Data//8-Z64,64-64/Inputs-Z64,64-P2-2
Opening Player-Data//8-Z64,64-64/Inputs-Z64,64-P3-2
Opening Player-Data//8-Z64,64-64/Inputs-Z64,64-P4-2
Opening Player-Data//8-Z64,64-64/Inputs-Z64,64-P5-2
Opening Player-Data//8-Z64,64-64/Inputs-Z64,64-P6-2
Opening Player-Data//8-Z64,64-64/Inputs-Z64,64-P7-2
Opening Player-Data//8-Z64,64-64/Inputs-Z64,64-P0-3
Opening Player-Data//8-Z64,64-64/Inputs-Z64,64-P1-3
Opening Player-Data//8-Z64,64-64/Inputs-Z64,64-P2-3
Opening Player-Data//8-Z64,64-64/Inputs-Z64,64-P3-3
Opening Player-Data//8-Z64,64-64/Inputs-Z64,64-P4-3
Opening Player-Data//8-Z64,64-64/Inputs-Z64,64-P5-3
Opening Player-Data//8-Z64,64-64/Inputs-Z64,64-P6-3
Opening Player-Data//8-Z64,64-64/Inputs-Z64,64-P7-3
Opening Player-Data//8-Z64,64-64/Inputs-Z64,64-P0-4
Opening Player-Data//8-Z64,64-64/Inputs-Z64,64-P1-4
Opening Player-Data//8-Z64,64-64/Inputs-Z64,64-P2-4
Opening Player-Data//8-Z64,64-64/Inputs-Z64,64-P3-4
Opening Player-Data//8-Z64,64-64/Inputs-Z64,64-P4-4
Opening Player-Data//8-Z64,64-64/Inputs-Z64,64-P5-4
Opening Player-Data//8-Z64,64-64/Inputs-Z64,64-P6-4
Opening Player-Data//8-Z64,64-64/Inputs-Z64,64-P7-4
Opening Player-Data//8-Z64,64-64/Inputs-Z64,64-P0-5
Opening Player-Data//8-Z64,64-64/Inputs-Z64,64-P1-5
Opening Player-Data//8-Z64,64-64/Inputs-Z64,64-P2-5
Opening Player-Data//8-Z64,64-64/Inputs-Z64,64-P3-5
Opening Player-Data//8-Z64,64-64/Inputs-Z64,64-P4-5
Opening Player-Data//8-Z64,64-64/Inputs-Z64,64-P5-5
Opening Player-Data//8-Z64,64-64/Inputs-Z64,64-P6-5
Opening Player-Data//8-Z64,64-64/Inputs-Z64,64-P7-5
Opening Player-Data//8-Z64,64-64/Inputs-Z64,64-P0-6
Opening Player-Data//8-Z64,64-64/Inputs-Z64,64-P1-6
Opening Player-Data//8-Z64,64-64/Inputs-Z64,64-P2-6
Opening Player-Data//8-Z64,64-64/Inputs-Z64,64-P3-6
Opening Player-Data//8-Z64,64-64/Inputs-Z64,64-P4-6
Opening Player-Data//8-Z64,64-64/Inputs-Z64,64-P5-6
Opening Player-Data//8-Z64,64-64/Inputs-Z64,64-P6-6
Opening Player-Data//8-Z64,64-64/Inputs-Z64,64-P7-6
Opening Player-Data//8-Z64,64-64/Inputs-Z64,64-P0-7
Opening Player-Data//8-Z64,64-64/Inputs-Z64,64-P1-7
Opening Player-Data//8-Z64,64-64/Inputs-Z64,64-P2-7
Opening Player-Data//8-Z64,64-64/Inputs-Z64,64-P3-7
Opening Player-Data//8-Z64,64-64/Inputs-Z64,64-P4-7
Opening Player-Data//8-Z64,64-64/Inputs-Z64,64-P5-7
Opening Player-Data//8-Z64,64-64/Inputs-Z64,64-P6-7
Opening Player-Data//8-Z64,64-64/Inputs-Z64,64-P7-7
Opening Player-Data//8-2-128/Inverses-2-P0
Opening Player-Data//8-2-128/Inverses-2-P1
Opening Player-Data//8-2-128/Inverses-2-P2
Opening Player-Data//8-2-128/Inverses-2-P3
Opening Player-Data//8-2-128/Inverses-2-P4
Opening Player-Data//8-2-128/Inverses-2-P5
Opening Player-Data//8-2-128/Inverses-2-P6
Opening Player-Data//8-2-128/Inverses-2-P7
Opening Player-Data//8-DDB-64/Triples-DDB-P0
Opening Player-Data//8-DDB-64/Triples-DDB-P1
Opening Player-Data//8-DDB-64/Triples-DDB-P2
Opening Player-Data//8-DDB-64/Triples-DDB-P3
Opening Player-Data//8-DDB-64/Triples-DDB-P4
Opening Player-Data//8-DDB-64/Triples-DDB-P5
Opening Player-Data//8-DDB-64/Triples-DDB-P6
Opening Player-Data//8-DDB-64/Triples-DDB-P7
Opening Player-Data//8-DDB-64/Bits-DDB-P0
Opening Player-Data//8-DDB-64/Bits-DDB-P1
Opening Player-Data//8-DDB-64/Bits-DDB-P2
Opening Player-Data//8-DDB-64/Bits-DDB-P3
Opening Player-Data//8-DDB-64/Bits-DDB-P4
Opening Player-Data//8-DDB-64/Bits-DDB-P5
Opening Player-Data//8-DDB-64/Bits-DDB-P6
Opening Player-Data//8-DDB-64/Bits-DDB-P7
Opening Player-Data//8-DDB-64/Inputs-DDB-P0-0
Opening Player-Data//8-DDB-64/Inputs-DDB-P1-0
Opening Player-Data//8-DDB-64/Inputs-DDB-P2-0
Opening Player-Data//8-DDB-64/Inputs-DDB-P3-0
Opening Player-Data//8-DDB-64/Inputs-DDB-P4-0
Opening Player-Data//8-DDB-64/Inputs-DDB-P5-0
Opening Player-Data//8-DDB-64/Inputs-DDB-P6-0
Opening Player-Data//8-DDB-64/Inputs-DDB-P7-0
Opening Player-Data//8-DDB-64/Inputs-DDB-P0-1
Opening Player-Data//8-DDB-64/Inputs-DDB-P1-1
Opening Player-Data//8-DDB-64/Inputs-DDB-P2-1
Opening Player-Data//8-DDB-64/Inputs-DDB-P3-1
Opening Player-Data//8-DDB-64/Inputs-DDB-P4-1
Opening Player-Data//8-DDB-64/Inputs-DDB-P5-1
Opening Player-Data//8-DDB-64/Inputs-DDB-P6-1
Opening Player-Data//8-DDB-64/Inputs-DDB-P7-1
Opening Player-Data//8-DDB-64/Inputs-DDB-P0-2
Opening Player-Data//8-DDB-64/Inputs-DDB-P1-2
Opening Player-Data//8-DDB-64/Inputs-DDB-P2-2
Opening Player-Data//8-DDB-64/Inputs-DDB-P3-2
Opening Player-Data//8-DDB-64/Inputs-DDB-P4-2
Opening Player-Data//8-DDB-64/Inputs-DDB-P5-2
Opening Player-Data//8-DDB-64/Inputs-DDB-P6-2
Opening Player-Data//8-DDB-64/Inputs-DDB-P7-2
Opening Player-Data//8-DDB-64/Inputs-DDB-P0-3
Opening Player-Data//8-DDB-64/Inputs-DDB-P1-3
Opening Player-Data//8-DDB-64/Inputs-DDB-P2-3
Opening Player-Data//8-DDB-64/Inputs-DDB-P3-3
Opening Player-Data//8-DDB-64/Inputs-DDB-P4-3
Opening Player-Data//8-DDB-64/Inputs-DDB-P5-3
Opening Player-Data//8-DDB-64/Inputs-DDB-P6-3
Opening Player-Data//8-DDB-64/Inputs-DDB-P7-3
Opening Player-Data//8-DDB-64/Inputs-DDB-P0-4
Opening Player-Data//8-DDB-64/Inputs-DDB-P1-4
Opening Player-Data//8-DDB-64/Inputs-DDB-P2-4
Opening Player-Data//8-DDB-64/Inputs-DDB-P3-4
Opening Player-Data//8-DDB-64/Inputs-DDB-P4-4
Opening Player-Data//8-DDB-64/Inputs-DDB-P5-4
Opening Player-Data//8-DDB-64/Inputs-DDB-P6-4
Opening Player-Data//8-DDB-64/Inputs-DDB-P7-4
Opening Player-Data//8-DDB-64/Inputs-DDB-P0-5
Opening Player-Data//8-DDB-64/Inputs-DDB-P1-5
Opening Player-Data//8-DDB-64/Inputs-DDB-P2-5
Opening Player-Data//8-DDB-64/Inputs-DDB-P3-5
Opening Player-Data//8-DDB-64/Inputs-DDB-P4-5
Opening Player-Data//8-DDB-64/Inputs-DDB-P5-5
Opening Player-Data//8-DDB-64/Inputs-DDB-P6-5
Opening Player-Data//8-DDB-64/Inputs-DDB-P7-5
Opening Player-Data//8-DDB-64/Inputs-DDB-P0-6
Opening Player-Data//8-DDB-64/Inputs-DDB-P1-6
Opening Player-Data//8-DDB-64/Inputs-DDB-P2-6
Opening Player-Data//8-DDB-64/Inputs-DDB-P3-6
Opening Player-Data//8-DDB-64/Inputs-DDB-P4-6
Opening Player-Data//8-DDB-64/Inputs-DDB-P5-6
Opening Player-Data//8-DDB-64/Inputs-DDB-P6-6
Opening Player-Data//8-DDB-64/Inputs-DDB-P7-6
Opening Player-Data//8-DDB-64/Inputs-DDB-P0-7
Opening Player-Data//8-DDB-64/Inputs-DDB-P1-7
Opening Player-Data//8-DDB-64/Inputs-DDB-P2-7
Opening Player-Data//8-DDB-64/Inputs-DDB-P3-7
Opening Player-Data//8-DDB-64/Inputs-DDB-P4-7
Opening Player-Data//8-DDB-64/Inputs-DDB-P5-7
Opening Player-Data//8-DDB-64/Inputs-DDB-P6-7
Opening Player-Data//8-DDB-64/Inputs-DDB-P7-7
Opening Player-Data//8-DB-64/Triples-DB-P0
Opening Player-Data//8-DB-64/Triples-DB-P1
Opening Player-Data//8-DB-64/Triples-DB-P2
Opening Player-Data//8-DB-64/Triples-DB-P3
Opening Player-Data//8-DB-64/Triples-DB-P4
Opening Player-Data//8-DB-64/Triples-DB-P5
Opening Player-Data//8-DB-64/Triples-DB-P6
Opening Player-Data//8-DB-64/Triples-DB-P7
Opening Player-Data//8-DB-64/Bits-DB-P0
Opening Player-Data//8-DB-64/Bits-DB-P1
Opening Player-Data//8-DB-64/Bits-DB-P2
Opening Player-Data//8-DB-64/Bits-DB-P3
Opening Player-Data//8-DB-64/Bits-DB-P4
Opening Player-Data//8-DB-64/Bits-DB-P5
Opening Player-Data//8-DB-64/Bits-DB-P6
Opening Player-Data//8-DB-64/Bits-DB-P7
No MAC key share for player 0, generating a fresh ones
Written new MAC key share to Player-Data//8-T-64//Player-MAC-Keys-R-P0
 Key 0: 1512073007155
Written new MAC key share to Player-Data//8-T-64//Player-MAC-Keys-R-P1
 Key 1: 821566318728
Written new MAC key share to Player-Data//8-T-64//Player-MAC-Keys-R-P2
 Key 2: 602006336940
Written new MAC key share to Player-Data//8-T-64//Player-MAC-Keys-R-P3
 Key 3: 335473838426
Written new MAC key share to Player-Data//8-T-64//Player-MAC-Keys-R-P4
 Key 4: 897986502063
Written new MAC key share to Player-Data//8-T-64//Player-MAC-Keys-R-P5
 Key 5: 1656315129302
Written new MAC key share to Player-Data//8-T-64//Player-MAC-Keys-R-P6
 Key 6: 213070300884
Written new MAC key share to Player-Data//8-T-64//Player-MAC-Keys-R-P7
 Key 7: 548322968594
--------------
Final Key: 2188767890988
Opening Player-Data//8-T-64/Triples-T-P0
Opening Player-Data//8-T-64/Triples-T-P1
Opening Player-Data//8-T-64/Triples-T-P2
Opening Player-Data//8-T-64/Triples-T-P3
Opening Player-Data//8-T-64/Triples-T-P4
Opening Player-Data//8-T-64/Triples-T-P5
Opening Player-Data//8-T-64/Triples-T-P6
Opening Player-Data//8-T-64/Triples-T-P7
Opening Player-Data//8-T-64/Bits-T-P0
Opening Player-Data//8-T-64/Bits-T-P1
Opening Player-Data//8-T-64/Bits-T-P2
Opening Player-Data//8-T-64/Bits-T-P3
Opening Player-Data//8-T-64/Bits-T-P4
Opening Player-Data//8-T-64/Bits-T-P5
Opening Player-Data//8-T-64/Bits-T-P6
Opening Player-Data//8-T-64/Bits-T-P7
Opening Player-Data//8-T-64/Inputs-T-P0-0
Opening Player-Data//8-T-64/Inputs-T-P1-0
Opening Player-Data//8-T-64/Inputs-T-P2-0
Opening Player-Data//8-T-64/Inputs-T-P3-0
Opening Player-Data//8-T-64/Inputs-T-P4-0
Opening Player-Data//8-T-64/Inputs-T-P5-0
Opening Player-Data//8-T-64/Inputs-T-P6-0
Opening Player-Data//8-T-64/Inputs-T-P7-0
Opening Player-Data//8-T-64/Inputs-T-P0-1
Opening Player-Data//8-T-64/Inputs-T-P1-1
Opening Player-Data//8-T-64/Inputs-T-P2-1
Opening Player-Data//8-T-64/Inputs-T-P3-1
Opening Player-Data//8-T-64/Inputs-T-P4-1
Opening Player-Data//8-T-64/Inputs-T-P5-1
Opening Player-Data//8-T-64/Inputs-T-P6-1
Opening Player-Data//8-T-64/Inputs-T-P7-1
Opening Player-Data//8-T-64/Inputs-T-P0-2
Opening Player-Data//8-T-64/Inputs-T-P1-2
Opening Player-Data//8-T-64/Inputs-T-P2-2
Opening Player-Data//8-T-64/Inputs-T-P3-2
Opening Player-Data//8-T-64/Inputs-T-P4-2
Opening Player-Data//8-T-64/Inputs-T-P5-2
Opening Player-Data//8-T-64/Inputs-T-P6-2
Opening Player-Data//8-T-64/Inputs-T-P7-2
Opening Player-Data//8-T-64/Inputs-T-P0-3
Opening Player-Data//8-T-64/Inputs-T-P1-3
Opening Player-Data//8-T-64/Inputs-T-P2-3
Opening Player-Data//8-T-64/Inputs-T-P3-3
Opening Player-Data//8-T-64/Inputs-T-P4-3
Opening Player-Data//8-T-64/Inputs-T-P5-3
Opening Player-Data//8-T-64/Inputs-T-P6-3
Opening Player-Data//8-T-64/Inputs-T-P7-3
Opening Player-Data//8-T-64/Inputs-T-P0-4
Opening Player-Data//8-T-64/Inputs-T-P1-4
Opening Player-Data//8-T-64/Inputs-T-P2-4
Opening Player-Data//8-T-64/Inputs-T-P3-4
Opening Player-Data//8-T-64/Inputs-T-P4-4
Opening Player-Data//8-T-64/Inputs-T-P5-4
Opening Player-Data//8-T-64/Inputs-T-P6-4
Opening Player-Data//8-T-64/Inputs-T-P7-4
Opening Player-Data//8-T-64/Inputs-T-P0-5
Opening Player-Data//8-T-64/Inputs-T-P1-5
Opening Player-Data//8-T-64/Inputs-T-P2-5
Opening Player-Data//8-T-64/Inputs-T-P3-5
Opening Player-Data//8-T-64/Inputs-T-P4-5
Opening Player-Data//8-T-64/Inputs-T-P5-5
Opening Player-Data//8-T-64/Inputs-T-P6-5
Opening Player-Data//8-T-64/Inputs-T-P7-5
Opening Player-Data//8-T-64/Inputs-T-P0-6
Opening Player-Data//8-T-64/Inputs-T-P1-6
Opening Player-Data//8-T-64/Inputs-T-P2-6
Opening Player-Data//8-T-64/Inputs-T-P3-6
Opening Player-Data//8-T-64/Inputs-T-P4-6
Opening Player-Data//8-T-64/Inputs-T-P5-6
Opening Player-Data//8-T-64/Inputs-T-P6-6
Opening Player-Data//8-T-64/Inputs-T-P7-6
Opening Player-Data//8-T-64/Inputs-T-P0-7
Opening Player-Data//8-T-64/Inputs-T-P1-7
Opening Player-Data//8-T-64/Inputs-T-P2-7
Opening Player-Data//8-T-64/Inputs-T-P3-7
Opening Player-Data//8-T-64/Inputs-T-P4-7
Opening Player-Data//8-T-64/Inputs-T-P5-7
Opening Player-Data//8-T-64/Inputs-T-P6-7
Opening Player-Data//8-T-64/Inputs-T-P7-7
No MAC key share for player 0, generating a fresh ones
Written new MAC key share to Player-Data//8-TT-8//Player-MAC-Keys-2-P0
 Key 0: 3aa529dd0c
Written new MAC key share to Player-Data//8-TT-8//Player-MAC-Keys-2-P1
 Key 1: e2f046de88
Written new MAC key share to Player-Data//8-TT-8//Player-MAC-Keys-2-P2
 Key 2: 371b6ea65f
Written new MAC key share to Player-Data//8-TT-8//Player-MAC-Keys-2-P3
 Key 3: 846326c801
Written new MAC key share to Player-Data//8-TT-8//Player-MAC-Keys-2-P4
 Key 4: c82280c8a2
Written new MAC key share to Player-Data//8-TT-8//Player-MAC-Keys-2-P5
 Key 5: 3bec9811c9
Written new MAC key share to Player-Data//8-TT-8//Player-MAC-Keys-2-P6
 Key 6: 3107e338f
Written new MAC key share to Player-Data//8-TT-8//Player-MAC-Keys-2-P7
 Key 7: 2285621bab
--------------
Final Key: b976239c95
Opening Player-Data//8-TT-8/Triples-TT-P0
Opening Player-Data//8-TT-8/Triples-TT-P1
Opening Player-Data//8-TT-8/Triples-TT-P2
Opening Player-Data//8-TT-8/Triples-TT-P3
Opening Player-Data//8-TT-8/Triples-TT-P4
Opening Player-Data//8-TT-8/Triples-TT-P5
Opening Player-Data//8-TT-8/Triples-TT-P6
Opening Player-Data//8-TT-8/Triples-TT-P7
Opening Player-Data//8-TT-8/Bits-TT-P0
Opening Player-Data//8-TT-8/Bits-TT-P1
Opening Player-Data//8-TT-8/Bits-TT-P2
Opening Player-Data//8-TT-8/Bits-TT-P3
Opening Player-Data//8-TT-8/Bits-TT-P4
Opening Player-Data//8-TT-8/Bits-TT-P5
Opening Player-Data//8-TT-8/Bits-TT-P6
Opening Player-Data//8-TT-8/Bits-TT-P7
Opening Player-Data//8-TT-8/Inputs-TT-P0-0
Opening Player-Data//8-TT-8/Inputs-TT-P1-0
Opening Player-Data//8-TT-8/Inputs-TT-P2-0
Opening Player-Data//8-TT-8/Inputs-TT-P3-0
Opening Player-Data//8-TT-8/Inputs-TT-P4-0
Opening Player-Data//8-TT-8/Inputs-TT-P5-0
Opening Player-Data//8-TT-8/Inputs-TT-P6-0
Opening Player-Data//8-TT-8/Inputs-TT-P7-0
Opening Player-Data//8-TT-8/Inputs-TT-P0-1
Opening Player-Data//8-TT-8/Inputs-TT-P1-1
Opening Player-Data//8-TT-8/Inputs-TT-P2-1
Opening Player-Data//8-TT-8/Inputs-TT-P3-1
Opening Player-Data//8-TT-8/Inputs-TT-P4-1
Opening Player-Data//8-TT-8/Inputs-TT-P5-1
Opening Player-Data//8-TT-8/Inputs-TT-P6-1
Opening Player-Data//8-TT-8/Inputs-TT-P7-1
Opening Player-Data//8-TT-8/Inputs-TT-P0-2
Opening Player-Data//8-TT-8/Inputs-TT-P1-2
Opening Player-Data//8-TT-8/Inputs-TT-P2-2
Opening Player-Data//8-TT-8/Inputs-TT-P3-2
Opening Player-Data//8-TT-8/Inputs-TT-P4-2
Opening Player-Data//8-TT-8/Inputs-TT-P5-2
Opening Player-Data//8-TT-8/Inputs-TT-P6-2
Opening Player-Data//8-TT-8/Inputs-TT-P7-2
Opening Player-Data//8-TT-8/Inputs-TT-P0-3
Opening Player-Data//8-TT-8/Inputs-TT-P1-3
Opening Player-Data//8-TT-8/Inputs-TT-P2-3
Opening Player-Data//8-TT-8/Inputs-TT-P3-3
Opening Player-Data//8-TT-8/Inputs-TT-P4-3
Opening Player-Data//8-TT-8/Inputs-TT-P5-3
Opening Player-Data//8-TT-8/Inputs-TT-P6-3
Opening Player-Data//8-TT-8/Inputs-TT-P7-3
Opening Player-Data//8-TT-8/Inputs-TT-P0-4
Opening Player-Data//8-TT-8/Inputs-TT-P1-4
Opening Player-Data//8-TT-8/Inputs-TT-P2-4
Opening Player-Data//8-TT-8/Inputs-TT-P3-4
Opening Player-Data//8-TT-8/Inputs-TT-P4-4
Opening Player-Data//8-TT-8/Inputs-TT-P5-4
Opening Player-Data//8-TT-8/Inputs-TT-P6-4
Opening Player-Data//8-TT-8/Inputs-TT-P7-4
Opening Player-Data//8-TT-8/Inputs-TT-P0-5
Opening Player-Data//8-TT-8/Inputs-TT-P1-5
Opening Player-Data//8-TT-8/Inputs-TT-P2-5
Opening Player-Data//8-TT-8/Inputs-TT-P3-5
Opening Player-Data//8-TT-8/Inputs-TT-P4-5
Opening Player-Data//8-TT-8/Inputs-TT-P5-5
Opening Player-Data//8-TT-8/Inputs-TT-P6-5
Opening Player-Data//8-TT-8/Inputs-TT-P7-5
Opening Player-Data//8-TT-8/Inputs-TT-P0-6
Opening Player-Data//8-TT-8/Inputs-TT-P1-6
Opening Player-Data//8-TT-8/Inputs-TT-P2-6
Opening Player-Data//8-TT-8/Inputs-TT-P3-6
Opening Player-Data//8-TT-8/Inputs-TT-P4-6
Opening Player-Data//8-TT-8/Inputs-TT-P5-6
Opening Player-Data//8-TT-8/Inputs-TT-P6-6
Opening Player-Data//8-TT-8/Inputs-TT-P7-6
Opening Player-Data//8-TT-8/Inputs-TT-P0-7
Opening Player-Data//8-TT-8/Inputs-TT-P1-7
Opening Player-Data//8-TT-8/Inputs-TT-P2-7
Opening Player-Data//8-TT-8/Inputs-TT-P3-7
Opening Player-Data//8-TT-8/Inputs-TT-P4-7
Opening Player-Data//8-TT-8/Inputs-TT-P5-7
Opening Player-Data//8-TT-8/Inputs-TT-P6-7
Opening Player-Data//8-TT-8/Inputs-TT-P7-7
Opening Player-Data//8-Z64,64-64/daBits-Z64,64-P0
Opening Player-Data//8-Z64,64-64/daBits-Z64,64-P1
Opening Player-Data//8-Z64,64-64/daBits-Z64,64-P2
Opening Player-Data//8-Z64,64-64/daBits-Z64,64-P3
Opening Player-Data//8-Z64,64-64/daBits-Z64,64-P4
Opening Player-Data//8-Z64,64-64/daBits-Z64,64-P5
Opening Player-Data//8-Z64,64-64/daBits-Z64,64-P6
Opening Player-Data//8-Z64,64-64/daBits-Z64,64-P7
Opening Player-Data//8-MS2-8/Triples-MS2-P0
Opening Player-Data//8-MS2-8/Triples-MS2-P1
Opening Player-Data//8-MS2-8/Triples-MS2-P2
Opening Player-Data//8-MS2-8/Triples-MS2-P3
Opening Player-Data//8-MS2-8/Triples-MS2-P4
Opening Player-Data//8-MS2-8/Triples-MS2-P5
Opening Player-Data//8-MS2-8/Triples-MS2-P6
Opening Player-Data//8-MS2-8/Triples-MS2-P7
Opening Player-Data//8-MS2-8/Bits-MS2-P0
Opening Player-Data//8-MS2-8/Bits-MS2-P1
Opening Player-Data//8-MS2-8/Bits-MS2-P2
Opening Player-Data//8-MS2-8/Bits-MS2-P3
Opening Player-Data//8-MS2-8/Bits-MS2-P4
Opening Player-Data//8-MS2-8/Bits-MS2-P5
Opening Player-Data//8-MS2-8/Bits-MS2-P6
Opening Player-Data//8-MS2-8/Bits-MS2-P7
Opening Player-Data//8-D2-128/Triples-D2-P0
Opening Player-Data//8-D2-128/Triples-D2-P1
Opening Player-Data//8-D2-128/Triples-D2-P2
Opening Player-Data//8-D2-128/Triples-D2-P3
Opening Player-Data//8-D2-128/Triples-D2-P4
Opening Player-Data//8-D2-128/Triples-D2-P5
Opening Player-Data//8-D2-128/Triples-D2-P6
Opening Player-Data//8-D2-128/Triples-D2-P7
Opening Player-Data//8-D2-128/Bits-D2-P0
Opening Player-Data//8-D2-128/Bits-D2-P1
Opening Player-Data//8-D2-128/Bits-D2-P2
Opening Player-Data//8-D2-128/Bits-D2-P3
Opening Player-Data//8-D2-128/Bits-D2-P4
Opening Player-Data//8-D2-128/Bits-D2-P5
Opening Player-Data//8-D2-128/Bits-D2-P6
Opening Player-Data//8-D2-128/Bits-D2-P7
Opening Player-Data//8-D2-128/Inputs-D2-P0-0
Opening Player-Data//8-D2-128/Inputs-D2-P1-0
Opening Player-Data//8-D2-128/Inputs-D2-P2-0
Opening Player-Data//8-D2-128/Inputs-D2-P3-0
Opening Player-Data//8-D2-128/Inputs-D2-P4-0
Opening Player-Data//8-D2-128/Inputs-D2-P5-0
Opening Player-Data//8-D2-128/Inputs-D2-P6-0
Opening Player-Data//8-D2-128/Inputs-D2-P7-0
Opening Player-Data//8-D2-128/Inputs-D2-P0-1
Opening Player-Data//8-D2-128/Inputs-D2-P1-1
Opening Player-Data//8-D2-128/Inputs-D2-P2-1
Opening Player-Data//8-D2-128/Inputs-D2-P3-1
Opening Player-Data//8-D2-128/Inputs-D2-P4-1
Opening Player-Data//8-D2-128/Inputs-D2-P5-1
Opening Player-Data//8-D2-128/Inputs-D2-P6-1
Opening Player-Data//8-D2-128/Inputs-D2-P7-1
Opening Player-Data//8-D2-128/Inputs-D2-P0-2
Opening Player-Data//8-D2-128/Inputs-D2-P1-2
Opening Player-Data//8-D2-128/Inputs-D2-P2-2
Opening Player-Data//8-D2-128/Inputs-D2-P3-2
Opening Player-Data//8-D2-128/Inputs-D2-P4-2
Opening Player-Data//8-D2-128/Inputs-D2-P5-2
Opening Player-Data//8-D2-128/Inputs-D2-P6-2
Opening Player-Data//8-D2-128/Inputs-D2-P7-2
Opening Player-Data//8-D2-128/Inputs-D2-P0-3
Opening Player-Data//8-D2-128/Inputs-D2-P1-3
Opening Player-Data//8-D2-128/Inputs-D2-P2-3
Opening Player-Data//8-D2-128/Inputs-D2-P3-3
Opening Player-Data//8-D2-128/Inputs-D2-P4-3
Opening Player-Data//8-D2-128/Inputs-D2-P5-3
Opening Player-Data//8-D2-128/Inputs-D2-P6-3
Opening Player-Data//8-D2-128/Inputs-D2-P7-3
Opening Player-Data//8-D2-128/Inputs-D2-P0-4
Opening Player-Data//8-D2-128/Inputs-D2-P1-4
Opening Player-Data//8-D2-128/Inputs-D2-P2-4
Opening Player-Data//8-D2-128/Inputs-D2-P3-4
Opening Player-Data//8-D2-128/Inputs-D2-P4-4
Opening Player-Data//8-D2-128/Inputs-D2-P5-4
Opening Player-Data//8-D2-128/Inputs-D2-P6-4
Opening Player-Data//8-D2-128/Inputs-D2-P7-4
Opening Player-Data//8-D2-128/Inputs-D2-P0-5
Opening Player-Data//8-D2-128/Inputs-D2-P1-5
Opening Player-Data//8-D2-128/Inputs-D2-P2-5
Opening Player-Data//8-D2-128/Inputs-D2-P3-5
Opening Player-Data//8-D2-128/Inputs-D2-P4-5
Opening Player-Data//8-D2-128/Inputs-D2-P5-5
Opening Player-Data//8-D2-128/Inputs-D2-P6-5
Opening Player-Data//8-D2-128/Inputs-D2-P7-5
Opening Player-Data//8-D2-128/Inputs-D2-P0-6
Opening Player-Data//8-D2-128/Inputs-D2-P1-6
Opening Player-Data//8-D2-128/Inputs-D2-P2-6
Opening Player-Data//8-D2-128/Inputs-D2-P3-6
Opening Player-Data//8-D2-128/Inputs-D2-P4-6
Opening Player-Data//8-D2-128/Inputs-D2-P5-6
Opening Player-Data//8-D2-128/Inputs-D2-P6-6
Opening Player-Data//8-D2-128/Inputs-D2-P7-6
Opening Player-Data//8-D2-128/Inputs-D2-P0-7
Opening Player-Data//8-D2-128/Inputs-D2-P1-7
Opening Player-Data//8-D2-128/Inputs-D2-P2-7
Opening Player-Data//8-D2-128/Inputs-D2-P3-7
Opening Player-Data//8-D2-128/Inputs-D2-P4-7
Opening Player-Data//8-D2-128/Inputs-D2-P5-7
Opening Player-Data//8-D2-128/Inputs-D2-P6-7
Opening Player-Data//8-D2-128/Inputs-D2-P7-7
Opening Player-Data//8-D2-128/Squares-D2-P0
Opening Player-Data//8-D2-128/Squares-D2-P1
Opening Player-Data//8-D2-128/Squares-D2-P2
Opening Player-Data//8-D2-128/Squares-D2-P3
Opening Player-Data//8-D2-128/Squares-D2-P4
Opening Player-Data//8-D2-128/Squares-D2-P5
Opening Player-Data//8-D2-128/Squares-D2-P6
Opening Player-Data//8-D2-128/Squares-D2-P7
Opening Player-Data//8-D2-128/daBits-D2-P0
Opening Player-Data//8-D2-128/daBits-D2-P1
Opening Player-Data//8-D2-128/daBits-D2-P2
Opening Player-Data//8-D2-128/daBits-D2-P3
Opening Player-Data//8-D2-128/daBits-D2-P4
Opening Player-Data//8-D2-128/daBits-D2-P5
Opening Player-Data//8-D2-128/daBits-D2-P6
Opening Player-Data//8-D2-128/daBits-D2-P7
Opening Player-Data//8-D2-128/Inverses-D2-P0
Opening Player-Data//8-D2-128/Inverses-D2-P1
Opening Player-Data//8-D2-128/Inverses-D2-P2
Opening Player-Data//8-D2-128/Inverses-D2-P3
Opening Player-Data//8-D2-128/Inverses-D2-P4
Opening Player-Data//8-D2-128/Inverses-D2-P5
Opening Player-Data//8-D2-128/Inverses-D2-P6
Opening Player-Data//8-D2-128/Inverses-D2-P7
Opening Player-Data//8-DD2-128/Triples-DD2-P0
Opening Player-Data//8-DD2-128/Triples-DD2-P1
Opening Player-Data//8-DD2-128/Triples-DD2-P2
Opening Player-Data//8-DD2-128/Triples-DD2-P3
Opening Player-Data//8-DD2-128/Triples-DD2-P4
Opening Player-Data//8-DD2-128/Triples-DD2-P5
Opening Player-Data//8-DD2-128/Triples-DD2-P6
Opening Player-Data//8-DD2-128/Triples-DD2-P7
Opening Player-Data//8-DD2-128/Bits-DD2-P0
Opening Player-Data//8-DD2-128/Bits-DD2-P1
Opening Player-Data//8-DD2-128/Bits-DD2-P2
Opening Player-Data//8-DD2-128/Bits-DD2-P3
Opening Player-Data//8-DD2-128/Bits-DD2-P4
Opening Player-Data//8-DD2-128/Bits-DD2-P5
Opening Player-Data//8-DD2-128/Bits-DD2-P6
Opening Player-Data//8-DD2-128/Bits-DD2-P7
Opening Player-Data//8-DD2-128/Inputs-DD2-P0-0
Opening Player-Data//8-DD2-128/Inputs-DD2-P1-0
Opening Player-Data//8-DD2-128/Inputs-DD2-P2-0
Opening Player-Data//8-DD2-128/Inputs-DD2-P3-0
Opening Player-Data//8-DD2-128/Inputs-DD2-P4-0
Opening Player-Data//8-DD2-128/Inputs-DD2-P5-0
Opening Player-Data//8-DD2-128/Inputs-DD2-P6-0
Opening Player-Data//8-DD2-128/Inputs-DD2-P7-0
Opening Player-Data//8-DD2-128/Inputs-DD2-P0-1
Opening Player-Data//8-DD2-128/Inputs-DD2-P1-1
Opening Player-Data//8-DD2-128/Inputs-DD2-P2-1
Opening Player-Data//8-DD2-128/Inputs-DD2-P3-1
Opening Player-Data//8-DD2-128/Inputs-DD2-P4-1
Opening Player-Data//8-DD2-128/Inputs-DD2-P5-1
Opening Player-Data//8-DD2-128/Inputs-DD2-P6-1
Opening Player-Data//8-DD2-128/Inputs-DD2-P7-1
Opening Player-Data//8-DD2-128/Inputs-DD2-P0-2
Opening Player-Data//8-DD2-128/Inputs-DD2-P1-2
Opening Player-Data//8-DD2-128/Inputs-DD2-P2-2
Opening Player-Data//8-DD2-128/Inputs-DD2-P3-2
Opening Player-Data//8-DD2-128/Inputs-DD2-P4-2
Opening Player-Data//8-DD2-128/Inputs-DD2-P5-2
Opening Player-Data//8-DD2-128/Inputs-DD2-P6-2
Opening Player-Data//8-DD2-128/Inputs-DD2-P7-2
Opening Player-Data//8-DD2-128/Inputs-DD2-P0-3
Opening Player-Data//8-DD2-128/Inputs-DD2-P1-3
Opening Player-Data//8-DD2-128/Inputs-DD2-P2-3
Opening Player-Data//8-DD2-128/Inputs-DD2-P3-3
Opening Player-Data//8-DD2-128/Inputs-DD2-P4-3
Opening Player-Data//8-DD2-128/Inputs-DD2-P5-3
Opening Player-Data//8-DD2-128/Inputs-DD2-P6-3
Opening Player-Data//8-DD2-128/Inputs-DD2-P7-3
Opening Player-Data//8-DD2-128/Inputs-DD2-P0-4
Opening Player-Data//8-DD2-128/Inputs-DD2-P1-4
Opening Player-Data//8-DD2-128/Inputs-DD2-P2-4
Opening Player-Data//8-DD2-128/Inputs-DD2-P3-4
Opening Player-Data//8-DD2-128/Inputs-DD2-P4-4
Opening Player-Data//8-DD2-128/Inputs-DD2-P5-4
Opening Player-Data//8-DD2-128/Inputs-DD2-P6-4
Opening Player-Data//8-DD2-128/Inputs-DD2-P7-4
Opening Player-Data//8-DD2-128/Inputs-DD2-P0-5
Opening Player-Data//8-DD2-128/Inputs-DD2-P1-5
Opening Player-Data//8-DD2-128/Inputs-DD2-P2-5
Opening Player-Data//8-DD2-128/Inputs-DD2-P3-5
Opening Player-Data//8-DD2-128/Inputs-DD2-P4-5
Opening Player-Data//8-DD2-128/Inputs-DD2-P5-5
Opening Player-Data//8-DD2-128/Inputs-DD2-P6-5
Opening Player-Data//8-DD2-128/Inputs-DD2-P7-5
Opening Player-Data//8-DD2-128/Inputs-DD2-P0-6
Opening Player-Data//8-DD2-128/Inputs-DD2-P1-6
Opening Player-Data//8-DD2-128/Inputs-DD2-P2-6
Opening Player-Data//8-DD2-128/Inputs-DD2-P3-6
Opening Player-Data//8-DD2-128/Inputs-DD2-P4-6
Opening Player-Data//8-DD2-128/Inputs-DD2-P5-6
Opening Player-Data//8-DD2-128/Inputs-DD2-P6-6
Opening Player-Data//8-DD2-128/Inputs-DD2-P7-6
Opening Player-Data//8-DD2-128/Inputs-DD2-P0-7
Opening Player-Data//8-DD2-128/Inputs-DD2-P1-7
Opening Player-Data//8-DD2-128/Inputs-DD2-P2-7
Opening Player-Data//8-DD2-128/Inputs-DD2-P3-7
Opening Player-Data//8-DD2-128/Inputs-DD2-P4-7
Opening Player-Data//8-DD2-128/Inputs-DD2-P5-7
Opening Player-Data//8-DD2-128/Inputs-DD2-P6-7
Opening Player-Data//8-DD2-128/Inputs-DD2-P7-7
Opening Player-Data//8-DD2-128/Squares-DD2-P0
Opening Player-Data//8-DD2-128/Squares-DD2-P1
Opening Player-Data//8-DD2-128/Squares-DD2-P2
Opening Player-Data//8-DD2-128/Squares-DD2-P3
Opening Player-Data//8-DD2-128/Squares-DD2-P4
Opening Player-Data//8-DD2-128/Squares-DD2-P5
Opening Player-Data//8-DD2-128/Squares-DD2-P6
Opening Player-Data//8-DD2-128/Squares-DD2-P7
Opening Player-Data//8-DD2-128/daBits-DD2-P0
Opening Player-Data//8-DD2-128/daBits-DD2-P1
Opening Player-Data//8-DD2-128/daBits-DD2-P2
Opening Player-Data//8-DD2-128/daBits-DD2-P3
Opening Player-Data//8-DD2-128/daBits-DD2-P4
Opening Player-Data//8-DD2-128/daBits-DD2-P5
Opening Player-Data//8-DD2-128/daBits-DD2-P6
Opening Player-Data//8-DD2-128/daBits-DD2-P7
Opening Player-Data//8-DD2-128/Inverses-DD2-P0
Opening Player-Data//8-DD2-128/Inverses-DD2-P1
Opening Player-Data//8-DD2-128/Inverses-DD2-P2
Opening Player-Data//8-DD2-128/Inverses-DD2-P3
Opening Player-Data//8-DD2-128/Inverses-DD2-P4
Opening Player-Data//8-DD2-128/Inverses-DD2-P5
Opening Player-Data//8-DD2-128/Inverses-DD2-P6
Opening Player-Data//8-DD2-128/Inverses-DD2-P7
Opening Player-Data//8-S2-128/Triples-S2-P0
Opening Player-Data//8-S2-128/Triples-S2-P1
Opening Player-Data//8-S2-128/Triples-S2-P2
Opening Player-Data//8-S2-128/Triples-S2-P3
Opening Player-Data//8-S2-128/Triples-S2-P4
Opening Player-Data//8-S2-128/Triples-S2-P5
Opening Player-Data//8-S2-128/Triples-S2-P6
Opening Player-Data//8-S2-128/Triples-S2-P7
Opening Player-Data//8-S2-128/Bits-S2-P0
Opening Player-Data//8-S2-128/Bits-S2-P1
Opening Player-Data//8-S2-128/Bits-S2-P2
Opening Player-Data//8-S2-128/Bits-S2-P3
Opening Player-Data//8-S2-128/Bits-S2-P4
Opening Player-Data//8-S2-128/Bits-S2-P5
Opening Player-Data//8-S2-128/Bits-S2-P6
Opening Player-Data//8-S2-128/Bits-S2-P7
Opening Player-Data//8-S2-128/Inputs-S2-P0-0
Opening Player-Data//8-S2-128/Inputs-S2-P1-0
Opening Player-Data//8-S2-128/Inputs-S2-P2-0
Opening Player-Data//8-S2-128/Inputs-S2-P3-0
Opening Player-Data//8-S2-128/Inputs-S2-P4-0
Opening Player-Data//8-S2-128/Inputs-S2-P5-0
Opening Player-Data//8-S2-128/Inputs-S2-P6-0
Opening Player-Data//8-S2-128/Inputs-S2-P7-0
Opening Player-Data//8-S2-128/Inputs-S2-P0-1
Opening Player-Data//8-S2-128/Inputs-S2-P1-1
Opening Player-Data//8-S2-128/Inputs-S2-P2-1
Opening Player-Data//8-S2-128/Inputs-S2-P3-1
Opening Player-Data//8-S2-128/Inputs-S2-P4-1
Opening Player-Data//8-S2-128/Inputs-S2-P5-1
Opening Player-Data//8-S2-128/Inputs-S2-P6-1
Opening Player-Data//8-S2-128/Inputs-S2-P7-1
Opening Player-Data//8-S2-128/Inputs-S2-P0-2
Opening Player-Data//8-S2-128/Inputs-S2-P1-2
Opening Player-Data//8-S2-128/Inputs-S2-P2-2
Opening Player-Data//8-S2-128/Inputs-S2-P3-2
Opening Player-Data//8-S2-128/Inputs-S2-P4-2
Opening Player-Data//8-S2-128/Inputs-S2-P5-2
Opening Player-Data//8-S2-128/Inputs-S2-P6-2
Opening Player-Data//8-S2-128/Inputs-S2-P7-2
Opening Player-Data//8-S2-128/Inputs-S2-P0-3
Opening Player-Data//8-S2-128/Inputs-S2-P1-3
Opening Player-Data//8-S2-128/Inputs-S2-P2-3
Opening Player-Data//8-S2-128/Inputs-S2-P3-3
Opening Player-Data//8-S2-128/Inputs-S2-P4-3
Opening Player-Data//8-S2-128/Inputs-S2-P5-3
Opening Player-Data//8-S2-128/Inputs-S2-P6-3
Opening Player-Data//8-S2-128/Inputs-S2-P7-3
Opening Player-Data//8-S2-128/Inputs-S2-P0-4
Opening Player-Data//8-S2-128/Inputs-S2-P1-4
Opening Player-Data//8-S2-128/Inputs-S2-P2-4
Opening Player-Data//8-S2-128/Inputs-S2-P3-4
Opening Player-Data//8-S2-128/Inputs-S2-P4-4
Opening Player-Data//8-S2-128/Inputs-S2-P5-4
Opening Player-Data//8-S2-128/Inputs-S2-P6-4
Opening Player-Data//8-S2-128/Inputs-S2-P7-4
Opening Player-Data//8-S2-128/Inputs-S2-P0-5
Opening Player-Data//8-S2-128/Inputs-S2-P1-5
Opening Player-Data//8-S2-128/Inputs-S2-P2-5
Opening Player-Data//8-S2-128/Inputs-S2-P3-5
Opening Player-Data//8-S2-128/Inputs-S2-P4-5
Opening Player-Data//8-S2-128/Inputs-S2-P5-5
Opening Player-Data//8-S2-128/Inputs-S2-P6-5
Opening Player-Data//8-S2-128/Inputs-S2-P7-5
Opening Player-Data//8-S2-128/Inputs-S2-P0-6
Opening Player-Data//8-S2-128/Inputs-S2-P1-6
Opening Player-Data//8-S2-128/Inputs-S2-P2-6
Opening Player-Data//8-S2-128/Inputs-S2-P3-6
Opening Player-Data//8-S2-128/Inputs-S2-P4-6
Opening Player-Data//8-S2-128/Inputs-S2-P5-6
Opening Player-Data//8-S2-128/Inputs-S2-P6-6
Opening Player-Data//8-S2-128/Inputs-S2-P7-6
Opening Player-Data//8-S2-128/Inputs-S2-P0-7
Opening Player-Data//8-S2-128/Inputs-S2-P1-7
Opening Player-Data//8-S2-128/Inputs-S2-P2-7
Opening Player-Data//8-S2-128/Inputs-S2-P3-7
Opening Player-Data//8-S2-128/Inputs-S2-P4-7
Opening Player-Data//8-S2-128/Inputs-S2-P5-7
Opening Player-Data//8-S2-128/Inputs-S2-P6-7
Opening Player-Data//8-S2-128/Inputs-S2-P7-7
Opening Player-Data//8-S2-128/Squares-S2-P0
Opening Player-Data//8-S2-128/Squares-S2-P1
Opening Player-Data//8-S2-128/Squares-S2-P2
Opening Player-Data//8-S2-128/Squares-S2-P3
Opening Player-Data//8-S2-128/Squares-S2-P4
Opening Player-Data//8-S2-128/Squares-S2-P5
Opening Player-Data//8-S2-128/Squares-S2-P6
Opening Player-Data//8-S2-128/Squares-S2-P7
Opening Player-Data//8-S2-128/daBits-S2-P0
Opening Player-Data//8-S2-128/daBits-S2-P1
Opening Player-Data//8-S2-128/daBits-S2-P2
Opening Player-Data//8-S2-128/daBits-S2-P3
Opening Player-Data//8-S2-128/daBits-S2-P4
Opening Player-Data//8-S2-128/daBits-S2-P5
Opening Player-Data//8-S2-128/daBits-S2-P6
Opening Player-Data//8-S2-128/daBits-S2-P7
Opening Player-Data//8-S2-128/Inverses-S2-P0
Opening Player-Data//8-S2-128/Inverses-S2-P1
Opening Player-Data//8-S2-128/Inverses-S2-P2
Opening Player-Data//8-S2-128/Inverses-S2-P3
Opening Player-Data//8-S2-128/Inverses-S2-P4
Opening Player-Data//8-S2-128/Inverses-S2-P5
Opening Player-Data//8-S2-128/Inverses-S2-P6
Opening Player-Data//8-S2-128/Inverses-S2-P7
Opening Player-Data//8-MS2-128/Triples-MS2-P0
Opening Player-Data//8-MS2-128/Triples-MS2-P1
Opening Player-Data//8-MS2-128/Triples-MS2-P2
Opening Player-Data//8-MS2-128/Triples-MS2-P3
Opening Player-Data//8-MS2-128/Triples-MS2-P4
Opening Player-Data//8-MS2-128/Triples-MS2-P5
Opening Player-Data//8-MS2-128/Triples-MS2-P6
Opening Player-Data//8-MS2-128/Triples-MS2-P7
Opening Player-Data//8-MS2-128/Bits-MS2-P0
Opening Player-Data//8-MS2-128/Bits-MS2-P1
Opening Player-Data//8-MS2-128/Bits-MS2-P2
Opening Player-Data//8-MS2-128/Bits-MS2-P3
Opening Player-Data//8-MS2-128/Bits-MS2-P4
Opening Player-Data//8-MS2-128/Bits-MS2-P5
Opening Player-Data//8-MS2-128/Bits-MS2-P6
Opening Player-Data//8-MS2-128/Bits-MS2-P7
Opening Player-Data//8-MS2-128/Inputs-MS2-P0-0
Opening Player-Data//8-MS2-128/Inputs-MS2-P1-0
Opening Player-Data//8-MS2-128/Inputs-MS2-P2-0
Opening Player-Data//8-MS2-128/Inputs-MS2-P3-0
Opening Player-Data//8-MS2-128/Inputs-MS2-P4-0
Opening Player-Data//8-MS2-128/Inputs-MS2-P5-0
Opening Player-Data//8-MS2-128/Inputs-MS2-P6-0
Opening Player-Data//8-MS2-128/Inputs-MS2-P7-0
Opening Player-Data//8-MS2-128/Inputs-MS2-P0-1
Opening Player-Data//8-MS2-128/Inputs-MS2-P1-1
Opening Player-Data//8-MS2-128/Inputs-MS2-P2-1
Opening Player-Data//8-MS2-128/Inputs-MS2-P3-1
Opening Player-Data//8-MS2-128/Inputs-MS2-P4-1
Opening Player-Data//8-MS2-128/Inputs-MS2-P5-1
Opening Player-Data//8-MS2-128/Inputs-MS2-P6-1
Opening Player-Data//8-MS2-128/Inputs-MS2-P7-1
Opening Player-Data//8-MS2-128/Inputs-MS2-P0-2
Opening Player-Data//8-MS2-128/Inputs-MS2-P1-2
Opening Player-Data//8-MS2-128/Inputs-MS2-P2-2
Opening Player-Data//8-MS2-128/Inputs-MS2-P3-2
Opening Player-Data//8-MS2-128/Inputs-MS2-P4-2
Opening Player-Data//8-MS2-128/Inputs-MS2-P5-2
Opening Player-Data//8-MS2-128/Inputs-MS2-P6-2
Opening Player-Data//8-MS2-128/Inputs-MS2-P7-2
Opening Player-Data//8-MS2-128/Inputs-MS2-P0-3
Opening Player-Data//8-MS2-128/Inputs-MS2-P1-3
Opening Player-Data//8-MS2-128/Inputs-MS2-P2-3
Opening Player-Data//8-MS2-128/Inputs-MS2-P3-3
Opening Player-Data//8-MS2-128/Inputs-MS2-P4-3
Opening Player-Data//8-MS2-128/Inputs-MS2-P5-3
Opening Player-Data//8-MS2-128/Inputs-MS2-P6-3
Opening Player-Data//8-MS2-128/Inputs-MS2-P7-3
Opening Player-Data//8-MS2-128/Inputs-MS2-P0-4
Opening Player-Data//8-MS2-128/Inputs-MS2-P1-4
Opening Player-Data//8-MS2-128/Inputs-MS2-P2-4
Opening Player-Data//8-MS2-128/Inputs-MS2-P3-4
Opening Player-Data//8-MS2-128/Inputs-MS2-P4-4
Opening Player-Data//8-MS2-128/Inputs-MS2-P5-4
Opening Player-Data//8-MS2-128/Inputs-MS2-P6-4
Opening Player-Data//8-MS2-128/Inputs-MS2-P7-4
Opening Player-Data//8-MS2-128/Inputs-MS2-P0-5
Opening Player-Data//8-MS2-128/Inputs-MS2-P1-5
Opening Player-Data//8-MS2-128/Inputs-MS2-P2-5
Opening Player-Data//8-MS2-128/Inputs-MS2-P3-5
Opening Player-Data//8-MS2-128/Inputs-MS2-P4-5
Opening Player-Data//8-MS2-128/Inputs-MS2-P5-5
Opening Player-Data//8-MS2-128/Inputs-MS2-P6-5
Opening Player-Data//8-MS2-128/Inputs-MS2-P7-5
Opening Player-Data//8-MS2-128/Inputs-MS2-P0-6
Opening Player-Data//8-MS2-128/Inputs-MS2-P1-6
Opening Player-Data//8-MS2-128/Inputs-MS2-P2-6
Opening Player-Data//8-MS2-128/Inputs-MS2-P3-6
Opening Player-Data//8-MS2-128/Inputs-MS2-P4-6
Opening Player-Data//8-MS2-128/Inputs-MS2-P5-6
Opening Player-Data//8-MS2-128/Inputs-MS2-P6-6
Opening Player-Data//8-MS2-128/Inputs-MS2-P7-6
Opening Player-Data//8-MS2-128/Inputs-MS2-P0-7
Opening Player-Data//8-MS2-128/Inputs-MS2-P1-7
Opening Player-Data//8-MS2-128/Inputs-MS2-P2-7
Opening Player-Data//8-MS2-128/Inputs-MS2-P3-7
Opening Player-Data//8-MS2-128/Inputs-MS2-P4-7
Opening Player-Data//8-MS2-128/Inputs-MS2-P5-7
Opening Player-Data//8-MS2-128/Inputs-MS2-P6-7
Opening Player-Data//8-MS2-128/Inputs-MS2-P7-7
Opening Player-Data//8-MS2-128/Squares-MS2-P0
Opening Player-Data//8-MS2-128/Squares-MS2-P1
Opening Player-Data//8-MS2-128/Squares-MS2-P2
Opening Player-Data//8-MS2-128/Squares-MS2-P3
Opening Player-Data//8-MS2-128/Squares-MS2-P4
Opening Player-Data//8-MS2-128/Squares-MS2-P5
Opening Player-Data//8-MS2-128/Squares-MS2-P6
Opening Player-Data//8-MS2-128/Squares-MS2-P7
Opening Player-Data//8-MS2-128/daBits-MS2-P0
Opening Player-Data//8-MS2-128/daBits-MS2-P1
Opening Player-Data//8-MS2-128/daBits-MS2-P2
Opening Player-Data//8-MS2-128/daBits-MS2-P3
Opening Player-Data//8-MS2-128/daBits-MS2-P4
Opening Player-Data//8-MS2-128/daBits-MS2-P5
Opening Player-Data//8-MS2-128/daBits-MS2-P6
Opening Player-Data//8-MS2-128/daBits-MS2-P7
Opening Player-Data//8-MS2-128/Inverses-MS2-P0
Opening Player-Data//8-MS2-128/Inverses-MS2-P1
Opening Player-Data//8-MS2-128/Inverses-MS2-P2
Opening Player-Data//8-MS2-128/Inverses-MS2-P3
Opening Player-Data//8-MS2-128/Inverses-MS2-P4
Opening Player-Data//8-MS2-128/Inverses-MS2-P5
Opening Player-Data//8-MS2-128/Inverses-MS2-P6
Opening Player-Data//8-MS2-128/Inverses-MS2-P7
No MAC key share for player 0, generating a fresh ones
Written new MAC key share to Player-Data//8-SYMS2-128//Player-MAC-Keys-MS2-P0
 Key 0: 32f15e0233f12623a550d532452a704a
Written new MAC key share to Player-Data//8-SYMS2-128//Player-MAC-Keys-MS2-P1
 Key 1: 5cea28fe16dc90a04923cb99980f2704
Written new MAC key share to Player-Data//8-SYMS2-128//Player-MAC-Keys-MS2-P2
 Key 2: 220be8dc7cbbcc372a49755e41c8790e
Written new MAC key share to Player-Data//8-SYMS2-128//Player-MAC-Keys-MS2-P3
 Key 3: 9ef6009040d5f591e6746459f6b9202e
Written new MAC key share to Player-Data//8-SYMS2-128//Player-MAC-Keys-MS2-P4
 Key 4: a18cc8f94873076782a27d53f68bbcac
Written new MAC key share to Player-Data//8-SYMS2-128//Player-MAC-Keys-MS2-P5
 Key 5: 4ca1ae93a8dded2661a82c6398456ef2
Written new MAC key share to Player-Data//8-SYMS2-128//Player-MAC-Keys-MS2-P6
 Key 6: 68e8bee2008d907069f7b9f06b50df28
Written new MAC key share to Player-Data//8-SYMS2-128//Player-MAC-Keys-MS2-P7
 Key 7: 4200a8b874abff97c95455b971bae868
--------------
Final Key: 57234638f960f514aab3e76c6fca0318
Opening Player-Data//8-SYMS2-128/Triples-SYMS2-P0
Opening Player-Data//8-SYMS2-128/Triples-SYMS2-P1
Opening Player-Data//8-SYMS2-128/Triples-SYMS2-P2
Opening Player-Data//8-SYMS2-128/Triples-SYMS2-P3
Opening Player-Data//8-SYMS2-128/Triples-SYMS2-P4
Opening Player-Data//8-SYMS2-128/Triples-SYMS2-P5
Opening Player-Data//8-SYMS2-128/Triples-SYMS2-P6
Opening Player-Data//8-SYMS2-128/Triples-SYMS2-P7
Opening Player-Data//8-SYMS2-128/Bits-SYMS2-P0
Opening Player-Data//8-SYMS2-128/Bits-SYMS2-P1
Opening Player-Data//8-SYMS2-128/Bits-SYMS2-P2
Opening Player-Data//8-SYMS2-128/Bits-SYMS2-P3
Opening Player-Data//8-SYMS2-128/Bits-SYMS2-P4
Opening Player-Data//8-SYMS2-128/Bits-SYMS2-P5
Opening Player-Data//8-SYMS2-128/Bits-SYMS2-P6
Opening Player-Data//8-SYMS2-128/Bits-SYMS2-P7
Opening Player-Data//8-SYMS2-128/Inputs-SYMS2-P0-0
Opening Player-Data//8-SYMS2-128/Inputs-SYMS2-P1-0
Opening Player-Data//8-SYMS2-128/Inputs-SYMS2-P2-0
Opening Player-Data//8-SYMS2-128/Inputs-SYMS2-P3-0
Opening Player-Data//8-SYMS2-128/Inputs-SYMS2-P4-0
Opening Player-Data//8-SYMS2-128/Inputs-SYMS2-P5-0
Opening Player-Data//8-SYMS2-128/Inputs-SYMS2-P6-0
Opening Player-Data//8-SYMS2-128/Inputs-SYMS2-P7-0
Opening Player-Data//8-SYMS2-128/Inputs-SYMS2-P0-1
Opening Player-Data//8-SYMS2-128/Inputs-SYMS2-P1-1
Opening Player-Data//8-SYMS2-128/Inputs-SYMS2-P2-1
Opening Player-Data//8-SYMS2-128/Inputs-SYMS2-P3-1
Opening Player-Data//8-SYMS2-128/Inputs-SYMS2-P4-1
Opening Player-Data//8-SYMS2-128/Inputs-SYMS2-P5-1
Opening Player-Data//8-SYMS2-128/Inputs-SYMS2-P6-1
Opening Player-Data//8-SYMS2-128/Inputs-SYMS2-P7-1
Opening Player-Data//8-SYMS2-128/Inputs-SYMS2-P0-2
Opening Player-Data//8-SYMS2-128/Inputs-SYMS2-P1-2
Opening Player-Data//8-SYMS2-128/Inputs-SYMS2-P2-2
Opening Player-Data//8-SYMS2-128/Inputs-SYMS2-P3-2
Opening Player-Data//8-SYMS2-128/Inputs-SYMS2-P4-2
Opening Player-Data//8-SYMS2-128/Inputs-SYMS2-P5-2
Opening Player-Data//8-SYMS2-128/Inputs-SYMS2-P6-2
Opening Player-Data//8-SYMS2-128/Inputs-SYMS2-P7-2
Opening Player-Data//8-SYMS2-128/Inputs-SYMS2-P0-3
Opening Player-Data//8-SYMS2-128/Inputs-SYMS2-P1-3
Opening Player-Data//8-SYMS2-128/Inputs-SYMS2-P2-3
Opening Player-Data//8-SYMS2-128/Inputs-SYMS2-P3-3
Opening Player-Data//8-SYMS2-128/Inputs-SYMS2-P4-3
Opening Player-Data//8-SYMS2-128/Inputs-SYMS2-P5-3
Opening Player-Data//8-SYMS2-128/Inputs-SYMS2-P6-3
Opening Player-Data//8-SYMS2-128/Inputs-SYMS2-P7-3
Opening Player-Data//8-SYMS2-128/Inputs-SYMS2-P0-4
Opening Player-Data//8-SYMS2-128/Inputs-SYMS2-P1-4
Opening Player-Data//8-SYMS2-128/Inputs-SYMS2-P2-4
Opening Player-Data//8-SYMS2-128/Inputs-SYMS2-P3-4
Opening Player-Data//8-SYMS2-128/Inputs-SYMS2-P4-4
Opening Player-Data//8-SYMS2-128/Inputs-SYMS2-P5-4
Opening Player-Data//8-SYMS2-128/Inputs-SYMS2-P6-4
Opening Player-Data//8-SYMS2-128/Inputs-SYMS2-P7-4
Opening Player-Data//8-SYMS2-128/Inputs-SYMS2-P0-5
Opening Player-Data//8-SYMS2-128/Inputs-SYMS2-P1-5
Opening Player-Data//8-SYMS2-128/Inputs-SYMS2-P2-5
Opening Player-Data//8-SYMS2-128/Inputs-SYMS2-P3-5
Opening Player-Data//8-SYMS2-128/Inputs-SYMS2-P4-5
Opening Player-Data//8-SYMS2-128/Inputs-SYMS2-P5-5
Opening Player-Data//8-SYMS2-128/Inputs-SYMS2-P6-5
Opening Player-Data//8-SYMS2-128/Inputs-SYMS2-P7-5
Opening Player-Data//8-SYMS2-128/Inputs-SYMS2-P0-6
Opening Player-Data//8-SYMS2-128/Inputs-SYMS2-P1-6
Opening Player-Data//8-SYMS2-128/Inputs-SYMS2-P2-6
Opening Player-Data//8-SYMS2-128/Inputs-SYMS2-P3-6
Opening Player-Data//8-SYMS2-128/Inputs-SYMS2-P4-6
Opening Player-Data//8-SYMS2-128/Inputs-SYMS2-P5-6
Opening Player-Data//8-SYMS2-128/Inputs-SYMS2-P6-6
Opening Player-Data//8-SYMS2-128/Inputs-SYMS2-P7-6
Opening Player-Data//8-SYMS2-128/Inputs-SYMS2-P0-7
Opening Player-Data//8-SYMS2-128/Inputs-SYMS2-P1-7
Opening Player-Data//8-SYMS2-128/Inputs-SYMS2-P2-7
Opening Player-Data//8-SYMS2-128/Inputs-SYMS2-P3-7
Opening Player-Data//8-SYMS2-128/Inputs-SYMS2-P4-7
Opening Player-Data//8-SYMS2-128/Inputs-SYMS2-P5-7
Opening Player-Data//8-SYMS2-128/Inputs-SYMS2-P6-7
Opening Player-Data//8-SYMS2-128/Inputs-SYMS2-P7-7
Opening Player-Data//8-SYMS2-128/Squares-SYMS2-P0
Opening Player-Data//8-SYMS2-128/Squares-SYMS2-P1
Opening Player-Data//8-SYMS2-128/Squares-SYMS2-P2
Opening Player-Data//8-SYMS2-128/Squares-SYMS2-P3
Opening Player-Data//8-SYMS2-128/Squares-SYMS2-P4
Opening Player-Data//8-SYMS2-128/Squares-SYMS2-P5
Opening Player-Data//8-SYMS2-128/Squares-SYMS2-P6
Opening Player-Data//8-SYMS2-128/Squares-SYMS2-P7
Opening Player-Data//8-SYMS2-128/daBits-SYMS2-P0
Opening Player-Data//8-SYMS2-128/daBits-SYMS2-P1
Opening Player-Data//8-SYMS2-128/daBits-SYMS2-P2
Opening Player-Data//8-SYMS2-128/daBits-SYMS2-P3
Opening Player-Data//8-SYMS2-128/daBits-SYMS2-P4
Opening Player-Data//8-SYMS2-128/daBits-SYMS2-P5
Opening Player-Data//8-SYMS2-128/daBits-SYMS2-P6
Opening Player-Data//8-SYMS2-128/daBits-SYMS2-P7
Opening Player-Data//8-SYMS2-128/Inverses-SYMS2-P0
Opening Player-Data//8-SYMS2-128/Inverses-SYMS2-P1
Opening Player-Data//8-SYMS2-128/Inverses-SYMS2-P2
Opening Player-Data//8-SYMS2-128/Inverses-SYMS2-P3
Opening Player-Data//8-SYMS2-128/Inverses-SYMS2-P4
Opening Player-Data//8-SYMS2-128/Inverses-SYMS2-P5
Opening Player-Data//8-SYMS2-128/Inverses-SYMS2-P6
Opening Player-Data//8-SYMS2-128/Inverses-SYMS2-P7
Opening Player-Data//8-D2-40/Triples-D2-P0
Opening Player-Data//8-D2-40/Triples-D2-P1
Opening Player-Data//8-D2-40/Triples-D2-P2
Opening Player-Data//8-D2-40/Triples-D2-P3
Opening Player-Data//8-D2-40/Triples-D2-P4
Opening Player-Data//8-D2-40/Triples-D2-P5
Opening Player-Data//8-D2-40/Triples-D2-P6
Opening Player-Data//8-D2-40/Triples-D2-P7
Opening Player-Data//8-D2-40/Bits-D2-P0
Opening Player-Data//8-D2-40/Bits-D2-P1
Opening Player-Data//8-D2-40/Bits-D2-P2
Opening Player-Data//8-D2-40/Bits-D2-P3
Opening Player-Data//8-D2-40/Bits-D2-P4
Opening Player-Data//8-D2-40/Bits-D2-P5
Opening Player-Data//8-D2-40/Bits-D2-P6
Opening Player-Data//8-D2-40/Bits-D2-P7
Opening Player-Data//8-D2-40/Inputs-D2-P0-0
Opening Player-Data//8-D2-40/Inputs-D2-P1-0
Opening Player-Data//8-D2-40/Inputs-D2-P2-0
Opening Player-Data//8-D2-40/Inputs-D2-P3-0
Opening Player-Data//8-D2-40/Inputs-D2-P4-0
Opening Player-Data//8-D2-40/Inputs-D2-P5-0
Opening Player-Data//8-D2-40/Inputs-D2-P6-0
Opening Player-Data//8-D2-40/Inputs-D2-P7-0
Opening Player-Data//8-D2-40/Inputs-D2-P0-1
Opening Player-Data//8-D2-40/Inputs-D2-P1-1
Opening Player-Data//8-D2-40/Inputs-D2-P2-1
Opening Player-Data//8-D2-40/Inputs-D2-P3-1
Opening Player-Data//8-D2-40/Inputs-D2-P4-1
Opening Player-Data//8-D2-40/Inputs-D2-P5-1
Opening Player-Data//8-D2-40/Inputs-D2-P6-1
Opening Player-Data//8-D2-40/Inputs-D2-P7-1
Opening Player-Data//8-D2-40/Inputs-D2-P0-2
Opening Player-Data//8-D2-40/Inputs-D2-P1-2
Opening Player-Data//8-D2-40/Inputs-D2-P2-2
Opening Player-Data//8-D2-40/Inputs-D2-P3-2
Opening Player-Data//8-D2-40/Inputs-D2-P4-2
Opening Player-Data//8-D2-40/Inputs-D2-P5-2
Opening Player-Data//8-D2-40/Inputs-D2-P6-2
Opening Player-Data//8-D2-40/Inputs-D2-P7-2
Opening Player-Data//8-D2-40/Inputs-D2-P0-3
Opening Player-Data//8-D2-40/Inputs-D2-P1-3
Opening Player-Data//8-D2-40/Inputs-D2-P2-3
Opening Player-Data//8-D2-40/Inputs-D2-P3-3
Opening Player-Data//8-D2-40/Inputs-D2-P4-3
Opening Player-Data//8-D2-40/Inputs-D2-P5-3
Opening Player-Data//8-D2-40/Inputs-D2-P6-3
Opening Player-Data//8-D2-40/Inputs-D2-P7-3
Opening Player-Data//8-D2-40/Inputs-D2-P0-4
Opening Player-Data//8-D2-40/Inputs-D2-P1-4
Opening Player-Data//8-D2-40/Inputs-D2-P2-4
Opening Player-Data//8-D2-40/Inputs-D2-P3-4
Opening Player-Data//8-D2-40/Inputs-D2-P4-4
Opening Player-Data//8-D2-40/Inputs-D2-P5-4
Opening Player-Data//8-D2-40/Inputs-D2-P6-4
Opening Player-Data//8-D2-40/Inputs-D2-P7-4
Opening Player-Data//8-D2-40/Inputs-D2-P0-5
Opening Player-Data//8-D2-40/Inputs-D2-P1-5
Opening Player-Data//8-D2-40/Inputs-D2-P2-5
Opening Player-Data//8-D2-40/Inputs-D2-P3-5
Opening Player-Data//8-D2-40/Inputs-D2-P4-5
Opening Player-Data//8-D2-40/Inputs-D2-P5-5
Opening Player-Data//8-D2-40/Inputs-D2-P6-5
Opening Player-Data//8-D2-40/Inputs-D2-P7-5
Opening Player-Data//8-D2-40/Inputs-D2-P0-6
Opening Player-Data//8-D2-40/Inputs-D2-P1-6
Opening Player-Data//8-D2-40/Inputs-D2-P2-6
Opening Player-Data//8-D2-40/Inputs-D2-P3-6
Opening Player-Data//8-D2-40/Inputs-D2-P4-6
Opening Player-Data//8-D2-40/Inputs-D2-P5-6
Opening Player-Data//8-D2-40/Inputs-D2-P6-6
Opening Player-Data//8-D2-40/Inputs-D2-P7-6
Opening Player-Data//8-D2-40/Inputs-D2-P0-7
Opening Player-Data//8-D2-40/Inputs-D2-P1-7
Opening Player-Data//8-D2-40/Inputs-D2-P2-7
Opening Player-Data//8-D2-40/Inputs-D2-P3-7
Opening Player-Data//8-D2-40/Inputs-D2-P4-7
Opening Player-Data//8-D2-40/Inputs-D2-P5-7
Opening Player-Data//8-D2-40/Inputs-D2-P6-7
Opening Player-Data//8-D2-40/Inputs-D2-P7-7
Opening Player-Data//8-D2-40/Squares-D2-P0
Opening Player-Data//8-D2-40/Squares-D2-P1
Opening Player-Data//8-D2-40/Squares-D2-P2
Opening Player-Data//8-D2-40/Squares-D2-P3
Opening Player-Data//8-D2-40/Squares-D2-P4
Opening Player-Data//8-D2-40/Squares-D2-P5
Opening Player-Data//8-D2-40/Squares-D2-P6
Opening Player-Data//8-D2-40/Squares-D2-P7
Opening Player-Data//8-D2-40/daBits-D2-P0
Opening Player-Data//8-D2-40/daBits-D2-P1
Opening Player-Data//8-D2-40/daBits-D2-P2
Opening Player-Data//8-D2-40/daBits-D2-P3
Opening Player-Data//8-D2-40/daBits-D2-P4
Opening Player-Data//8-D2-40/daBits-D2-P5
Opening Player-Data//8-D2-40/daBits-D2-P6
Opening Player-Data//8-D2-40/daBits-D2-P7
Opening Player-Data//8-D2-40/Inverses-D2-P0
Opening Player-Data//8-D2-40/Inverses-D2-P1
Opening Player-Data//8-D2-40/Inverses-D2-P2
Opening Player-Data//8-D2-40/Inverses-D2-P3
Opening Player-Data//8-D2-40/Inverses-D2-P4
Opening Player-Data//8-D2-40/Inverses-D2-P5
Opening Player-Data//8-D2-40/Inverses-D2-P6
Opening Player-Data//8-D2-40/Inverses-D2-P7
Opening Player-Data//8-DD2-40/Triples-DD2-P0
Opening Player-Data//8-DD2-40/Triples-DD2-P1
Opening Player-Data//8-DD2-40/Triples-DD2-P2
Opening Player-Data//8-DD2-40/Triples-DD2-P3
Opening Player-Data//8-DD2-40/Triples-DD2-P4
Opening Player-Data//8-DD2-40/Triples-DD2-P5
Opening Player-Data//8-DD2-40/Triples-DD2-P6
Opening Player-Data//8-DD2-40/Triples-DD2-P7
Opening Player-Data//8-DD2-40/Bits-DD2-P0
Opening Player-Data//8-DD2-40/Bits-DD2-P1
Opening Player-Data//8-DD2-40/Bits-DD2-P2
Opening Player-Data//8-DD2-40/Bits-DD2-P3
Opening Player-Data//8-DD2-40/Bits-DD2-P4
Opening Player-Data//8-DD2-40/Bits-DD2-P5
Opening Player-Data//8-DD2-40/Bits-DD2-P6
Opening Player-Data//8-DD2-40/Bits-DD2-P7
Opening Player-Data//8-DD2-40/Inputs-DD2-P0-0
Opening Player-Data//8-DD2-40/Inputs-DD2-P1-0
Opening Player-Data//8-DD2-40/Inputs-DD2-P2-0
Opening Player-Data//8-DD2-40/Inputs-DD2-P3-0
Opening Player-Data//8-DD2-40/Inputs-DD2-P4-0
Opening Player-Data//8-DD2-40/Inputs-DD2-P5-0
Opening Player-Data//8-DD2-40/Inputs-DD2-P6-0
Opening Player-Data//8-DD2-40/Inputs-DD2-P7-0
Opening Player-Data//8-DD2-40/Inputs-DD2-P0-1
Opening Player-Data//8-DD2-40/Inputs-DD2-P1-1
Opening Player-Data//8-DD2-40/Inputs-DD2-P2-1
Opening Player-Data//8-DD2-40/Inputs-DD2-P3-1
Opening Player-Data//8-DD2-40/Inputs-DD2-P4-1
Opening Player-Data//8-DD2-40/Inputs-DD2-P5-1
Opening Player-Data//8-DD2-40/Inputs-DD2-P6-1
Opening Player-Data//8-DD2-40/Inputs-DD2-P7-1
Opening Player-Data//8-DD2-40/Inputs-DD2-P0-2
Opening Player-Data//8-DD2-40/Inputs-DD2-P1-2
Opening Player-Data//8-DD2-40/Inputs-DD2-P2-2
Opening Player-Data//8-DD2-40/Inputs-DD2-P3-2
Opening Player-Data//8-DD2-40/Inputs-DD2-P4-2
Opening Player-Data//8-DD2-40/Inputs-DD2-P5-2
Opening Player-Data//8-DD2-40/Inputs-DD2-P6-2
Opening Player-Data//8-DD2-40/Inputs-DD2-P7-2
Opening Player-Data//8-DD2-40/Inputs-DD2-P0-3
Opening Player-Data//8-DD2-40/Inputs-DD2-P1-3
Opening Player-Data//8-DD2-40/Inputs-DD2-P2-3
Opening Player-Data//8-DD2-40/Inputs-DD2-P3-3
Opening Player-Data//8-DD2-40/Inputs-DD2-P4-3
Opening Player-Data//8-DD2-40/Inputs-DD2-P5-3
Opening Player-Data//8-DD2-40/Inputs-DD2-P6-3
Opening Player-Data//8-DD2-40/Inputs-DD2-P7-3
Opening Player-Data//8-DD2-40/Inputs-DD2-P0-4
Opening Player-Data//8-DD2-40/Inputs-DD2-P1-4
Opening Player-Data//8-DD2-40/Inputs-DD2-P2-4
Opening Player-Data//8-DD2-40/Inputs-DD2-P3-4
Opening Player-Data//8-DD2-40/Inputs-DD2-P4-4
Opening Player-Data//8-DD2-40/Inputs-DD2-P5-4
Opening Player-Data//8-DD2-40/Inputs-DD2-P6-4
Opening Player-Data//8-DD2-40/Inputs-DD2-P7-4
Opening Player-Data//8-DD2-40/Inputs-DD2-P0-5
Opening Player-Data//8-DD2-40/Inputs-DD2-P1-5
Opening Player-Data//8-DD2-40/Inputs-DD2-P2-5
Opening Player-Data//8-DD2-40/Inputs-DD2-P3-5
Opening Player-Data//8-DD2-40/Inputs-DD2-P4-5
Opening Player-Data//8-DD2-40/Inputs-DD2-P5-5
Opening Player-Data//8-DD2-40/Inputs-DD2-P6-5
Opening Player-Data//8-DD2-40/Inputs-DD2-P7-5
Opening Player-Data//8-DD2-40/Inputs-DD2-P0-6
Opening Player-Data//8-DD2-40/Inputs-DD2-P1-6
Opening Player-Data//8-DD2-40/Inputs-DD2-P2-6
Opening Player-Data//8-DD2-40/Inputs-DD2-P3-6
Opening Player-Data//8-DD2-40/Inputs-DD2-P4-6
Opening Player-Data//8-DD2-40/Inputs-DD2-P5-6
Opening Player-Data//8-DD2-40/Inputs-DD2-P6-6
Opening Player-Data//8-DD2-40/Inputs-DD2-P7-6
Opening Player-Data//8-DD2-40/Inputs-DD2-P0-7
Opening Player-Data//8-DD2-40/Inputs-DD2-P1-7
Opening Player-Data//8-DD2-40/Inputs-DD2-P2-7
Opening Player-Data//8-DD2-40/Inputs-DD2-P3-7
Opening Player-Data//8-DD2-40/Inputs-DD2-P4-7
Opening Player-Data//8-DD2-40/Inputs-DD2-P5-7
Opening Player-Data//8-DD2-40/Inputs-DD2-P6-7
Opening Player-Data//8-DD2-40/Inputs-DD2-P7-7
Opening Player-Data//8-DD2-40/Squares-DD2-P0
Opening Player-Data//8-DD2-40/Squares-DD2-P1
Opening Player-Data//8-DD2-40/Squares-DD2-P2
Opening Player-Data//8-DD2-40/Squares-DD2-P3
Opening Player-Data//8-DD2-40/Squares-DD2-P4
Opening Player-Data//8-DD2-40/Squares-DD2-P5
Opening Player-Data//8-DD2-40/Squares-DD2-P6
Opening Player-Data//8-DD2-40/Squares-DD2-P7
Opening Player-Data//8-DD2-40/daBits-DD2-P0
Opening Player-Data//8-DD2-40/daBits-DD2-P1
Opening Player-Data//8-DD2-40/daBits-DD2-P2
Opening Player-Data//8-DD2-40/daBits-DD2-P3
Opening Player-Data//8-DD2-40/daBits-DD2-P4
Opening Player-Data//8-DD2-40/daBits-DD2-P5
Opening Player-Data//8-DD2-40/daBits-DD2-P6
Opening Player-Data//8-DD2-40/daBits-DD2-P7
Opening Player-Data//8-DD2-40/Inverses-DD2-P0
Opening Player-Data//8-DD2-40/Inverses-DD2-P1
Opening Player-Data//8-DD2-40/Inverses-DD2-P2
Opening Player-Data//8-DD2-40/Inverses-DD2-P3
Opening Player-Data//8-DD2-40/Inverses-DD2-P4
Opening Player-Data//8-DD2-40/Inverses-DD2-P5
Opening Player-Data//8-DD2-40/Inverses-DD2-P6
Opening Player-Data//8-DD2-40/Inverses-DD2-P7
Opening Player-Data//8-S2-40/Triples-S2-P0
Opening Player-Data//8-S2-40/Triples-S2-P1
Opening Player-Data//8-S2-40/Triples-S2-P2
Opening Player-Data//8-S2-40/Triples-S2-P3
Opening Player-Data//8-S2-40/Triples-S2-P4
Opening Player-Data//8-S2-40/Triples-S2-P5
Opening Player-Data//8-S2-40/Triples-S2-P6
Opening Player-Data//8-S2-40/Triples-S2-P7
Opening Player-Data//8-S2-40/Bits-S2-P0
Opening Player-Data//8-S2-40/Bits-S2-P1
Opening Player-Data//8-S2-40/Bits-S2-P2
Opening Player-Data//8-S2-40/Bits-S2-P3
Opening Player-Data//8-S2-40/Bits-S2-P4
Opening Player-Data//8-S2-40/Bits-S2-P5
Opening Player-Data//8-S2-40/Bits-S2-P6
Opening Player-Data//8-S2-40/Bits-S2-P7
Opening Player-Data//8-S2-40/Inputs-S2-P0-0
Opening Player-Data//8-S2-40/Inputs-S2-P1-0
Opening Player-Data//8-S2-40/Inputs-S2-P2-0
Opening Player-Data//8-S2-40/Inputs-S2-P3-0
Opening Player-Data//8-S2-40/Inputs-S2-P4-0
Opening Player-Data//8-S2-40/Inputs-S2-P5-0
Opening Player-Data//8-S2-40/Inputs-S2-P6-0
Opening Player-Data//8-S2-40/Inputs-S2-P7-0
Opening Player-Data//8-S2-40/Inputs-S2-P0-1
Opening Player-Data//8-S2-40/Inputs-S2-P1-1
Opening Player-Data//8-S2-40/Inputs-S2-P2-1
Opening Player-Data//8-S2-40/Inputs-S2-P3-1
Opening Player-Data//8-S2-40/Inputs-S2-P4-1
Opening Player-Data//8-S2-40/Inputs-S2-P5-1
Opening Player-Data//8-S2-40/Inputs-S2-P6-1
Opening Player-Data//8-S2-40/Inputs-S2-P7-1
Opening Player-Data//8-S2-40/Inputs-S2-P0-2
Opening Player-Data//8-S2-40/Inputs-S2-P1-2
Opening Player-Data//8-S2-40/Inputs-S2-P2-2
Opening Player-Data//8-S2-40/Inputs-S2-P3-2
Opening Player-Data//8-S2-40/Inputs-S2-P4-2
Opening Player-Data//8-S2-40/Inputs-S2-P5-2
Opening Player-Data//8-S2-40/Inputs-S2-P6-2
Opening Player-Data//8-S2-40/Inputs-S2-P7-2
Opening Player-Data//8-S2-40/Inputs-S2-P0-3
Opening Player-Data//8-S2-40/Inputs-S2-P1-3
Opening Player-Data//8-S2-40/Inputs-S2-P2-3
Opening Player-Data//8-S2-40/Inputs-S2-P3-3
Opening Player-Data//8-S2-40/Inputs-S2-P4-3
Opening Player-Data//8-S2-40/Inputs-S2-P5-3
Opening Player-Data//8-S2-40/Inputs-S2-P6-3
Opening Player-Data//8-S2-40/Inputs-S2-P7-3
Opening Player-Data//8-S2-40/Inputs-S2-P0-4
Opening Player-Data//8-S2-40/Inputs-S2-P1-4
Opening Player-Data//8-S2-40/Inputs-S2-P2-4
Opening Player-Data//8-S2-40/Inputs-S2-P3-4
Opening Player-Data//8-S2-40/Inputs-S2-P4-4
Opening Player-Data//8-S2-40/Inputs-S2-P5-4
Opening Player-Data//8-S2-40/Inputs-S2-P6-4
Opening Player-Data//8-S2-40/Inputs-S2-P7-4
Opening Player-Data//8-S2-40/Inputs-S2-P0-5
Opening Player-Data//8-S2-40/Inputs-S2-P1-5
Opening Player-Data//8-S2-40/Inputs-S2-P2-5
Opening Player-Data//8-S2-40/Inputs-S2-P3-5
Opening Player-Data//8-S2-40/Inputs-S2-P4-5
Opening Player-Data//8-S2-40/Inputs-S2-P5-5
Opening Player-Data//8-S2-40/Inputs-S2-P6-5
Opening Player-Data//8-S2-40/Inputs-S2-P7-5
Opening Player-Data//8-S2-40/Inputs-S2-P0-6
Opening Player-Data//8-S2-40/Inputs-S2-P1-6
Opening Player-Data//8-S2-40/Inputs-S2-P2-6
Opening Player-Data//8-S2-40/Inputs-S2-P3-6
Opening Player-Data//8-S2-40/Inputs-S2-P4-6
Opening Player-Data//8-S2-40/Inputs-S2-P5-6
Opening Player-Data//8-S2-40/Inputs-S2-P6-6
Opening Player-Data//8-S2-40/Inputs-S2-P7-6
Opening Player-Data//8-S2-40/Inputs-S2-P0-7
Opening Player-Data//8-S2-40/Inputs-S2-P1-7
Opening Player-Data//8-S2-40/Inputs-S2-P2-7
Opening Player-Data//8-S2-40/Inputs-S2-P3-7
Opening Player-Data//8-S2-40/Inputs-S2-P4-7
Opening Player-Data//8-S2-40/Inputs-S2-P5-7
Opening Player-Data//8-S2-40/Inputs-S2-P6-7
Opening Player-Data//8-S2-40/Inputs-S2-P7-7
Opening Player-Data//8-S2-40/Squares-S2-P0
Opening Player-Data//8-S2-40/Squares-S2-P1
Opening Player-Data//8-S2-40/Squares-S2-P2
Opening Player-Data//8-S2-40/Squares-S2-P3
Opening Player-Data//8-S2-40/Squares-S2-P4
Opening Player-Data//8-S2-40/Squares-S2-P5
Opening Player-Data//8-S2-40/Squares-S2-P6
Opening Player-Data//8-S2-40/Squares-S2-P7
Opening Player-Data//8-S2-40/daBits-S2-P0
Opening Player-Data//8-S2-40/daBits-S2-P1
Opening Player-Data//8-S2-40/daBits-S2-P2
Opening Player-Data//8-S2-40/daBits-S2-P3
Opening Player-Data//8-S2-40/daBits-S2-P4
Opening Player-Data//8-S2-40/daBits-S2-P5
Opening Player-Data//8-S2-40/daBits-S2-P6
Opening Player-Data//8-S2-40/daBits-S2-P7
Opening Player-Data//8-S2-40/Inverses-S2-P0
Opening Player-Data//8-S2-40/Inverses-S2-P1
Opening Player-Data//8-S2-40/Inverses-S2-P2
Opening Player-Data//8-S2-40/Inverses-S2-P3
Opening Player-Data//8-S2-40/Inverses-S2-P4
Opening Player-Data//8-S2-40/Inverses-S2-P5
Opening Player-Data//8-S2-40/Inverses-S2-P6
Opening Player-Data//8-S2-40/Inverses-S2-P7
Opening Player-Data//8-MS2-40/Triples-MS2-P0
Opening Player-Data//8-MS2-40/Triples-MS2-P1
Opening Player-Data//8-MS2-40/Triples-MS2-P2
Opening Player-Data//8-MS2-40/Triples-MS2-P3
Opening Player-Data//8-MS2-40/Triples-MS2-P4
Opening Player-Data//8-MS2-40/Triples-MS2-P5
Opening Player-Data//8-MS2-40/Triples-MS2-P6
Opening Player-Data//8-MS2-40/Triples-MS2-P7
Opening Player-Data//8-MS2-40/Bits-MS2-P0
Opening Player-Data//8-MS2-40/Bits-MS2-P1
Opening Player-Data//8-MS2-40/Bits-MS2-P2
Opening Player-Data//8-MS2-40/Bits-MS2-P3
Opening Player-Data//8-MS2-40/Bits-MS2-P4
Opening Player-Data//8-MS2-40/Bits-MS2-P5
Opening Player-Data//8-MS2-40/Bits-MS2-P6
Opening Player-Data//8-MS2-40/Bits-MS2-P7
Opening Player-Data//8-MS2-40/Inputs-MS2-P0-0
Opening Player-Data//8-MS2-40/Inputs-MS2-P1-0
Opening Player-Data//8-MS2-40/Inputs-MS2-P2-0
Opening Player-Data//8-MS2-40/Inputs-MS2-P3-0
Opening Player-Data//8-MS2-40/Inputs-MS2-P4-0
Opening Player-Data//8-MS2-40/Inputs-MS2-P5-0
Opening Player-Data//8-MS2-40/Inputs-MS2-P6-0
Opening Player-Data//8-MS2-40/Inputs-MS2-P7-0
Opening Player-Data//8-MS2-40/Inputs-MS2-P0-1
Opening Player-Data//8-MS2-40/Inputs-MS2-P1-1
Opening Player-Data//8-MS2-40/Inputs-MS2-P2-1
Opening Player-Data//8-MS2-40/Inputs-MS2-P3-1
Opening Player-Data//8-MS2-40/Inputs-MS2-P4-1
Opening Player-Data//8-MS2-40/Inputs-MS2-P5-1
Opening Player-Data//8-MS2-40/Inputs-MS2-P6-1
Opening Player-Data//8-MS2-40/Inputs-MS2-P7-1
Opening Player-Data//8-MS2-40/Inputs-MS2-P0-2
Opening Player-Data//8-MS2-40/Inputs-MS2-P1-2
Opening Player-Data//8-MS2-40/Inputs-MS2-P2-2
Opening Player-Data//8-MS2-40/Inputs-MS2-P3-2
Opening Player-Data//8-MS2-40/Inputs-MS2-P4-2
Opening Player-Data//8-MS2-40/Inputs-MS2-P5-2
Opening Player-Data//8-MS2-40/Inputs-MS2-P6-2
Opening Player-Data//8-MS2-40/Inputs-MS2-P7-2
Opening Player-Data//8-MS2-40/Inputs-MS2-P0-3
Opening Player-Data//8-MS2-40/Inputs-MS2-P1-3
Opening Player-Data//8-MS2-40/Inputs-MS2-P2-3
Opening Player-Data//8-MS2-40/Inputs-MS2-P3-3
Opening Player-Data//8-MS2-40/Inputs-MS2-P4-3
Opening Player-Data//8-MS2-40/Inputs-MS2-P5-3
Opening Player-Data//8-MS2-40/Inputs-MS2-P6-3
Opening Player-Data//8-MS2-40/Inputs-MS2-P7-3
Opening Player-Data//8-MS2-40/Inputs-MS2-P0-4
Opening Player-Data//8-MS2-40/Inputs-MS2-P1-4
Opening Player-Data//8-MS2-40/Inputs-MS2-P2-4
Opening Player-Data//8-MS2-40/Inputs-MS2-P3-4
Opening Player-Data//8-MS2-40/Inputs-MS2-P4-4
Opening Player-Data//8-MS2-40/Inputs-MS2-P5-4
Opening Player-Data//8-MS2-40/Inputs-MS2-P6-4
Opening Player-Data//8-MS2-40/Inputs-MS2-P7-4
Opening Player-Data//8-MS2-40/Inputs-MS2-P0-5
Opening Player-Data//8-MS2-40/Inputs-MS2-P1-5
Opening Player-Data//8-MS2-40/Inputs-MS2-P2-5
Opening Player-Data//8-MS2-40/Inputs-MS2-P3-5
Opening Player-Data//8-MS2-40/Inputs-MS2-P4-5
Opening Player-Data//8-MS2-40/Inputs-MS2-P5-5
Opening Player-Data//8-MS2-40/Inputs-MS2-P6-5
Opening Player-Data//8-MS2-40/Inputs-MS2-P7-5
Opening Player-Data//8-MS2-40/Inputs-MS2-P0-6
Opening Player-Data//8-MS2-40/Inputs-MS2-P1-6
Opening Player-Data//8-MS2-40/Inputs-MS2-P2-6
Opening Player-Data//8-MS2-40/Inputs-MS2-P3-6
Opening Player-Data//8-MS2-40/Inputs-MS2-P4-6
Opening Player-Data//8-MS2-40/Inputs-MS2-P5-6
Opening Player-Data//8-MS2-40/Inputs-MS2-P6-6
Opening Player-Data//8-MS2-40/Inputs-MS2-P7-6
Opening Player-Data//8-MS2-40/Inputs-MS2-P0-7
Opening Player-Data//8-MS2-40/Inputs-MS2-P1-7
Opening Player-Data//8-MS2-40/Inputs-MS2-P2-7
Opening Player-Data//8-MS2-40/Inputs-MS2-P3-7
Opening Player-Data//8-MS2-40/Inputs-MS2-P4-7
Opening Player-Data//8-MS2-40/Inputs-MS2-P5-7
Opening Player-Data//8-MS2-40/Inputs-MS2-P6-7
Opening Player-Data//8-MS2-40/Inputs-MS2-P7-7
Opening Player-Data//8-MS2-40/Squares-MS2-P0
Opening Player-Data//8-MS2-40/Squares-MS2-P1
Opening Player-Data//8-MS2-40/Squares-MS2-P2
Opening Player-Data//8-MS2-40/Squares-MS2-P3
Opening Player-Data//8-MS2-40/Squares-MS2-P4
Opening Player-Data//8-MS2-40/Squares-MS2-P5
Opening Player-Data//8-MS2-40/Squares-MS2-P6
Opening Player-Data//8-MS2-40/Squares-MS2-P7
Opening Player-Data//8-MS2-40/daBits-MS2-P0
Opening Player-Data//8-MS2-40/daBits-MS2-P1
Opening Player-Data//8-MS2-40/daBits-MS2-P2
Opening Player-Data//8-MS2-40/daBits-MS2-P3
Opening Player-Data//8-MS2-40/daBits-MS2-P4
Opening Player-Data//8-MS2-40/daBits-MS2-P5
Opening Player-Data//8-MS2-40/daBits-MS2-P6
Opening Player-Data//8-MS2-40/daBits-MS2-P7
Opening Player-Data//8-MS2-40/Inverses-MS2-P0
Opening Player-Data//8-MS2-40/Inverses-MS2-P1
Opening Player-Data//8-MS2-40/Inverses-MS2-P2
Opening Player-Data//8-MS2-40/Inverses-MS2-P3
Opening Player-Data//8-MS2-40/Inverses-MS2-P4
Opening Player-Data//8-MS2-40/Inverses-MS2-P5
Opening Player-Data//8-MS2-40/Inverses-MS2-P6
Opening Player-Data//8-MS2-40/Inverses-MS2-P7
No MAC key share for player 0, generating a fresh ones
Written new MAC key share to Player-Data//8-SYMS2-40//Player-MAC-Keys-MS2-P0
 Key 0: 8fb18b4d67
Written new MAC key share to Player-Data//8-SYMS2-40//Player-MAC-Keys-MS2-P1
 Key 1: 48c58daeab
Written new MAC key share to Player-Data//8-SYMS2-40//Player-MAC-Keys-MS2-P2
 Key 2: 5d726f77a2
Written new MAC key share to Player-Data//8-SYMS2-40//Player-MAC-Keys-MS2-P3
 Key 3: ce83e39a43
Written new MAC key share to Player-Data//8-SYMS2-40//Player-MAC-Keys-MS2-P4
 Key 4: 8abb652dd2
Written new MAC key share to Player-Data//8-SYMS2-40//Player-MAC-Keys-MS2-P5
 Key 5: eed1ab132e
Written new MAC key share to Player-Data//8-SYMS2-40//Player-MAC-Keys-MS2-P6
 Key 6: b706e1b057
Written new MAC key share to Player-Data//8-SYMS2-40//Player-MAC-Keys-MS2-P7
 Key 7: 3ea5d6e7a
--------------
Final Key: 87e9a58086
Opening Player-Data//8-SYMS2-40/Triples-SYMS2-P0
Opening Player-Data//8-SYMS2-40/Triples-SYMS2-P1
Opening Player-Data//8-SYMS2-40/Triples-SYMS2-P2
Opening Player-Data//8-SYMS2-40/Triples-SYMS2-P3
Opening Player-Data//8-SYMS2-40/Triples-SYMS2-P4
Opening Player-Data//8-SYMS2-40/Triples-SYMS2-P5
Opening Player-Data//8-SYMS2-40/Triples-SYMS2-P6
Opening Player-Data//8-SYMS2-40/Triples-SYMS2-P7
Opening Player-Data//8-SYMS2-40/Bits-SYMS2-P0
Opening Player-Data//8-SYMS2-40/Bits-SYMS2-P1
Opening Player-Data//8-SYMS2-40/Bits-SYMS2-P2
Opening Player-Data//8-SYMS2-40/Bits-SYMS2-P3
Opening Player-Data//8-SYMS2-40/Bits-SYMS2-P4
Opening Player-Data//8-SYMS2-40/Bits-SYMS2-P5
Opening Player-Data//8-SYMS2-40/Bits-SYMS2-P6
Opening Player-Data//8-SYMS2-40/Bits-SYMS2-P7
Opening Player-Data//8-SYMS2-40/Inputs-SYMS2-P0-0
Opening Player-Data//8-SYMS2-40/Inputs-SYMS2-P1-0
Opening Player-Data//8-SYMS2-40/Inputs-SYMS2-P2-0
Opening Player-Data//8-SYMS2-40/Inputs-SYMS2-P3-0
Opening Player-Data//8-SYMS2-40/Inputs-SYMS2-P4-0
Opening Player-Data//8-SYMS2-40/Inputs-SYMS2-P5-0
Opening Player-Data//8-SYMS2-40/Inputs-SYMS2-P6-0
Opening Player-Data//8-SYMS2-40/Inputs-SYMS2-P7-0
Opening Player-Data//8-SYMS2-40/Inputs-SYMS2-P0-1
Opening Player-Data//8-SYMS2-40/Inputs-SYMS2-P1-1
Opening Player-Data//8-SYMS2-40/Inputs-SYMS2-P2-1
Opening Player-Data//8-SYMS2-40/Inputs-SYMS2-P3-1
Opening Player-Data//8-SYMS2-40/Inputs-SYMS2-P4-1
Opening Player-Data//8-SYMS2-40/Inputs-SYMS2-P5-1
Opening Player-Data//8-SYMS2-40/Inputs-SYMS2-P6-1
Opening Player-Data//8-SYMS2-40/Inputs-SYMS2-P7-1
Opening Player-Data//8-SYMS2-40/Inputs-SYMS2-P0-2
Opening Player-Data//8-SYMS2-40/Inputs-SYMS2-P1-2
Opening Player-Data//8-SYMS2-40/Inputs-SYMS2-P2-2
Opening Player-Data//8-SYMS2-40/Inputs-SYMS2-P3-2
Opening Player-Data//8-SYMS2-40/Inputs-SYMS2-P4-2
Opening Player-Data//8-SYMS2-40/Inputs-SYMS2-P5-2
Opening Player-Data//8-SYMS2-40/Inputs-SYMS2-P6-2
Opening Player-Data//8-SYMS2-40/Inputs-SYMS2-P7-2
Opening Player-Data//8-SYMS2-40/Inputs-SYMS2-P0-3
Opening Player-Data//8-SYMS2-40/Inputs-SYMS2-P1-3
Opening Player-Data//8-SYMS2-40/Inputs-SYMS2-P2-3
Opening Player-Data//8-SYMS2-40/Inputs-SYMS2-P3-3
Opening Player-Data//8-SYMS2-40/Inputs-SYMS2-P4-3
Opening Player-Data//8-SYMS2-40/Inputs-SYMS2-P5-3
Opening Player-Data//8-SYMS2-40/Inputs-SYMS2-P6-3
Opening Player-Data//8-SYMS2-40/Inputs-SYMS2-P7-3
Opening Player-Data//8-SYMS2-40/Inputs-SYMS2-P0-4
Opening Player-Data//8-SYMS2-40/Inputs-SYMS2-P1-4
Opening Player-Data//8-SYMS2-40/Inputs-SYMS2-P2-4
Opening Player-Data//8-SYMS2-40/Inputs-SYMS2-P3-4
Opening Player-Data//8-SYMS2-40/Inputs-SYMS2-P4-4
Opening Player-Data//8-SYMS2-40/Inputs-SYMS2-P5-4
Opening Player-Data//8-SYMS2-40/Inputs-SYMS2-P6-4
Opening Player-Data//8-SYMS2-40/Inputs-SYMS2-P7-4
Opening Player-Data//8-SYMS2-40/Inputs-SYMS2-P0-5
Opening Player-Data//8-SYMS2-40/Inputs-SYMS2-P1-5
Opening Player-Data//8-SYMS2-40/Inputs-SYMS2-P2-5
Opening Player-Data//8-SYMS2-40/Inputs-SYMS2-P3-5
Opening Player-Data//8-SYMS2-40/Inputs-SYMS2-P4-5
Opening Player-Data//8-SYMS2-40/Inputs-SYMS2-P5-5
Opening Player-Data//8-SYMS2-40/Inputs-SYMS2-P6-5
Opening Player-Data//8-SYMS2-40/Inputs-SYMS2-P7-5
Opening Player-Data//8-SYMS2-40/Inputs-SYMS2-P0-6
Opening Player-Data//8-SYMS2-40/Inputs-SYMS2-P1-6
Opening Player-Data//8-SYMS2-40/Inputs-SYMS2-P2-6
Opening Player-Data//8-SYMS2-40/Inputs-SYMS2-P3-6
Opening Player-Data//8-SYMS2-40/Inputs-SYMS2-P4-6
Opening Player-Data//8-SYMS2-40/Inputs-SYMS2-P5-6
Opening Player-Data//8-SYMS2-40/Inputs-SYMS2-P6-6
Opening Player-Data//8-SYMS2-40/Inputs-SYMS2-P7-6
Opening Player-Data//8-SYMS2-40/Inputs-SYMS2-P0-7
Opening Player-Data//8-SYMS2-40/Inputs-SYMS2-P1-7
Opening Player-Data//8-SYMS2-40/Inputs-SYMS2-P2-7
Opening Player-Data//8-SYMS2-40/Inputs-SYMS2-P3-7
Opening Player-Data//8-SYMS2-40/Inputs-SYMS2-P4-7
Opening Player-Data//8-SYMS2-40/Inputs-SYMS2-P5-7
Opening Player-Data//8-SYMS2-40/Inputs-SYMS2-P6-7
Opening Player-Data//8-SYMS2-40/Inputs-SYMS2-P7-7
Opening Player-Data//8-SYMS2-40/Squares-SYMS2-P0
Opening Player-Data//8-SYMS2-40/Squares-SYMS2-P1
Opening Player-Data//8-SYMS2-40/Squares-SYMS2-P2
Opening Player-Data//8-SYMS2-40/Squares-SYMS2-P3
Opening Player-Data//8-SYMS2-40/Squares-SYMS2-P4
Opening Player-Data//8-SYMS2-40/Squares-SYMS2-P5
Opening Player-Data//8-SYMS2-40/Squares-SYMS2-P6
Opening Player-Data//8-SYMS2-40/Squares-SYMS2-P7
Opening Player-Data//8-SYMS2-40/daBits-SYMS2-P0
Opening Player-Data//8-SYMS2-40/daBits-SYMS2-P1
Opening Player-Data//8-SYMS2-40/daBits-SYMS2-P2
Opening Player-Data//8-SYMS2-40/daBits-SYMS2-P3
Opening Player-Data//8-SYMS2-40/daBits-SYMS2-P4
Opening Player-Data//8-SYMS2-40/daBits-SYMS2-P5
Opening Player-Data//8-SYMS2-40/daBits-SYMS2-P6
Opening Player-Data//8-SYMS2-40/daBits-SYMS2-P7
Opening Player-Data//8-SYMS2-40/Inverses-SYMS2-P0
Opening Player-Data//8-SYMS2-40/Inverses-SYMS2-P1
Opening Player-Data//8-SYMS2-40/Inverses-SYMS2-P2
Opening Player-Data//8-SYMS2-40/Inverses-SYMS2-P3
Opening Player-Data//8-SYMS2-40/Inverses-SYMS2-P4
Opening Player-Data//8-SYMS2-40/Inverses-SYMS2-P5
Opening Player-Data//8-SYMS2-40/Inverses-SYMS2-P6
Opening Player-Data//8-SYMS2-40/Inverses-SYMS2-P7
Opening Player-Data//8-DR-64/Triples-DR-P0
Opening Player-Data//8-DR-64/Triples-DR-P1
Opening Player-Data//8-DR-64/Triples-DR-P2
Opening Player-Data//8-DR-64/Triples-DR-P3
Opening Player-Data//8-DR-64/Triples-DR-P4
Opening Player-Data//8-DR-64/Triples-DR-P5
Opening Player-Data//8-DR-64/Triples-DR-P6
Opening Player-Data//8-DR-64/Triples-DR-P7
Opening Player-Data//8-DR-64/Bits-DR-P0
Opening Player-Data//8-DR-64/Bits-DR-P1
Opening Player-Data//8-DR-64/Bits-DR-P2
Opening Player-Data//8-DR-64/Bits-DR-P3
Opening Player-Data//8-DR-64/Bits-DR-P4
Opening Player-Data//8-DR-64/Bits-DR-P5
Opening Player-Data//8-DR-64/Bits-DR-P6
Opening Player-Data//8-DR-64/Bits-DR-P7
Opening Player-Data//8-DR-64/Inputs-DR-P0-0
Opening Player-Data//8-DR-64/Inputs-DR-P1-0
Opening Player-Data//8-DR-64/Inputs-DR-P2-0
Opening Player-Data//8-DR-64/Inputs-DR-P3-0
Opening Player-Data//8-DR-64/Inputs-DR-P4-0
Opening Player-Data//8-DR-64/Inputs-DR-P5-0
Opening Player-Data//8-DR-64/Inputs-DR-P6-0
Opening Player-Data//8-DR-64/Inputs-DR-P7-0
Opening Player-Data//8-DR-64/Inputs-DR-P0-1
Opening Player-Data//8-DR-64/Inputs-DR-P1-1
Opening Player-Data//8-DR-64/Inputs-DR-P2-1
Opening Player-Data//8-DR-64/Inputs-DR-P3-1
Opening Player-Data//8-DR-64/Inputs-DR-P4-1
Opening Player-Data//8-DR-64/Inputs-DR-P5-1
Opening Player-Data//8-DR-64/Inputs-DR-P6-1
Opening Player-Data//8-DR-64/Inputs-DR-P7-1
Opening Player-Data//8-DR-64/Inputs-DR-P0-2
Opening Player-Data//8-DR-64/Inputs-DR-P1-2
Opening Player-Data//8-DR-64/Inputs-DR-P2-2
Opening Player-Data//8-DR-64/Inputs-DR-P3-2
Opening Player-Data//8-DR-64/Inputs-DR-P4-2
Opening Player-Data//8-DR-64/Inputs-DR-P5-2
Opening Player-Data//8-DR-64/Inputs-DR-P6-2
Opening Player-Data//8-DR-64/Inputs-DR-P7-2
Opening Player-Data//8-DR-64/Inputs-DR-P0-3
Opening Player-Data//8-DR-64/Inputs-DR-P1-3
Opening Player-Data//8-DR-64/Inputs-DR-P2-3
Opening Player-Data//8-DR-64/Inputs-DR-P3-3
Opening Player-Data//8-DR-64/Inputs-DR-P4-3
Opening Player-Data//8-DR-64/Inputs-DR-P5-3
Opening Player-Data//8-DR-64/Inputs-DR-P6-3
Opening Player-Data//8-DR-64/Inputs-DR-P7-3
Opening Player-Data//8-DR-64/Inputs-DR-P0-4
Opening Player-Data//8-DR-64/Inputs-DR-P1-4
Opening Player-Data//8-DR-64/Inputs-DR-P2-4
Opening Player-Data//8-DR-64/Inputs-DR-P3-4
Opening Player-Data//8-DR-64/Inputs-DR-P4-4
Opening Player-Data//8-DR-64/Inputs-DR-P5-4
Opening Player-Data//8-DR-64/Inputs-DR-P6-4
Opening Player-Data//8-DR-64/Inputs-DR-P7-4
Opening Player-Data//8-DR-64/Inputs-DR-P0-5
Opening Player-Data//8-DR-64/Inputs-DR-P1-5
Opening Player-Data//8-DR-64/Inputs-DR-P2-5
Opening Player-Data//8-DR-64/Inputs-DR-P3-5
Opening Player-Data//8-DR-64/Inputs-DR-P4-5
Opening Player-Data//8-DR-64/Inputs-DR-P5-5
Opening Player-Data//8-DR-64/Inputs-DR-P6-5
Opening Player-Data//8-DR-64/Inputs-DR-P7-5
Opening Player-Data//8-DR-64/Inputs-DR-P0-6
Opening Player-Data//8-DR-64/Inputs-DR-P1-6
Opening Player-Data//8-DR-64/Inputs-DR-P2-6
Opening Player-Data//8-DR-64/Inputs-DR-P3-6
Opening Player-Data//8-DR-64/Inputs-DR-P4-6
Opening Player-Data//8-DR-64/Inputs-DR-P5-6
Opening Player-Data//8-DR-64/Inputs-DR-P6-6
Opening Player-Data//8-DR-64/Inputs-DR-P7-6
Opening Player-Data//8-DR-64/Inputs-DR-P0-7
Opening Player-Data//8-DR-64/Inputs-DR-P1-7
Opening Player-Data//8-DR-64/Inputs-DR-P2-7
Opening Player-Data//8-DR-64/Inputs-DR-P3-7
Opening Player-Data//8-DR-64/Inputs-DR-P4-7
Opening Player-Data//8-DR-64/Inputs-DR-P5-7
Opening Player-Data//8-DR-64/Inputs-DR-P6-7
Opening Player-Data//8-DR-64/Inputs-DR-P7-7
Opening Player-Data//8-DR-64/Squares-DR-P0
Opening Player-Data//8-DR-64/Squares-DR-P1
Opening Player-Data//8-DR-64/Squares-DR-P2
Opening Player-Data//8-DR-64/Squares-DR-P3
Opening Player-Data//8-DR-64/Squares-DR-P4
Opening Player-Data//8-DR-64/Squares-DR-P5
Opening Player-Data//8-DR-64/Squares-DR-P6
Opening Player-Data//8-DR-64/Squares-DR-P7
Opening Player-Data//8-DR-64/daBits-DR-P0
Opening Player-Data//8-DR-64/daBits-DR-P1
Opening Player-Data//8-DR-64/daBits-DR-P2
Opening Player-Data//8-DR-64/daBits-DR-P3
Opening Player-Data//8-DR-64/daBits-DR-P4
Opening Player-Data//8-DR-64/daBits-DR-P5
Opening Player-Data//8-DR-64/daBits-DR-P6
Opening Player-Data//8-DR-64/daBits-DR-P7
Opening Player-Data//8-DDR-64/Triples-DDR-P0
Opening Player-Data//8-DDR-64/Triples-DDR-P1
Opening Player-Data//8-DDR-64/Triples-DDR-P2
Opening Player-Data//8-DDR-64/Triples-DDR-P3
Opening Player-Data//8-DDR-64/Triples-DDR-P4
Opening Player-Data//8-DDR-64/Triples-DDR-P5
Opening Player-Data//8-DDR-64/Triples-DDR-P6
Opening Player-Data//8-DDR-64/Triples-DDR-P7
Opening Player-Data//8-DDR-64/Bits-DDR-P0
Opening Player-Data//8-DDR-64/Bits-DDR-P1
Opening Player-Data//8-DDR-64/Bits-DDR-P2
Opening Player-Data//8-DDR-64/Bits-DDR-P3
Opening Player-Data//8-DDR-64/Bits-DDR-P4
Opening Player-Data//8-DDR-64/Bits-DDR-P5
Opening Player-Data//8-DDR-64/Bits-DDR-P6
Opening Player-Data//8-DDR-64/Bits-DDR-P7
Opening Player-Data//8-DDR-64/Inputs-DDR-P0-0
Opening Player-Data//8-DDR-64/Inputs-DDR-P1-0
Opening Player-Data//8-DDR-64/Inputs-DDR-P2-0
Opening Player-Data//8-DDR-64/Inputs-DDR-P3-0
Opening Player-Data//8-DDR-64/Inputs-DDR-P4-0
Opening Player-Data//8-DDR-64/Inputs-DDR-P5-0
Opening Player-Data//8-DDR-64/Inputs-DDR-P6-0
Opening Player-Data//8-DDR-64/Inputs-DDR-P7-0
Opening Player-Data//8-DDR-64/Inputs-DDR-P0-1
Opening Player-Data//8-DDR-64/Inputs-DDR-P1-1
Opening Player-Data//8-DDR-64/Inputs-DDR-P2-1
Opening Player-Data//8-DDR-64/Inputs-DDR-P3-1
Opening Player-Data//8-DDR-64/Inputs-DDR-P4-1
Opening Player-Data//8-DDR-64/Inputs-DDR-P5-1
Opening Player-Data//8-DDR-64/Inputs-DDR-P6-1
Opening Player-Data//8-DDR-64/Inputs-DDR-P7-1
Opening Player-Data//8-DDR-64/Inputs-DDR-P0-2
Opening Player-Data//8-DDR-64/Inputs-DDR-P1-2
Opening Player-Data//8-DDR-64/Inputs-DDR-P2-2
Opening Player-Data//8-DDR-64/Inputs-DDR-P3-2
Opening Player-Data//8-DDR-64/Inputs-DDR-P4-2
Opening Player-Data//8-DDR-64/Inputs-DDR-P5-2
Opening Player-Data//8-DDR-64/Inputs-DDR-P6-2
Opening Player-Data//8-DDR-64/Inputs-DDR-P7-2
Opening Player-Data//8-DDR-64/Inputs-DDR-P0-3
Opening Player-Data//8-DDR-64/Inputs-DDR-P1-3
Opening Player-Data//8-DDR-64/Inputs-DDR-P2-3
Opening Player-Data//8-DDR-64/Inputs-DDR-P3-3
Opening Player-Data//8-DDR-64/Inputs-DDR-P4-3
Opening Player-Data//8-DDR-64/Inputs-DDR-P5-3
Opening Player-Data//8-DDR-64/Inputs-DDR-P6-3
Opening Player-Data//8-DDR-64/Inputs-DDR-P7-3
Opening Player-Data//8-DDR-64/Inputs-DDR-P0-4
Opening Player-Data//8-DDR-64/Inputs-DDR-P1-4
Opening Player-Data//8-DDR-64/Inputs-DDR-P2-4
Opening Player-Data//8-DDR-64/Inputs-DDR-P3-4
Opening Player-Data//8-DDR-64/Inputs-DDR-P4-4
Opening Player-Data//8-DDR-64/Inputs-DDR-P5-4
Opening Player-Data//8-DDR-64/Inputs-DDR-P6-4
Opening Player-Data//8-DDR-64/Inputs-DDR-P7-4
Opening Player-Data//8-DDR-64/Inputs-DDR-P0-5
Opening Player-Data//8-DDR-64/Inputs-DDR-P1-5
Opening Player-Data//8-DDR-64/Inputs-DDR-P2-5
Opening Player-Data//8-DDR-64/Inputs-DDR-P3-5
Opening Player-Data//8-DDR-64/Inputs-DDR-P4-5
Opening Player-Data//8-DDR-64/Inputs-DDR-P5-5
Opening Player-Data//8-DDR-64/Inputs-DDR-P6-5
Opening Player-Data//8-DDR-64/Inputs-DDR-P7-5
Opening Player-Data//8-DDR-64/Inputs-DDR-P0-6
Opening Player-Data//8-DDR-64/Inputs-DDR-P1-6
Opening Player-Data//8-DDR-64/Inputs-DDR-P2-6
Opening Player-Data//8-DDR-64/Inputs-DDR-P3-6
Opening Player-Data//8-DDR-64/Inputs-DDR-P4-6
Opening Player-Data//8-DDR-64/Inputs-DDR-P5-6
Opening Player-Data//8-DDR-64/Inputs-DDR-P6-6
Opening Player-Data//8-DDR-64/Inputs-DDR-P7-6
Opening Player-Data//8-DDR-64/Inputs-DDR-P0-7
Opening Player-Data//8-DDR-64/Inputs-DDR-P1-7
Opening Player-Data//8-DDR-64/Inputs-DDR-P2-7
Opening Player-Data//8-DDR-64/Inputs-DDR-P3-7
Opening Player-Data//8-DDR-64/Inputs-DDR-P4-7
Opening Player-Data//8-DDR-64/Inputs-DDR-P5-7
Opening Player-Data//8-DDR-64/Inputs-DDR-P6-7
Opening Player-Data//8-DDR-64/Inputs-DDR-P7-7
Opening Player-Data//8-DDR-64/Squares-DDR-P0
Opening Player-Data//8-DDR-64/Squares-DDR-P1
Opening Player-Data//8-DDR-64/Squares-DDR-P2
Opening Player-Data//8-DDR-64/Squares-DDR-P3
Opening Player-Data//8-DDR-64/Squares-DDR-P4
Opening Player-Data//8-DDR-64/Squares-DDR-P5
Opening Player-Data//8-DDR-64/Squares-DDR-P6
Opening Player-Data//8-DDR-64/Squares-DDR-P7
Opening Player-Data//8-DDR-64/daBits-DDR-P0
Opening Player-Data//8-DDR-64/daBits-DDR-P1
Opening Player-Data//8-DDR-64/daBits-DDR-P2
Opening Player-Data//8-DDR-64/daBits-DDR-P3
Opening Player-Data//8-DDR-64/daBits-DDR-P4
Opening Player-Data//8-DDR-64/daBits-DDR-P5
Opening Player-Data//8-DDR-64/daBits-DDR-P6
Opening Player-Data//8-DDR-64/daBits-DDR-P7
Opening Player-Data//8-DR-128/Triples-DR-P0
Opening Player-Data//8-DR-128/Triples-DR-P1
Opening Player-Data//8-DR-128/Triples-DR-P2
Opening Player-Data//8-DR-128/Triples-DR-P3
Opening Player-Data//8-DR-128/Triples-DR-P4
Opening Player-Data//8-DR-128/Triples-DR-P5
Opening Player-Data//8-DR-128/Triples-DR-P6
Opening Player-Data//8-DR-128/Triples-DR-P7
Opening Player-Data//8-DR-128/Bits-DR-P0
Opening Player-Data//8-DR-128/Bits-DR-P1
Opening Player-Data//8-DR-128/Bits-DR-P2
Opening Player-Data//8-DR-128/Bits-DR-P3
Opening Player-Data//8-DR-128/Bits-DR-P4
Opening Player-Data//8-DR-128/Bits-DR-P5
Opening Player-Data//8-DR-128/Bits-DR-P6
Opening Player-Data//8-DR-128/Bits-DR-P7
Opening Player-Data//8-DR-128/Inputs-DR-P0-0
Opening Player-Data//8-DR-128/Inputs-DR-P1-0
Opening Player-Data//8-DR-128/Inputs-DR-P2-0
Opening Player-Data//8-DR-128/Inputs-DR-P3-0
Opening Player-Data//8-DR-128/Inputs-DR-P4-0
Opening Player-Data//8-DR-128/Inputs-DR-P5-0
Opening Player-Data//8-DR-128/Inputs-DR-P6-0
Opening Player-Data//8-DR-128/Inputs-DR-P7-0
Opening Player-Data//8-DR-128/Inputs-DR-P0-1
Opening Player-Data//8-DR-128/Inputs-DR-P1-1
Opening Player-Data//8-DR-128/Inputs-DR-P2-1
Opening Player-Data//8-DR-128/Inputs-DR-P3-1
Opening Player-Data//8-DR-128/Inputs-DR-P4-1
Opening Player-Data//8-DR-128/Inputs-DR-P5-1
Opening Player-Data//8-DR-128/Inputs-DR-P6-1
Opening Player-Data//8-DR-128/Inputs-DR-P7-1
Opening Player-Data//8-DR-128/Inputs-DR-P0-2
Opening Player-Data//8-DR-128/Inputs-DR-P1-2
Opening Player-Data//8-DR-128/Inputs-DR-P2-2
Opening Player-Data//8-DR-128/Inputs-DR-P3-2
Opening Player-Data//8-DR-128/Inputs-DR-P4-2
Opening Player-Data//8-DR-128/Inputs-DR-P5-2
Opening Player-Data//8-DR-128/Inputs-DR-P6-2
Opening Player-Data//8-DR-128/Inputs-DR-P7-2
Opening Player-Data//8-DR-128/Inputs-DR-P0-3
Opening Player-Data//8-DR-128/Inputs-DR-P1-3
Opening Player-Data//8-DR-128/Inputs-DR-P2-3
Opening Player-Data//8-DR-128/Inputs-DR-P3-3
Opening Player-Data//8-DR-128/Inputs-DR-P4-3
Opening Player-Data//8-DR-128/Inputs-DR-P5-3
Opening Player-Data//8-DR-128/Inputs-DR-P6-3
Opening Player-Data//8-DR-128/Inputs-DR-P7-3
Opening Player-Data//8-DR-128/Inputs-DR-P0-4
Opening Player-Data//8-DR-128/Inputs-DR-P1-4
Opening Player-Data//8-DR-128/Inputs-DR-P2-4
Opening Player-Data//8-DR-128/Inputs-DR-P3-4
Opening Player-Data//8-DR-128/Inputs-DR-P4-4
Opening Player-Data//8-DR-128/Inputs-DR-P5-4
Opening Player-Data//8-DR-128/Inputs-DR-P6-4
Opening Player-Data//8-DR-128/Inputs-DR-P7-4
Opening Player-Data//8-DR-128/Inputs-DR-P0-5
Opening Player-Data//8-DR-128/Inputs-DR-P1-5
Opening Player-Data//8-DR-128/Inputs-DR-P2-5
Opening Player-Data//8-DR-128/Inputs-DR-P3-5
Opening Player-Data//8-DR-128/Inputs-DR-P4-5
Opening Player-Data//8-DR-128/Inputs-DR-P5-5
Opening Player-Data//8-DR-128/Inputs-DR-P6-5
Opening Player-Data//8-DR-128/Inputs-DR-P7-5
Opening Player-Data//8-DR-128/Inputs-DR-P0-6
Opening Player-Data//8-DR-128/Inputs-DR-P1-6
Opening Player-Data//8-DR-128/Inputs-DR-P2-6
Opening Player-Data//8-DR-128/Inputs-DR-P3-6
Opening Player-Data//8-DR-128/Inputs-DR-P4-6
Opening Player-Data//8-DR-128/Inputs-DR-P5-6
Opening Player-Data//8-DR-128/Inputs-DR-P6-6
Opening Player-Data//8-DR-128/Inputs-DR-P7-6
Opening Player-Data//8-DR-128/Inputs-DR-P0-7
Opening Player-Data//8-DR-128/Inputs-DR-P1-7
Opening Player-Data//8-DR-128/Inputs-DR-P2-7
Opening Player-Data//8-DR-128/Inputs-DR-P3-7
Opening Player-Data//8-DR-128/Inputs-DR-P4-7
Opening Player-Data//8-DR-128/Inputs-DR-P5-7
Opening Player-Data//8-DR-128/Inputs-DR-P6-7
Opening Player-Data//8-DR-128/Inputs-DR-P7-7
Opening Player-Data//8-DR-128/Squares-DR-P0
Opening Player-Data//8-DR-128/Squares-DR-P1
Opening Player-Data//8-DR-128/Squares-DR-P2
Opening Player-Data//8-DR-128/Squares-DR-P3
Opening Player-Data//8-DR-128/Squares-DR-P4
Opening Player-Data//8-DR-128/Squares-DR-P5
Opening Player-Data//8-DR-128/Squares-DR-P6
Opening Player-Data//8-DR-128/Squares-DR-P7
Opening Player-Data//8-DR-128/daBits-DR-P0
Opening Player-Data//8-DR-128/daBits-DR-P1
Opening Player-Data//8-DR-128/daBits-DR-P2
Opening Player-Data//8-DR-128/daBits-DR-P3
Opening Player-Data//8-DR-128/daBits-DR-P4
Opening Player-Data//8-DR-128/daBits-DR-P5
Opening Player-Data//8-DR-128/daBits-DR-P6
Opening Player-Data//8-DR-128/daBits-DR-P7
Opening Player-Data//8-DDR-128/Triples-DDR-P0
Opening Player-Data//8-DDR-128/Triples-DDR-P1
Opening Player-Data//8-DDR-128/Triples-DDR-P2
Opening Player-Data//8-DDR-128/Triples-DDR-P3
Opening Player-Data//8-DDR-128/Triples-DDR-P4
Opening Player-Data//8-DDR-128/Triples-DDR-P5
Opening Player-Data//8-DDR-128/Triples-DDR-P6
Opening Player-Data//8-DDR-128/Triples-DDR-P7
Opening Player-Data//8-DDR-128/Bits-DDR-P0
Opening Player-Data//8-DDR-128/Bits-DDR-P1
Opening Player-Data//8-DDR-128/Bits-DDR-P2
Opening Player-Data//8-DDR-128/Bits-DDR-P3
Opening Player-Data//8-DDR-128/Bits-DDR-P4
Opening Player-Data//8-DDR-128/Bits-DDR-P5
Opening Player-Data//8-DDR-128/Bits-DDR-P6
Opening Player-Data//8-DDR-128/Bits-DDR-P7
Opening Player-Data//8-DDR-128/Inputs-DDR-P0-0
Opening Player-Data//8-DDR-128/Inputs-DDR-P1-0
Opening Player-Data//8-DDR-128/Inputs-DDR-P2-0
Opening Player-Data//8-DDR-128/Inputs-DDR-P3-0
Opening Player-Data//8-DDR-128/Inputs-DDR-P4-0
Opening Player-Data//8-DDR-128/Inputs-DDR-P5-0
Opening Player-Data//8-DDR-128/Inputs-DDR-P6-0
Opening Player-Data//8-DDR-128/Inputs-DDR-P7-0
Opening Player-Data//8-DDR-128/Inputs-DDR-P0-1
Opening Player-Data//8-DDR-128/Inputs-DDR-P1-1
Opening Player-Data//8-DDR-128/Inputs-DDR-P2-1
Opening Player-Data//8-DDR-128/Inputs-DDR-P3-1
Opening Player-Data//8-DDR-128/Inputs-DDR-P4-1
Opening Player-Data//8-DDR-128/Inputs-DDR-P5-1
Opening Player-Data//8-DDR-128/Inputs-DDR-P6-1
Opening Player-Data//8-DDR-128/Inputs-DDR-P7-1
Opening Player-Data//8-DDR-128/Inputs-DDR-P0-2
Opening Player-Data//8-DDR-128/Inputs-DDR-P1-2
Opening Player-Data//8-DDR-128/Inputs-DDR-P2-2
Opening Player-Data//8-DDR-128/Inputs-DDR-P3-2
Opening Player-Data//8-DDR-128/Inputs-DDR-P4-2
Opening Player-Data//8-DDR-128/Inputs-DDR-P5-2
Opening Player-Data//8-DDR-128/Inputs-DDR-P6-2
Opening Player-Data//8-DDR-128/Inputs-DDR-P7-2
Opening Player-Data//8-DDR-128/Inputs-DDR-P0-3
Opening Player-Data//8-DDR-128/Inputs-DDR-P1-3
Opening Player-Data//8-DDR-128/Inputs-DDR-P2-3
Opening Player-Data//8-DDR-128/Inputs-DDR-P3-3
Opening Player-Data//8-DDR-128/Inputs-DDR-P4-3
Opening Player-Data//8-DDR-128/Inputs-DDR-P5-3
Opening Player-Data//8-DDR-128/Inputs-DDR-P6-3
Opening Player-Data//8-DDR-128/Inputs-DDR-P7-3
Opening Player-Data//8-DDR-128/Inputs-DDR-P0-4
Opening Player-Data//8-DDR-128/Inputs-DDR-P1-4
Opening Player-Data//8-DDR-128/Inputs-DDR-P2-4
Opening Player-Data//8-DDR-128/Inputs-DDR-P3-4
Opening Player-Data//8-DDR-128/Inputs-DDR-P4-4
Opening Player-Data//8-DDR-128/Inputs-DDR-P5-4
Opening Player-Data//8-DDR-128/Inputs-DDR-P6-4
Opening Player-Data//8-DDR-128/Inputs-DDR-P7-4
Opening Player-Data//8-DDR-128/Inputs-DDR-P0-5
Opening Player-Data//8-DDR-128/Inputs-DDR-P1-5
Opening Player-Data//8-DDR-128/Inputs-DDR-P2-5
Opening Player-Data//8-DDR-128/Inputs-DDR-P3-5
Opening Player-Data//8-DDR-128/Inputs-DDR-P4-5
Opening Player-Data//8-DDR-128/Inputs-DDR-P5-5
Opening Player-Data//8-DDR-128/Inputs-DDR-P6-5
Opening Player-Data//8-DDR-128/Inputs-DDR-P7-5
Opening Player-Data//8-DDR-128/Inputs-DDR-P0-6
Opening Player-Data//8-DDR-128/Inputs-DDR-P1-6
Opening Player-Data//8-DDR-128/Inputs-DDR-P2-6
Opening Player-Data//8-DDR-128/Inputs-DDR-P3-6
Opening Player-Data//8-DDR-128/Inputs-DDR-P4-6
Opening Player-Data//8-DDR-128/Inputs-DDR-P5-6
Opening Player-Data//8-DDR-128/Inputs-DDR-P6-6
Opening Player-Data//8-DDR-128/Inputs-DDR-P7-6
Opening Player-Data//8-DDR-128/Inputs-DDR-P0-7
Opening Player-Data//8-DDR-128/Inputs-DDR-P1-7
Opening Player-Data//8-DDR-128/Inputs-DDR-P2-7
Opening Player-Data//8-DDR-128/Inputs-DDR-P3-7
Opening Player-Data//8-DDR-128/Inputs-DDR-P4-7
Opening Player-Data//8-DDR-128/Inputs-DDR-P5-7
Opening Player-Data//8-DDR-128/Inputs-DDR-P6-7
Opening Player-Data//8-DDR-128/Inputs-DDR-P7-7
Opening Player-Data//8-DDR-128/Squares-DDR-P0
Opening Player-Data//8-DDR-128/Squares-DDR-P1
Opening Player-Data//8-DDR-128/Squares-DDR-P2
Opening Player-Data//8-DDR-128/Squares-DDR-P3
Opening Player-Data//8-DDR-128/Squares-DDR-P4
Opening Player-Data//8-DDR-128/Squares-DDR-P5
Opening Player-Data//8-DDR-128/Squares-DDR-P6
Opening Player-Data//8-DDR-128/Squares-DDR-P7
Opening Player-Data//8-DDR-128/daBits-DDR-P0
Opening Player-Data//8-DDR-128/daBits-DDR-P1
Opening Player-Data//8-DDR-128/daBits-DDR-P2
Opening Player-Data//8-DDR-128/daBits-DDR-P3
Opening Player-Data//8-DDR-128/daBits-DDR-P4
Opening Player-Data//8-DDR-128/daBits-DDR-P5
Opening Player-Data//8-DDR-128/daBits-DDR-P6
Opening Player-Data//8-DDR-128/daBits-DDR-P7
