WARNING: insecure preprocessing
 Key 0: 15525614955891284897
 Key 1: 9511026440198638240
 Key 2: 11853841855175964049
 Key 3: 16741628135943167644
--------------
Final Key: 53632111387209054830
 Key 0: 54b2d04e9fc24693e1ce36daf3e18d30
 Key 1: b1bdafc60c9437a1075a4f3de0232217
 Key 2: 7bec0e1ecf6e903dcd85e9c73ae89719
 Key 3: f699fd8b97fa0a8f7c0e30b8d082b68b
--------------
Final Key: 687a8c1dcbc2eb80571fa098f9a88eb5
Opening Player-Data//4-2-128/Triples-2-P0
Opening Player-Data//4-2-128/Triples-2-P1
Opening Player-Data//4-2-128/Triples-2-P2
Opening Player-Data//4-2-128/Triples-2-P3
Opening Player-Data//4-Z64,64-64/Triples-Z64,64-P0
Opening Player-Data//4-Z64,64-64/Triples-Z64,64-P1
Opening Player-Data//4-Z64,64-64/Triples-Z64,64-P2
Opening Player-Data//4-Z64,64-64/Triples-Z64,64-P3
Opening Player-Data//4-2-128/Bits-2-P0
Opening Player-Data//4-2-128/Bits-2-P1
Opening Player-Data//4-2-128/Bits-2-P2
Opening Player-Data//4-2-128/Bits-2-P3
Opening Player-Data//4-Z64,64-64/Bits-Z64,64-P0
Opening Player-Data//4-Z64,64-64/Bits-Z64,64-P1
Opening Player-Data//4-Z64,64-64/Bits-Z64,64-P2
Opening Player-Data//4-Z64,64-64/Bits-Z64,64-P3
Opening Player-Data//4-2-128/Squares-2-P0
Opening Player-Data//4-2-128/Squares-2-P1
Opening Player-Data//4-2-128/Squares-2-P2
Opening Player-Data//4-2-128/Squares-2-P3
Opening Player-Data//4-Z64,64-64/Squares-Z64,64-P0
Opening Player-Data//4-Z64,64-64/Squares-Z64,64-P1
Opening Player-Data//4-Z64,64-64/Squares-Z64,64-P2
Opening Player-Data//4-Z64,64-64/Squares-Z64,64-P3
Opening Player-Data//4-2-128/Inputs-2-P0-0
Opening Player-Data//4-2-128/Inputs-2-P1-0
Opening Player-Data//4-2-128/Inputs-2-P2-0
Opening Player-Data//4-2-128/Inputs-2-P3-0
Opening Player-Data//4-2-128/Inputs-2-P0-1
Opening Player-Data//4-2-128/Inputs-2-P1-1
Opening Player-Data//4-2-128/Inputs-2-P2-1
Opening Player-Data//4-2-128/Inputs-2-P3-1
Opening Player-Data//4-2-128/Inputs-2-P0-2
Opening Player-Data//4-2-128/Inputs-2-P1-2
Opening Player-Data//4-2-128/Inputs-2-P2-2
Opening Player-Data//4-2-128/Inputs-2-P3-2
Opening Player-Data//4-2-128/Inputs-2-P0-3
Opening Player-Data//4-2-128/Inputs-2-P1-3
Opening Player-Data//4-2-128/Inputs-2-P2-3
Opening Player-Data//4-2-128/Inputs-2-P3-3
Opening Player-Data//4-Z64,64-64/Inputs-Z64,64-P0-0
Opening Player-Data//4-Z64,64-64/Inputs-Z64,64-P1-0
Opening Player-Data//4-Z64,64-64/Inputs-Z64,64-P2-0
Opening Player-Data//4-Z64,64-64/Inputs-Z64,64-P3-0
Opening Player-Data//4-Z64,64-64/Inputs-Z64,64-P0-1
Opening Player-Data//4-Z64,64-64/Inputs-Z64,64-P1-1
Opening Player-Data//4-Z64,64-64/Inputs-Z64,64-P2-1
Opening Player-Data//4-Z64,64-64/Inputs-Z64,64-P3-1
Opening Player-Data//4-Z64,64-64/Inputs-Z64,64-P0-2
Opening Player-Data//4-Z64,64-64/Inputs-Z64,64-P1-2
Opening Player-Data//4-Z64,64-64/Inputs-Z64,64-P2-2
Opening Player-Data//4-Z64,64-64/Inputs-Z64,64-P3-2
Opening Player-Data//4-Z64,64-64/Inputs-Z64,64-P0-3
Opening Player-Data//4-Z64,64-64/Inputs-Z64,64-P1-3
Opening Player-Data//4-Z64,64-64/Inputs-Z64,64-P2-3
Opening Player-Data//4-Z64,64-64/Inputs-Z64,64-P3-3
Opening Player-Data//4-2-128/Inverses-2-P0
Opening Player-Data//4-2-128/Inverses-2-P1
Opening Player-Data//4-2-128/Inverses-2-P2
Opening Player-Data//4-2-128/Inverses-2-P3
Opening Player-Data//4-R4R-64/Triples-R4R-P0
Opening Player-Data//4-R4R-64/Triples-R4R-P1
Opening Player-Data//4-R4R-64/Triples-R4R-P2
Opening Player-Data//4-R4R-64/Triples-R4R-P3
Opening Player-Data//4-R4R-64/Bits-R4R-P0
Opening Player-Data//4-R4R-64/Bits-R4R-P1
Opening Player-Data//4-R4R-64/Bits-R4R-P2
Opening Player-Data//4-R4R-64/Bits-R4R-P3
Opening Player-Data//4-R4R-64/Inputs-R4R-P0-0
Opening Player-Data//4-R4R-64/Inputs-R4R-P1-0
Opening Player-Data//4-R4R-64/Inputs-R4R-P2-0
Opening Player-Data//4-R4R-64/Inputs-R4R-P3-0
Opening Player-Data//4-R4R-64/Inputs-R4R-P0-1
Opening Player-Data//4-R4R-64/Inputs-R4R-P1-1
Opening Player-Data//4-R4R-64/Inputs-R4R-P2-1
Opening Player-Data//4-R4R-64/Inputs-R4R-P3-1
Opening Player-Data//4-R4R-64/Inputs-R4R-P0-2
Opening Player-Data//4-R4R-64/Inputs-R4R-P1-2
Opening Player-Data//4-R4R-64/Inputs-R4R-P2-2
Opening Player-Data//4-R4R-64/Inputs-R4R-P3-2
Opening Player-Data//4-R4R-64/Inputs-R4R-P0-3
Opening Player-Data//4-R4R-64/Inputs-R4R-P1-3
Opening Player-Data//4-R4R-64/Inputs-R4R-P2-3
Opening Player-Data//4-R4R-64/Inputs-R4R-P3-3
Opening Player-Data//4-R4R-64/Squares-R4R-P0
Opening Player-Data//4-R4R-64/Squares-R4R-P1
Opening Player-Data//4-R4R-64/Squares-R4R-P2
Opening Player-Data//4-R4R-64/Squares-R4R-P3
Opening Player-Data//4-R4R-64/daBits-R4R-P0
Opening Player-Data//4-R4R-64/daBits-R4R-P1
Opening Player-Data//4-R4R-64/daBits-R4R-P2
Opening Player-Data//4-R4R-64/daBits-R4R-P3
Opening Player-Data//4-DDB-64/Triples-DDB-P0
Opening Player-Data//4-DDB-64/Triples-DDB-P1
Opening Player-Data//4-DDB-64/Triples-DDB-P2
Opening Player-Data//4-DDB-64/Triples-DDB-P3
Opening Player-Data//4-DDB-64/Bits-DDB-P0
Opening Player-Data//4-DDB-64/Bits-DDB-P1
Opening Player-Data//4-DDB-64/Bits-DDB-P2
Opening Player-Data//4-DDB-64/Bits-DDB-P3
Opening Player-Data//4-DDB-64/Inputs-DDB-P0-0
Opening Player-Data//4-DDB-64/Inputs-DDB-P1-0
Opening Player-Data//4-DDB-64/Inputs-DDB-P2-0
Opening Player-Data//4-DDB-64/Inputs-DDB-P3-0
Opening Player-Data//4-DDB-64/Inputs-DDB-P0-1
Opening Player-Data//4-DDB-64/Inputs-DDB-P1-1
Opening Player-Data//4-DDB-64/Inputs-DDB-P2-1
Opening Player-Data//4-DDB-64/Inputs-DDB-P3-1
Opening Player-Data//4-DDB-64/Inputs-DDB-P0-2
Opening Player-Data//4-DDB-64/Inputs-DDB-P1-2
Opening Player-Data//4-DDB-64/Inputs-DDB-P2-2
Opening Player-Data//4-DDB-64/Inputs-DDB-P3-2
Opening Player-Data//4-DDB-64/Inputs-DDB-P0-3
Opening Player-Data//4-DDB-64/Inputs-DDB-P1-3
Opening Player-Data//4-DDB-64/Inputs-DDB-P2-3
Opening Player-Data//4-DDB-64/Inputs-DDB-P3-3
Opening Player-Data//4-DB-64/Triples-DB-P0
Opening Player-Data//4-DB-64/Triples-DB-P1
Opening Player-Data//4-DB-64/Triples-DB-P2
Opening Player-Data//4-DB-64/Triples-DB-P3
Opening Player-Data//4-DB-64/Bits-DB-P0
Opening Player-Data//4-DB-64/Bits-DB-P1
Opening Player-Data//4-DB-64/Bits-DB-P2
Opening Player-Data//4-DB-64/Bits-DB-P3
 Key 0: 1632665703396
 Key 1: 547403336364
 Key 2: 1169943586435
 Key 3: 398031642065
--------------
Final Key: 1549021012708
Opening Player-Data//4-T-64/Triples-T-P0
Opening Player-Data//4-T-64/Triples-T-P1
Opening Player-Data//4-T-64/Triples-T-P2
Opening Player-Data//4-T-64/Triples-T-P3
Opening Player-Data//4-T-64/Bits-T-P0
Opening Player-Data//4-T-64/Bits-T-P1
Opening Player-Data//4-T-64/Bits-T-P2
Opening Player-Data//4-T-64/Bits-T-P3
Opening Player-Data//4-T-64/Inputs-T-P0-0
Opening Player-Data//4-T-64/Inputs-T-P1-0
Opening Player-Data//4-T-64/Inputs-T-P2-0
Opening Player-Data//4-T-64/Inputs-T-P3-0
Opening Player-Data//4-T-64/Inputs-T-P0-1
Opening Player-Data//4-T-64/Inputs-T-P1-1
Opening Player-Data//4-T-64/Inputs-T-P2-1
Opening Player-Data//4-T-64/Inputs-T-P3-1
Opening Player-Data//4-T-64/Inputs-T-P0-2
Opening Player-Data//4-T-64/Inputs-T-P1-2
Opening Player-Data//4-T-64/Inputs-T-P2-2
Opening Player-Data//4-T-64/Inputs-T-P3-2
Opening Player-Data//4-T-64/Inputs-T-P0-3
Opening Player-Data//4-T-64/Inputs-T-P1-3
Opening Player-Data//4-T-64/Inputs-T-P2-3
Opening Player-Data//4-T-64/Inputs-T-P3-3
 Key 0: 97750e7e2d
 Key 1: a65100dd03
 Key 2: 8dcc0f3a7c
 Key 3: b462429eb4
--------------
Final Key: 88a4307e6
Opening Player-Data//4-TT-8/Triples-TT-P0
Opening Player-Data//4-TT-8/Triples-TT-P1
Opening Player-Data//4-TT-8/Triples-TT-P2
Opening Player-Data//4-TT-8/Triples-TT-P3
Opening Player-Data//4-TT-8/Bits-TT-P0
Opening Player-Data//4-TT-8/Bits-TT-P1
Opening Player-Data//4-TT-8/Bits-TT-P2
Opening Player-Data//4-TT-8/Bits-TT-P3
Opening Player-Data//4-TT-8/Inputs-TT-P0-0
Opening Player-Data//4-TT-8/Inputs-TT-P1-0
Opening Player-Data//4-TT-8/Inputs-TT-P2-0
Opening Player-Data//4-TT-8/Inputs-TT-P3-0
Opening Player-Data//4-TT-8/Inputs-TT-P0-1
Opening Player-Data//4-TT-8/Inputs-TT-P1-1
Opening Player-Data//4-TT-8/Inputs-TT-P2-1
Opening Player-Data//4-TT-8/Inputs-TT-P3-1
Opening Player-Data//4-TT-8/Inputs-TT-P0-2
Opening Player-Data//4-TT-8/Inputs-TT-P1-2
Opening Player-Data//4-TT-8/Inputs-TT-P2-2
Opening Player-Data//4-TT-8/Inputs-TT-P3-2
Opening Player-Data//4-TT-8/Inputs-TT-P0-3
Opening Player-Data//4-TT-8/Inputs-TT-P1-3
Opening Player-Data//4-TT-8/Inputs-TT-P2-3
Opening Player-Data//4-TT-8/Inputs-TT-P3-3
Opening Player-Data//4-Z64,64-64/daBits-Z64,64-P0
Opening Player-Data//4-Z64,64-64/daBits-Z64,64-P1
Opening Player-Data//4-Z64,64-64/daBits-Z64,64-P2
Opening Player-Data//4-Z64,64-64/daBits-Z64,64-P3
Opening Player-Data//4-MS2-8/Triples-MS2-P0
Opening Player-Data//4-MS2-8/Triples-MS2-P1
Opening Player-Data//4-MS2-8/Triples-MS2-P2
Opening Player-Data//4-MS2-8/Triples-MS2-P3
Opening Player-Data//4-MS2-8/Bits-MS2-P0
Opening Player-Data//4-MS2-8/Bits-MS2-P1
Opening Player-Data//4-MS2-8/Bits-MS2-P2
Opening Player-Data//4-MS2-8/Bits-MS2-P3
Opening Player-Data//4-R42-128/Triples-R42-P0
Opening Player-Data//4-R42-128/Triples-R42-P1
Opening Player-Data//4-R42-128/Triples-R42-P2
Opening Player-Data//4-R42-128/Triples-R42-P3
Opening Player-Data//4-R42-128/Bits-R42-P0
Opening Player-Data//4-R42-128/Bits-R42-P1
Opening Player-Data//4-R42-128/Bits-R42-P2
Opening Player-Data//4-R42-128/Bits-R42-P3
Opening Player-Data//4-R42-128/Inputs-R42-P0-0
Opening Player-Data//4-R42-128/Inputs-R42-P1-0
Opening Player-Data//4-R42-128/Inputs-R42-P2-0
Opening Player-Data//4-R42-128/Inputs-R42-P3-0
Opening Player-Data//4-R42-128/Inputs-R42-P0-1
Opening Player-Data//4-R42-128/Inputs-R42-P1-1
Opening Player-Data//4-R42-128/Inputs-R42-P2-1
Opening Player-Data//4-R42-128/Inputs-R42-P3-1
Opening Player-Data//4-R42-128/Inputs-R42-P0-2
Opening Player-Data//4-R42-128/Inputs-R42-P1-2
Opening Player-Data//4-R42-128/Inputs-R42-P2-2
Opening Player-Data//4-R42-128/Inputs-R42-P3-2
Opening Player-Data//4-R42-128/Inputs-R42-P0-3
Opening Player-Data//4-R42-128/Inputs-R42-P1-3
Opening Player-Data//4-R42-128/Inputs-R42-P2-3
Opening Player-Data//4-R42-128/Inputs-R42-P3-3
Opening Player-Data//4-R42-128/Squares-R42-P0
Opening Player-Data//4-R42-128/Squares-R42-P1
Opening Player-Data//4-R42-128/Squares-R42-P2
Opening Player-Data//4-R42-128/Squares-R42-P3
Opening Player-Data//4-R42-128/daBits-R42-P0
Opening Player-Data//4-R42-128/daBits-R42-P1
Opening Player-Data//4-R42-128/daBits-R42-P2
Opening Player-Data//4-R42-128/daBits-R42-P3
Opening Player-Data//4-R42-128/Inverses-R42-P0
Opening Player-Data//4-R42-128/Inverses-R42-P1
Opening Player-Data//4-R42-128/Inverses-R42-P2
Opening Player-Data//4-R42-128/Inverses-R42-P3
Opening Player-Data//4-D2-128/Triples-D2-P0
Opening Player-Data//4-D2-128/Triples-D2-P1
Opening Player-Data//4-D2-128/Triples-D2-P2
Opening Player-Data//4-D2-128/Triples-D2-P3
Opening Player-Data//4-D2-128/Bits-D2-P0
Opening Player-Data//4-D2-128/Bits-D2-P1
Opening Player-Data//4-D2-128/Bits-D2-P2
Opening Player-Data//4-D2-128/Bits-D2-P3
Opening Player-Data//4-D2-128/Inputs-D2-P0-0
Opening Player-Data//4-D2-128/Inputs-D2-P1-0
Opening Player-Data//4-D2-128/Inputs-D2-P2-0
Opening Player-Data//4-D2-128/Inputs-D2-P3-0
Opening Player-Data//4-D2-128/Inputs-D2-P0-1
Opening Player-Data//4-D2-128/Inputs-D2-P1-1
Opening Player-Data//4-D2-128/Inputs-D2-P2-1
Opening Player-Data//4-D2-128/Inputs-D2-P3-1
Opening Player-Data//4-D2-128/Inputs-D2-P0-2
Opening Player-Data//4-D2-128/Inputs-D2-P1-2
Opening Player-Data//4-D2-128/Inputs-D2-P2-2
Opening Player-Data//4-D2-128/Inputs-D2-P3-2
Opening Player-Data//4-D2-128/Inputs-D2-P0-3
Opening Player-Data//4-D2-128/Inputs-D2-P1-3
Opening Player-Data//4-D2-128/Inputs-D2-P2-3
Opening Player-Data//4-D2-128/Inputs-D2-P3-3
Opening Player-Data//4-D2-128/Squares-D2-P0
Opening Player-Data//4-D2-128/Squares-D2-P1
Opening Player-Data//4-D2-128/Squares-D2-P2
Opening Player-Data//4-D2-128/Squares-D2-P3
Opening Player-Data//4-D2-128/daBits-D2-P0
Opening Player-Data//4-D2-128/daBits-D2-P1
Opening Player-Data//4-D2-128/daBits-D2-P2
Opening Player-Data//4-D2-128/daBits-D2-P3
Opening Player-Data//4-D2-128/Inverses-D2-P0
Opening Player-Data//4-D2-128/Inverses-D2-P1
Opening Player-Data//4-D2-128/Inverses-D2-P2
Opening Player-Data//4-D2-128/Inverses-D2-P3
Opening Player-Data//4-DD2-128/Triples-DD2-P0
Opening Player-Data//4-DD2-128/Triples-DD2-P1
Opening Player-Data//4-DD2-128/Triples-DD2-P2
Opening Player-Data//4-DD2-128/Triples-DD2-P3
Opening Player-Data//4-DD2-128/Bits-DD2-P0
Opening Player-Data//4-DD2-128/Bits-DD2-P1
Opening Player-Data//4-DD2-128/Bits-DD2-P2
Opening Player-Data//4-DD2-128/Bits-DD2-P3
Opening Player-Data//4-DD2-128/Inputs-DD2-P0-0
Opening Player-Data//4-DD2-128/Inputs-DD2-P1-0
Opening Player-Data//4-DD2-128/Inputs-DD2-P2-0
Opening Player-Data//4-DD2-128/Inputs-DD2-P3-0
Opening Player-Data//4-DD2-128/Inputs-DD2-P0-1
Opening Player-Data//4-DD2-128/Inputs-DD2-P1-1
Opening Player-Data//4-DD2-128/Inputs-DD2-P2-1
Opening Player-Data//4-DD2-128/Inputs-DD2-P3-1
Opening Player-Data//4-DD2-128/Inputs-DD2-P0-2
Opening Player-Data//4-DD2-128/Inputs-DD2-P1-2
Opening Player-Data//4-DD2-128/Inputs-DD2-P2-2
Opening Player-Data//4-DD2-128/Inputs-DD2-P3-2
Opening Player-Data//4-DD2-128/Inputs-DD2-P0-3
Opening Player-Data//4-DD2-128/Inputs-DD2-P1-3
Opening Player-Data//4-DD2-128/Inputs-DD2-P2-3
Opening Player-Data//4-DD2-128/Inputs-DD2-P3-3
Opening Player-Data//4-DD2-128/Squares-DD2-P0
Opening Player-Data//4-DD2-128/Squares-DD2-P1
Opening Player-Data//4-DD2-128/Squares-DD2-P2
Opening Player-Data//4-DD2-128/Squares-DD2-P3
Opening Player-Data//4-DD2-128/daBits-DD2-P0
Opening Player-Data//4-DD2-128/daBits-DD2-P1
Opening Player-Data//4-DD2-128/daBits-DD2-P2
Opening Player-Data//4-DD2-128/daBits-DD2-P3
Opening Player-Data//4-DD2-128/Inverses-DD2-P0
Opening Player-Data//4-DD2-128/Inverses-DD2-P1
Opening Player-Data//4-DD2-128/Inverses-DD2-P2
Opening Player-Data//4-DD2-128/Inverses-DD2-P3
Opening Player-Data//4-S2-128/Triples-S2-P0
Opening Player-Data//4-S2-128/Triples-S2-P1
Opening Player-Data//4-S2-128/Triples-S2-P2
Opening Player-Data//4-S2-128/Triples-S2-P3
Opening Player-Data//4-S2-128/Bits-S2-P0
Opening Player-Data//4-S2-128/Bits-S2-P1
Opening Player-Data//4-S2-128/Bits-S2-P2
Opening Player-Data//4-S2-128/Bits-S2-P3
Opening Player-Data//4-S2-128/Inputs-S2-P0-0
Opening Player-Data//4-S2-128/Inputs-S2-P1-0
Opening Player-Data//4-S2-128/Inputs-S2-P2-0
Opening Player-Data//4-S2-128/Inputs-S2-P3-0
Opening Player-Data//4-S2-128/Inputs-S2-P0-1
Opening Player-Data//4-S2-128/Inputs-S2-P1-1
Opening Player-Data//4-S2-128/Inputs-S2-P2-1
Opening Player-Data//4-S2-128/Inputs-S2-P3-1
Opening Player-Data//4-S2-128/Inputs-S2-P0-2
Opening Player-Data//4-S2-128/Inputs-S2-P1-2
Opening Player-Data//4-S2-128/Inputs-S2-P2-2
Opening Player-Data//4-S2-128/Inputs-S2-P3-2
Opening Player-Data//4-S2-128/Inputs-S2-P0-3
Opening Player-Data//4-S2-128/Inputs-S2-P1-3
Opening Player-Data//4-S2-128/Inputs-S2-P2-3
Opening Player-Data//4-S2-128/Inputs-S2-P3-3
Opening Player-Data//4-S2-128/Squares-S2-P0
Opening Player-Data//4-S2-128/Squares-S2-P1
Opening Player-Data//4-S2-128/Squares-S2-P2
Opening Player-Data//4-S2-128/Squares-S2-P3
Opening Player-Data//4-S2-128/daBits-S2-P0
Opening Player-Data//4-S2-128/daBits-S2-P1
Opening Player-Data//4-S2-128/daBits-S2-P2
Opening Player-Data//4-S2-128/daBits-S2-P3
Opening Player-Data//4-S2-128/Inverses-S2-P0
Opening Player-Data//4-S2-128/Inverses-S2-P1
Opening Player-Data//4-S2-128/Inverses-S2-P2
Opening Player-Data//4-S2-128/Inverses-S2-P3
Opening Player-Data//4-MS2-128/Triples-MS2-P0
Opening Player-Data//4-MS2-128/Triples-MS2-P1
Opening Player-Data//4-MS2-128/Triples-MS2-P2
Opening Player-Data//4-MS2-128/Triples-MS2-P3
Opening Player-Data//4-MS2-128/Bits-MS2-P0
Opening Player-Data//4-MS2-128/Bits-MS2-P1
Opening Player-Data//4-MS2-128/Bits-MS2-P2
Opening Player-Data//4-MS2-128/Bits-MS2-P3
Opening Player-Data//4-MS2-128/Inputs-MS2-P0-0
Opening Player-Data//4-MS2-128/Inputs-MS2-P1-0
Opening Player-Data//4-MS2-128/Inputs-MS2-P2-0
Opening Player-Data//4-MS2-128/Inputs-MS2-P3-0
Opening Player-Data//4-MS2-128/Inputs-MS2-P0-1
Opening Player-Data//4-MS2-128/Inputs-MS2-P1-1
Opening Player-Data//4-MS2-128/Inputs-MS2-P2-1
Opening Player-Data//4-MS2-128/Inputs-MS2-P3-1
Opening Player-Data//4-MS2-128/Inputs-MS2-P0-2
Opening Player-Data//4-MS2-128/Inputs-MS2-P1-2
Opening Player-Data//4-MS2-128/Inputs-MS2-P2-2
Opening Player-Data//4-MS2-128/Inputs-MS2-P3-2
Opening Player-Data//4-MS2-128/Inputs-MS2-P0-3
Opening Player-Data//4-MS2-128/Inputs-MS2-P1-3
Opening Player-Data//4-MS2-128/Inputs-MS2-P2-3
Opening Player-Data//4-MS2-128/Inputs-MS2-P3-3
Opening Player-Data//4-MS2-128/Squares-MS2-P0
Opening Player-Data//4-MS2-128/Squares-MS2-P1
Opening Player-Data//4-MS2-128/Squares-MS2-P2
Opening Player-Data//4-MS2-128/Squares-MS2-P3
Opening Player-Data//4-MS2-128/daBits-MS2-P0
Opening Player-Data//4-MS2-128/daBits-MS2-P1
Opening Player-Data//4-MS2-128/daBits-MS2-P2
Opening Player-Data//4-MS2-128/daBits-MS2-P3
Opening Player-Data//4-MS2-128/Inverses-MS2-P0
Opening Player-Data//4-MS2-128/Inverses-MS2-P1
Opening Player-Data//4-MS2-128/Inverses-MS2-P2
Opening Player-Data//4-MS2-128/Inverses-MS2-P3
 Key 0: b55c102b3c8652087ed4eb8a0dc7b732
 Key 1: 7af679ce74f467bb2a264bcf2acb1a12
 Key 2: c06fa16d4cda74d5e677d40c37cf7e8f
 Key 3: e5a2aa04e4100cdd83c30b4564d240d5
--------------
Final Key: 0fc5c88804a84166b285744910c3d3af
Opening Player-Data//4-SYMS2-128/Triples-SYMS2-P0
Opening Player-Data//4-SYMS2-128/Triples-SYMS2-P1
Opening Player-Data//4-SYMS2-128/Triples-SYMS2-P2
Opening Player-Data//4-SYMS2-128/Triples-SYMS2-P3
Opening Player-Data//4-SYMS2-128/Bits-SYMS2-P0
Opening Player-Data//4-SYMS2-128/Bits-SYMS2-P1
Opening Player-Data//4-SYMS2-128/Bits-SYMS2-P2
Opening Player-Data//4-SYMS2-128/Bits-SYMS2-P3
Opening Player-Data//4-SYMS2-128/Inputs-SYMS2-P0-0
Opening Player-Data//4-SYMS2-128/Inputs-SYMS2-P1-0
Opening Player-Data//4-SYMS2-128/Inputs-SYMS2-P2-0
Opening Player-Data//4-SYMS2-128/Inputs-SYMS2-P3-0
Opening Player-Data//4-SYMS2-128/Inputs-SYMS2-P0-1
Opening Player-Data//4-SYMS2-128/Inputs-SYMS2-P1-1
Opening Player-Data//4-SYMS2-128/Inputs-SYMS2-P2-1
Opening Player-Data//4-SYMS2-128/Inputs-SYMS2-P3-1
Opening Player-Data//4-SYMS2-128/Inputs-SYMS2-P0-2
Opening Player-Data//4-SYMS2-128/Inputs-SYMS2-P1-2
Opening Player-Data//4-SYMS2-128/Inputs-SYMS2-P2-2
Opening Player-Data//4-SYMS2-128/Inputs-SYMS2-P3-2
Opening Player-Data//4-SYMS2-128/Inputs-SYMS2-P0-3
Opening Player-Data//4-SYMS2-128/Inputs-SYMS2-P1-3
Opening Player-Data//4-SYMS2-128/Inputs-SYMS2-P2-3
Opening Player-Data//4-SYMS2-128/Inputs-SYMS2-P3-3
Opening Player-Data//4-SYMS2-128/Squares-SYMS2-P0
Opening Player-Data//4-SYMS2-128/Squares-SYMS2-P1
Opening Player-Data//4-SYMS2-128/Squares-SYMS2-P2
Opening Player-Data//4-SYMS2-128/Squares-SYMS2-P3
Opening Player-Data//4-SYMS2-128/daBits-SYMS2-P0
Opening Player-Data//4-SYMS2-128/daBits-SYMS2-P1
Opening Player-Data//4-SYMS2-128/daBits-SYMS2-P2
Opening Player-Data//4-SYMS2-128/daBits-SYMS2-P3
Opening Player-Data//4-SYMS2-128/Inverses-SYMS2-P0
Opening Player-Data//4-SYMS2-128/Inverses-SYMS2-P1
Opening Player-Data//4-SYMS2-128/Inverses-SYMS2-P2
Opening Player-Data//4-SYMS2-128/Inverses-SYMS2-P3
Opening Player-Data//4-R42-40/Triples-R42-P0
Opening Player-Data//4-R42-40/Triples-R42-P1
Opening Player-Data//4-R42-40/Triples-R42-P2
Opening Player-Data//4-R42-40/Triples-R42-P3
Opening Player-Data//4-R42-40/Bits-R42-P0
Opening Player-Data//4-R42-40/Bits-R42-P1
Opening Player-Data//4-R42-40/Bits-R42-P2
Opening Player-Data//4-R42-40/Bits-R42-P3
Opening Player-Data//4-R42-40/Inputs-R42-P0-0
Opening Player-Data//4-R42-40/Inputs-R42-P1-0
Opening Player-Data//4-R42-40/Inputs-R42-P2-0
Opening Player-Data//4-R42-40/Inputs-R42-P3-0
Opening Player-Data//4-R42-40/Inputs-R42-P0-1
Opening Player-Data//4-R42-40/Inputs-R42-P1-1
Opening Player-Data//4-R42-40/Inputs-R42-P2-1
Opening Player-Data//4-R42-40/Inputs-R42-P3-1
Opening Player-Data//4-R42-40/Inputs-R42-P0-2
Opening Player-Data//4-R42-40/Inputs-R42-P1-2
Opening Player-Data//4-R42-40/Inputs-R42-P2-2
Opening Player-Data//4-R42-40/Inputs-R42-P3-2
Opening Player-Data//4-R42-40/Inputs-R42-P0-3
Opening Player-Data//4-R42-40/Inputs-R42-P1-3
Opening Player-Data//4-R42-40/Inputs-R42-P2-3
Opening Player-Data//4-R42-40/Inputs-R42-P3-3
Opening Player-Data//4-R42-40/Squares-R42-P0
Opening Player-Data//4-R42-40/Squares-R42-P1
Opening Player-Data//4-R42-40/Squares-R42-P2
Opening Player-Data//4-R42-40/Squares-R42-P3
Opening Player-Data//4-R42-40/daBits-R42-P0
Opening Player-Data//4-R42-40/daBits-R42-P1
Opening Player-Data//4-R42-40/daBits-R42-P2
Opening Player-Data//4-R42-40/daBits-R42-P3
Opening Player-Data//4-R42-40/Inverses-R42-P0
Opening Player-Data//4-R42-40/Inverses-R42-P1
Opening Player-Data//4-R42-40/Inverses-R42-P2
Opening Player-Data//4-R42-40/Inverses-R42-P3
Opening Player-Data//4-D2-40/Triples-D2-P0
Opening Player-Data//4-D2-40/Triples-D2-P1
Opening Player-Data//4-D2-40/Triples-D2-P2
Opening Player-Data//4-D2-40/Triples-D2-P3
Opening Player-Data//4-D2-40/Bits-D2-P0
Opening Player-Data//4-D2-40/Bits-D2-P1
Opening Player-Data//4-D2-40/Bits-D2-P2
Opening Player-Data//4-D2-40/Bits-D2-P3
Opening Player-Data//4-D2-40/Inputs-D2-P0-0
Opening Player-Data//4-D2-40/Inputs-D2-P1-0
Opening Player-Data//4-D2-40/Inputs-D2-P2-0
Opening Player-Data//4-D2-40/Inputs-D2-P3-0
Opening Player-Data//4-D2-40/Inputs-D2-P0-1
Opening Player-Data//4-D2-40/Inputs-D2-P1-1
Opening Player-Data//4-D2-40/Inputs-D2-P2-1
Opening Player-Data//4-D2-40/Inputs-D2-P3-1
Opening Player-Data//4-D2-40/Inputs-D2-P0-2
Opening Player-Data//4-D2-40/Inputs-D2-P1-2
Opening Player-Data//4-D2-40/Inputs-D2-P2-2
Opening Player-Data//4-D2-40/Inputs-D2-P3-2
Opening Player-Data//4-D2-40/Inputs-D2-P0-3
Opening Player-Data//4-D2-40/Inputs-D2-P1-3
Opening Player-Data//4-D2-40/Inputs-D2-P2-3
Opening Player-Data//4-D2-40/Inputs-D2-P3-3
Opening Player-Data//4-D2-40/Squares-D2-P0
Opening Player-Data//4-D2-40/Squares-D2-P1
Opening Player-Data//4-D2-40/Squares-D2-P2
Opening Player-Data//4-D2-40/Squares-D2-P3
Opening Player-Data//4-D2-40/daBits-D2-P0
Opening Player-Data//4-D2-40/daBits-D2-P1
Opening Player-Data//4-D2-40/daBits-D2-P2
Opening Player-Data//4-D2-40/daBits-D2-P3
Opening Player-Data//4-D2-40/Inverses-D2-P0
Opening Player-Data//4-D2-40/Inverses-D2-P1
Opening Player-Data//4-D2-40/Inverses-D2-P2
Opening Player-Data//4-D2-40/Inverses-D2-P3
Opening Player-Data//4-DD2-40/Triples-DD2-P0
Opening Player-Data//4-DD2-40/Triples-DD2-P1
Opening Player-Data//4-DD2-40/Triples-DD2-P2
Opening Player-Data//4-DD2-40/Triples-DD2-P3
Opening Player-Data//4-DD2-40/Bits-DD2-P0
Opening Player-Data//4-DD2-40/Bits-DD2-P1
Opening Player-Data//4-DD2-40/Bits-DD2-P2
Opening Player-Data//4-DD2-40/Bits-DD2-P3
Opening Player-Data//4-DD2-40/Inputs-DD2-P0-0
Opening Player-Data//4-DD2-40/Inputs-DD2-P1-0
Opening Player-Data//4-DD2-40/Inputs-DD2-P2-0
Opening Player-Data//4-DD2-40/Inputs-DD2-P3-0
Opening Player-Data//4-DD2-40/Inputs-DD2-P0-1
Opening Player-Data//4-DD2-40/Inputs-DD2-P1-1
Opening Player-Data//4-DD2-40/Inputs-DD2-P2-1
Opening Player-Data//4-DD2-40/Inputs-DD2-P3-1
Opening Player-Data//4-DD2-40/Inputs-DD2-P0-2
Opening Player-Data//4-DD2-40/Inputs-DD2-P1-2
Opening Player-Data//4-DD2-40/Inputs-DD2-P2-2
Opening Player-Data//4-DD2-40/Inputs-DD2-P3-2
Opening Player-Data//4-DD2-40/Inputs-DD2-P0-3
Opening Player-Data//4-DD2-40/Inputs-DD2-P1-3
Opening Player-Data//4-DD2-40/Inputs-DD2-P2-3
Opening Player-Data//4-DD2-40/Inputs-DD2-P3-3
Opening Player-Data//4-DD2-40/Squares-DD2-P0
Opening Player-Data//4-DD2-40/Squares-DD2-P1
Opening Player-Data//4-DD2-40/Squares-DD2-P2
Opening Player-Data//4-DD2-40/Squares-DD2-P3
Opening Player-Data//4-DD2-40/daBits-DD2-P0
Opening Player-Data//4-DD2-40/daBits-DD2-P1
Opening Player-Data//4-DD2-40/daBits-DD2-P2
Opening Player-Data//4-DD2-40/daBits-DD2-P3
Opening Player-Data//4-DD2-40/Inverses-DD2-P0
Opening Player-Data//4-DD2-40/Inverses-DD2-P1
Opening Player-Data//4-DD2-40/Inverses-DD2-P2
Opening Player-Data//4-DD2-40/Inverses-DD2-P3
Opening Player-Data//4-S2-40/Triples-S2-P0
Opening Player-Data//4-S2-40/Triples-S2-P1
Opening Player-Data//4-S2-40/Triples-S2-P2
Opening Player-Data//4-S2-40/Triples-S2-P3
Opening Player-Data//4-S2-40/Bits-S2-P0
Opening Player-Data//4-S2-40/Bits-S2-P1
Opening Player-Data//4-S2-40/Bits-S2-P2
Opening Player-Data//4-S2-40/Bits-S2-P3
Opening Player-Data//4-S2-40/Inputs-S2-P0-0
Opening Player-Data//4-S2-40/Inputs-S2-P1-0
Opening Player-Data//4-S2-40/Inputs-S2-P2-0
Opening Player-Data//4-S2-40/Inputs-S2-P3-0
Opening Player-Data//4-S2-40/Inputs-S2-P0-1
Opening Player-Data//4-S2-40/Inputs-S2-P1-1
Opening Player-Data//4-S2-40/Inputs-S2-P2-1
Opening Player-Data//4-S2-40/Inputs-S2-P3-1
Opening Player-Data//4-S2-40/Inputs-S2-P0-2
Opening Player-Data//4-S2-40/Inputs-S2-P1-2
Opening Player-Data//4-S2-40/Inputs-S2-P2-2
Opening Player-Data//4-S2-40/Inputs-S2-P3-2
Opening Player-Data//4-S2-40/Inputs-S2-P0-3
Opening Player-Data//4-S2-40/Inputs-S2-P1-3
Opening Player-Data//4-S2-40/Inputs-S2-P2-3
Opening Player-Data//4-S2-40/Inputs-S2-P3-3
Opening Player-Data//4-S2-40/Squares-S2-P0
Opening Player-Data//4-S2-40/Squares-S2-P1
Opening Player-Data//4-S2-40/Squares-S2-P2
Opening Player-Data//4-S2-40/Squares-S2-P3
Opening Player-Data//4-S2-40/daBits-S2-P0
Opening Player-Data//4-S2-40/daBits-S2-P1
Opening Player-Data//4-S2-40/daBits-S2-P2
Opening Player-Data//4-S2-40/daBits-S2-P3
Opening Player-Data//4-S2-40/Inverses-S2-P0
Opening Player-Data//4-S2-40/Inverses-S2-P1
Opening Player-Data//4-S2-40/Inverses-S2-P2
Opening Player-Data//4-S2-40/Inverses-S2-P3
Opening Player-Data//4-MS2-40/Triples-MS2-P0
Opening Player-Data//4-MS2-40/Triples-MS2-P1
Opening Player-Data//4-MS2-40/Triples-MS2-P2
Opening Player-Data//4-MS2-40/Triples-MS2-P3
Opening Player-Data//4-MS2-40/Bits-MS2-P0
Opening Player-Data//4-MS2-40/Bits-MS2-P1
Opening Player-Data//4-MS2-40/Bits-MS2-P2
Opening Player-Data//4-MS2-40/Bits-MS2-P3
Opening Player-Data//4-MS2-40/Inputs-MS2-P0-0
Opening Player-Data//4-MS2-40/Inputs-MS2-P1-0
Opening Player-Data//4-MS2-40/Inputs-MS2-P2-0
Opening Player-Data//4-MS2-40/Inputs-MS2-P3-0
Opening Player-Data//4-MS2-40/Inputs-MS2-P0-1
Opening Player-Data//4-MS2-40/Inputs-MS2-P1-1
Opening Player-Data//4-MS2-40/Inputs-MS2-P2-1
Opening Player-Data//4-MS2-40/Inputs-MS2-P3-1
Opening Player-Data//4-MS2-40/Inputs-MS2-P0-2
Opening Player-Data//4-MS2-40/Inputs-MS2-P1-2
Opening Player-Data//4-MS2-40/Inputs-MS2-P2-2
Opening Player-Data//4-MS2-40/Inputs-MS2-P3-2
Opening Player-Data//4-MS2-40/Inputs-MS2-P0-3
Opening Player-Data//4-MS2-40/Inputs-MS2-P1-3
Opening Player-Data//4-MS2-40/Inputs-MS2-P2-3
Opening Player-Data//4-MS2-40/Inputs-MS2-P3-3
Opening Player-Data//4-MS2-40/Squares-MS2-P0
Opening Player-Data//4-MS2-40/Squares-MS2-P1
Opening Player-Data//4-MS2-40/Squares-MS2-P2
Opening Player-Data//4-MS2-40/Squares-MS2-P3
Opening Player-Data//4-MS2-40/daBits-MS2-P0
Opening Player-Data//4-MS2-40/daBits-MS2-P1
Opening Player-Data//4-MS2-40/daBits-MS2-P2
Opening Player-Data//4-MS2-40/daBits-MS2-P3
Opening Player-Data//4-MS2-40/Inverses-MS2-P0
Opening Player-Data//4-MS2-40/Inverses-MS2-P1
Opening Player-Data//4-MS2-40/Inverses-MS2-P2
Opening Player-Data//4-MS2-40/Inverses-MS2-P3
 Key 0: f8b691f7f7
 Key 1: b3e0aa306a
 Key 2: 752d4cf11e
 Key 3: 254cddbf50
--------------
Final Key: 3e7b773683
Opening Player-Data//4-SYMS2-40/Triples-SYMS2-P0
Opening Player-Data//4-SYMS2-40/Triples-SYMS2-P1
Opening Player-Data//4-SYMS2-40/Triples-SYMS2-P2
Opening Player-Data//4-SYMS2-40/Triples-SYMS2-P3
Opening Player-Data//4-SYMS2-40/Bits-SYMS2-P0
Opening Player-Data//4-SYMS2-40/Bits-SYMS2-P1
Opening Player-Data//4-SYMS2-40/Bits-SYMS2-P2
Opening Player-Data//4-SYMS2-40/Bits-SYMS2-P3
Opening Player-Data//4-SYMS2-40/Inputs-SYMS2-P0-0
Opening Player-Data//4-SYMS2-40/Inputs-SYMS2-P1-0
Opening Player-Data//4-SYMS2-40/Inputs-SYMS2-P2-0
Opening Player-Data//4-SYMS2-40/Inputs-SYMS2-P3-0
Opening Player-Data//4-SYMS2-40/Inputs-SYMS2-P0-1
Opening Player-Data//4-SYMS2-40/Inputs-SYMS2-P1-1
Opening Player-Data//4-SYMS2-40/Inputs-SYMS2-P2-1
Opening Player-Data//4-SYMS2-40/Inputs-SYMS2-P3-1
Opening Player-Data//4-SYMS2-40/Inputs-SYMS2-P0-2
Opening Player-Data//4-SYMS2-40/Inputs-SYMS2-P1-2
Opening Player-Data//4-SYMS2-40/Inputs-SYMS2-P2-2
Opening Player-Data//4-SYMS2-40/Inputs-SYMS2-P3-2
Opening Player-Data//4-SYMS2-40/Inputs-SYMS2-P0-3
Opening Player-Data//4-SYMS2-40/Inputs-SYMS2-P1-3
Opening Player-Data//4-SYMS2-40/Inputs-SYMS2-P2-3
Opening Player-Data//4-SYMS2-40/Inputs-SYMS2-P3-3
Opening Player-Data//4-SYMS2-40/Squares-SYMS2-P0
Opening Player-Data//4-SYMS2-40/Squares-SYMS2-P1
Opening Player-Data//4-SYMS2-40/Squares-SYMS2-P2
Opening Player-Data//4-SYMS2-40/Squares-SYMS2-P3
Opening Player-Data//4-SYMS2-40/daBits-SYMS2-P0
Opening Player-Data//4-SYMS2-40/daBits-SYMS2-P1
Opening Player-Data//4-SYMS2-40/daBits-SYMS2-P2
Opening Player-Data//4-SYMS2-40/daBits-SYMS2-P3
Opening Player-Data//4-SYMS2-40/Inverses-SYMS2-P0
Opening Player-Data//4-SYMS2-40/Inverses-SYMS2-P1
Opening Player-Data//4-SYMS2-40/Inverses-SYMS2-P2
Opening Player-Data//4-SYMS2-40/Inverses-SYMS2-P3
Opening Player-Data//4-R4R-64/Triples-R4R-P0
Opening Player-Data//4-R4R-64/Triples-R4R-P1
Opening Player-Data//4-R4R-64/Triples-R4R-P2
Opening Player-Data//4-R4R-64/Triples-R4R-P3
Opening Player-Data//4-R4R-64/Bits-R4R-P0
Opening Player-Data//4-R4R-64/Bits-R4R-P1
Opening Player-Data//4-R4R-64/Bits-R4R-P2
Opening Player-Data//4-R4R-64/Bits-R4R-P3
Opening Player-Data//4-R4R-64/Inputs-R4R-P0-0
Opening Player-Data//4-R4R-64/Inputs-R4R-P1-0
Opening Player-Data//4-R4R-64/Inputs-R4R-P2-0
Opening Player-Data//4-R4R-64/Inputs-R4R-P3-0
Opening Player-Data//4-R4R-64/Inputs-R4R-P0-1
Opening Player-Data//4-R4R-64/Inputs-R4R-P1-1
Opening Player-Data//4-R4R-64/Inputs-R4R-P2-1
Opening Player-Data//4-R4R-64/Inputs-R4R-P3-1
Opening Player-Data//4-R4R-64/Inputs-R4R-P0-2
Opening Player-Data//4-R4R-64/Inputs-R4R-P1-2
Opening Player-Data//4-R4R-64/Inputs-R4R-P2-2
Opening Player-Data//4-R4R-64/Inputs-R4R-P3-2
Opening Player-Data//4-R4R-64/Inputs-R4R-P0-3
Opening Player-Data//4-R4R-64/Inputs-R4R-P1-3
Opening Player-Data//4-R4R-64/Inputs-R4R-P2-3
Opening Player-Data//4-R4R-64/Inputs-R4R-P3-3
Opening Player-Data//4-R4R-64/Squares-R4R-P0
Opening Player-Data//4-R4R-64/Squares-R4R-P1
Opening Player-Data//4-R4R-64/Squares-R4R-P2
Opening Player-Data//4-R4R-64/Squares-R4R-P3
Opening Player-Data//4-R4R-64/daBits-R4R-P0
Opening Player-Data//4-R4R-64/daBits-R4R-P1
Opening Player-Data//4-R4R-64/daBits-R4R-P2
Opening Player-Data//4-R4R-64/daBits-R4R-P3
Opening Player-Data//4-DR-64/Triples-DR-P0
Opening Player-Data//4-DR-64/Triples-DR-P1
Opening Player-Data//4-DR-64/Triples-DR-P2
Opening Player-Data//4-DR-64/Triples-DR-P3
Opening Player-Data//4-DR-64/Bits-DR-P0
Opening Player-Data//4-DR-64/Bits-DR-P1
Opening Player-Data//4-DR-64/Bits-DR-P2
Opening Player-Data//4-DR-64/Bits-DR-P3
Opening Player-Data//4-DR-64/Inputs-DR-P0-0
Opening Player-Data//4-DR-64/Inputs-DR-P1-0
Opening Player-Data//4-DR-64/Inputs-DR-P2-0
Opening Player-Data//4-DR-64/Inputs-DR-P3-0
Opening Player-Data//4-DR-64/Inputs-DR-P0-1
Opening Player-Data//4-DR-64/Inputs-DR-P1-1
Opening Player-Data//4-DR-64/Inputs-DR-P2-1
Opening Player-Data//4-DR-64/Inputs-DR-P3-1
Opening Player-Data//4-DR-64/Inputs-DR-P0-2
Opening Player-Data//4-DR-64/Inputs-DR-P1-2
Opening Player-Data//4-DR-64/Inputs-DR-P2-2
Opening Player-Data//4-DR-64/Inputs-DR-P3-2
Opening Player-Data//4-DR-64/Inputs-DR-P0-3
Opening Player-Data//4-DR-64/Inputs-DR-P1-3
Opening Player-Data//4-DR-64/Inputs-DR-P2-3
Opening Player-Data//4-DR-64/Inputs-DR-P3-3
Opening Player-Data//4-DR-64/Squares-DR-P0
Opening Player-Data//4-DR-64/Squares-DR-P1
Opening Player-Data//4-DR-64/Squares-DR-P2
Opening Player-Data//4-DR-64/Squares-DR-P3
Opening Player-Data//4-DR-64/daBits-DR-P0
Opening Player-Data//4-DR-64/daBits-DR-P1
Opening Player-Data//4-DR-64/daBits-DR-P2
Opening Player-Data//4-DR-64/daBits-DR-P3
Opening Player-Data//4-DDR-64/Triples-DDR-P0
Opening Player-Data//4-DDR-64/Triples-DDR-P1
Opening Player-Data//4-DDR-64/Triples-DDR-P2
Opening Player-Data//4-DDR-64/Triples-DDR-P3
Opening Player-Data//4-DDR-64/Bits-DDR-P0
Opening Player-Data//4-DDR-64/Bits-DDR-P1
Opening Player-Data//4-DDR-64/Bits-DDR-P2
Opening Player-Data//4-DDR-64/Bits-DDR-P3
Opening Player-Data//4-DDR-64/Inputs-DDR-P0-0
Opening Player-Data//4-DDR-64/Inputs-DDR-P1-0
Opening Player-Data//4-DDR-64/Inputs-DDR-P2-0
Opening Player-Data//4-DDR-64/Inputs-DDR-P3-0
Opening Player-Data//4-DDR-64/Inputs-DDR-P0-1
Opening Player-Data//4-DDR-64/Inputs-DDR-P1-1
Opening Player-Data//4-DDR-64/Inputs-DDR-P2-1
Opening Player-Data//4-DDR-64/Inputs-DDR-P3-1
Opening Player-Data//4-DDR-64/Inputs-DDR-P0-2
Opening Player-Data//4-DDR-64/Inputs-DDR-P1-2
Opening Player-Data//4-DDR-64/Inputs-DDR-P2-2
Opening Player-Data//4-DDR-64/Inputs-DDR-P3-2
Opening Player-Data//4-DDR-64/Inputs-DDR-P0-3
Opening Player-Data//4-DDR-64/Inputs-DDR-P1-3
Opening Player-Data//4-DDR-64/Inputs-DDR-P2-3
Opening Player-Data//4-DDR-64/Inputs-DDR-P3-3
Opening Player-Data//4-DDR-64/Squares-DDR-P0
Opening Player-Data//4-DDR-64/Squares-DDR-P1
Opening Player-Data//4-DDR-64/Squares-DDR-P2
Opening Player-Data//4-DDR-64/Squares-DDR-P3
Opening Player-Data//4-DDR-64/daBits-DDR-P0
Opening Player-Data//4-DDR-64/daBits-DDR-P1
Opening Player-Data//4-DDR-64/daBits-DDR-P2
Opening Player-Data//4-DDR-64/daBits-DDR-P3
Opening Player-Data//4-R4R-128/Triples-R4R-P0
Opening Player-Data//4-R4R-128/Triples-R4R-P1
Opening Player-Data//4-R4R-128/Triples-R4R-P2
Opening Player-Data//4-R4R-128/Triples-R4R-P3
Opening Player-Data//4-R4R-128/Bits-R4R-P0
Opening Player-Data//4-R4R-128/Bits-R4R-P1
Opening Player-Data//4-R4R-128/Bits-R4R-P2
Opening Player-Data//4-R4R-128/Bits-R4R-P3
Opening Player-Data//4-R4R-128/Inputs-R4R-P0-0
Opening Player-Data//4-R4R-128/Inputs-R4R-P1-0
Opening Player-Data//4-R4R-128/Inputs-R4R-P2-0
Opening Player-Data//4-R4R-128/Inputs-R4R-P3-0
Opening Player-Data//4-R4R-128/Inputs-R4R-P0-1
Opening Player-Data//4-R4R-128/Inputs-R4R-P1-1
Opening Player-Data//4-R4R-128/Inputs-R4R-P2-1
Opening Player-Data//4-R4R-128/Inputs-R4R-P3-1
Opening Player-Data//4-R4R-128/Inputs-R4R-P0-2
Opening Player-Data//4-R4R-128/Inputs-R4R-P1-2
Opening Player-Data//4-R4R-128/Inputs-R4R-P2-2
Opening Player-Data//4-R4R-128/Inputs-R4R-P3-2
Opening Player-Data//4-R4R-128/Inputs-R4R-P0-3
Opening Player-Data//4-R4R-128/Inputs-R4R-P1-3
Opening Player-Data//4-R4R-128/Inputs-R4R-P2-3
Opening Player-Data//4-R4R-128/Inputs-R4R-P3-3
Opening Player-Data//4-R4R-128/Squares-R4R-P0
Opening Player-Data//4-R4R-128/Squares-R4R-P1
Opening Player-Data//4-R4R-128/Squares-R4R-P2
Opening Player-Data//4-R4R-128/Squares-R4R-P3
Opening Player-Data//4-R4R-128/daBits-R4R-P0
Opening Player-Data//4-R4R-128/daBits-R4R-P1
Opening Player-Data//4-R4R-128/daBits-R4R-P2
Opening Player-Data//4-R4R-128/daBits-R4R-P3
Opening Player-Data//4-DR-128/Triples-DR-P0
Opening Player-Data//4-DR-128/Triples-DR-P1
Opening Player-Data//4-DR-128/Triples-DR-P2
Opening Player-Data//4-DR-128/Triples-DR-P3
Opening Player-Data//4-DR-128/Bits-DR-P0
Opening Player-Data//4-DR-128/Bits-DR-P1
Opening Player-Data//4-DR-128/Bits-DR-P2
Opening Player-Data//4-DR-128/Bits-DR-P3
Opening Player-Data//4-DR-128/Inputs-DR-P0-0
Opening Player-Data//4-DR-128/Inputs-DR-P1-0
Opening Player-Data//4-DR-128/Inputs-DR-P2-0
Opening Player-Data//4-DR-128/Inputs-DR-P3-0
Opening Player-Data//4-DR-128/Inputs-DR-P0-1
Opening Player-Data//4-DR-128/Inputs-DR-P1-1
Opening Player-Data//4-DR-128/Inputs-DR-P2-1
Opening Player-Data//4-DR-128/Inputs-DR-P3-1
Opening Player-Data//4-DR-128/Inputs-DR-P0-2
Opening Player-Data//4-DR-128/Inputs-DR-P1-2
Opening Player-Data//4-DR-128/Inputs-DR-P2-2
Opening Player-Data//4-DR-128/Inputs-DR-P3-2
Opening Player-Data//4-DR-128/Inputs-DR-P0-3
Opening Player-Data//4-DR-128/Inputs-DR-P1-3
Opening Player-Data//4-DR-128/Inputs-DR-P2-3
Opening Player-Data//4-DR-128/Inputs-DR-P3-3
Opening Player-Data//4-DR-128/Squares-DR-P0
Opening Player-Data//4-DR-128/Squares-DR-P1
Opening Player-Data//4-DR-128/Squares-DR-P2
Opening Player-Data//4-DR-128/Squares-DR-P3
Opening Player-Data//4-DR-128/daBits-DR-P0
Opening Player-Data//4-DR-128/daBits-DR-P1
Opening Player-Data//4-DR-128/daBits-DR-P2
Opening Player-Data//4-DR-128/daBits-DR-P3
Opening Player-Data//4-DDR-128/Triples-DDR-P0
Opening Player-Data//4-DDR-128/Triples-DDR-P1
Opening Player-Data//4-DDR-128/Triples-DDR-P2
Opening Player-Data//4-DDR-128/Triples-DDR-P3
Opening Player-Data//4-DDR-128/Bits-DDR-P0
Opening Player-Data//4-DDR-128/Bits-DDR-P1
Opening Player-Data//4-DDR-128/Bits-DDR-P2
Opening Player-Data//4-DDR-128/Bits-DDR-P3
Opening Player-Data//4-DDR-128/Inputs-DDR-P0-0
Opening Player-Data//4-DDR-128/Inputs-DDR-P1-0
Opening Player-Data//4-DDR-128/Inputs-DDR-P2-0
Opening Player-Data//4-DDR-128/Inputs-DDR-P3-0
Opening Player-Data//4-DDR-128/Inputs-DDR-P0-1
Opening Player-Data//4-DDR-128/Inputs-DDR-P1-1
Opening Player-Data//4-DDR-128/Inputs-DDR-P2-1
Opening Player-Data//4-DDR-128/Inputs-DDR-P3-1
Opening Player-Data//4-DDR-128/Inputs-DDR-P0-2
Opening Player-Data//4-DDR-128/Inputs-DDR-P1-2
Opening Player-Data//4-DDR-128/Inputs-DDR-P2-2
Opening Player-Data//4-DDR-128/Inputs-DDR-P3-2
Opening Player-Data//4-DDR-128/Inputs-DDR-P0-3
Opening Player-Data//4-DDR-128/Inputs-DDR-P1-3
Opening Player-Data//4-DDR-128/Inputs-DDR-P2-3
Opening Player-Data//4-DDR-128/Inputs-DDR-P3-3
Opening Player-Data//4-DDR-128/Squares-DDR-P0
Opening Player-Data//4-DDR-128/Squares-DDR-P1
Opening Player-Data//4-DDR-128/Squares-DDR-P2
Opening Player-Data//4-DDR-128/Squares-DDR-P3
Opening Player-Data//4-DDR-128/daBits-DDR-P0
Opening Player-Data//4-DDR-128/daBits-DDR-P1
Opening Player-Data//4-DDR-128/daBits-DDR-P2
Opening Player-Data//4-DDR-128/daBits-DDR-P3
