WARNING: insecure preprocessing
 Key 0: 13909960517284054825
 Key 1: 4895241633119909663
 Key 2: 13472022851147465839
 Key 3: 6271807526482537460
 Key 4: 2347039150768521325
 Key 5: 16041673212524669736
 Key 6: 10471904353132300986
 Key 7: 11090220511546852639
--------------
Final Key: 78499869756006312473
 Key 0: b6002999ac0d4c2a51008de89a348d50
 Key 1: 3b3da87a2915df2cb4a6217e0ef85f8f
 Key 2: 6a20a8d968133a707be39f8e8c17c86b
 Key 3: 89a83530febfaa776f79bc78105023f6
 Key 4: baa756806602ceeda58d41232ee40345
 Key 5: dd9197a8529259f4f46ab3f1bd3ff220
 Key 6: 294eed97aad70256db2ab8bc3a111fcd
 Key 7: 0c618674c26a8040f7c8b42374a561eb
--------------
Final Key: 2cacb6c14f99160e8c39712dd5e4b601
Opening Player-Data//8-2-128/Triples-2-P0
Opening Player-Data//8-2-128/Triples-2-P1
Opening Player-Data//8-2-128/Triples-2-P2
Opening Player-Data//8-2-128/Triples-2-P3
Opening Player-Data//8-2-128/Triples-2-P4
Opening Player-Data//8-2-128/Triples-2-P5
Opening Player-Data//8-2-128/Triples-2-P6
Opening Player-Data//8-2-128/Triples-2-P7
Opening Player-Data//8-Z64,64-64/Triples-Z64,64-P0
Opening Player-Data//8-Z64,64-64/Triples-Z64,64-P1
Opening Player-Data//8-Z64,64-64/Triples-Z64,64-P2
Opening Player-Data//8-Z64,64-64/Triples-Z64,64-P3
Opening Player-Data//8-Z64,64-64/Triples-Z64,64-P4
Opening Player-Data//8-Z64,64-64/Triples-Z64,64-P5
Opening Player-Data//8-Z64,64-64/Triples-Z64,64-P6
Opening Player-Data//8-Z64,64-64/Triples-Z64,64-P7
Opening Player-Data//8-2-128/Bits-2-P0
Opening Player-Data//8-2-128/Bits-2-P1
Opening Player-Data//8-2-128/Bits-2-P2
Opening Player-Data//8-2-128/Bits-2-P3
Opening Player-Data//8-2-128/Bits-2-P4
Opening Player-Data//8-2-128/Bits-2-P5
Opening Player-Data//8-2-128/Bits-2-P6
Opening Player-Data//8-2-128/Bits-2-P7
Opening Player-Data//8-Z64,64-64/Bits-Z64,64-P0
Opening Player-Data//8-Z64,64-64/Bits-Z64,64-P1
Opening Player-Data//8-Z64,64-64/Bits-Z64,64-P2
Opening Player-Data//8-Z64,64-64/Bits-Z64,64-P3
Opening Player-Data//8-Z64,64-64/Bits-Z64,64-P4
Opening Player-Data//8-Z64,64-64/Bits-Z64,64-P5
Opening Player-Data//8-Z64,64-64/Bits-Z64,64-P6
Opening Player-Data//8-Z64,64-64/Bits-Z64,64-P7
Opening Player-Data//8-2-128/Squares-2-P0
Opening Player-Data//8-2-128/Squares-2-P1
Opening Player-Data//8-2-128/Squares-2-P2
Opening Player-Data//8-2-128/Squares-2-P3
Opening Player-Data//8-2-128/Squares-2-P4
Opening Player-Data//8-2-128/Squares-2-P5
Opening Player-Data//8-2-128/Squares-2-P6
Opening Player-Data//8-2-128/Squares-2-P7
Opening Player-Data//8-Z64,64-64/Squares-Z64,64-P0
Opening Player-Data//8-Z64,64-64/Squares-Z64,64-P1
Opening Player-Data//8-Z64,64-64/Squares-Z64,64-P2
Opening Player-Data//8-Z64,64-64/Squares-Z64,64-P3
Opening Player-Data//8-Z64,64-64/Squares-Z64,64-P4
Opening Player-Data//8-Z64,64-64/Squares-Z64,64-P5
Opening Player-Data//8-Z64,64-64/Squares-Z64,64-P6
Opening Player-Data//8-Z64,64-64/Squares-Z64,64-P7
Opening Player-Data//8-2-128/Inputs-2-P0-0
Opening Player-Data//8-2-128/Inputs-2-P1-0
Opening Player-Data//8-2-128/Inputs-2-P2-0
Opening Player-Data//8-2-128/Inputs-2-P3-0
Opening Player-Data//8-2-128/Inputs-2-P4-0
Opening Player-Data//8-2-128/Inputs-2-P5-0
Opening Player-Data//8-2-128/Inputs-2-P6-0
Opening Player-Data//8-2-128/Inputs-2-P7-0
Opening Player-Data//8-2-128/Inputs-2-P0-1
Opening Player-Data//8-2-128/Inputs-2-P1-1
Opening Player-Data//8-2-128/Inputs-2-P2-1
Opening Player-Data//8-2-128/Inputs-2-P3-1
Opening Player-Data//8-2-128/Inputs-2-P4-1
Opening Player-Data//8-2-128/Inputs-2-P5-1
Opening Player-Data//8-2-128/Inputs-2-P6-1
Opening Player-Data//8-2-128/Inputs-2-P7-1
Opening Player-Data//8-2-128/Inputs-2-P0-2
Opening Player-Data//8-2-128/Inputs-2-P1-2
Opening Player-Data//8-2-128/Inputs-2-P2-2
Opening Player-Data//8-2-128/Inputs-2-P3-2
Opening Player-Data//8-2-128/Inputs-2-P4-2
Opening Player-Data//8-2-128/Inputs-2-P5-2
Opening Player-Data//8-2-128/Inputs-2-P6-2
Opening Player-Data//8-2-128/Inputs-2-P7-2
Opening Player-Data//8-2-128/Inputs-2-P0-3
Opening Player-Data//8-2-128/Inputs-2-P1-3
Opening Player-Data//8-2-128/Inputs-2-P2-3
Opening Player-Data//8-2-128/Inputs-2-P3-3
Opening Player-Data//8-2-128/Inputs-2-P4-3
Opening Player-Data//8-2-128/Inputs-2-P5-3
Opening Player-Data//8-2-128/Inputs-2-P6-3
Opening Player-Data//8-2-128/Inputs-2-P7-3
Opening Player-Data//8-2-128/Inputs-2-P0-4
Opening Player-Data//8-2-128/Inputs-2-P1-4
Opening Player-Data//8-2-128/Inputs-2-P2-4
Opening Player-Data//8-2-128/Inputs-2-P3-4
Opening Player-Data//8-2-128/Inputs-2-P4-4
Opening Player-Data//8-2-128/Inputs-2-P5-4
Opening Player-Data//8-2-128/Inputs-2-P6-4
Opening Player-Data//8-2-128/Inputs-2-P7-4
Opening Player-Data//8-2-128/Inputs-2-P0-5
Opening Player-Data//8-2-128/Inputs-2-P1-5
Opening Player-Data//8-2-128/Inputs-2-P2-5
Opening Player-Data//8-2-128/Inputs-2-P3-5
Opening Player-Data//8-2-128/Inputs-2-P4-5
Opening Player-Data//8-2-128/Inputs-2-P5-5
Opening Player-Data//8-2-128/Inputs-2-P6-5
Opening Player-Data//8-2-128/Inputs-2-P7-5
Opening Player-Data//8-2-128/Inputs-2-P0-6
Opening Player-Data//8-2-128/Inputs-2-P1-6
Opening Player-Data//8-2-128/Inputs-2-P2-6
Opening Player-Data//8-2-128/Inputs-2-P3-6
Opening Player-Data//8-2-128/Inputs-2-P4-6
Opening Player-Data//8-2-128/Inputs-2-P5-6
Opening Player-Data//8-2-128/Inputs-2-P6-6
Opening Player-Data//8-2-128/Inputs-2-P7-6
Opening Player-Data//8-2-128/Inputs-2-P0-7
Opening Player-Data//8-2-128/Inputs-2-P1-7
Opening Player-Data//8-2-128/Inputs-2-P2-7
Opening Player-Data//8-2-128/Inputs-2-P3-7
Opening Player-Data//8-2-128/Inputs-2-P4-7
Opening Player-Data//8-2-128/Inputs-2-P5-7
Opening Player-Data//8-2-128/Inputs-2-P6-7
Opening Player-Data//8-2-128/Inputs-2-P7-7
Opening Player-Data//8-Z64,64-64/Inputs-Z64,64-P0-0
Opening Player-Data//8-Z64,64-64/Inputs-Z64,64-P1-0
Opening Player-Data//8-Z64,64-64/Inputs-Z64,64-P2-0
Opening Player-Data//8-Z64,64-64/Inputs-Z64,64-P3-0
Opening Player-Data//8-Z64,64-64/Inputs-Z64,64-P4-0
Opening Player-Data//8-Z64,64-64/Inputs-Z64,64-P5-0
Opening Player-Data//8-Z64,64-64/Inputs-Z64,64-P6-0
Opening Player-Data//8-Z64,64-64/Inputs-Z64,64-P7-0
Opening Player-Data//8-Z64,64-64/Inputs-Z64,64-P0-1
Opening Player-Data//8-Z64,64-64/Inputs-Z64,64-P1-1
Opening Player-Data//8-Z64,64-64/Inputs-Z64,64-P2-1
Opening Player-Data//8-Z64,64-64/Inputs-Z64,64-P3-1
Opening Player-Data//8-Z64,64-64/Inputs-Z64,64-P4-1
Opening Player-Data//8-Z64,64-64/Inputs-Z64,64-P5-1
Opening Player-Data//8-Z64,64-64/Inputs-Z64,64-P6-1
Opening Player-Data//8-Z64,64-64/Inputs-Z64,64-P7-1
Opening Player-Data//8-Z64,64-64/Inputs-Z64,64-P0-2
Opening Player-Data//8-Z64,64-64/Inputs-Z64,64-P1-2
Opening Player-Data//8-Z64,64-64/Inputs-Z64,64-P2-2
Opening Player-Data//8-Z64,64-64/Inputs-Z64,64-P3-2
Opening Player-Data//8-Z64,64-64/Inputs-Z64,64-P4-2
Opening Player-Data//8-Z64,64-64/Inputs-Z64,64-P5-2
Opening Player-Data//8-Z64,64-64/Inputs-Z64,64-P6-2
Opening Player-Data//8-Z64,64-64/Inputs-Z64,64-P7-2
Opening Player-Data//8-Z64,64-64/Inputs-Z64,64-P0-3
Opening Player-Data//8-Z64,64-64/Inputs-Z64,64-P1-3
Opening Player-Data//8-Z64,64-64/Inputs-Z64,64-P2-3
Opening Player-Data//8-Z64,64-64/Inputs-Z64,64-P3-3
Opening Player-Data//8-Z64,64-64/Inputs-Z64,64-P4-3
Opening Player-Data//8-Z64,64-64/Inputs-Z64,64-P5-3
Opening Player-Data//8-Z64,64-64/Inputs-Z64,64-P6-3
Opening Player-Data//8-Z64,64-64/Inputs-Z64,64-P7-3
Opening Player-Data//8-Z64,64-64/Inputs-Z64,64-P0-4
Opening Player-Data//8-Z64,64-64/Inputs-Z64,64-P1-4
Opening Player-Data//8-Z64,64-64/Inputs-Z64,64-P2-4
Opening Player-Data//8-Z64,64-64/Inputs-Z64,64-P3-4
Opening Player-Data//8-Z64,64-64/Inputs-Z64,64-P4-4
Opening Player-Data//8-Z64,64-64/Inputs-Z64,64-P5-4
Opening Player-Data//8-Z64,64-64/Inputs-Z64,64-P6-4
Opening Player-Data//8-Z64,64-64/Inputs-Z64,64-P7-4
Opening Player-Data//8-Z64,64-64/Inputs-Z64,64-P0-5
Opening Player-Data//8-Z64,64-64/Inputs-Z64,64-P1-5
Opening Player-Data//8-Z64,64-64/Inputs-Z64,64-P2-5
Opening Player-Data//8-Z64,64-64/Inputs-Z64,64-P3-5
Opening Player-Data//8-Z64,64-64/Inputs-Z64,64-P4-5
Opening Player-Data//8-Z64,64-64/Inputs-Z64,64-P5-5
Opening Player-Data//8-Z64,64-64/Inputs-Z64,64-P6-5
Opening Player-Data//8-Z64,64-64/Inputs-Z64,64-P7-5
Opening Player-Data//8-Z64,64-64/Inputs-Z64,64-P0-6
Opening Player-Data//8-Z64,64-64/Inputs-Z64,64-P1-6
Opening Player-Data//8-Z64,64-64/Inputs-Z64,64-P2-6
Opening Player-Data//8-Z64,64-64/Inputs-Z64,64-P3-6
Opening Player-Data//8-Z64,64-64/Inputs-Z64,64-P4-6
Opening Player-Data//8-Z64,64-64/Inputs-Z64,64-P5-6
Opening Player-Data//8-Z64,64-64/Inputs-Z64,64-P6-6
Opening Player-Data//8-Z64,64-64/Inputs-Z64,64-P7-6
Opening Player-Data//8-Z64,64-64/Inputs-Z64,64-P0-7
Opening Player-Data//8-Z64,64-64/Inputs-Z64,64-P1-7
Opening Player-Data//8-Z64,64-64/Inputs-Z64,64-P2-7
Opening Player-Data//8-Z64,64-64/Inputs-Z64,64-P3-7
Opening Player-Data//8-Z64,64-64/Inputs-Z64,64-P4-7
Opening Player-Data//8-Z64,64-64/Inputs-Z64,64-P5-7
Opening Player-Data//8-Z64,64-64/Inputs-Z64,64-P6-7
Opening Player-Data//8-Z64,64-64/Inputs-Z64,64-P7-7
Opening Player-Data//8-2-128/Inverses-2-P0
Opening Player-Data//8-2-128/Inverses-2-P1
Opening Player-Data//8-2-128/Inverses-2-P2
Opening Player-Data//8-2-128/Inverses-2-P3
Opening Player-Data//8-2-128/Inverses-2-P4
Opening Player-Data//8-2-128/Inverses-2-P5
Opening Player-Data//8-2-128/Inverses-2-P6
Opening Player-Data//8-2-128/Inverses-2-P7
Opening Player-Data//8-DDB-64/Triples-DDB-P0
Opening Player-Data//8-DDB-64/Triples-DDB-P1
Opening Player-Data//8-DDB-64/Triples-DDB-P2
Opening Player-Data//8-DDB-64/Triples-DDB-P3
Opening Player-Data//8-DDB-64/Triples-DDB-P4
Opening Player-Data//8-DDB-64/Triples-DDB-P5
Opening Player-Data//8-DDB-64/Triples-DDB-P6
Opening Player-Data//8-DDB-64/Triples-DDB-P7
Opening Player-Data//8-DDB-64/Bits-DDB-P0
Opening Player-Data//8-DDB-64/Bits-DDB-P1
Opening Player-Data//8-DDB-64/Bits-DDB-P2
Opening Player-Data//8-DDB-64/Bits-DDB-P3
Opening Player-Data//8-DDB-64/Bits-DDB-P4
Opening Player-Data//8-DDB-64/Bits-DDB-P5
Opening Player-Data//8-DDB-64/Bits-DDB-P6
Opening Player-Data//8-DDB-64/Bits-DDB-P7
Opening Player-Data//8-DDB-64/Inputs-DDB-P0-0
Opening Player-Data//8-DDB-64/Inputs-DDB-P1-0
Opening Player-Data//8-DDB-64/Inputs-DDB-P2-0
Opening Player-Data//8-DDB-64/Inputs-DDB-P3-0
Opening Player-Data//8-DDB-64/Inputs-DDB-P4-0
Opening Player-Data//8-DDB-64/Inputs-DDB-P5-0
Opening Player-Data//8-DDB-64/Inputs-DDB-P6-0
Opening Player-Data//8-DDB-64/Inputs-DDB-P7-0
Opening Player-Data//8-DDB-64/Inputs-DDB-P0-1
Opening Player-Data//8-DDB-64/Inputs-DDB-P1-1
Opening Player-Data//8-DDB-64/Inputs-DDB-P2-1
Opening Player-Data//8-DDB-64/Inputs-DDB-P3-1
Opening Player-Data//8-DDB-64/Inputs-DDB-P4-1
Opening Player-Data//8-DDB-64/Inputs-DDB-P5-1
Opening Player-Data//8-DDB-64/Inputs-DDB-P6-1
Opening Player-Data//8-DDB-64/Inputs-DDB-P7-1
Opening Player-Data//8-DDB-64/Inputs-DDB-P0-2
Opening Player-Data//8-DDB-64/Inputs-DDB-P1-2
Opening Player-Data//8-DDB-64/Inputs-DDB-P2-2
Opening Player-Data//8-DDB-64/Inputs-DDB-P3-2
Opening Player-Data//8-DDB-64/Inputs-DDB-P4-2
Opening Player-Data//8-DDB-64/Inputs-DDB-P5-2
Opening Player-Data//8-DDB-64/Inputs-DDB-P6-2
Opening Player-Data//8-DDB-64/Inputs-DDB-P7-2
Opening Player-Data//8-DDB-64/Inputs-DDB-P0-3
Opening Player-Data//8-DDB-64/Inputs-DDB-P1-3
Opening Player-Data//8-DDB-64/Inputs-DDB-P2-3
Opening Player-Data//8-DDB-64/Inputs-DDB-P3-3
Opening Player-Data//8-DDB-64/Inputs-DDB-P4-3
Opening Player-Data//8-DDB-64/Inputs-DDB-P5-3
Opening Player-Data//8-DDB-64/Inputs-DDB-P6-3
Opening Player-Data//8-DDB-64/Inputs-DDB-P7-3
Opening Player-Data//8-DDB-64/Inputs-DDB-P0-4
Opening Player-Data//8-DDB-64/Inputs-DDB-P1-4
Opening Player-Data//8-DDB-64/Inputs-DDB-P2-4
Opening Player-Data//8-DDB-64/Inputs-DDB-P3-4
Opening Player-Data//8-DDB-64/Inputs-DDB-P4-4
Opening Player-Data//8-DDB-64/Inputs-DDB-P5-4
Opening Player-Data//8-DDB-64/Inputs-DDB-P6-4
Opening Player-Data//8-DDB-64/Inputs-DDB-P7-4
Opening Player-Data//8-DDB-64/Inputs-DDB-P0-5
Opening Player-Data//8-DDB-64/Inputs-DDB-P1-5
Opening Player-Data//8-DDB-64/Inputs-DDB-P2-5
Opening Player-Data//8-DDB-64/Inputs-DDB-P3-5
Opening Player-Data//8-DDB-64/Inputs-DDB-P4-5
Opening Player-Data//8-DDB-64/Inputs-DDB-P5-5
Opening Player-Data//8-DDB-64/Inputs-DDB-P6-5
Opening Player-Data//8-DDB-64/Inputs-DDB-P7-5
Opening Player-Data//8-DDB-64/Inputs-DDB-P0-6
Opening Player-Data//8-DDB-64/Inputs-DDB-P1-6
Opening Player-Data//8-DDB-64/Inputs-DDB-P2-6
Opening Player-Data//8-DDB-64/Inputs-DDB-P3-6
Opening Player-Data//8-DDB-64/Inputs-DDB-P4-6
Opening Player-Data//8-DDB-64/Inputs-DDB-P5-6
Opening Player-Data//8-DDB-64/Inputs-DDB-P6-6
Opening Player-Data//8-DDB-64/Inputs-DDB-P7-6
Opening Player-Data//8-DDB-64/Inputs-DDB-P0-7
Opening Player-Data//8-DDB-64/Inputs-DDB-P1-7
Opening Player-Data//8-DDB-64/Inputs-DDB-P2-7
Opening Player-Data//8-DDB-64/Inputs-DDB-P3-7
Opening Player-Data//8-DDB-64/Inputs-DDB-P4-7
Opening Player-Data//8-DDB-64/Inputs-DDB-P5-7
Opening Player-Data//8-DDB-64/Inputs-DDB-P6-7
Opening Player-Data//8-DDB-64/Inputs-DDB-P7-7
Opening Player-Data//8-DB-64/Triples-DB-P0
Opening Player-Data//8-DB-64/Triples-DB-P1
Opening Player-Data//8-DB-64/Triples-DB-P2
Opening Player-Data//8-DB-64/Triples-DB-P3
Opening Player-Data//8-DB-64/Triples-DB-P4
Opening Player-Data//8-DB-64/Triples-DB-P5
Opening Player-Data//8-DB-64/Triples-DB-P6
Opening Player-Data//8-DB-64/Triples-DB-P7
Opening Player-Data//8-DB-64/Bits-DB-P0
Opening Player-Data//8-DB-64/Bits-DB-P1
Opening Player-Data//8-DB-64/Bits-DB-P2
Opening Player-Data//8-DB-64/Bits-DB-P3
Opening Player-Data//8-DB-64/Bits-DB-P4
Opening Player-Data//8-DB-64/Bits-DB-P5
Opening Player-Data//8-DB-64/Bits-DB-P6
Opening Player-Data//8-DB-64/Bits-DB-P7
 Key 0: 110037098998
 Key 1: 2063724165989
 Key 2: 694745787845
 Key 3: 520797530205
 Key 4: 59183089235
 Key 5: 1392906731787
 Key 6: 1828674258121
 Key 7: 497115116380
--------------
Final Key: 570114011904
Opening Player-Data//8-T-64/Triples-T-P0
Opening Player-Data//8-T-64/Triples-T-P1
Opening Player-Data//8-T-64/Triples-T-P2
Opening Player-Data//8-T-64/Triples-T-P3
Opening Player-Data//8-T-64/Triples-T-P4
Opening Player-Data//8-T-64/Triples-T-P5
Opening Player-Data//8-T-64/Triples-T-P6
Opening Player-Data//8-T-64/Triples-T-P7
Opening Player-Data//8-T-64/Bits-T-P0
Opening Player-Data//8-T-64/Bits-T-P1
Opening Player-Data//8-T-64/Bits-T-P2
Opening Player-Data//8-T-64/Bits-T-P3
Opening Player-Data//8-T-64/Bits-T-P4
Opening Player-Data//8-T-64/Bits-T-P5
Opening Player-Data//8-T-64/Bits-T-P6
Opening Player-Data//8-T-64/Bits-T-P7
Opening Player-Data//8-T-64/Inputs-T-P0-0
Opening Player-Data//8-T-64/Inputs-T-P1-0
Opening Player-Data//8-T-64/Inputs-T-P2-0
Opening Player-Data//8-T-64/Inputs-T-P3-0
Opening Player-Data//8-T-64/Inputs-T-P4-0
Opening Player-Data//8-T-64/Inputs-T-P5-0
Opening Player-Data//8-T-64/Inputs-T-P6-0
Opening Player-Data//8-T-64/Inputs-T-P7-0
Opening Player-Data//8-T-64/Inputs-T-P0-1
Opening Player-Data//8-T-64/Inputs-T-P1-1
Opening Player-Data//8-T-64/Inputs-T-P2-1
Opening Player-Data//8-T-64/Inputs-T-P3-1
Opening Player-Data//8-T-64/Inputs-T-P4-1
Opening Player-Data//8-T-64/Inputs-T-P5-1
Opening Player-Data//8-T-64/Inputs-T-P6-1
Opening Player-Data//8-T-64/Inputs-T-P7-1
Opening Player-Data//8-T-64/Inputs-T-P0-2
Opening Player-Data//8-T-64/Inputs-T-P1-2
Opening Player-Data//8-T-64/Inputs-T-P2-2
Opening Player-Data//8-T-64/Inputs-T-P3-2
Opening Player-Data//8-T-64/Inputs-T-P4-2
Opening Player-Data//8-T-64/Inputs-T-P5-2
Opening Player-Data//8-T-64/Inputs-T-P6-2
Opening Player-Data//8-T-64/Inputs-T-P7-2
Opening Player-Data//8-T-64/Inputs-T-P0-3
Opening Player-Data//8-T-64/Inputs-T-P1-3
Opening Player-Data//8-T-64/Inputs-T-P2-3
Opening Player-Data//8-T-64/Inputs-T-P3-3
Opening Player-Data//8-T-64/Inputs-T-P4-3
Opening Player-Data//8-T-64/Inputs-T-P5-3
Opening Player-Data//8-T-64/Inputs-T-P6-3
Opening Player-Data//8-T-64/Inputs-T-P7-3
Opening Player-Data//8-T-64/Inputs-T-P0-4
Opening Player-Data//8-T-64/Inputs-T-P1-4
Opening Player-Data//8-T-64/Inputs-T-P2-4
Opening Player-Data//8-T-64/Inputs-T-P3-4
Opening Player-Data//8-T-64/Inputs-T-P4-4
Opening Player-Data//8-T-64/Inputs-T-P5-4
Opening Player-Data//8-T-64/Inputs-T-P6-4
Opening Player-Data//8-T-64/Inputs-T-P7-4
Opening Player-Data//8-T-64/Inputs-T-P0-5
Opening Player-Data//8-T-64/Inputs-T-P1-5
Opening Player-Data//8-T-64/Inputs-T-P2-5
Opening Player-Data//8-T-64/Inputs-T-P3-5
Opening Player-Data//8-T-64/Inputs-T-P4-5
Opening Player-Data//8-T-64/Inputs-T-P5-5
Opening Player-Data//8-T-64/Inputs-T-P6-5
Opening Player-Data//8-T-64/Inputs-T-P7-5
Opening Player-Data//8-T-64/Inputs-T-P0-6
Opening Player-Data//8-T-64/Inputs-T-P1-6
Opening Player-Data//8-T-64/Inputs-T-P2-6
Opening Player-Data//8-T-64/Inputs-T-P3-6
Opening Player-Data//8-T-64/Inputs-T-P4-6
Opening Player-Data//8-T-64/Inputs-T-P5-6
Opening Player-Data//8-T-64/Inputs-T-P6-6
Opening Player-Data//8-T-64/Inputs-T-P7-6
Opening Player-Data//8-T-64/Inputs-T-P0-7
Opening Player-Data//8-T-64/Inputs-T-P1-7
Opening Player-Data//8-T-64/Inputs-T-P2-7
Opening Player-Data//8-T-64/Inputs-T-P3-7
Opening Player-Data//8-T-64/Inputs-T-P4-7
Opening Player-Data//8-T-64/Inputs-T-P5-7
Opening Player-Data//8-T-64/Inputs-T-P6-7
Opening Player-Data//8-T-64/Inputs-T-P7-7
 Key 0: 3af3cd5f55
 Key 1: 14e3f22e0e
 Key 2: dfd0533f93
 Key 3: e9cefb999f
 Key 4: a8b8ec08a3
 Key 5: 64ba102a3c
 Key 6: ee9bbd3d31
 Key 7: bcfa32718e
--------------
Final Key: 866de4b977
Opening Player-Data//8-TT-8/Triples-TT-P0
Opening Player-Data//8-TT-8/Triples-TT-P1
Opening Player-Data//8-TT-8/Triples-TT-P2
Opening Player-Data//8-TT-8/Triples-TT-P3
Opening Player-Data//8-TT-8/Triples-TT-P4
Opening Player-Data//8-TT-8/Triples-TT-P5
Opening Player-Data//8-TT-8/Triples-TT-P6
Opening Player-Data//8-TT-8/Triples-TT-P7
Opening Player-Data//8-TT-8/Bits-TT-P0
Opening Player-Data//8-TT-8/Bits-TT-P1
Opening Player-Data//8-TT-8/Bits-TT-P2
Opening Player-Data//8-TT-8/Bits-TT-P3
Opening Player-Data//8-TT-8/Bits-TT-P4
Opening Player-Data//8-TT-8/Bits-TT-P5
Opening Player-Data//8-TT-8/Bits-TT-P6
Opening Player-Data//8-TT-8/Bits-TT-P7
Opening Player-Data//8-TT-8/Inputs-TT-P0-0
Opening Player-Data//8-TT-8/Inputs-TT-P1-0
Opening Player-Data//8-TT-8/Inputs-TT-P2-0
Opening Player-Data//8-TT-8/Inputs-TT-P3-0
Opening Player-Data//8-TT-8/Inputs-TT-P4-0
Opening Player-Data//8-TT-8/Inputs-TT-P5-0
Opening Player-Data//8-TT-8/Inputs-TT-P6-0
Opening Player-Data//8-TT-8/Inputs-TT-P7-0
Opening Player-Data//8-TT-8/Inputs-TT-P0-1
Opening Player-Data//8-TT-8/Inputs-TT-P1-1
Opening Player-Data//8-TT-8/Inputs-TT-P2-1
Opening Player-Data//8-TT-8/Inputs-TT-P3-1
Opening Player-Data//8-TT-8/Inputs-TT-P4-1
Opening Player-Data//8-TT-8/Inputs-TT-P5-1
Opening Player-Data//8-TT-8/Inputs-TT-P6-1
Opening Player-Data//8-TT-8/Inputs-TT-P7-1
Opening Player-Data//8-TT-8/Inputs-TT-P0-2
Opening Player-Data//8-TT-8/Inputs-TT-P1-2
Opening Player-Data//8-TT-8/Inputs-TT-P2-2
Opening Player-Data//8-TT-8/Inputs-TT-P3-2
Opening Player-Data//8-TT-8/Inputs-TT-P4-2
Opening Player-Data//8-TT-8/Inputs-TT-P5-2
Opening Player-Data//8-TT-8/Inputs-TT-P6-2
Opening Player-Data//8-TT-8/Inputs-TT-P7-2
Opening Player-Data//8-TT-8/Inputs-TT-P0-3
Opening Player-Data//8-TT-8/Inputs-TT-P1-3
Opening Player-Data//8-TT-8/Inputs-TT-P2-3
Opening Player-Data//8-TT-8/Inputs-TT-P3-3
Opening Player-Data//8-TT-8/Inputs-TT-P4-3
Opening Player-Data//8-TT-8/Inputs-TT-P5-3
Opening Player-Data//8-TT-8/Inputs-TT-P6-3
Opening Player-Data//8-TT-8/Inputs-TT-P7-3
Opening Player-Data//8-TT-8/Inputs-TT-P0-4
Opening Player-Data//8-TT-8/Inputs-TT-P1-4
Opening Player-Data//8-TT-8/Inputs-TT-P2-4
Opening Player-Data//8-TT-8/Inputs-TT-P3-4
Opening Player-Data//8-TT-8/Inputs-TT-P4-4
Opening Player-Data//8-TT-8/Inputs-TT-P5-4
Opening Player-Data//8-TT-8/Inputs-TT-P6-4
Opening Player-Data//8-TT-8/Inputs-TT-P7-4
Opening Player-Data//8-TT-8/Inputs-TT-P0-5
Opening Player-Data//8-TT-8/Inputs-TT-P1-5
Opening Player-Data//8-TT-8/Inputs-TT-P2-5
Opening Player-Data//8-TT-8/Inputs-TT-P3-5
Opening Player-Data//8-TT-8/Inputs-TT-P4-5
Opening Player-Data//8-TT-8/Inputs-TT-P5-5
Opening Player-Data//8-TT-8/Inputs-TT-P6-5
Opening Player-Data//8-TT-8/Inputs-TT-P7-5
Opening Player-Data//8-TT-8/Inputs-TT-P0-6
Opening Player-Data//8-TT-8/Inputs-TT-P1-6
Opening Player-Data//8-TT-8/Inputs-TT-P2-6
Opening Player-Data//8-TT-8/Inputs-TT-P3-6
Opening Player-Data//8-TT-8/Inputs-TT-P4-6
Opening Player-Data//8-TT-8/Inputs-TT-P5-6
Opening Player-Data//8-TT-8/Inputs-TT-P6-6
Opening Player-Data//8-TT-8/Inputs-TT-P7-6
Opening Player-Data//8-TT-8/Inputs-TT-P0-7
Opening Player-Data//8-TT-8/Inputs-TT-P1-7
Opening Player-Data//8-TT-8/Inputs-TT-P2-7
Opening Player-Data//8-TT-8/Inputs-TT-P3-7
Opening Player-Data//8-TT-8/Inputs-TT-P4-7
Opening Player-Data//8-TT-8/Inputs-TT-P5-7
Opening Player-Data//8-TT-8/Inputs-TT-P6-7
Opening Player-Data//8-TT-8/Inputs-TT-P7-7
Opening Player-Data//8-Z64,64-64/daBits-Z64,64-P0
Opening Player-Data//8-Z64,64-64/daBits-Z64,64-P1
Opening Player-Data//8-Z64,64-64/daBits-Z64,64-P2
Opening Player-Data//8-Z64,64-64/daBits-Z64,64-P3
Opening Player-Data//8-Z64,64-64/daBits-Z64,64-P4
Opening Player-Data//8-Z64,64-64/daBits-Z64,64-P5
Opening Player-Data//8-Z64,64-64/daBits-Z64,64-P6
Opening Player-Data//8-Z64,64-64/daBits-Z64,64-P7
Opening Player-Data//8-MS2-8/Triples-MS2-P0
Opening Player-Data//8-MS2-8/Triples-MS2-P1
Opening Player-Data//8-MS2-8/Triples-MS2-P2
Opening Player-Data//8-MS2-8/Triples-MS2-P3
Opening Player-Data//8-MS2-8/Triples-MS2-P4
Opening Player-Data//8-MS2-8/Triples-MS2-P5
Opening Player-Data//8-MS2-8/Triples-MS2-P6
Opening Player-Data//8-MS2-8/Triples-MS2-P7
Opening Player-Data//8-MS2-8/Bits-MS2-P0
Opening Player-Data//8-MS2-8/Bits-MS2-P1
Opening Player-Data//8-MS2-8/Bits-MS2-P2
Opening Player-Data//8-MS2-8/Bits-MS2-P3
Opening Player-Data//8-MS2-8/Bits-MS2-P4
Opening Player-Data//8-MS2-8/Bits-MS2-P5
Opening Player-Data//8-MS2-8/Bits-MS2-P6
Opening Player-Data//8-MS2-8/Bits-MS2-P7
Opening Player-Data//8-D2-128/Triples-D2-P0
Opening Player-Data//8-D2-128/Triples-D2-P1
Opening Player-Data//8-D2-128/Triples-D2-P2
Opening Player-Data//8-D2-128/Triples-D2-P3
Opening Player-Data//8-D2-128/Triples-D2-P4
Opening Player-Data//8-D2-128/Triples-D2-P5
Opening Player-Data//8-D2-128/Triples-D2-P6
Opening Player-Data//8-D2-128/Triples-D2-P7
Opening Player-Data//8-D2-128/Bits-D2-P0
Opening Player-Data//8-D2-128/Bits-D2-P1
Opening Player-Data//8-D2-128/Bits-D2-P2
Opening Player-Data//8-D2-128/Bits-D2-P3
Opening Player-Data//8-D2-128/Bits-D2-P4
Opening Player-Data//8-D2-128/Bits-D2-P5
Opening Player-Data//8-D2-128/Bits-D2-P6
Opening Player-Data//8-D2-128/Bits-D2-P7
Opening Player-Data//8-D2-128/Inputs-D2-P0-0
Opening Player-Data//8-D2-128/Inputs-D2-P1-0
Opening Player-Data//8-D2-128/Inputs-D2-P2-0
Opening Player-Data//8-D2-128/Inputs-D2-P3-0
Opening Player-Data//8-D2-128/Inputs-D2-P4-0
Opening Player-Data//8-D2-128/Inputs-D2-P5-0
Opening Player-Data//8-D2-128/Inputs-D2-P6-0
Opening Player-Data//8-D2-128/Inputs-D2-P7-0
Opening Player-Data//8-D2-128/Inputs-D2-P0-1
Opening Player-Data//8-D2-128/Inputs-D2-P1-1
Opening Player-Data//8-D2-128/Inputs-D2-P2-1
Opening Player-Data//8-D2-128/Inputs-D2-P3-1
Opening Player-Data//8-D2-128/Inputs-D2-P4-1
Opening Player-Data//8-D2-128/Inputs-D2-P5-1
Opening Player-Data//8-D2-128/Inputs-D2-P6-1
Opening Player-Data//8-D2-128/Inputs-D2-P7-1
Opening Player-Data//8-D2-128/Inputs-D2-P0-2
Opening Player-Data//8-D2-128/Inputs-D2-P1-2
Opening Player-Data//8-D2-128/Inputs-D2-P2-2
Opening Player-Data//8-D2-128/Inputs-D2-P3-2
Opening Player-Data//8-D2-128/Inputs-D2-P4-2
Opening Player-Data//8-D2-128/Inputs-D2-P5-2
Opening Player-Data//8-D2-128/Inputs-D2-P6-2
Opening Player-Data//8-D2-128/Inputs-D2-P7-2
Opening Player-Data//8-D2-128/Inputs-D2-P0-3
Opening Player-Data//8-D2-128/Inputs-D2-P1-3
Opening Player-Data//8-D2-128/Inputs-D2-P2-3
Opening Player-Data//8-D2-128/Inputs-D2-P3-3
Opening Player-Data//8-D2-128/Inputs-D2-P4-3
Opening Player-Data//8-D2-128/Inputs-D2-P5-3
Opening Player-Data//8-D2-128/Inputs-D2-P6-3
Opening Player-Data//8-D2-128/Inputs-D2-P7-3
Opening Player-Data//8-D2-128/Inputs-D2-P0-4
Opening Player-Data//8-D2-128/Inputs-D2-P1-4
Opening Player-Data//8-D2-128/Inputs-D2-P2-4
Opening Player-Data//8-D2-128/Inputs-D2-P3-4
Opening Player-Data//8-D2-128/Inputs-D2-P4-4
Opening Player-Data//8-D2-128/Inputs-D2-P5-4
Opening Player-Data//8-D2-128/Inputs-D2-P6-4
Opening Player-Data//8-D2-128/Inputs-D2-P7-4
Opening Player-Data//8-D2-128/Inputs-D2-P0-5
Opening Player-Data//8-D2-128/Inputs-D2-P1-5
Opening Player-Data//8-D2-128/Inputs-D2-P2-5
Opening Player-Data//8-D2-128/Inputs-D2-P3-5
Opening Player-Data//8-D2-128/Inputs-D2-P4-5
Opening Player-Data//8-D2-128/Inputs-D2-P5-5
Opening Player-Data//8-D2-128/Inputs-D2-P6-5
Opening Player-Data//8-D2-128/Inputs-D2-P7-5
Opening Player-Data//8-D2-128/Inputs-D2-P0-6
Opening Player-Data//8-D2-128/Inputs-D2-P1-6
Opening Player-Data//8-D2-128/Inputs-D2-P2-6
Opening Player-Data//8-D2-128/Inputs-D2-P3-6
Opening Player-Data//8-D2-128/Inputs-D2-P4-6
Opening Player-Data//8-D2-128/Inputs-D2-P5-6
Opening Player-Data//8-D2-128/Inputs-D2-P6-6
Opening Player-Data//8-D2-128/Inputs-D2-P7-6
Opening Player-Data//8-D2-128/Inputs-D2-P0-7
Opening Player-Data//8-D2-128/Inputs-D2-P1-7
Opening Player-Data//8-D2-128/Inputs-D2-P2-7
Opening Player-Data//8-D2-128/Inputs-D2-P3-7
Opening Player-Data//8-D2-128/Inputs-D2-P4-7
Opening Player-Data//8-D2-128/Inputs-D2-P5-7
Opening Player-Data//8-D2-128/Inputs-D2-P6-7
Opening Player-Data//8-D2-128/Inputs-D2-P7-7
Opening Player-Data//8-D2-128/Squares-D2-P0
Opening Player-Data//8-D2-128/Squares-D2-P1
Opening Player-Data//8-D2-128/Squares-D2-P2
Opening Player-Data//8-D2-128/Squares-D2-P3
Opening Player-Data//8-D2-128/Squares-D2-P4
Opening Player-Data//8-D2-128/Squares-D2-P5
Opening Player-Data//8-D2-128/Squares-D2-P6
Opening Player-Data//8-D2-128/Squares-D2-P7
Opening Player-Data//8-D2-128/daBits-D2-P0
Opening Player-Data//8-D2-128/daBits-D2-P1
Opening Player-Data//8-D2-128/daBits-D2-P2
Opening Player-Data//8-D2-128/daBits-D2-P3
Opening Player-Data//8-D2-128/daBits-D2-P4
Opening Player-Data//8-D2-128/daBits-D2-P5
Opening Player-Data//8-D2-128/daBits-D2-P6
Opening Player-Data//8-D2-128/daBits-D2-P7
Opening Player-Data//8-D2-128/Inverses-D2-P0
Opening Player-Data//8-D2-128/Inverses-D2-P1
Opening Player-Data//8-D2-128/Inverses-D2-P2
Opening Player-Data//8-D2-128/Inverses-D2-P3
Opening Player-Data//8-D2-128/Inverses-D2-P4
Opening Player-Data//8-D2-128/Inverses-D2-P5
Opening Player-Data//8-D2-128/Inverses-D2-P6
Opening Player-Data//8-D2-128/Inverses-D2-P7
Opening Player-Data//8-DD2-128/Triples-DD2-P0
Opening Player-Data//8-DD2-128/Triples-DD2-P1
Opening Player-Data//8-DD2-128/Triples-DD2-P2
Opening Player-Data//8-DD2-128/Triples-DD2-P3
Opening Player-Data//8-DD2-128/Triples-DD2-P4
Opening Player-Data//8-DD2-128/Triples-DD2-P5
Opening Player-Data//8-DD2-128/Triples-DD2-P6
Opening Player-Data//8-DD2-128/Triples-DD2-P7
Opening Player-Data//8-DD2-128/Bits-DD2-P0
Opening Player-Data//8-DD2-128/Bits-DD2-P1
Opening Player-Data//8-DD2-128/Bits-DD2-P2
Opening Player-Data//8-DD2-128/Bits-DD2-P3
Opening Player-Data//8-DD2-128/Bits-DD2-P4
Opening Player-Data//8-DD2-128/Bits-DD2-P5
Opening Player-Data//8-DD2-128/Bits-DD2-P6
Opening Player-Data//8-DD2-128/Bits-DD2-P7
Opening Player-Data//8-DD2-128/Inputs-DD2-P0-0
Opening Player-Data//8-DD2-128/Inputs-DD2-P1-0
Opening Player-Data//8-DD2-128/Inputs-DD2-P2-0
Opening Player-Data//8-DD2-128/Inputs-DD2-P3-0
Opening Player-Data//8-DD2-128/Inputs-DD2-P4-0
Opening Player-Data//8-DD2-128/Inputs-DD2-P5-0
Opening Player-Data//8-DD2-128/Inputs-DD2-P6-0
Opening Player-Data//8-DD2-128/Inputs-DD2-P7-0
Opening Player-Data//8-DD2-128/Inputs-DD2-P0-1
Opening Player-Data//8-DD2-128/Inputs-DD2-P1-1
Opening Player-Data//8-DD2-128/Inputs-DD2-P2-1
Opening Player-Data//8-DD2-128/Inputs-DD2-P3-1
Opening Player-Data//8-DD2-128/Inputs-DD2-P4-1
Opening Player-Data//8-DD2-128/Inputs-DD2-P5-1
Opening Player-Data//8-DD2-128/Inputs-DD2-P6-1
Opening Player-Data//8-DD2-128/Inputs-DD2-P7-1
Opening Player-Data//8-DD2-128/Inputs-DD2-P0-2
Opening Player-Data//8-DD2-128/Inputs-DD2-P1-2
Opening Player-Data//8-DD2-128/Inputs-DD2-P2-2
Opening Player-Data//8-DD2-128/Inputs-DD2-P3-2
Opening Player-Data//8-DD2-128/Inputs-DD2-P4-2
Opening Player-Data//8-DD2-128/Inputs-DD2-P5-2
Opening Player-Data//8-DD2-128/Inputs-DD2-P6-2
Opening Player-Data//8-DD2-128/Inputs-DD2-P7-2
Opening Player-Data//8-DD2-128/Inputs-DD2-P0-3
Opening Player-Data//8-DD2-128/Inputs-DD2-P1-3
Opening Player-Data//8-DD2-128/Inputs-DD2-P2-3
Opening Player-Data//8-DD2-128/Inputs-DD2-P3-3
Opening Player-Data//8-DD2-128/Inputs-DD2-P4-3
Opening Player-Data//8-DD2-128/Inputs-DD2-P5-3
Opening Player-Data//8-DD2-128/Inputs-DD2-P6-3
Opening Player-Data//8-DD2-128/Inputs-DD2-P7-3
Opening Player-Data//8-DD2-128/Inputs-DD2-P0-4
Opening Player-Data//8-DD2-128/Inputs-DD2-P1-4
Opening Player-Data//8-DD2-128/Inputs-DD2-P2-4
Opening Player-Data//8-DD2-128/Inputs-DD2-P3-4
Opening Player-Data//8-DD2-128/Inputs-DD2-P4-4
Opening Player-Data//8-DD2-128/Inputs-DD2-P5-4
Opening Player-Data//8-DD2-128/Inputs-DD2-P6-4
Opening Player-Data//8-DD2-128/Inputs-DD2-P7-4
Opening Player-Data//8-DD2-128/Inputs-DD2-P0-5
Opening Player-Data//8-DD2-128/Inputs-DD2-P1-5
Opening Player-Data//8-DD2-128/Inputs-DD2-P2-5
Opening Player-Data//8-DD2-128/Inputs-DD2-P3-5
Opening Player-Data//8-DD2-128/Inputs-DD2-P4-5
Opening Player-Data//8-DD2-128/Inputs-DD2-P5-5
Opening Player-Data//8-DD2-128/Inputs-DD2-P6-5
Opening Player-Data//8-DD2-128/Inputs-DD2-P7-5
Opening Player-Data//8-DD2-128/Inputs-DD2-P0-6
Opening Player-Data//8-DD2-128/Inputs-DD2-P1-6
Opening Player-Data//8-DD2-128/Inputs-DD2-P2-6
Opening Player-Data//8-DD2-128/Inputs-DD2-P3-6
Opening Player-Data//8-DD2-128/Inputs-DD2-P4-6
Opening Player-Data//8-DD2-128/Inputs-DD2-P5-6
Opening Player-Data//8-DD2-128/Inputs-DD2-P6-6
Opening Player-Data//8-DD2-128/Inputs-DD2-P7-6
Opening Player-Data//8-DD2-128/Inputs-DD2-P0-7
Opening Player-Data//8-DD2-128/Inputs-DD2-P1-7
Opening Player-Data//8-DD2-128/Inputs-DD2-P2-7
Opening Player-Data//8-DD2-128/Inputs-DD2-P3-7
Opening Player-Data//8-DD2-128/Inputs-DD2-P4-7
Opening Player-Data//8-DD2-128/Inputs-DD2-P5-7
Opening Player-Data//8-DD2-128/Inputs-DD2-P6-7
Opening Player-Data//8-DD2-128/Inputs-DD2-P7-7
Opening Player-Data//8-DD2-128/Squares-DD2-P0
Opening Player-Data//8-DD2-128/Squares-DD2-P1
Opening Player-Data//8-DD2-128/Squares-DD2-P2
Opening Player-Data//8-DD2-128/Squares-DD2-P3
Opening Player-Data//8-DD2-128/Squares-DD2-P4
Opening Player-Data//8-DD2-128/Squares-DD2-P5
Opening Player-Data//8-DD2-128/Squares-DD2-P6
Opening Player-Data//8-DD2-128/Squares-DD2-P7
Opening Player-Data//8-DD2-128/daBits-DD2-P0
Opening Player-Data//8-DD2-128/daBits-DD2-P1
Opening Player-Data//8-DD2-128/daBits-DD2-P2
Opening Player-Data//8-DD2-128/daBits-DD2-P3
Opening Player-Data//8-DD2-128/daBits-DD2-P4
Opening Player-Data//8-DD2-128/daBits-DD2-P5
Opening Player-Data//8-DD2-128/daBits-DD2-P6
Opening Player-Data//8-DD2-128/daBits-DD2-P7
Opening Player-Data//8-DD2-128/Inverses-DD2-P0
Opening Player-Data//8-DD2-128/Inverses-DD2-P1
Opening Player-Data//8-DD2-128/Inverses-DD2-P2
Opening Player-Data//8-DD2-128/Inverses-DD2-P3
Opening Player-Data//8-DD2-128/Inverses-DD2-P4
Opening Player-Data//8-DD2-128/Inverses-DD2-P5
Opening Player-Data//8-DD2-128/Inverses-DD2-P6
Opening Player-Data//8-DD2-128/Inverses-DD2-P7
Opening Player-Data//8-S2-128/Triples-S2-P0
Opening Player-Data//8-S2-128/Triples-S2-P1
Opening Player-Data//8-S2-128/Triples-S2-P2
Opening Player-Data//8-S2-128/Triples-S2-P3
Opening Player-Data//8-S2-128/Triples-S2-P4
Opening Player-Data//8-S2-128/Triples-S2-P5
Opening Player-Data//8-S2-128/Triples-S2-P6
Opening Player-Data//8-S2-128/Triples-S2-P7
Opening Player-Data//8-S2-128/Bits-S2-P0
Opening Player-Data//8-S2-128/Bits-S2-P1
Opening Player-Data//8-S2-128/Bits-S2-P2
Opening Player-Data//8-S2-128/Bits-S2-P3
Opening Player-Data//8-S2-128/Bits-S2-P4
Opening Player-Data//8-S2-128/Bits-S2-P5
Opening Player-Data//8-S2-128/Bits-S2-P6
Opening Player-Data//8-S2-128/Bits-S2-P7
Opening Player-Data//8-S2-128/Inputs-S2-P0-0
Opening Player-Data//8-S2-128/Inputs-S2-P1-0
Opening Player-Data//8-S2-128/Inputs-S2-P2-0
Opening Player-Data//8-S2-128/Inputs-S2-P3-0
Opening Player-Data//8-S2-128/Inputs-S2-P4-0
Opening Player-Data//8-S2-128/Inputs-S2-P5-0
Opening Player-Data//8-S2-128/Inputs-S2-P6-0
Opening Player-Data//8-S2-128/Inputs-S2-P7-0
Opening Player-Data//8-S2-128/Inputs-S2-P0-1
Opening Player-Data//8-S2-128/Inputs-S2-P1-1
Opening Player-Data//8-S2-128/Inputs-S2-P2-1
Opening Player-Data//8-S2-128/Inputs-S2-P3-1
Opening Player-Data//8-S2-128/Inputs-S2-P4-1
Opening Player-Data//8-S2-128/Inputs-S2-P5-1
Opening Player-Data//8-S2-128/Inputs-S2-P6-1
Opening Player-Data//8-S2-128/Inputs-S2-P7-1
Opening Player-Data//8-S2-128/Inputs-S2-P0-2
Opening Player-Data//8-S2-128/Inputs-S2-P1-2
Opening Player-Data//8-S2-128/Inputs-S2-P2-2
Opening Player-Data//8-S2-128/Inputs-S2-P3-2
Opening Player-Data//8-S2-128/Inputs-S2-P4-2
Opening Player-Data//8-S2-128/Inputs-S2-P5-2
Opening Player-Data//8-S2-128/Inputs-S2-P6-2
Opening Player-Data//8-S2-128/Inputs-S2-P7-2
Opening Player-Data//8-S2-128/Inputs-S2-P0-3
Opening Player-Data//8-S2-128/Inputs-S2-P1-3
Opening Player-Data//8-S2-128/Inputs-S2-P2-3
Opening Player-Data//8-S2-128/Inputs-S2-P3-3
Opening Player-Data//8-S2-128/Inputs-S2-P4-3
Opening Player-Data//8-S2-128/Inputs-S2-P5-3
Opening Player-Data//8-S2-128/Inputs-S2-P6-3
Opening Player-Data//8-S2-128/Inputs-S2-P7-3
Opening Player-Data//8-S2-128/Inputs-S2-P0-4
Opening Player-Data//8-S2-128/Inputs-S2-P1-4
Opening Player-Data//8-S2-128/Inputs-S2-P2-4
Opening Player-Data//8-S2-128/Inputs-S2-P3-4
Opening Player-Data//8-S2-128/Inputs-S2-P4-4
Opening Player-Data//8-S2-128/Inputs-S2-P5-4
Opening Player-Data//8-S2-128/Inputs-S2-P6-4
Opening Player-Data//8-S2-128/Inputs-S2-P7-4
Opening Player-Data//8-S2-128/Inputs-S2-P0-5
Opening Player-Data//8-S2-128/Inputs-S2-P1-5
Opening Player-Data//8-S2-128/Inputs-S2-P2-5
Opening Player-Data//8-S2-128/Inputs-S2-P3-5
Opening Player-Data//8-S2-128/Inputs-S2-P4-5
Opening Player-Data//8-S2-128/Inputs-S2-P5-5
Opening Player-Data//8-S2-128/Inputs-S2-P6-5
Opening Player-Data//8-S2-128/Inputs-S2-P7-5
Opening Player-Data//8-S2-128/Inputs-S2-P0-6
Opening Player-Data//8-S2-128/Inputs-S2-P1-6
Opening Player-Data//8-S2-128/Inputs-S2-P2-6
Opening Player-Data//8-S2-128/Inputs-S2-P3-6
Opening Player-Data//8-S2-128/Inputs-S2-P4-6
Opening Player-Data//8-S2-128/Inputs-S2-P5-6
Opening Player-Data//8-S2-128/Inputs-S2-P6-6
Opening Player-Data//8-S2-128/Inputs-S2-P7-6
Opening Player-Data//8-S2-128/Inputs-S2-P0-7
Opening Player-Data//8-S2-128/Inputs-S2-P1-7
Opening Player-Data//8-S2-128/Inputs-S2-P2-7
Opening Player-Data//8-S2-128/Inputs-S2-P3-7
Opening Player-Data//8-S2-128/Inputs-S2-P4-7
Opening Player-Data//8-S2-128/Inputs-S2-P5-7
Opening Player-Data//8-S2-128/Inputs-S2-P6-7
Opening Player-Data//8-S2-128/Inputs-S2-P7-7
Opening Player-Data//8-S2-128/Squares-S2-P0
Opening Player-Data//8-S2-128/Squares-S2-P1
Opening Player-Data//8-S2-128/Squares-S2-P2
Opening Player-Data//8-S2-128/Squares-S2-P3
Opening Player-Data//8-S2-128/Squares-S2-P4
Opening Player-Data//8-S2-128/Squares-S2-P5
Opening Player-Data//8-S2-128/Squares-S2-P6
Opening Player-Data//8-S2-128/Squares-S2-P7
Opening Player-Data//8-S2-128/daBits-S2-P0
Opening Player-Data//8-S2-128/daBits-S2-P1
Opening Player-Data//8-S2-128/daBits-S2-P2
Opening Player-Data//8-S2-128/daBits-S2-P3
Opening Player-Data//8-S2-128/daBits-S2-P4
Opening Player-Data//8-S2-128/daBits-S2-P5
Opening Player-Data//8-S2-128/daBits-S2-P6
Opening Player-Data//8-S2-128/daBits-S2-P7
Opening Player-Data//8-S2-128/Inverses-S2-P0
Opening Player-Data//8-S2-128/Inverses-S2-P1
Opening Player-Data//8-S2-128/Inverses-S2-P2
Opening Player-Data//8-S2-128/Inverses-S2-P3
Opening Player-Data//8-S2-128/Inverses-S2-P4
Opening Player-Data//8-S2-128/Inverses-S2-P5
Opening Player-Data//8-S2-128/Inverses-S2-P6
Opening Player-Data//8-S2-128/Inverses-S2-P7
Opening Player-Data//8-MS2-128/Triples-MS2-P0
Opening Player-Data//8-MS2-128/Triples-MS2-P1
Opening Player-Data//8-MS2-128/Triples-MS2-P2
Opening Player-Data//8-MS2-128/Triples-MS2-P3
Opening Player-Data//8-MS2-128/Triples-MS2-P4
Opening Player-Data//8-MS2-128/Triples-MS2-P5
Opening Player-Data//8-MS2-128/Triples-MS2-P6
Opening Player-Data//8-MS2-128/Triples-MS2-P7
Opening Player-Data//8-MS2-128/Bits-MS2-P0
Opening Player-Data//8-MS2-128/Bits-MS2-P1
Opening Player-Data//8-MS2-128/Bits-MS2-P2
Opening Player-Data//8-MS2-128/Bits-MS2-P3
Opening Player-Data//8-MS2-128/Bits-MS2-P4
Opening Player-Data//8-MS2-128/Bits-MS2-P5
Opening Player-Data//8-MS2-128/Bits-MS2-P6
Opening Player-Data//8-MS2-128/Bits-MS2-P7
Opening Player-Data//8-MS2-128/Inputs-MS2-P0-0
Opening Player-Data//8-MS2-128/Inputs-MS2-P1-0
Opening Player-Data//8-MS2-128/Inputs-MS2-P2-0
Opening Player-Data//8-MS2-128/Inputs-MS2-P3-0
Opening Player-Data//8-MS2-128/Inputs-MS2-P4-0
Opening Player-Data//8-MS2-128/Inputs-MS2-P5-0
Opening Player-Data//8-MS2-128/Inputs-MS2-P6-0
Opening Player-Data//8-MS2-128/Inputs-MS2-P7-0
Opening Player-Data//8-MS2-128/Inputs-MS2-P0-1
Opening Player-Data//8-MS2-128/Inputs-MS2-P1-1
Opening Player-Data//8-MS2-128/Inputs-MS2-P2-1
Opening Player-Data//8-MS2-128/Inputs-MS2-P3-1
Opening Player-Data//8-MS2-128/Inputs-MS2-P4-1
Opening Player-Data//8-MS2-128/Inputs-MS2-P5-1
Opening Player-Data//8-MS2-128/Inputs-MS2-P6-1
Opening Player-Data//8-MS2-128/Inputs-MS2-P7-1
Opening Player-Data//8-MS2-128/Inputs-MS2-P0-2
Opening Player-Data//8-MS2-128/Inputs-MS2-P1-2
Opening Player-Data//8-MS2-128/Inputs-MS2-P2-2
Opening Player-Data//8-MS2-128/Inputs-MS2-P3-2
Opening Player-Data//8-MS2-128/Inputs-MS2-P4-2
Opening Player-Data//8-MS2-128/Inputs-MS2-P5-2
Opening Player-Data//8-MS2-128/Inputs-MS2-P6-2
Opening Player-Data//8-MS2-128/Inputs-MS2-P7-2
Opening Player-Data//8-MS2-128/Inputs-MS2-P0-3
Opening Player-Data//8-MS2-128/Inputs-MS2-P1-3
Opening Player-Data//8-MS2-128/Inputs-MS2-P2-3
Opening Player-Data//8-MS2-128/Inputs-MS2-P3-3
Opening Player-Data//8-MS2-128/Inputs-MS2-P4-3
Opening Player-Data//8-MS2-128/Inputs-MS2-P5-3
Opening Player-Data//8-MS2-128/Inputs-MS2-P6-3
Opening Player-Data//8-MS2-128/Inputs-MS2-P7-3
Opening Player-Data//8-MS2-128/Inputs-MS2-P0-4
Opening Player-Data//8-MS2-128/Inputs-MS2-P1-4
Opening Player-Data//8-MS2-128/Inputs-MS2-P2-4
Opening Player-Data//8-MS2-128/Inputs-MS2-P3-4
Opening Player-Data//8-MS2-128/Inputs-MS2-P4-4
Opening Player-Data//8-MS2-128/Inputs-MS2-P5-4
Opening Player-Data//8-MS2-128/Inputs-MS2-P6-4
Opening Player-Data//8-MS2-128/Inputs-MS2-P7-4
Opening Player-Data//8-MS2-128/Inputs-MS2-P0-5
Opening Player-Data//8-MS2-128/Inputs-MS2-P1-5
Opening Player-Data//8-MS2-128/Inputs-MS2-P2-5
Opening Player-Data//8-MS2-128/Inputs-MS2-P3-5
Opening Player-Data//8-MS2-128/Inputs-MS2-P4-5
Opening Player-Data//8-MS2-128/Inputs-MS2-P5-5
Opening Player-Data//8-MS2-128/Inputs-MS2-P6-5
Opening Player-Data//8-MS2-128/Inputs-MS2-P7-5
Opening Player-Data//8-MS2-128/Inputs-MS2-P0-6
Opening Player-Data//8-MS2-128/Inputs-MS2-P1-6
Opening Player-Data//8-MS2-128/Inputs-MS2-P2-6
Opening Player-Data//8-MS2-128/Inputs-MS2-P3-6
Opening Player-Data//8-MS2-128/Inputs-MS2-P4-6
Opening Player-Data//8-MS2-128/Inputs-MS2-P5-6
Opening Player-Data//8-MS2-128/Inputs-MS2-P6-6
Opening Player-Data//8-MS2-128/Inputs-MS2-P7-6
Opening Player-Data//8-MS2-128/Inputs-MS2-P0-7
Opening Player-Data//8-MS2-128/Inputs-MS2-P1-7
Opening Player-Data//8-MS2-128/Inputs-MS2-P2-7
Opening Player-Data//8-MS2-128/Inputs-MS2-P3-7
Opening Player-Data//8-MS2-128/Inputs-MS2-P4-7
Opening Player-Data//8-MS2-128/Inputs-MS2-P5-7
Opening Player-Data//8-MS2-128/Inputs-MS2-P6-7
Opening Player-Data//8-MS2-128/Inputs-MS2-P7-7
Opening Player-Data//8-MS2-128/Squares-MS2-P0
Opening Player-Data//8-MS2-128/Squares-MS2-P1
Opening Player-Data//8-MS2-128/Squares-MS2-P2
Opening Player-Data//8-MS2-128/Squares-MS2-P3
Opening Player-Data//8-MS2-128/Squares-MS2-P4
Opening Player-Data//8-MS2-128/Squares-MS2-P5
Opening Player-Data//8-MS2-128/Squares-MS2-P6
Opening Player-Data//8-MS2-128/Squares-MS2-P7
Opening Player-Data//8-MS2-128/daBits-MS2-P0
Opening Player-Data//8-MS2-128/daBits-MS2-P1
Opening Player-Data//8-MS2-128/daBits-MS2-P2
Opening Player-Data//8-MS2-128/daBits-MS2-P3
Opening Player-Data//8-MS2-128/daBits-MS2-P4
Opening Player-Data//8-MS2-128/daBits-MS2-P5
Opening Player-Data//8-MS2-128/daBits-MS2-P6
Opening Player-Data//8-MS2-128/daBits-MS2-P7
Opening Player-Data//8-MS2-128/Inverses-MS2-P0
Opening Player-Data//8-MS2-128/Inverses-MS2-P1
Opening Player-Data//8-MS2-128/Inverses-MS2-P2
Opening Player-Data//8-MS2-128/Inverses-MS2-P3
Opening Player-Data//8-MS2-128/Inverses-MS2-P4
Opening Player-Data//8-MS2-128/Inverses-MS2-P5
Opening Player-Data//8-MS2-128/Inverses-MS2-P6
Opening Player-Data//8-MS2-128/Inverses-MS2-P7
 Key 0: bce9ec0c2568ef0f21f3a2221262e7cf
 Key 1: 3ced092947ea59285a7e2aac6443de3e
 Key 2: 54ee27db73902e93085cf233140a700f
 Key 3: b9d2a724399a8a84876a30875bc276db
 Key 4: 9721fea4be5df5b5faa10b6cf71a7ee3
 Key 5: 9ac5f564bba55286deff450b38180b00
 Key 6: c3a6bdf4da3098341a175e47d0f054ba
 Key 7: 3a3f950237c02dcb5634e7ada62b46e9
--------------
Final Key: a37ad3eef7402d37caf25a1a261b1e7c
Opening Player-Data//8-SYMS2-128/Triples-SYMS2-P0
Opening Player-Data//8-SYMS2-128/Triples-SYMS2-P1
Opening Player-Data//8-SYMS2-128/Triples-SYMS2-P2
Opening Player-Data//8-SYMS2-128/Triples-SYMS2-P3
Opening Player-Data//8-SYMS2-128/Triples-SYMS2-P4
Opening Player-Data//8-SYMS2-128/Triples-SYMS2-P5
Opening Player-Data//8-SYMS2-128/Triples-SYMS2-P6
Opening Player-Data//8-SYMS2-128/Triples-SYMS2-P7
Opening Player-Data//8-SYMS2-128/Bits-SYMS2-P0
Opening Player-Data//8-SYMS2-128/Bits-SYMS2-P1
Opening Player-Data//8-SYMS2-128/Bits-SYMS2-P2
Opening Player-Data//8-SYMS2-128/Bits-SYMS2-P3
Opening Player-Data//8-SYMS2-128/Bits-SYMS2-P4
Opening Player-Data//8-SYMS2-128/Bits-SYMS2-P5
Opening Player-Data//8-SYMS2-128/Bits-SYMS2-P6
Opening Player-Data//8-SYMS2-128/Bits-SYMS2-P7
Opening Player-Data//8-SYMS2-128/Inputs-SYMS2-P0-0
Opening Player-Data//8-SYMS2-128/Inputs-SYMS2-P1-0
Opening Player-Data//8-SYMS2-128/Inputs-SYMS2-P2-0
Opening Player-Data//8-SYMS2-128/Inputs-SYMS2-P3-0
Opening Player-Data//8-SYMS2-128/Inputs-SYMS2-P4-0
Opening Player-Data//8-SYMS2-128/Inputs-SYMS2-P5-0
Opening Player-Data//8-SYMS2-128/Inputs-SYMS2-P6-0
Opening Player-Data//8-SYMS2-128/Inputs-SYMS2-P7-0
Opening Player-Data//8-SYMS2-128/Inputs-SYMS2-P0-1
Opening Player-Data//8-SYMS2-128/Inputs-SYMS2-P1-1
Opening Player-Data//8-SYMS2-128/Inputs-SYMS2-P2-1
Opening Player-Data//8-SYMS2-128/Inputs-SYMS2-P3-1
Opening Player-Data//8-SYMS2-128/Inputs-SYMS2-P4-1
Opening Player-Data//8-SYMS2-128/Inputs-SYMS2-P5-1
Opening Player-Data//8-SYMS2-128/Inputs-SYMS2-P6-1
Opening Player-Data//8-SYMS2-128/Inputs-SYMS2-P7-1
Opening Player-Data//8-SYMS2-128/Inputs-SYMS2-P0-2
Opening Player-Data//8-SYMS2-128/Inputs-SYMS2-P1-2
Opening Player-Data//8-SYMS2-128/Inputs-SYMS2-P2-2
Opening Player-Data//8-SYMS2-128/Inputs-SYMS2-P3-2
Opening Player-Data//8-SYMS2-128/Inputs-SYMS2-P4-2
Opening Player-Data//8-SYMS2-128/Inputs-SYMS2-P5-2
Opening Player-Data//8-SYMS2-128/Inputs-SYMS2-P6-2
Opening Player-Data//8-SYMS2-128/Inputs-SYMS2-P7-2
Opening Player-Data//8-SYMS2-128/Inputs-SYMS2-P0-3
Opening Player-Data//8-SYMS2-128/Inputs-SYMS2-P1-3
Opening Player-Data//8-SYMS2-128/Inputs-SYMS2-P2-3
Opening Player-Data//8-SYMS2-128/Inputs-SYMS2-P3-3
Opening Player-Data//8-SYMS2-128/Inputs-SYMS2-P4-3
Opening Player-Data//8-SYMS2-128/Inputs-SYMS2-P5-3
Opening Player-Data//8-SYMS2-128/Inputs-SYMS2-P6-3
Opening Player-Data//8-SYMS2-128/Inputs-SYMS2-P7-3
Opening Player-Data//8-SYMS2-128/Inputs-SYMS2-P0-4
Opening Player-Data//8-SYMS2-128/Inputs-SYMS2-P1-4
Opening Player-Data//8-SYMS2-128/Inputs-SYMS2-P2-4
Opening Player-Data//8-SYMS2-128/Inputs-SYMS2-P3-4
Opening Player-Data//8-SYMS2-128/Inputs-SYMS2-P4-4
Opening Player-Data//8-SYMS2-128/Inputs-SYMS2-P5-4
Opening Player-Data//8-SYMS2-128/Inputs-SYMS2-P6-4
Opening Player-Data//8-SYMS2-128/Inputs-SYMS2-P7-4
Opening Player-Data//8-SYMS2-128/Inputs-SYMS2-P0-5
Opening Player-Data//8-SYMS2-128/Inputs-SYMS2-P1-5
Opening Player-Data//8-SYMS2-128/Inputs-SYMS2-P2-5
Opening Player-Data//8-SYMS2-128/Inputs-SYMS2-P3-5
Opening Player-Data//8-SYMS2-128/Inputs-SYMS2-P4-5
Opening Player-Data//8-SYMS2-128/Inputs-SYMS2-P5-5
Opening Player-Data//8-SYMS2-128/Inputs-SYMS2-P6-5
Opening Player-Data//8-SYMS2-128/Inputs-SYMS2-P7-5
Opening Player-Data//8-SYMS2-128/Inputs-SYMS2-P0-6
Opening Player-Data//8-SYMS2-128/Inputs-SYMS2-P1-6
Opening Player-Data//8-SYMS2-128/Inputs-SYMS2-P2-6
Opening Player-Data//8-SYMS2-128/Inputs-SYMS2-P3-6
Opening Player-Data//8-SYMS2-128/Inputs-SYMS2-P4-6
Opening Player-Data//8-SYMS2-128/Inputs-SYMS2-P5-6
Opening Player-Data//8-SYMS2-128/Inputs-SYMS2-P6-6
Opening Player-Data//8-SYMS2-128/Inputs-SYMS2-P7-6
Opening Player-Data//8-SYMS2-128/Inputs-SYMS2-P0-7
Opening Player-Data//8-SYMS2-128/Inputs-SYMS2-P1-7
Opening Player-Data//8-SYMS2-128/Inputs-SYMS2-P2-7
Opening Player-Data//8-SYMS2-128/Inputs-SYMS2-P3-7
Opening Player-Data//8-SYMS2-128/Inputs-SYMS2-P4-7
Opening Player-Data//8-SYMS2-128/Inputs-SYMS2-P5-7
Opening Player-Data//8-SYMS2-128/Inputs-SYMS2-P6-7
Opening Player-Data//8-SYMS2-128/Inputs-SYMS2-P7-7
Opening Player-Data//8-SYMS2-128/Squares-SYMS2-P0
Opening Player-Data//8-SYMS2-128/Squares-SYMS2-P1
Opening Player-Data//8-SYMS2-128/Squares-SYMS2-P2
Opening Player-Data//8-SYMS2-128/Squares-SYMS2-P3
Opening Player-Data//8-SYMS2-128/Squares-SYMS2-P4
Opening Player-Data//8-SYMS2-128/Squares-SYMS2-P5
Opening Player-Data//8-SYMS2-128/Squares-SYMS2-P6
Opening Player-Data//8-SYMS2-128/Squares-SYMS2-P7
Opening Player-Data//8-SYMS2-128/daBits-SYMS2-P0
Opening Player-Data//8-SYMS2-128/daBits-SYMS2-P1
Opening Player-Data//8-SYMS2-128/daBits-SYMS2-P2
Opening Player-Data//8-SYMS2-128/daBits-SYMS2-P3
Opening Player-Data//8-SYMS2-128/daBits-SYMS2-P4
Opening Player-Data//8-SYMS2-128/daBits-SYMS2-P5
Opening Player-Data//8-SYMS2-128/daBits-SYMS2-P6
Opening Player-Data//8-SYMS2-128/daBits-SYMS2-P7
Opening Player-Data//8-SYMS2-128/Inverses-SYMS2-P0
Opening Player-Data//8-SYMS2-128/Inverses-SYMS2-P1
Opening Player-Data//8-SYMS2-128/Inverses-SYMS2-P2
Opening Player-Data//8-SYMS2-128/Inverses-SYMS2-P3
Opening Player-Data//8-SYMS2-128/Inverses-SYMS2-P4
Opening Player-Data//8-SYMS2-128/Inverses-SYMS2-P5
Opening Player-Data//8-SYMS2-128/Inverses-SYMS2-P6
Opening Player-Data//8-SYMS2-128/Inverses-SYMS2-P7
Opening Player-Data//8-D2-40/Triples-D2-P0
Opening Player-Data//8-D2-40/Triples-D2-P1
Opening Player-Data//8-D2-40/Triples-D2-P2
Opening Player-Data//8-D2-40/Triples-D2-P3
Opening Player-Data//8-D2-40/Triples-D2-P4
Opening Player-Data//8-D2-40/Triples-D2-P5
Opening Player-Data//8-D2-40/Triples-D2-P6
Opening Player-Data//8-D2-40/Triples-D2-P7
Opening Player-Data//8-D2-40/Bits-D2-P0
Opening Player-Data//8-D2-40/Bits-D2-P1
Opening Player-Data//8-D2-40/Bits-D2-P2
Opening Player-Data//8-D2-40/Bits-D2-P3
Opening Player-Data//8-D2-40/Bits-D2-P4
Opening Player-Data//8-D2-40/Bits-D2-P5
Opening Player-Data//8-D2-40/Bits-D2-P6
Opening Player-Data//8-D2-40/Bits-D2-P7
Opening Player-Data//8-D2-40/Inputs-D2-P0-0
Opening Player-Data//8-D2-40/Inputs-D2-P1-0
Opening Player-Data//8-D2-40/Inputs-D2-P2-0
Opening Player-Data//8-D2-40/Inputs-D2-P3-0
Opening Player-Data//8-D2-40/Inputs-D2-P4-0
Opening Player-Data//8-D2-40/Inputs-D2-P5-0
Opening Player-Data//8-D2-40/Inputs-D2-P6-0
Opening Player-Data//8-D2-40/Inputs-D2-P7-0
Opening Player-Data//8-D2-40/Inputs-D2-P0-1
Opening Player-Data//8-D2-40/Inputs-D2-P1-1
Opening Player-Data//8-D2-40/Inputs-D2-P2-1
Opening Player-Data//8-D2-40/Inputs-D2-P3-1
Opening Player-Data//8-D2-40/Inputs-D2-P4-1
Opening Player-Data//8-D2-40/Inputs-D2-P5-1
Opening Player-Data//8-D2-40/Inputs-D2-P6-1
Opening Player-Data//8-D2-40/Inputs-D2-P7-1
Opening Player-Data//8-D2-40/Inputs-D2-P0-2
Opening Player-Data//8-D2-40/Inputs-D2-P1-2
Opening Player-Data//8-D2-40/Inputs-D2-P2-2
Opening Player-Data//8-D2-40/Inputs-D2-P3-2
Opening Player-Data//8-D2-40/Inputs-D2-P4-2
Opening Player-Data//8-D2-40/Inputs-D2-P5-2
Opening Player-Data//8-D2-40/Inputs-D2-P6-2
Opening Player-Data//8-D2-40/Inputs-D2-P7-2
Opening Player-Data//8-D2-40/Inputs-D2-P0-3
Opening Player-Data//8-D2-40/Inputs-D2-P1-3
Opening Player-Data//8-D2-40/Inputs-D2-P2-3
Opening Player-Data//8-D2-40/Inputs-D2-P3-3
Opening Player-Data//8-D2-40/Inputs-D2-P4-3
Opening Player-Data//8-D2-40/Inputs-D2-P5-3
Opening Player-Data//8-D2-40/Inputs-D2-P6-3
Opening Player-Data//8-D2-40/Inputs-D2-P7-3
Opening Player-Data//8-D2-40/Inputs-D2-P0-4
Opening Player-Data//8-D2-40/Inputs-D2-P1-4
Opening Player-Data//8-D2-40/Inputs-D2-P2-4
Opening Player-Data//8-D2-40/Inputs-D2-P3-4
Opening Player-Data//8-D2-40/Inputs-D2-P4-4
Opening Player-Data//8-D2-40/Inputs-D2-P5-4
Opening Player-Data//8-D2-40/Inputs-D2-P6-4
Opening Player-Data//8-D2-40/Inputs-D2-P7-4
Opening Player-Data//8-D2-40/Inputs-D2-P0-5
Opening Player-Data//8-D2-40/Inputs-D2-P1-5
Opening Player-Data//8-D2-40/Inputs-D2-P2-5
Opening Player-Data//8-D2-40/Inputs-D2-P3-5
Opening Player-Data//8-D2-40/Inputs-D2-P4-5
Opening Player-Data//8-D2-40/Inputs-D2-P5-5
Opening Player-Data//8-D2-40/Inputs-D2-P6-5
Opening Player-Data//8-D2-40/Inputs-D2-P7-5
Opening Player-Data//8-D2-40/Inputs-D2-P0-6
Opening Player-Data//8-D2-40/Inputs-D2-P1-6
Opening Player-Data//8-D2-40/Inputs-D2-P2-6
Opening Player-Data//8-D2-40/Inputs-D2-P3-6
Opening Player-Data//8-D2-40/Inputs-D2-P4-6
Opening Player-Data//8-D2-40/Inputs-D2-P5-6
Opening Player-Data//8-D2-40/Inputs-D2-P6-6
Opening Player-Data//8-D2-40/Inputs-D2-P7-6
Opening Player-Data//8-D2-40/Inputs-D2-P0-7
Opening Player-Data//8-D2-40/Inputs-D2-P1-7
Opening Player-Data//8-D2-40/Inputs-D2-P2-7
Opening Player-Data//8-D2-40/Inputs-D2-P3-7
Opening Player-Data//8-D2-40/Inputs-D2-P4-7
Opening Player-Data//8-D2-40/Inputs-D2-P5-7
Opening Player-Data//8-D2-40/Inputs-D2-P6-7
Opening Player-Data//8-D2-40/Inputs-D2-P7-7
Opening Player-Data//8-D2-40/Squares-D2-P0
Opening Player-Data//8-D2-40/Squares-D2-P1
Opening Player-Data//8-D2-40/Squares-D2-P2
Opening Player-Data//8-D2-40/Squares-D2-P3
Opening Player-Data//8-D2-40/Squares-D2-P4
Opening Player-Data//8-D2-40/Squares-D2-P5
Opening Player-Data//8-D2-40/Squares-D2-P6
Opening Player-Data//8-D2-40/Squares-D2-P7
Opening Player-Data//8-D2-40/daBits-D2-P0
Opening Player-Data//8-D2-40/daBits-D2-P1
Opening Player-Data//8-D2-40/daBits-D2-P2
Opening Player-Data//8-D2-40/daBits-D2-P3
Opening Player-Data//8-D2-40/daBits-D2-P4
Opening Player-Data//8-D2-40/daBits-D2-P5
Opening Player-Data//8-D2-40/daBits-D2-P6
Opening Player-Data//8-D2-40/daBits-D2-P7
Opening Player-Data//8-D2-40/Inverses-D2-P0
Opening Player-Data//8-D2-40/Inverses-D2-P1
Opening Player-Data//8-D2-40/Inverses-D2-P2
Opening Player-Data//8-D2-40/Inverses-D2-P3
Opening Player-Data//8-D2-40/Inverses-D2-P4
Opening Player-Data//8-D2-40/Inverses-D2-P5
Opening Player-Data//8-D2-40/Inverses-D2-P6
Opening Player-Data//8-D2-40/Inverses-D2-P7
Opening Player-Data//8-DD2-40/Triples-DD2-P0
Opening Player-Data//8-DD2-40/Triples-DD2-P1
Opening Player-Data//8-DD2-40/Triples-DD2-P2
Opening Player-Data//8-DD2-40/Triples-DD2-P3
Opening Player-Data//8-DD2-40/Triples-DD2-P4
Opening Player-Data//8-DD2-40/Triples-DD2-P5
Opening Player-Data//8-DD2-40/Triples-DD2-P6
Opening Player-Data//8-DD2-40/Triples-DD2-P7
Opening Player-Data//8-DD2-40/Bits-DD2-P0
Opening Player-Data//8-DD2-40/Bits-DD2-P1
Opening Player-Data//8-DD2-40/Bits-DD2-P2
Opening Player-Data//8-DD2-40/Bits-DD2-P3
Opening Player-Data//8-DD2-40/Bits-DD2-P4
Opening Player-Data//8-DD2-40/Bits-DD2-P5
Opening Player-Data//8-DD2-40/Bits-DD2-P6
Opening Player-Data//8-DD2-40/Bits-DD2-P7
Opening Player-Data//8-DD2-40/Inputs-DD2-P0-0
Opening Player-Data//8-DD2-40/Inputs-DD2-P1-0
Opening Player-Data//8-DD2-40/Inputs-DD2-P2-0
Opening Player-Data//8-DD2-40/Inputs-DD2-P3-0
Opening Player-Data//8-DD2-40/Inputs-DD2-P4-0
Opening Player-Data//8-DD2-40/Inputs-DD2-P5-0
Opening Player-Data//8-DD2-40/Inputs-DD2-P6-0
Opening Player-Data//8-DD2-40/Inputs-DD2-P7-0
Opening Player-Data//8-DD2-40/Inputs-DD2-P0-1
Opening Player-Data//8-DD2-40/Inputs-DD2-P1-1
Opening Player-Data//8-DD2-40/Inputs-DD2-P2-1
Opening Player-Data//8-DD2-40/Inputs-DD2-P3-1
Opening Player-Data//8-DD2-40/Inputs-DD2-P4-1
Opening Player-Data//8-DD2-40/Inputs-DD2-P5-1
Opening Player-Data//8-DD2-40/Inputs-DD2-P6-1
Opening Player-Data//8-DD2-40/Inputs-DD2-P7-1
Opening Player-Data//8-DD2-40/Inputs-DD2-P0-2
Opening Player-Data//8-DD2-40/Inputs-DD2-P1-2
Opening Player-Data//8-DD2-40/Inputs-DD2-P2-2
Opening Player-Data//8-DD2-40/Inputs-DD2-P3-2
Opening Player-Data//8-DD2-40/Inputs-DD2-P4-2
Opening Player-Data//8-DD2-40/Inputs-DD2-P5-2
Opening Player-Data//8-DD2-40/Inputs-DD2-P6-2
Opening Player-Data//8-DD2-40/Inputs-DD2-P7-2
Opening Player-Data//8-DD2-40/Inputs-DD2-P0-3
Opening Player-Data//8-DD2-40/Inputs-DD2-P1-3
Opening Player-Data//8-DD2-40/Inputs-DD2-P2-3
Opening Player-Data//8-DD2-40/Inputs-DD2-P3-3
Opening Player-Data//8-DD2-40/Inputs-DD2-P4-3
Opening Player-Data//8-DD2-40/Inputs-DD2-P5-3
Opening Player-Data//8-DD2-40/Inputs-DD2-P6-3
Opening Player-Data//8-DD2-40/Inputs-DD2-P7-3
Opening Player-Data//8-DD2-40/Inputs-DD2-P0-4
Opening Player-Data//8-DD2-40/Inputs-DD2-P1-4
Opening Player-Data//8-DD2-40/Inputs-DD2-P2-4
Opening Player-Data//8-DD2-40/Inputs-DD2-P3-4
Opening Player-Data//8-DD2-40/Inputs-DD2-P4-4
Opening Player-Data//8-DD2-40/Inputs-DD2-P5-4
Opening Player-Data//8-DD2-40/Inputs-DD2-P6-4
Opening Player-Data//8-DD2-40/Inputs-DD2-P7-4
Opening Player-Data//8-DD2-40/Inputs-DD2-P0-5
Opening Player-Data//8-DD2-40/Inputs-DD2-P1-5
Opening Player-Data//8-DD2-40/Inputs-DD2-P2-5
Opening Player-Data//8-DD2-40/Inputs-DD2-P3-5
Opening Player-Data//8-DD2-40/Inputs-DD2-P4-5
Opening Player-Data//8-DD2-40/Inputs-DD2-P5-5
Opening Player-Data//8-DD2-40/Inputs-DD2-P6-5
Opening Player-Data//8-DD2-40/Inputs-DD2-P7-5
Opening Player-Data//8-DD2-40/Inputs-DD2-P0-6
Opening Player-Data//8-DD2-40/Inputs-DD2-P1-6
Opening Player-Data//8-DD2-40/Inputs-DD2-P2-6
Opening Player-Data//8-DD2-40/Inputs-DD2-P3-6
Opening Player-Data//8-DD2-40/Inputs-DD2-P4-6
Opening Player-Data//8-DD2-40/Inputs-DD2-P5-6
Opening Player-Data//8-DD2-40/Inputs-DD2-P6-6
Opening Player-Data//8-DD2-40/Inputs-DD2-P7-6
Opening Player-Data//8-DD2-40/Inputs-DD2-P0-7
Opening Player-Data//8-DD2-40/Inputs-DD2-P1-7
Opening Player-Data//8-DD2-40/Inputs-DD2-P2-7
Opening Player-Data//8-DD2-40/Inputs-DD2-P3-7
Opening Player-Data//8-DD2-40/Inputs-DD2-P4-7
Opening Player-Data//8-DD2-40/Inputs-DD2-P5-7
Opening Player-Data//8-DD2-40/Inputs-DD2-P6-7
Opening Player-Data//8-DD2-40/Inputs-DD2-P7-7
Opening Player-Data//8-DD2-40/Squares-DD2-P0
Opening Player-Data//8-DD2-40/Squares-DD2-P1
Opening Player-Data//8-DD2-40/Squares-DD2-P2
Opening Player-Data//8-DD2-40/Squares-DD2-P3
Opening Player-Data//8-DD2-40/Squares-DD2-P4
Opening Player-Data//8-DD2-40/Squares-DD2-P5
Opening Player-Data//8-DD2-40/Squares-DD2-P6
Opening Player-Data//8-DD2-40/Squares-DD2-P7
Opening Player-Data//8-DD2-40/daBits-DD2-P0
Opening Player-Data//8-DD2-40/daBits-DD2-P1
Opening Player-Data//8-DD2-40/daBits-DD2-P2
Opening Player-Data//8-DD2-40/daBits-DD2-P3
Opening Player-Data//8-DD2-40/daBits-DD2-P4
Opening Player-Data//8-DD2-40/daBits-DD2-P5
Opening Player-Data//8-DD2-40/daBits-DD2-P6
Opening Player-Data//8-DD2-40/daBits-DD2-P7
Opening Player-Data//8-DD2-40/Inverses-DD2-P0
Opening Player-Data//8-DD2-40/Inverses-DD2-P1
Opening Player-Data//8-DD2-40/Inverses-DD2-P2
Opening Player-Data//8-DD2-40/Inverses-DD2-P3
Opening Player-Data//8-DD2-40/Inverses-DD2-P4
Opening Player-Data//8-DD2-40/Inverses-DD2-P5
Opening Player-Data//8-DD2-40/Inverses-DD2-P6
Opening Player-Data//8-DD2-40/Inverses-DD2-P7
Opening Player-Data//8-S2-40/Triples-S2-P0
Opening Player-Data//8-S2-40/Triples-S2-P1
Opening Player-Data//8-S2-40/Triples-S2-P2
Opening Player-Data//8-S2-40/Triples-S2-P3
Opening Player-Data//8-S2-40/Triples-S2-P4
Opening Player-Data//8-S2-40/Triples-S2-P5
Opening Player-Data//8-S2-40/Triples-S2-P6
Opening Player-Data//8-S2-40/Triples-S2-P7
Opening Player-Data//8-S2-40/Bits-S2-P0
Opening Player-Data//8-S2-40/Bits-S2-P1
Opening Player-Data//8-S2-40/Bits-S2-P2
Opening Player-Data//8-S2-40/Bits-S2-P3
Opening Player-Data//8-S2-40/Bits-S2-P4
Opening Player-Data//8-S2-40/Bits-S2-P5
Opening Player-Data//8-S2-40/Bits-S2-P6
Opening Player-Data//8-S2-40/Bits-S2-P7
Opening Player-Data//8-S2-40/Inputs-S2-P0-0
Opening Player-Data//8-S2-40/Inputs-S2-P1-0
Opening Player-Data//8-S2-40/Inputs-S2-P2-0
Opening Player-Data//8-S2-40/Inputs-S2-P3-0
Opening Player-Data//8-S2-40/Inputs-S2-P4-0
Opening Player-Data//8-S2-40/Inputs-S2-P5-0
Opening Player-Data//8-S2-40/Inputs-S2-P6-0
Opening Player-Data//8-S2-40/Inputs-S2-P7-0
Opening Player-Data//8-S2-40/Inputs-S2-P0-1
Opening Player-Data//8-S2-40/Inputs-S2-P1-1
Opening Player-Data//8-S2-40/Inputs-S2-P2-1
Opening Player-Data//8-S2-40/Inputs-S2-P3-1
Opening Player-Data//8-S2-40/Inputs-S2-P4-1
Opening Player-Data//8-S2-40/Inputs-S2-P5-1
Opening Player-Data//8-S2-40/Inputs-S2-P6-1
Opening Player-Data//8-S2-40/Inputs-S2-P7-1
Opening Player-Data//8-S2-40/Inputs-S2-P0-2
Opening Player-Data//8-S2-40/Inputs-S2-P1-2
Opening Player-Data//8-S2-40/Inputs-S2-P2-2
Opening Player-Data//8-S2-40/Inputs-S2-P3-2
Opening Player-Data//8-S2-40/Inputs-S2-P4-2
Opening Player-Data//8-S2-40/Inputs-S2-P5-2
Opening Player-Data//8-S2-40/Inputs-S2-P6-2
Opening Player-Data//8-S2-40/Inputs-S2-P7-2
Opening Player-Data//8-S2-40/Inputs-S2-P0-3
Opening Player-Data//8-S2-40/Inputs-S2-P1-3
Opening Player-Data//8-S2-40/Inputs-S2-P2-3
Opening Player-Data//8-S2-40/Inputs-S2-P3-3
Opening Player-Data//8-S2-40/Inputs-S2-P4-3
Opening Player-Data//8-S2-40/Inputs-S2-P5-3
Opening Player-Data//8-S2-40/Inputs-S2-P6-3
Opening Player-Data//8-S2-40/Inputs-S2-P7-3
Opening Player-Data//8-S2-40/Inputs-S2-P0-4
Opening Player-Data//8-S2-40/Inputs-S2-P1-4
Opening Player-Data//8-S2-40/Inputs-S2-P2-4
Opening Player-Data//8-S2-40/Inputs-S2-P3-4
Opening Player-Data//8-S2-40/Inputs-S2-P4-4
Opening Player-Data//8-S2-40/Inputs-S2-P5-4
Opening Player-Data//8-S2-40/Inputs-S2-P6-4
Opening Player-Data//8-S2-40/Inputs-S2-P7-4
Opening Player-Data//8-S2-40/Inputs-S2-P0-5
Opening Player-Data//8-S2-40/Inputs-S2-P1-5
Opening Player-Data//8-S2-40/Inputs-S2-P2-5
Opening Player-Data//8-S2-40/Inputs-S2-P3-5
Opening Player-Data//8-S2-40/Inputs-S2-P4-5
Opening Player-Data//8-S2-40/Inputs-S2-P5-5
Opening Player-Data//8-S2-40/Inputs-S2-P6-5
Opening Player-Data//8-S2-40/Inputs-S2-P7-5
Opening Player-Data//8-S2-40/Inputs-S2-P0-6
Opening Player-Data//8-S2-40/Inputs-S2-P1-6
Opening Player-Data//8-S2-40/Inputs-S2-P2-6
Opening Player-Data//8-S2-40/Inputs-S2-P3-6
Opening Player-Data//8-S2-40/Inputs-S2-P4-6
Opening Player-Data//8-S2-40/Inputs-S2-P5-6
Opening Player-Data//8-S2-40/Inputs-S2-P6-6
Opening Player-Data//8-S2-40/Inputs-S2-P7-6
Opening Player-Data//8-S2-40/Inputs-S2-P0-7
Opening Player-Data//8-S2-40/Inputs-S2-P1-7
Opening Player-Data//8-S2-40/Inputs-S2-P2-7
Opening Player-Data//8-S2-40/Inputs-S2-P3-7
Opening Player-Data//8-S2-40/Inputs-S2-P4-7
Opening Player-Data//8-S2-40/Inputs-S2-P5-7
Opening Player-Data//8-S2-40/Inputs-S2-P6-7
Opening Player-Data//8-S2-40/Inputs-S2-P7-7
Opening Player-Data//8-S2-40/Squares-S2-P0
Opening Player-Data//8-S2-40/Squares-S2-P1
Opening Player-Data//8-S2-40/Squares-S2-P2
Opening Player-Data//8-S2-40/Squares-S2-P3
Opening Player-Data//8-S2-40/Squares-S2-P4
Opening Player-Data//8-S2-40/Squares-S2-P5
Opening Player-Data//8-S2-40/Squares-S2-P6
Opening Player-Data//8-S2-40/Squares-S2-P7
Opening Player-Data//8-S2-40/daBits-S2-P0
Opening Player-Data//8-S2-40/daBits-S2-P1
Opening Player-Data//8-S2-40/daBits-S2-P2
Opening Player-Data//8-S2-40/daBits-S2-P3
Opening Player-Data//8-S2-40/daBits-S2-P4
Opening Player-Data//8-S2-40/daBits-S2-P5
Opening Player-Data//8-S2-40/daBits-S2-P6
Opening Player-Data//8-S2-40/daBits-S2-P7
Opening Player-Data//8-S2-40/Inverses-S2-P0
Opening Player-Data//8-S2-40/Inverses-S2-P1
Opening Player-Data//8-S2-40/Inverses-S2-P2
Opening Player-Data//8-S2-40/Inverses-S2-P3
Opening Player-Data//8-S2-40/Inverses-S2-P4
Opening Player-Data//8-S2-40/Inverses-S2-P5
Opening Player-Data//8-S2-40/Inverses-S2-P6
Opening Player-Data//8-S2-40/Inverses-S2-P7
Opening Player-Data//8-MS2-40/Triples-MS2-P0
Opening Player-Data//8-MS2-40/Triples-MS2-P1
Opening Player-Data//8-MS2-40/Triples-MS2-P2
Opening Player-Data//8-MS2-40/Triples-MS2-P3
Opening Player-Data//8-MS2-40/Triples-MS2-P4
Opening Player-Data//8-MS2-40/Triples-MS2-P5
Opening Player-Data//8-MS2-40/Triples-MS2-P6
Opening Player-Data//8-MS2-40/Triples-MS2-P7
Opening Player-Data//8-MS2-40/Bits-MS2-P0
Opening Player-Data//8-MS2-40/Bits-MS2-P1
Opening Player-Data//8-MS2-40/Bits-MS2-P2
Opening Player-Data//8-MS2-40/Bits-MS2-P3
Opening Player-Data//8-MS2-40/Bits-MS2-P4
Opening Player-Data//8-MS2-40/Bits-MS2-P5
Opening Player-Data//8-MS2-40/Bits-MS2-P6
Opening Player-Data//8-MS2-40/Bits-MS2-P7
Opening Player-Data//8-MS2-40/Inputs-MS2-P0-0
Opening Player-Data//8-MS2-40/Inputs-MS2-P1-0
Opening Player-Data//8-MS2-40/Inputs-MS2-P2-0
Opening Player-Data//8-MS2-40/Inputs-MS2-P3-0
Opening Player-Data//8-MS2-40/Inputs-MS2-P4-0
Opening Player-Data//8-MS2-40/Inputs-MS2-P5-0
Opening Player-Data//8-MS2-40/Inputs-MS2-P6-0
Opening Player-Data//8-MS2-40/Inputs-MS2-P7-0
Opening Player-Data//8-MS2-40/Inputs-MS2-P0-1
Opening Player-Data//8-MS2-40/Inputs-MS2-P1-1
Opening Player-Data//8-MS2-40/Inputs-MS2-P2-1
Opening Player-Data//8-MS2-40/Inputs-MS2-P3-1
Opening Player-Data//8-MS2-40/Inputs-MS2-P4-1
Opening Player-Data//8-MS2-40/Inputs-MS2-P5-1
Opening Player-Data//8-MS2-40/Inputs-MS2-P6-1
Opening Player-Data//8-MS2-40/Inputs-MS2-P7-1
Opening Player-Data//8-MS2-40/Inputs-MS2-P0-2
Opening Player-Data//8-MS2-40/Inputs-MS2-P1-2
Opening Player-Data//8-MS2-40/Inputs-MS2-P2-2
Opening Player-Data//8-MS2-40/Inputs-MS2-P3-2
Opening Player-Data//8-MS2-40/Inputs-MS2-P4-2
Opening Player-Data//8-MS2-40/Inputs-MS2-P5-2
Opening Player-Data//8-MS2-40/Inputs-MS2-P6-2
Opening Player-Data//8-MS2-40/Inputs-MS2-P7-2
Opening Player-Data//8-MS2-40/Inputs-MS2-P0-3
Opening Player-Data//8-MS2-40/Inputs-MS2-P1-3
Opening Player-Data//8-MS2-40/Inputs-MS2-P2-3
Opening Player-Data//8-MS2-40/Inputs-MS2-P3-3
Opening Player-Data//8-MS2-40/Inputs-MS2-P4-3
Opening Player-Data//8-MS2-40/Inputs-MS2-P5-3
Opening Player-Data//8-MS2-40/Inputs-MS2-P6-3
Opening Player-Data//8-MS2-40/Inputs-MS2-P7-3
Opening Player-Data//8-MS2-40/Inputs-MS2-P0-4
Opening Player-Data//8-MS2-40/Inputs-MS2-P1-4
Opening Player-Data//8-MS2-40/Inputs-MS2-P2-4
Opening Player-Data//8-MS2-40/Inputs-MS2-P3-4
Opening Player-Data//8-MS2-40/Inputs-MS2-P4-4
Opening Player-Data//8-MS2-40/Inputs-MS2-P5-4
Opening Player-Data//8-MS2-40/Inputs-MS2-P6-4
Opening Player-Data//8-MS2-40/Inputs-MS2-P7-4
Opening Player-Data//8-MS2-40/Inputs-MS2-P0-5
Opening Player-Data//8-MS2-40/Inputs-MS2-P1-5
Opening Player-Data//8-MS2-40/Inputs-MS2-P2-5
Opening Player-Data//8-MS2-40/Inputs-MS2-P3-5
Opening Player-Data//8-MS2-40/Inputs-MS2-P4-5
Opening Player-Data//8-MS2-40/Inputs-MS2-P5-5
Opening Player-Data//8-MS2-40/Inputs-MS2-P6-5
Opening Player-Data//8-MS2-40/Inputs-MS2-P7-5
Opening Player-Data//8-MS2-40/Inputs-MS2-P0-6
Opening Player-Data//8-MS2-40/Inputs-MS2-P1-6
Opening Player-Data//8-MS2-40/Inputs-MS2-P2-6
Opening Player-Data//8-MS2-40/Inputs-MS2-P3-6
Opening Player-Data//8-MS2-40/Inputs-MS2-P4-6
Opening Player-Data//8-MS2-40/Inputs-MS2-P5-6
Opening Player-Data//8-MS2-40/Inputs-MS2-P6-6
Opening Player-Data//8-MS2-40/Inputs-MS2-P7-6
Opening Player-Data//8-MS2-40/Inputs-MS2-P0-7
Opening Player-Data//8-MS2-40/Inputs-MS2-P1-7
Opening Player-Data//8-MS2-40/Inputs-MS2-P2-7
Opening Player-Data//8-MS2-40/Inputs-MS2-P3-7
Opening Player-Data//8-MS2-40/Inputs-MS2-P4-7
Opening Player-Data//8-MS2-40/Inputs-MS2-P5-7
Opening Player-Data//8-MS2-40/Inputs-MS2-P6-7
Opening Player-Data//8-MS2-40/Inputs-MS2-P7-7
Opening Player-Data//8-MS2-40/Squares-MS2-P0
Opening Player-Data//8-MS2-40/Squares-MS2-P1
Opening Player-Data//8-MS2-40/Squares-MS2-P2
Opening Player-Data//8-MS2-40/Squares-MS2-P3
Opening Player-Data//8-MS2-40/Squares-MS2-P4
Opening Player-Data//8-MS2-40/Squares-MS2-P5
Opening Player-Data//8-MS2-40/Squares-MS2-P6
Opening Player-Data//8-MS2-40/Squares-MS2-P7
Opening Player-Data//8-MS2-40/daBits-MS2-P0
Opening Player-Data//8-MS2-40/daBits-MS2-P1
Opening Player-Data//8-MS2-40/daBits-MS2-P2
Opening Player-Data//8-MS2-40/daBits-MS2-P3
Opening Player-Data//8-MS2-40/daBits-MS2-P4
Opening Player-Data//8-MS2-40/daBits-MS2-P5
Opening Player-Data//8-MS2-40/daBits-MS2-P6
Opening Player-Data//8-MS2-40/daBits-MS2-P7
Opening Player-Data//8-MS2-40/Inverses-MS2-P0
Opening Player-Data//8-MS2-40/Inverses-MS2-P1
Opening Player-Data//8-MS2-40/Inverses-MS2-P2
Opening Player-Data//8-MS2-40/Inverses-MS2-P3
Opening Player-Data//8-MS2-40/Inverses-MS2-P4
Opening Player-Data//8-MS2-40/Inverses-MS2-P5
Opening Player-Data//8-MS2-40/Inverses-MS2-P6
Opening Player-Data//8-MS2-40/Inverses-MS2-P7
 Key 0: 53bdfe3fbf
 Key 1: 964d4913c1
 Key 2: d337ef5c5a
 Key 3: 96f918e27f
 Key 4: eede57177
 Key 5: 71c1f5602e
 Key 6: c01aa06c7b
 Key 7: 5f2168bd9a
--------------
Final Key: 3f08f0ef79
Opening Player-Data//8-SYMS2-40/Triples-SYMS2-P0
Opening Player-Data//8-SYMS2-40/Triples-SYMS2-P1
Opening Player-Data//8-SYMS2-40/Triples-SYMS2-P2
Opening Player-Data//8-SYMS2-40/Triples-SYMS2-P3
Opening Player-Data//8-SYMS2-40/Triples-SYMS2-P4
Opening Player-Data//8-SYMS2-40/Triples-SYMS2-P5
Opening Player-Data//8-SYMS2-40/Triples-SYMS2-P6
Opening Player-Data//8-SYMS2-40/Triples-SYMS2-P7
Opening Player-Data//8-SYMS2-40/Bits-SYMS2-P0
Opening Player-Data//8-SYMS2-40/Bits-SYMS2-P1
Opening Player-Data//8-SYMS2-40/Bits-SYMS2-P2
Opening Player-Data//8-SYMS2-40/Bits-SYMS2-P3
Opening Player-Data//8-SYMS2-40/Bits-SYMS2-P4
Opening Player-Data//8-SYMS2-40/Bits-SYMS2-P5
Opening Player-Data//8-SYMS2-40/Bits-SYMS2-P6
Opening Player-Data//8-SYMS2-40/Bits-SYMS2-P7
Opening Player-Data//8-SYMS2-40/Inputs-SYMS2-P0-0
Opening Player-Data//8-SYMS2-40/Inputs-SYMS2-P1-0
Opening Player-Data//8-SYMS2-40/Inputs-SYMS2-P2-0
Opening Player-Data//8-SYMS2-40/Inputs-SYMS2-P3-0
Opening Player-Data//8-SYMS2-40/Inputs-SYMS2-P4-0
Opening Player-Data//8-SYMS2-40/Inputs-SYMS2-P5-0
Opening Player-Data//8-SYMS2-40/Inputs-SYMS2-P6-0
Opening Player-Data//8-SYMS2-40/Inputs-SYMS2-P7-0
Opening Player-Data//8-SYMS2-40/Inputs-SYMS2-P0-1
Opening Player-Data//8-SYMS2-40/Inputs-SYMS2-P1-1
Opening Player-Data//8-SYMS2-40/Inputs-SYMS2-P2-1
Opening Player-Data//8-SYMS2-40/Inputs-SYMS2-P3-1
Opening Player-Data//8-SYMS2-40/Inputs-SYMS2-P4-1
Opening Player-Data//8-SYMS2-40/Inputs-SYMS2-P5-1
Opening Player-Data//8-SYMS2-40/Inputs-SYMS2-P6-1
Opening Player-Data//8-SYMS2-40/Inputs-SYMS2-P7-1
Opening Player-Data//8-SYMS2-40/Inputs-SYMS2-P0-2
Opening Player-Data//8-SYMS2-40/Inputs-SYMS2-P1-2
Opening Player-Data//8-SYMS2-40/Inputs-SYMS2-P2-2
Opening Player-Data//8-SYMS2-40/Inputs-SYMS2-P3-2
Opening Player-Data//8-SYMS2-40/Inputs-SYMS2-P4-2
Opening Player-Data//8-SYMS2-40/Inputs-SYMS2-P5-2
Opening Player-Data//8-SYMS2-40/Inputs-SYMS2-P6-2
Opening Player-Data//8-SYMS2-40/Inputs-SYMS2-P7-2
Opening Player-Data//8-SYMS2-40/Inputs-SYMS2-P0-3
Opening Player-Data//8-SYMS2-40/Inputs-SYMS2-P1-3
Opening Player-Data//8-SYMS2-40/Inputs-SYMS2-P2-3
Opening Player-Data//8-SYMS2-40/Inputs-SYMS2-P3-3
Opening Player-Data//8-SYMS2-40/Inputs-SYMS2-P4-3
Opening Player-Data//8-SYMS2-40/Inputs-SYMS2-P5-3
Opening Player-Data//8-SYMS2-40/Inputs-SYMS2-P6-3
Opening Player-Data//8-SYMS2-40/Inputs-SYMS2-P7-3
Opening Player-Data//8-SYMS2-40/Inputs-SYMS2-P0-4
Opening Player-Data//8-SYMS2-40/Inputs-SYMS2-P1-4
Opening Player-Data//8-SYMS2-40/Inputs-SYMS2-P2-4
Opening Player-Data//8-SYMS2-40/Inputs-SYMS2-P3-4
Opening Player-Data//8-SYMS2-40/Inputs-SYMS2-P4-4
Opening Player-Data//8-SYMS2-40/Inputs-SYMS2-P5-4
Opening Player-Data//8-SYMS2-40/Inputs-SYMS2-P6-4
Opening Player-Data//8-SYMS2-40/Inputs-SYMS2-P7-4
Opening Player-Data//8-SYMS2-40/Inputs-SYMS2-P0-5
Opening Player-Data//8-SYMS2-40/Inputs-SYMS2-P1-5
Opening Player-Data//8-SYMS2-40/Inputs-SYMS2-P2-5
Opening Player-Data//8-SYMS2-40/Inputs-SYMS2-P3-5
Opening Player-Data//8-SYMS2-40/Inputs-SYMS2-P4-5
Opening Player-Data//8-SYMS2-40/Inputs-SYMS2-P5-5
Opening Player-Data//8-SYMS2-40/Inputs-SYMS2-P6-5
Opening Player-Data//8-SYMS2-40/Inputs-SYMS2-P7-5
Opening Player-Data//8-SYMS2-40/Inputs-SYMS2-P0-6
Opening Player-Data//8-SYMS2-40/Inputs-SYMS2-P1-6
Opening Player-Data//8-SYMS2-40/Inputs-SYMS2-P2-6
Opening Player-Data//8-SYMS2-40/Inputs-SYMS2-P3-6
Opening Player-Data//8-SYMS2-40/Inputs-SYMS2-P4-6
Opening Player-Data//8-SYMS2-40/Inputs-SYMS2-P5-6
Opening Player-Data//8-SYMS2-40/Inputs-SYMS2-P6-6
Opening Player-Data//8-SYMS2-40/Inputs-SYMS2-P7-6
Opening Player-Data//8-SYMS2-40/Inputs-SYMS2-P0-7
Opening Player-Data//8-SYMS2-40/Inputs-SYMS2-P1-7
Opening Player-Data//8-SYMS2-40/Inputs-SYMS2-P2-7
Opening Player-Data//8-SYMS2-40/Inputs-SYMS2-P3-7
Opening Player-Data//8-SYMS2-40/Inputs-SYMS2-P4-7
Opening Player-Data//8-SYMS2-40/Inputs-SYMS2-P5-7
Opening Player-Data//8-SYMS2-40/Inputs-SYMS2-P6-7
Opening Player-Data//8-SYMS2-40/Inputs-SYMS2-P7-7
Opening Player-Data//8-SYMS2-40/Squares-SYMS2-P0
Opening Player-Data//8-SYMS2-40/Squares-SYMS2-P1
Opening Player-Data//8-SYMS2-40/Squares-SYMS2-P2
Opening Player-Data//8-SYMS2-40/Squares-SYMS2-P3
Opening Player-Data//8-SYMS2-40/Squares-SYMS2-P4
Opening Player-Data//8-SYMS2-40/Squares-SYMS2-P5
Opening Player-Data//8-SYMS2-40/Squares-SYMS2-P6
Opening Player-Data//8-SYMS2-40/Squares-SYMS2-P7
Opening Player-Data//8-SYMS2-40/daBits-SYMS2-P0
Opening Player-Data//8-SYMS2-40/daBits-SYMS2-P1
Opening Player-Data//8-SYMS2-40/daBits-SYMS2-P2
Opening Player-Data//8-SYMS2-40/daBits-SYMS2-P3
Opening Player-Data//8-SYMS2-40/daBits-SYMS2-P4
Opening Player-Data//8-SYMS2-40/daBits-SYMS2-P5
Opening Player-Data//8-SYMS2-40/daBits-SYMS2-P6
Opening Player-Data//8-SYMS2-40/daBits-SYMS2-P7
Opening Player-Data//8-SYMS2-40/Inverses-SYMS2-P0
Opening Player-Data//8-SYMS2-40/Inverses-SYMS2-P1
Opening Player-Data//8-SYMS2-40/Inverses-SYMS2-P2
Opening Player-Data//8-SYMS2-40/Inverses-SYMS2-P3
Opening Player-Data//8-SYMS2-40/Inverses-SYMS2-P4
Opening Player-Data//8-SYMS2-40/Inverses-SYMS2-P5
Opening Player-Data//8-SYMS2-40/Inverses-SYMS2-P6
Opening Player-Data//8-SYMS2-40/Inverses-SYMS2-P7
Opening Player-Data//8-DR-64/Triples-DR-P0
Opening Player-Data//8-DR-64/Triples-DR-P1
Opening Player-Data//8-DR-64/Triples-DR-P2
Opening Player-Data//8-DR-64/Triples-DR-P3
Opening Player-Data//8-DR-64/Triples-DR-P4
Opening Player-Data//8-DR-64/Triples-DR-P5
Opening Player-Data//8-DR-64/Triples-DR-P6
Opening Player-Data//8-DR-64/Triples-DR-P7
Opening Player-Data//8-DR-64/Bits-DR-P0
Opening Player-Data//8-DR-64/Bits-DR-P1
Opening Player-Data//8-DR-64/Bits-DR-P2
Opening Player-Data//8-DR-64/Bits-DR-P3
Opening Player-Data//8-DR-64/Bits-DR-P4
Opening Player-Data//8-DR-64/Bits-DR-P5
Opening Player-Data//8-DR-64/Bits-DR-P6
Opening Player-Data//8-DR-64/Bits-DR-P7
Opening Player-Data//8-DR-64/Inputs-DR-P0-0
Opening Player-Data//8-DR-64/Inputs-DR-P1-0
Opening Player-Data//8-DR-64/Inputs-DR-P2-0
Opening Player-Data//8-DR-64/Inputs-DR-P3-0
Opening Player-Data//8-DR-64/Inputs-DR-P4-0
Opening Player-Data//8-DR-64/Inputs-DR-P5-0
Opening Player-Data//8-DR-64/Inputs-DR-P6-0
Opening Player-Data//8-DR-64/Inputs-DR-P7-0
Opening Player-Data//8-DR-64/Inputs-DR-P0-1
Opening Player-Data//8-DR-64/Inputs-DR-P1-1
Opening Player-Data//8-DR-64/Inputs-DR-P2-1
Opening Player-Data//8-DR-64/Inputs-DR-P3-1
Opening Player-Data//8-DR-64/Inputs-DR-P4-1
Opening Player-Data//8-DR-64/Inputs-DR-P5-1
Opening Player-Data//8-DR-64/Inputs-DR-P6-1
Opening Player-Data//8-DR-64/Inputs-DR-P7-1
Opening Player-Data//8-DR-64/Inputs-DR-P0-2
Opening Player-Data//8-DR-64/Inputs-DR-P1-2
Opening Player-Data//8-DR-64/Inputs-DR-P2-2
Opening Player-Data//8-DR-64/Inputs-DR-P3-2
Opening Player-Data//8-DR-64/Inputs-DR-P4-2
Opening Player-Data//8-DR-64/Inputs-DR-P5-2
Opening Player-Data//8-DR-64/Inputs-DR-P6-2
Opening Player-Data//8-DR-64/Inputs-DR-P7-2
Opening Player-Data//8-DR-64/Inputs-DR-P0-3
Opening Player-Data//8-DR-64/Inputs-DR-P1-3
Opening Player-Data//8-DR-64/Inputs-DR-P2-3
Opening Player-Data//8-DR-64/Inputs-DR-P3-3
Opening Player-Data//8-DR-64/Inputs-DR-P4-3
Opening Player-Data//8-DR-64/Inputs-DR-P5-3
Opening Player-Data//8-DR-64/Inputs-DR-P6-3
Opening Player-Data//8-DR-64/Inputs-DR-P7-3
Opening Player-Data//8-DR-64/Inputs-DR-P0-4
Opening Player-Data//8-DR-64/Inputs-DR-P1-4
Opening Player-Data//8-DR-64/Inputs-DR-P2-4
Opening Player-Data//8-DR-64/Inputs-DR-P3-4
Opening Player-Data//8-DR-64/Inputs-DR-P4-4
Opening Player-Data//8-DR-64/Inputs-DR-P5-4
Opening Player-Data//8-DR-64/Inputs-DR-P6-4
Opening Player-Data//8-DR-64/Inputs-DR-P7-4
Opening Player-Data//8-DR-64/Inputs-DR-P0-5
Opening Player-Data//8-DR-64/Inputs-DR-P1-5
Opening Player-Data//8-DR-64/Inputs-DR-P2-5
Opening Player-Data//8-DR-64/Inputs-DR-P3-5
Opening Player-Data//8-DR-64/Inputs-DR-P4-5
Opening Player-Data//8-DR-64/Inputs-DR-P5-5
Opening Player-Data//8-DR-64/Inputs-DR-P6-5
Opening Player-Data//8-DR-64/Inputs-DR-P7-5
Opening Player-Data//8-DR-64/Inputs-DR-P0-6
Opening Player-Data//8-DR-64/Inputs-DR-P1-6
Opening Player-Data//8-DR-64/Inputs-DR-P2-6
Opening Player-Data//8-DR-64/Inputs-DR-P3-6
Opening Player-Data//8-DR-64/Inputs-DR-P4-6
Opening Player-Data//8-DR-64/Inputs-DR-P5-6
Opening Player-Data//8-DR-64/Inputs-DR-P6-6
Opening Player-Data//8-DR-64/Inputs-DR-P7-6
Opening Player-Data//8-DR-64/Inputs-DR-P0-7
Opening Player-Data//8-DR-64/Inputs-DR-P1-7
Opening Player-Data//8-DR-64/Inputs-DR-P2-7
Opening Player-Data//8-DR-64/Inputs-DR-P3-7
Opening Player-Data//8-DR-64/Inputs-DR-P4-7
Opening Player-Data//8-DR-64/Inputs-DR-P5-7
Opening Player-Data//8-DR-64/Inputs-DR-P6-7
Opening Player-Data//8-DR-64/Inputs-DR-P7-7
Opening Player-Data//8-DR-64/Squares-DR-P0
Opening Player-Data//8-DR-64/Squares-DR-P1
Opening Player-Data//8-DR-64/Squares-DR-P2
Opening Player-Data//8-DR-64/Squares-DR-P3
Opening Player-Data//8-DR-64/Squares-DR-P4
Opening Player-Data//8-DR-64/Squares-DR-P5
Opening Player-Data//8-DR-64/Squares-DR-P6
Opening Player-Data//8-DR-64/Squares-DR-P7
Opening Player-Data//8-DR-64/daBits-DR-P0
Opening Player-Data//8-DR-64/daBits-DR-P1
Opening Player-Data//8-DR-64/daBits-DR-P2
Opening Player-Data//8-DR-64/daBits-DR-P3
Opening Player-Data//8-DR-64/daBits-DR-P4
Opening Player-Data//8-DR-64/daBits-DR-P5
Opening Player-Data//8-DR-64/daBits-DR-P6
Opening Player-Data//8-DR-64/daBits-DR-P7
Opening Player-Data//8-DDR-64/Triples-DDR-P0
Opening Player-Data//8-DDR-64/Triples-DDR-P1
Opening Player-Data//8-DDR-64/Triples-DDR-P2
Opening Player-Data//8-DDR-64/Triples-DDR-P3
Opening Player-Data//8-DDR-64/Triples-DDR-P4
Opening Player-Data//8-DDR-64/Triples-DDR-P5
Opening Player-Data//8-DDR-64/Triples-DDR-P6
Opening Player-Data//8-DDR-64/Triples-DDR-P7
Opening Player-Data//8-DDR-64/Bits-DDR-P0
Opening Player-Data//8-DDR-64/Bits-DDR-P1
Opening Player-Data//8-DDR-64/Bits-DDR-P2
Opening Player-Data//8-DDR-64/Bits-DDR-P3
Opening Player-Data//8-DDR-64/Bits-DDR-P4
Opening Player-Data//8-DDR-64/Bits-DDR-P5
Opening Player-Data//8-DDR-64/Bits-DDR-P6
Opening Player-Data//8-DDR-64/Bits-DDR-P7
Opening Player-Data//8-DDR-64/Inputs-DDR-P0-0
Opening Player-Data//8-DDR-64/Inputs-DDR-P1-0
Opening Player-Data//8-DDR-64/Inputs-DDR-P2-0
Opening Player-Data//8-DDR-64/Inputs-DDR-P3-0
Opening Player-Data//8-DDR-64/Inputs-DDR-P4-0
Opening Player-Data//8-DDR-64/Inputs-DDR-P5-0
Opening Player-Data//8-DDR-64/Inputs-DDR-P6-0
Opening Player-Data//8-DDR-64/Inputs-DDR-P7-0
Opening Player-Data//8-DDR-64/Inputs-DDR-P0-1
Opening Player-Data//8-DDR-64/Inputs-DDR-P1-1
Opening Player-Data//8-DDR-64/Inputs-DDR-P2-1
Opening Player-Data//8-DDR-64/Inputs-DDR-P3-1
Opening Player-Data//8-DDR-64/Inputs-DDR-P4-1
Opening Player-Data//8-DDR-64/Inputs-DDR-P5-1
Opening Player-Data//8-DDR-64/Inputs-DDR-P6-1
Opening Player-Data//8-DDR-64/Inputs-DDR-P7-1
Opening Player-Data//8-DDR-64/Inputs-DDR-P0-2
Opening Player-Data//8-DDR-64/Inputs-DDR-P1-2
Opening Player-Data//8-DDR-64/Inputs-DDR-P2-2
Opening Player-Data//8-DDR-64/Inputs-DDR-P3-2
Opening Player-Data//8-DDR-64/Inputs-DDR-P4-2
Opening Player-Data//8-DDR-64/Inputs-DDR-P5-2
Opening Player-Data//8-DDR-64/Inputs-DDR-P6-2
Opening Player-Data//8-DDR-64/Inputs-DDR-P7-2
Opening Player-Data//8-DDR-64/Inputs-DDR-P0-3
Opening Player-Data//8-DDR-64/Inputs-DDR-P1-3
Opening Player-Data//8-DDR-64/Inputs-DDR-P2-3
Opening Player-Data//8-DDR-64/Inputs-DDR-P3-3
Opening Player-Data//8-DDR-64/Inputs-DDR-P4-3
Opening Player-Data//8-DDR-64/Inputs-DDR-P5-3
Opening Player-Data//8-DDR-64/Inputs-DDR-P6-3
Opening Player-Data//8-DDR-64/Inputs-DDR-P7-3
Opening Player-Data//8-DDR-64/Inputs-DDR-P0-4
Opening Player-Data//8-DDR-64/Inputs-DDR-P1-4
Opening Player-Data//8-DDR-64/Inputs-DDR-P2-4
Opening Player-Data//8-DDR-64/Inputs-DDR-P3-4
Opening Player-Data//8-DDR-64/Inputs-DDR-P4-4
Opening Player-Data//8-DDR-64/Inputs-DDR-P5-4
Opening Player-Data//8-DDR-64/Inputs-DDR-P6-4
Opening Player-Data//8-DDR-64/Inputs-DDR-P7-4
Opening Player-Data//8-DDR-64/Inputs-DDR-P0-5
Opening Player-Data//8-DDR-64/Inputs-DDR-P1-5
Opening Player-Data//8-DDR-64/Inputs-DDR-P2-5
Opening Player-Data//8-DDR-64/Inputs-DDR-P3-5
Opening Player-Data//8-DDR-64/Inputs-DDR-P4-5
Opening Player-Data//8-DDR-64/Inputs-DDR-P5-5
Opening Player-Data//8-DDR-64/Inputs-DDR-P6-5
Opening Player-Data//8-DDR-64/Inputs-DDR-P7-5
Opening Player-Data//8-DDR-64/Inputs-DDR-P0-6
Opening Player-Data//8-DDR-64/Inputs-DDR-P1-6
Opening Player-Data//8-DDR-64/Inputs-DDR-P2-6
Opening Player-Data//8-DDR-64/Inputs-DDR-P3-6
Opening Player-Data//8-DDR-64/Inputs-DDR-P4-6
Opening Player-Data//8-DDR-64/Inputs-DDR-P5-6
Opening Player-Data//8-DDR-64/Inputs-DDR-P6-6
Opening Player-Data//8-DDR-64/Inputs-DDR-P7-6
Opening Player-Data//8-DDR-64/Inputs-DDR-P0-7
Opening Player-Data//8-DDR-64/Inputs-DDR-P1-7
Opening Player-Data//8-DDR-64/Inputs-DDR-P2-7
Opening Player-Data//8-DDR-64/Inputs-DDR-P3-7
Opening Player-Data//8-DDR-64/Inputs-DDR-P4-7
Opening Player-Data//8-DDR-64/Inputs-DDR-P5-7
Opening Player-Data//8-DDR-64/Inputs-DDR-P6-7
Opening Player-Data//8-DDR-64/Inputs-DDR-P7-7
Opening Player-Data//8-DDR-64/Squares-DDR-P0
Opening Player-Data//8-DDR-64/Squares-DDR-P1
Opening Player-Data//8-DDR-64/Squares-DDR-P2
Opening Player-Data//8-DDR-64/Squares-DDR-P3
Opening Player-Data//8-DDR-64/Squares-DDR-P4
Opening Player-Data//8-DDR-64/Squares-DDR-P5
Opening Player-Data//8-DDR-64/Squares-DDR-P6
Opening Player-Data//8-DDR-64/Squares-DDR-P7
Opening Player-Data//8-DDR-64/daBits-DDR-P0
Opening Player-Data//8-DDR-64/daBits-DDR-P1
Opening Player-Data//8-DDR-64/daBits-DDR-P2
Opening Player-Data//8-DDR-64/daBits-DDR-P3
Opening Player-Data//8-DDR-64/daBits-DDR-P4
Opening Player-Data//8-DDR-64/daBits-DDR-P5
Opening Player-Data//8-DDR-64/daBits-DDR-P6
Opening Player-Data//8-DDR-64/daBits-DDR-P7
Opening Player-Data//8-DR-128/Triples-DR-P0
Opening Player-Data//8-DR-128/Triples-DR-P1
Opening Player-Data//8-DR-128/Triples-DR-P2
Opening Player-Data//8-DR-128/Triples-DR-P3
Opening Player-Data//8-DR-128/Triples-DR-P4
Opening Player-Data//8-DR-128/Triples-DR-P5
Opening Player-Data//8-DR-128/Triples-DR-P6
Opening Player-Data//8-DR-128/Triples-DR-P7
Opening Player-Data//8-DR-128/Bits-DR-P0
Opening Player-Data//8-DR-128/Bits-DR-P1
Opening Player-Data//8-DR-128/Bits-DR-P2
Opening Player-Data//8-DR-128/Bits-DR-P3
Opening Player-Data//8-DR-128/Bits-DR-P4
Opening Player-Data//8-DR-128/Bits-DR-P5
Opening Player-Data//8-DR-128/Bits-DR-P6
Opening Player-Data//8-DR-128/Bits-DR-P7
Opening Player-Data//8-DR-128/Inputs-DR-P0-0
Opening Player-Data//8-DR-128/Inputs-DR-P1-0
Opening Player-Data//8-DR-128/Inputs-DR-P2-0
Opening Player-Data//8-DR-128/Inputs-DR-P3-0
Opening Player-Data//8-DR-128/Inputs-DR-P4-0
Opening Player-Data//8-DR-128/Inputs-DR-P5-0
Opening Player-Data//8-DR-128/Inputs-DR-P6-0
Opening Player-Data//8-DR-128/Inputs-DR-P7-0
Opening Player-Data//8-DR-128/Inputs-DR-P0-1
Opening Player-Data//8-DR-128/Inputs-DR-P1-1
Opening Player-Data//8-DR-128/Inputs-DR-P2-1
Opening Player-Data//8-DR-128/Inputs-DR-P3-1
Opening Player-Data//8-DR-128/Inputs-DR-P4-1
Opening Player-Data//8-DR-128/Inputs-DR-P5-1
Opening Player-Data//8-DR-128/Inputs-DR-P6-1
Opening Player-Data//8-DR-128/Inputs-DR-P7-1
Opening Player-Data//8-DR-128/Inputs-DR-P0-2
Opening Player-Data//8-DR-128/Inputs-DR-P1-2
Opening Player-Data//8-DR-128/Inputs-DR-P2-2
Opening Player-Data//8-DR-128/Inputs-DR-P3-2
Opening Player-Data//8-DR-128/Inputs-DR-P4-2
Opening Player-Data//8-DR-128/Inputs-DR-P5-2
Opening Player-Data//8-DR-128/Inputs-DR-P6-2
Opening Player-Data//8-DR-128/Inputs-DR-P7-2
Opening Player-Data//8-DR-128/Inputs-DR-P0-3
Opening Player-Data//8-DR-128/Inputs-DR-P1-3
Opening Player-Data//8-DR-128/Inputs-DR-P2-3
Opening Player-Data//8-DR-128/Inputs-DR-P3-3
Opening Player-Data//8-DR-128/Inputs-DR-P4-3
Opening Player-Data//8-DR-128/Inputs-DR-P5-3
Opening Player-Data//8-DR-128/Inputs-DR-P6-3
Opening Player-Data//8-DR-128/Inputs-DR-P7-3
Opening Player-Data//8-DR-128/Inputs-DR-P0-4
Opening Player-Data//8-DR-128/Inputs-DR-P1-4
Opening Player-Data//8-DR-128/Inputs-DR-P2-4
Opening Player-Data//8-DR-128/Inputs-DR-P3-4
Opening Player-Data//8-DR-128/Inputs-DR-P4-4
Opening Player-Data//8-DR-128/Inputs-DR-P5-4
Opening Player-Data//8-DR-128/Inputs-DR-P6-4
Opening Player-Data//8-DR-128/Inputs-DR-P7-4
Opening Player-Data//8-DR-128/Inputs-DR-P0-5
Opening Player-Data//8-DR-128/Inputs-DR-P1-5
Opening Player-Data//8-DR-128/Inputs-DR-P2-5
Opening Player-Data//8-DR-128/Inputs-DR-P3-5
Opening Player-Data//8-DR-128/Inputs-DR-P4-5
Opening Player-Data//8-DR-128/Inputs-DR-P5-5
Opening Player-Data//8-DR-128/Inputs-DR-P6-5
Opening Player-Data//8-DR-128/Inputs-DR-P7-5
Opening Player-Data//8-DR-128/Inputs-DR-P0-6
Opening Player-Data//8-DR-128/Inputs-DR-P1-6
Opening Player-Data//8-DR-128/Inputs-DR-P2-6
Opening Player-Data//8-DR-128/Inputs-DR-P3-6
Opening Player-Data//8-DR-128/Inputs-DR-P4-6
Opening Player-Data//8-DR-128/Inputs-DR-P5-6
Opening Player-Data//8-DR-128/Inputs-DR-P6-6
Opening Player-Data//8-DR-128/Inputs-DR-P7-6
Opening Player-Data//8-DR-128/Inputs-DR-P0-7
Opening Player-Data//8-DR-128/Inputs-DR-P1-7
Opening Player-Data//8-DR-128/Inputs-DR-P2-7
Opening Player-Data//8-DR-128/Inputs-DR-P3-7
Opening Player-Data//8-DR-128/Inputs-DR-P4-7
Opening Player-Data//8-DR-128/Inputs-DR-P5-7
Opening Player-Data//8-DR-128/Inputs-DR-P6-7
Opening Player-Data//8-DR-128/Inputs-DR-P7-7
Opening Player-Data//8-DR-128/Squares-DR-P0
Opening Player-Data//8-DR-128/Squares-DR-P1
Opening Player-Data//8-DR-128/Squares-DR-P2
Opening Player-Data//8-DR-128/Squares-DR-P3
Opening Player-Data//8-DR-128/Squares-DR-P4
Opening Player-Data//8-DR-128/Squares-DR-P5
Opening Player-Data//8-DR-128/Squares-DR-P6
Opening Player-Data//8-DR-128/Squares-DR-P7
Opening Player-Data//8-DR-128/daBits-DR-P0
Opening Player-Data//8-DR-128/daBits-DR-P1
Opening Player-Data//8-DR-128/daBits-DR-P2
Opening Player-Data//8-DR-128/daBits-DR-P3
Opening Player-Data//8-DR-128/daBits-DR-P4
Opening Player-Data//8-DR-128/daBits-DR-P5
Opening Player-Data//8-DR-128/daBits-DR-P6
Opening Player-Data//8-DR-128/daBits-DR-P7
Opening Player-Data//8-DDR-128/Triples-DDR-P0
Opening Player-Data//8-DDR-128/Triples-DDR-P1
Opening Player-Data//8-DDR-128/Triples-DDR-P2
Opening Player-Data//8-DDR-128/Triples-DDR-P3
Opening Player-Data//8-DDR-128/Triples-DDR-P4
Opening Player-Data//8-DDR-128/Triples-DDR-P5
Opening Player-Data//8-DDR-128/Triples-DDR-P6
Opening Player-Data//8-DDR-128/Triples-DDR-P7
Opening Player-Data//8-DDR-128/Bits-DDR-P0
Opening Player-Data//8-DDR-128/Bits-DDR-P1
Opening Player-Data//8-DDR-128/Bits-DDR-P2
Opening Player-Data//8-DDR-128/Bits-DDR-P3
Opening Player-Data//8-DDR-128/Bits-DDR-P4
Opening Player-Data//8-DDR-128/Bits-DDR-P5
Opening Player-Data//8-DDR-128/Bits-DDR-P6
Opening Player-Data//8-DDR-128/Bits-DDR-P7
Opening Player-Data//8-DDR-128/Inputs-DDR-P0-0
Opening Player-Data//8-DDR-128/Inputs-DDR-P1-0
Opening Player-Data//8-DDR-128/Inputs-DDR-P2-0
Opening Player-Data//8-DDR-128/Inputs-DDR-P3-0
Opening Player-Data//8-DDR-128/Inputs-DDR-P4-0
Opening Player-Data//8-DDR-128/Inputs-DDR-P5-0
Opening Player-Data//8-DDR-128/Inputs-DDR-P6-0
Opening Player-Data//8-DDR-128/Inputs-DDR-P7-0
Opening Player-Data//8-DDR-128/Inputs-DDR-P0-1
Opening Player-Data//8-DDR-128/Inputs-DDR-P1-1
Opening Player-Data//8-DDR-128/Inputs-DDR-P2-1
Opening Player-Data//8-DDR-128/Inputs-DDR-P3-1
Opening Player-Data//8-DDR-128/Inputs-DDR-P4-1
Opening Player-Data//8-DDR-128/Inputs-DDR-P5-1
Opening Player-Data//8-DDR-128/Inputs-DDR-P6-1
Opening Player-Data//8-DDR-128/Inputs-DDR-P7-1
Opening Player-Data//8-DDR-128/Inputs-DDR-P0-2
Opening Player-Data//8-DDR-128/Inputs-DDR-P1-2
Opening Player-Data//8-DDR-128/Inputs-DDR-P2-2
Opening Player-Data//8-DDR-128/Inputs-DDR-P3-2
Opening Player-Data//8-DDR-128/Inputs-DDR-P4-2
Opening Player-Data//8-DDR-128/Inputs-DDR-P5-2
Opening Player-Data//8-DDR-128/Inputs-DDR-P6-2
Opening Player-Data//8-DDR-128/Inputs-DDR-P7-2
Opening Player-Data//8-DDR-128/Inputs-DDR-P0-3
Opening Player-Data//8-DDR-128/Inputs-DDR-P1-3
Opening Player-Data//8-DDR-128/Inputs-DDR-P2-3
Opening Player-Data//8-DDR-128/Inputs-DDR-P3-3
Opening Player-Data//8-DDR-128/Inputs-DDR-P4-3
Opening Player-Data//8-DDR-128/Inputs-DDR-P5-3
Opening Player-Data//8-DDR-128/Inputs-DDR-P6-3
Opening Player-Data//8-DDR-128/Inputs-DDR-P7-3
Opening Player-Data//8-DDR-128/Inputs-DDR-P0-4
Opening Player-Data//8-DDR-128/Inputs-DDR-P1-4
Opening Player-Data//8-DDR-128/Inputs-DDR-P2-4
Opening Player-Data//8-DDR-128/Inputs-DDR-P3-4
Opening Player-Data//8-DDR-128/Inputs-DDR-P4-4
Opening Player-Data//8-DDR-128/Inputs-DDR-P5-4
Opening Player-Data//8-DDR-128/Inputs-DDR-P6-4
Opening Player-Data//8-DDR-128/Inputs-DDR-P7-4
Opening Player-Data//8-DDR-128/Inputs-DDR-P0-5
Opening Player-Data//8-DDR-128/Inputs-DDR-P1-5
Opening Player-Data//8-DDR-128/Inputs-DDR-P2-5
Opening Player-Data//8-DDR-128/Inputs-DDR-P3-5
Opening Player-Data//8-DDR-128/Inputs-DDR-P4-5
Opening Player-Data//8-DDR-128/Inputs-DDR-P5-5
Opening Player-Data//8-DDR-128/Inputs-DDR-P6-5
Opening Player-Data//8-DDR-128/Inputs-DDR-P7-5
Opening Player-Data//8-DDR-128/Inputs-DDR-P0-6
Opening Player-Data//8-DDR-128/Inputs-DDR-P1-6
Opening Player-Data//8-DDR-128/Inputs-DDR-P2-6
Opening Player-Data//8-DDR-128/Inputs-DDR-P3-6
Opening Player-Data//8-DDR-128/Inputs-DDR-P4-6
Opening Player-Data//8-DDR-128/Inputs-DDR-P5-6
Opening Player-Data//8-DDR-128/Inputs-DDR-P6-6
Opening Player-Data//8-DDR-128/Inputs-DDR-P7-6
Opening Player-Data//8-DDR-128/Inputs-DDR-P0-7
Opening Player-Data//8-DDR-128/Inputs-DDR-P1-7
Opening Player-Data//8-DDR-128/Inputs-DDR-P2-7
Opening Player-Data//8-DDR-128/Inputs-DDR-P3-7
Opening Player-Data//8-DDR-128/Inputs-DDR-P4-7
Opening Player-Data//8-DDR-128/Inputs-DDR-P5-7
Opening Player-Data//8-DDR-128/Inputs-DDR-P6-7
Opening Player-Data//8-DDR-128/Inputs-DDR-P7-7
Opening Player-Data//8-DDR-128/Squares-DDR-P0
Opening Player-Data//8-DDR-128/Squares-DDR-P1
Opening Player-Data//8-DDR-128/Squares-DDR-P2
Opening Player-Data//8-DDR-128/Squares-DDR-P3
Opening Player-Data//8-DDR-128/Squares-DDR-P4
Opening Player-Data//8-DDR-128/Squares-DDR-P5
Opening Player-Data//8-DDR-128/Squares-DDR-P6
Opening Player-Data//8-DDR-128/Squares-DDR-P7
Opening Player-Data//8-DDR-128/daBits-DDR-P0
Opening Player-Data//8-DDR-128/daBits-DDR-P1
Opening Player-Data//8-DDR-128/daBits-DDR-P2
Opening Player-Data//8-DDR-128/daBits-DDR-P3
Opening Player-Data//8-DDR-128/daBits-DDR-P4
Opening Player-Data//8-DDR-128/daBits-DDR-P5
Opening Player-Data//8-DDR-128/daBits-DDR-P6
Opening Player-Data//8-DDR-128/daBits-DDR-P7
