Running /home/mpspdz/mp-spdz-0.3.8/Scripts/../spdz2k-party.x 0 -N 16 -d -F modconv2_online-16-32-3000-1024-1 -pn 14004 -h localhost -N 16
Running /home/mpspdz/mp-spdz-0.3.8/Scripts/../spdz2k-party.x 1 -N 16 -d -F modconv2_online-16-32-3000-1024-1 -pn 14004 -h localhost -N 16
Running /home/mpspdz/mp-spdz-0.3.8/Scripts/../spdz2k-party.x 2 -N 16 -d -F modconv2_online-16-32-3000-1024-1 -pn 14004 -h localhost -N 16
Running /home/mpspdz/mp-spdz-0.3.8/Scripts/../spdz2k-party.x 3 -N 16 -d -F modconv2_online-16-32-3000-1024-1 -pn 14004 -h localhost -N 16
Running /home/mpspdz/mp-spdz-0.3.8/Scripts/../spdz2k-party.x 4 -N 16 -d -F modconv2_online-16-32-3000-1024-1 -pn 14004 -h localhost -N 16
Running /home/mpspdz/mp-spdz-0.3.8/Scripts/../spdz2k-party.x 5 -N 16 -d -F modconv2_online-16-32-3000-1024-1 -pn 14004 -h localhost -N 16
Running /home/mpspdz/mp-spdz-0.3.8/Scripts/../spdz2k-party.x 6 -N 16 -d -F modconv2_online-16-32-3000-1024-1 -pn 14004 -h localhost -N 16
Running /home/mpspdz/mp-spdz-0.3.8/Scripts/../spdz2k-party.x 7 -N 16 -d -F modconv2_online-16-32-3000-1024-1 -pn 14004 -h localhost -N 16
Running /home/mpspdz/mp-spdz-0.3.8/Scripts/../spdz2k-party.x 8 -N 16 -d -F modconv2_online-16-32-3000-1024-1 -pn 14004 -h localhost -N 16
Running /home/mpspdz/mp-spdz-0.3.8/Scripts/../spdz2k-party.x 9 -N 16 -d -F modconv2_online-16-32-3000-1024-1 -pn 14004 -h localhost -N 16
Running /home/mpspdz/mp-spdz-0.3.8/Scripts/../spdz2k-party.x 10 -N 16 -d -F modconv2_online-16-32-3000-1024-1 -pn 14004 -h localhost -N 16
Running /home/mpspdz/mp-spdz-0.3.8/Scripts/../spdz2k-party.x 11 -N 16 -d -F modconv2_online-16-32-3000-1024-1 -pn 14004 -h localhost -N 16
Using SPDZ2k security parameter Running /home/mpspdz/mp-spdz-0.3.8/Scripts/../spdz2k-party.x 12 -N 16 -d -F modconv2_online-16-32-3000-1024-1 -pn 14004 -h localhost -N 16
64
Using statistical security parameter 40
Running /home/mpspdz/mp-spdz-0.3.8/Scripts/../spdz2k-party.x 13 -N 16 -d -F modconv2_online-16-32-3000-1024-1 -pn 14004 -h localhost -N 16
Running /home/mpspdz/mp-spdz-0.3.8/Scripts/../spdz2k-party.x 14 -N 16 -d -F modconv2_online-16-32-3000-1024-1 -pn 14004 -h localhost -N 16
Running /home/mpspdz/mp-spdz-0.3.8/Scripts/../spdz2k-party.x 15 -N 16 -d -F modconv2_online-16-32-3000-1024-1 -pn 14004 -h localhost -N 16
Trying to run 64-bit computation
Starting timer 1 at 0 (0 MB, 0 rounds) after 3.6221e-05
Stopped timer 1 at 3.95105 (1.4436 MB, 11 rounds)
batch: 3000  threads: 1
mismatches: 0
Tinier open counter: 0
SPDZ gf2n_long open counter: 0
SPDZ2^(64+64) open counter: 1
Tinier open counter: 0
SPDZ gf2n_long open counter: 0
SPDZ2^(64+64) open counter: 4
The following benchmarks are excluding preprocessing (offline phase).
Time = 11.7511 seconds 
Time1 = 3.95105 seconds (1.4436 MB, 11 rounds)
Data sent = 27.6152 MB in ~60 rounds (party 0 only; use '-v' for more details)
Global data sent = 70.9574 MB (all parties)
