Running /home/mpspdz/mp-spdz-0.3.8/Scripts/../spdz2k-party.x 0 -N 16 -d -F modconv1_online-2-1-1024-1-1 -pn 10851 -h localhost -N 16
Running /home/mpspdz/mp-spdz-0.3.8/Scripts/../spdz2k-party.x 1 -N 16 -d -F modconv1_online-2-1-1024-1-1 -pn 10851 -h localhost -N 16
Running /home/mpspdz/mp-spdz-0.3.8/Scripts/../spdz2k-party.x 2 -N 16 -d -F modconv1_online-2-1-1024-1-1 -pn 10851 -h localhost -N 16
Running /home/mpspdz/mp-spdz-0.3.8/Scripts/../spdz2k-party.x 3 -N 16 -d -F modconv1_online-2-1-1024-1-1 -pn 10851 -h localhost -N 16
Running /home/mpspdz/mp-spdz-0.3.8/Scripts/../spdz2k-party.x 4 -N 16 -d -F modconv1_online-2-1-1024-1-1 -pn 10851 -h localhost -N 16
Running /home/mpspdz/mp-spdz-0.3.8/Scripts/../spdz2k-party.x 5 -N 16 -d -F modconv1_online-2-1-1024-1-1 -pn 10851 -h localhost -N 16
Running /home/mpspdz/mp-spdz-0.3.8/Scripts/../spdz2k-party.x 6 -N 16 -d -F modconv1_online-2-1-1024-1-1 -pn 10851 -h localhost -N 16
Running /home/mpspdz/mp-spdz-0.3.8/Scripts/../spdz2k-party.x 7 -N 16 -d -F modconv1_online-2-1-1024-1-1 -pn 10851 -h localhost -N 16
Running /home/mpspdz/mp-spdz-0.3.8/Scripts/../spdz2k-party.x 8 -N 16 -d -F modconv1_online-2-1-1024-1-1 -pn 10851 -h localhost -N 16
Using SPDZ2k security parameter 64
Using statistical security parameter 40
Running /home/mpspdz/mp-spdz-0.3.8/Scripts/../spdz2k-party.x 9 -N 16 -d -F modconv1_online-2-1-1024-1-1 -pn 10851 -h localhost -N 16
Running /home/mpspdz/mp-spdz-0.3.8/Scripts/../spdz2k-party.x 10 -N 16 -d -F modconv1_online-2-1-1024-1-1 -pn 10851 -h localhost -N 16
Running /home/mpspdz/mp-spdz-0.3.8/Scripts/../spdz2k-party.x 11 -N 16 -d -F modconv1_online-2-1-1024-1-1 -pn 10851 -h localhost -N 16
Running /home/mpspdz/mp-spdz-0.3.8/Scripts/../spdz2k-party.x 12 -N 16 -d -F modconv1_online-2-1-1024-1-1 -pn 10851 -h localhost -N 16
Running /home/mpspdz/mp-spdz-0.3.8/Scripts/../spdz2k-party.x 13 -N 16 -d -F modconv1_online-2-1-1024-1-1 -pn 10851 -h localhost -N 16
Running /home/mpspdz/mp-spdz-0.3.8/Scripts/../spdz2k-party.x 14 -N 16 -d -F modconv1_online-2-1-1024-1-1 -pn 10851 -h localhost -N 16
Running /home/mpspdz/mp-spdz-0.3.8/Scripts/../spdz2k-party.x 15 -N 16 -d -F modconv1_online-2-1-1024-1-1 -pn 10851 -h localhost -N 16
Trying to run 64-bit computation
Starting timer 1 at 0 (0 MB, 0 rounds) after 3.077e-05
Stopped timer 1 at 0.427853 (0.00252 MB, 7 rounds)
batch: 1  threads: 1
mismatches: 0
Tinier open counter: 0
SPDZ gf2n_long open counter: 0
SPDZ2^(64+64) open counter: 4
The following benchmarks are excluding preprocessing (offline phase).
Time = 3.16195 seconds 
Time1 = 0.427853 seconds (0.00252 MB, 7 rounds)
Data sent = 0.252 MB in ~46 rounds (party 0 only; use '-v' for more details)
Global data sent = 0.3312 MB (all parties)
