Running /home/mpspdz/mp-spdz-0.3.8/Scripts/../spdz2k-party.x 0 -N 4 -d -F modconv2_online-4-8-10000-1024-2 -pn 11019 -h localhost -N 4
Running /home/mpspdz/mp-spdz-0.3.8/Scripts/../spdz2k-party.x 1 -N 4 -d -F modconv2_online-4-8-10000-1024-2 -pn 11019 -h localhost -N 4
Running /home/mpspdz/mp-spdz-0.3.8/Scripts/../spdz2k-party.x 2 -N 4 -d -F modconv2_online-4-8-10000-1024-2 -pn 11019 -h localhost -N 4
Running /home/mpspdz/mp-spdz-0.3.8/Scripts/../spdz2k-party.x 3 -N 4 -d -F modconv2_online-4-8-10000-1024-2 -pn 11019 -h localhost -N 4
Using SPDZ2k security parameter 64
Using statistical security parameter 40
Trying to run 64-bit computation
Starting timer 1 at 0 (0 MB, 0 rounds) after 2.6646e-05
Stopped timer 1 at 0.126506 (0.96144 MB, 22 rounds)
batch: 10000  threads: 2
mismatches: 0
Tinier open counter: 0
SPDZ gf2n_long open counter: 0
SPDZ2^(64+64) open counter: 1
Tinier open counter: 0
SPDZ gf2n_long open counter: 0
SPDZ2^(64+64) open counter: 4
Tinier open counter: 0
SPDZ gf2n_long open counter: 0
SPDZ2^(64+64) open counter: 4
The following benchmarks are excluding preprocessing (offline phase).
Time = 0.370758 seconds 
Time1 = 0.126506 seconds (0.96144 MB, 22 rounds)
Data sent = 6.77249 MB in ~58 rounds (party 0 only; use '-v' for more details)
Global data sent = 12.5425 MB (all parties)
