Running /home/mpspdz/mp-spdz-0.3.8/Scripts/../spdz2k-party.x 0 -N 8 -d -F modconv2_online-8-16-3000-1024-5-0 -pn 11482 -h localhost -N 8
Running /home/mpspdz/mp-spdz-0.3.8/Scripts/../spdz2k-party.x 1 -N 8 -d -F modconv2_online-8-16-3000-1024-5-0 -pn 11482 -h localhost -N 8
Running /home/mpspdz/mp-spdz-0.3.8/Scripts/../spdz2k-party.x 2 -N 8 -d -F modconv2_online-8-16-3000-1024-5-0 -pn 11482 -h localhost -N 8
Running /home/mpspdz/mp-spdz-0.3.8/Scripts/../spdz2k-party.x 3 -N 8 -d -F modconv2_online-8-16-3000-1024-5-0 -pn 11482 -h localhost -N 8
Running /home/mpspdz/mp-spdz-0.3.8/Scripts/../spdz2k-party.x 4 -N 8 -d -F modconv2_online-8-16-3000-1024-5-0 -pn 11482 -h localhost -N 8
Running /home/mpspdz/mp-spdz-0.3.8/Scripts/../spdz2k-party.x 5 -N 8 -d -F modconv2_online-8-16-3000-1024-5-0 -pn 11482 -h localhost -N 8
Running /home/mpspdz/mp-spdz-0.3.8/Scripts/../spdz2k-party.x 6 -N 8 -d -F modconv2_online-8-16-3000-1024-5-0 -pn 11482 -h localhost -N 8
Running /home/mpspdz/mp-spdz-0.3.8/Scripts/../spdz2k-party.x 7 -N 8 -d -F modconv2_online-8-16-3000-1024-5-0 -pn 11482 -h localhost -N 8
Using SPDZ2k security parameter 64
Using statistical security parameter 40
Trying to run 64-bit computation
Starting timer 1 at 0 (0 MB, 0 rounds) after 3.995e-05
Stopped timer 1 at 1.77329 (0.6804 MB, 55 rounds)
batch: 3000  threads: 5
mismatches: 0
Tinier open counter: 0
SPDZ gf2n_long open counter: 0
SPDZ2^(64+64) open counter: 1
Tinier open counter: 0
SPDZ gf2n_long open counter: 0
SPDZ2^(64+64) open counter: 4
Tinier open counter: 0
SPDZ gf2n_long open counter: 0
SPDZ2^(64+64) open counter: 4
Tinier open counter: 0
SPDZ gf2n_long open counter: 0
SPDZ2^(64+64) open counter: 4
Tinier open counter: 0
SPDZ gf2n_long open counter: 0
SPDZ2^(64+64) open counter: 4
Tinier open counter: 0
SPDZ gf2n_long open counter: 0
SPDZ2^(64+64) open counter: 4
The following benchmarks are excluding preprocessing (offline phase).
Time = 5.91655 seconds 
Time1 = 1.77329 seconds (0.6804 MB, 55 rounds)
Data sent = 7.52455 MB in ~132 rounds (party 0 only; use '-v' for more details)
Global data sent = 17.0576 MB (all parties)
