Running /home/mpspdz/mp-spdz-0.3.8/Scripts/../spdz2k-party.x 0 -N 4 -d -F modconv1_online-2-5000-1024-1 -pn 11592 -h localhost -N 4
Running /home/mpspdz/mp-spdz-0.3.8/Scripts/../spdz2k-party.x 1 -N 4 -d -F modconv1_online-2-5000-1024-1 -pn 11592 -h localhost -N 4
Running /home/mpspdz/mp-spdz-0.3.8/Scripts/../spdz2k-party.x 2 -N 4 -d -F modconv1_online-2-5000-1024-1 -pn 11592 -h localhost -N 4
Running /home/mpspdz/mp-spdz-0.3.8/Scripts/../spdz2k-party.x 3 -N 4 -d -F modconv1_online-2-5000-1024-1 -pn 11592 -h localhost -N 4
Using SPDZ2k security parameter 64
Using statistical security parameter 40
Trying to run 64-bit computation
Starting timer 1 at 0 (0 MB, 0 rounds) after 3.205e-05
Stopped timer 1 at 0.108018 (0.48072 MB, 11 rounds)
batch: 5000  threads: 1
mismatches: 0
Tinier open counter: 0
SPDZ gf2n_long open counter: 0
SPDZ2^(64+64) open counter: 1
Tinier open counter: 0
SPDZ gf2n_long open counter: 0
SPDZ2^(64+64) open counter: 4
The following benchmarks are excluding preprocessing (offline phase).
Time = 0.227183 seconds 
Time1 = 0.108018 seconds (0.48072 MB, 11 rounds)
Data sent = 1.97105 MB in ~36 rounds (party 0 only; use '-v' for more details)
Global data sent = 4.85674 MB (all parties)
