Running /home/mpspdz/mp-spdz-0.3.8/Scripts/../spdz2k-party.x 0 -N 4 -d -F modconv2_online-4-8-1000-1024-2 -pn 13455 -h localhost -N 4
Running /home/mpspdz/mp-spdz-0.3.8/Scripts/../spdz2k-party.x 1 -N 4 -d -F modconv2_online-4-8-1000-1024-2 -pn 13455 -h localhost -N 4
Running /home/mpspdz/mp-spdz-0.3.8/Scripts/../spdz2k-party.x 2 -N 4 -d -F modconv2_online-4-8-1000-1024-2 -pn 13455 -h localhost -N 4
Running /home/mpspdz/mp-spdz-0.3.8/Scripts/../spdz2k-party.x 3 -N 4 -d -F modconv2_online-4-8-1000-1024-2 -pn 13455 -h localhost -N 4
Using SPDZ2k security parameter 64
Using statistical security parameter 40
Trying to run 64-bit computation
Starting timer 1 at 0 (0 MB, 0 rounds) after 3.2282e-05
Stopped timer 1 at 0.0325371 (0.09744 MB, 22 rounds)
batch: 1000  threads: 2
mismatches: 0
Tinier open counter: 0
SPDZ gf2n_long open counter: 0
SPDZ2^(64+64) open counter: 1
Tinier open counter: 0
SPDZ gf2n_long open counter: 0
SPDZ2^(64+64) open counter: 4
Tinier open counter: 0
SPDZ gf2n_long open counter: 0
SPDZ2^(64+64) open counter: 4
The following benchmarks are excluding preprocessing (offline phase).
Time = 0.0768633 seconds 
Time1 = 0.0325371 seconds (0.09744 MB, 22 rounds)
Data sent = 0.724488 MB in ~58 rounds (party 0 only; use '-v' for more details)
Global data sent = 1.3105 MB (all parties)
