Running /home/mpspdz/mp-spdz-0.3.8/Scripts/../spdz2k-party.x 0 -N 8 -d modconv2_online-8-16-1-1024-1 -pn 11705 -h localhost -N 8
Running /home/mpspdz/mp-spdz-0.3.8/Scripts/../spdz2k-party.x 1 -N 8 -d modconv2_online-8-16-1-1024-1 -pn 11705 -h localhost -N 8
Running /home/mpspdz/mp-spdz-0.3.8/Scripts/../spdz2k-party.x 2 -N 8 -d modconv2_online-8-16-1-1024-1 -pn 11705 -h localhost -N 8
Running /home/mpspdz/mp-spdz-0.3.8/Scripts/../spdz2k-party.x 3 -N 8 -d modconv2_online-8-16-1-1024-1 -pn 11705 -h localhost -N 8
Running /home/mpspdz/mp-spdz-0.3.8/Scripts/../spdz2k-party.x 4 -N 8 -d modconv2_online-8-16-1-1024-1 -pn 11705 -h localhost -N 8
Running /home/mpspdz/mp-spdz-0.3.8/Scripts/../spdz2k-party.x 5 -N 8 -d modconv2_online-8-16-1-1024-1 -pn 11705 -h localhost -N 8
Running /home/mpspdz/mp-spdz-0.3.8/Scripts/../spdz2k-party.x 6 -N 8 -d modconv2_online-8-16-1-1024-1 -pn 11705 -h localhost -N 8
Running /home/mpspdz/mp-spdz-0.3.8/Scripts/../spdz2k-party.x 7 -N 8 -d modconv2_online-8-16-1-1024-1 -pn 11705 -h localhost -N 8
Using SPDZ2k security parameter 64
Using statistical security parameter 40
Trying to run 64-bit computation
Starting timer 1 at 0 (0 MB, 0 rounds) after 2.051e-05
Stopped timer 1 at 0.607926 (0.00168 MB, 10 rounds)
batch: 1  threads: 1
mismatches: 0
Tinier open counter: 0
SPDZ gf2n_long open counter: 0
SPDZ2^(64+64) open counter: 3
The following benchmarks are including preprocessing (offline phase).
Time = 20.7031 seconds 
Time1 = 0.607926 seconds (0.00168 MB, 10 rounds)
Data sent = 72.3512 MB in ~592 rounds (party 0 only; use '-v' for more details)
Global data sent = 577.987 MB (all parties)
