Running /home/mpspdz/mp-spdz-0.3.8/Scripts/../spdz2k-party.x 0 -N 4 -d modconv1_online-2-1000-1024-5 -pn 14298 -h localhost -N 4
Running /home/mpspdz/mp-spdz-0.3.8/Scripts/../spdz2k-party.x 1 -N 4 -d modconv1_online-2-1000-1024-5 -pn 14298 -h localhost -N 4
Running /home/mpspdz/mp-spdz-0.3.8/Scripts/../spdz2k-party.x 2 -N 4 -d modconv1_online-2-1000-1024-5 -pn 14298 -h localhost -N 4
Running /home/mpspdz/mp-spdz-0.3.8/Scripts/../spdz2k-party.x 3 -N 4 -d modconv1_online-2-1000-1024-5 -pn 14298 -h localhost -N 4
Using SPDZ2k security parameter 64
Using statistical security parameter 40
Trying to run 64-bit computation
Starting timer 1 at 0 (0 MB, 0 rounds) after 1.9799e-05
Stopped timer 1 at 5.15972 (154.871 MB, 1155 rounds)
batch: 1000  threads: 5
mismatches: 0
Tinier open counter: 0
SPDZ gf2n_long open counter: 0
SPDZ2^(64+64) open counter: 1
Tinier open counter: 0
SPDZ gf2n_long open counter: 0
SPDZ2^(64+64) open counter: 2
Tinier open counter: 0
SPDZ gf2n_long open counter: 0
SPDZ2^(64+64) open counter: 2
Tinier open counter: 0
SPDZ gf2n_long open counter: 0
SPDZ2^(64+64) open counter: 2
Tinier open counter: 0
SPDZ gf2n_long open counter: 0
SPDZ2^(64+64) open counter: 2
Tinier open counter: 0
SPDZ gf2n_long open counter: 0
SPDZ2^(64+64) open counter: 2
The following benchmarks are including preprocessing (offline phase).
Time = 6.63573 seconds 
Time1 = 5.15972 seconds (154.871 MB, 1155 rounds)
Data sent = 186.066 MB in ~1389 rounds (party 0 only; use '-v' for more details)
Global data sent = 743.54 MB (all parties)
