Running /home/mpspdz/mp-spdz-0.3.8/Scripts/../spdz2k-party.x 0 -N 4 -d -b 20000 modconv1_online-2-1000-1024-8 -pn 12704 -h localhost -N 4
Running /home/mpspdz/mp-spdz-0.3.8/Scripts/../spdz2k-party.x 1 -N 4 -d -b 20000 modconv1_online-2-1000-1024-8 -pn 12704 -h localhost -N 4
Running /home/mpspdz/mp-spdz-0.3.8/Scripts/../spdz2k-party.x 2 -N 4 -d -b 20000 modconv1_online-2-1000-1024-8 -pn 12704 -h localhost -N 4
Running /home/mpspdz/mp-spdz-0.3.8/Scripts/../spdz2k-party.x 3 -N 4 -d -b 20000 modconv1_online-2-1000-1024-8 -pn 12704 -h localhost -N 4
Using SPDZ2k security parameter 64
Using statistical security parameter 40
Trying to run 64-bit computation
terminate called after throwing an instance of 'closed_connection'
terminate called after throwing an instance of 'closed_connection'
terminate called recursively
terminate called recursively
terminate called recursively
terminate called recursively
terminate called recursively
terminate called recursively
/home/mpspdz/mp-spdz-0.3.8/Scripts/run-common.sh: line 90: 776644 Aborted                 (core dumped) $my_prefix $SPDZROOT/$bin $i $params 2>&1
     776645 Done                    | { if test "$BENCH"; then
    if test $i = $front_player; then
        tee -a $log;
    else
        cat >> $log;
    fi;
else
    if test $i = $front_player; then
        tee $log;
    else
        cat > $log;
    fi;
fi; }
/home/mpspdz/mp-spdz-0.3.8/Scripts/run-common.sh: line 90: 776646 Killed                  $my_prefix $SPDZROOT/$bin $i $params 2>&1
     776647 Done                    | { if test "$BENCH"; then
    if test $i = $front_player; then
        tee -a $log;
    else
        cat >> $log;
    fi;
else
    if test $i = $front_player; then
        tee $log;
    else
        cat > $log;
    fi;
fi; }
/home/mpspdz/mp-spdz-0.3.8/Scripts/run-common.sh: line 90: 776649 Aborted                 (core dumped) $my_prefix $SPDZROOT/$bin $i $params 2>&1
     776651 Done                    | { if test "$BENCH"; then
    if test $i = $front_player; then
        tee -a $log;
    else
        cat >> $log;
    fi;
else
    if test $i = $front_player; then
        tee $log;
    else
        cat > $log;
    fi;
fi; }
/home/mpspdz/mp-spdz-0.3.8/Scripts/run-common.sh: line 90: 776652 Aborted                 (core dumped) $my_prefix $SPDZROOT/$bin $i $params 2>&1
     776653 Done                    | { if test "$BENCH"; then
    if test $i = $front_player; then
        tee -a $log;
    else
        cat >> $log;
    fi;
else
    if test $i = $front_player; then
        tee $log;
    else
        cat > $log;
    fi;
fi; }
=== Party 1
Using SPDZ2k security parameter 64
Using statistical security parameter 40
Trying to run 64-bit computation
=== Party 2
terminate called after throwing an instance of 'std::runtime_error'
  what():  Ubuntu-2204-jammy-amd64-base : Send error - 1  : Connection reset by peer
  what():  Ubuntu-2204-jammy-amd64-base : Send error - 1  : Connection reset by peer
=== Party 3
terminate called recursively
terminate called recursively
terminate called recursively
