Running /home/mpspdz/mp-spdz-0.3.8/Scripts/../spdz2k-party.x 0 -N 4 -d -b 20000 modconv2_online-4-8-1000-1024-1 -pn 17654 -h localhost -N 4
Running /home/mpspdz/mp-spdz-0.3.8/Scripts/../spdz2k-party.x 1 -N 4 -d -b 20000 modconv2_online-4-8-1000-1024-1 -pn 17654 -h localhost -N 4
Running /home/mpspdz/mp-spdz-0.3.8/Scripts/../spdz2k-party.x 2 -N 4 -d -b 20000 modconv2_online-4-8-1000-1024-1 -pn 17654 -h localhost -N 4
Running /home/mpspdz/mp-spdz-0.3.8/Scripts/../spdz2k-party.x 3 -N 4 -d -b 20000 modconv2_online-4-8-1000-1024-1 -pn 17654 -h localhost -N 4
Using SPDZ2k security parameter 64
Using statistical security parameter 40
Trying to run 64-bit computation
Starting timer 1 at 0 (0 MB, 0 rounds) after 2.0285e-05
Stopped timer 1 at 0.0258887 (0.09672 MB, 11 rounds)
batch: 1000  threads: 1
mismatches: 0
Tinier open counter: 0
SPDZ gf2n_long open counter: 0
SPDZ2^(64+64) open counter: 1
Tinier open counter: 0
SPDZ gf2n_long open counter: 0
SPDZ2^(64+64) open counter: 4
The following benchmarks are including preprocessing (offline phase).
Time = 54.987 seconds 
Time1 = 0.0258887 seconds (0.09672 MB, 11 rounds)
Data sent = 1229.99 MB in ~476 rounds (party 0 only; use '-v' for more details)
Global data sent = 4918.38 MB (all parties)
