Running /Users/au786248/MPSPZDimplem/implem-thresholdFHE-preproc/mp-spdz-0.4.3/Scripts/../spdz2k-party.x 0 -N 2 -d modconv2_preproc-2 -pn 13014 -h localhost -N 2
Running /Users/au786248/MPSPZDimplem/implem-thresholdFHE-preproc/mp-spdz-0.4.3/Scripts/../spdz2k-party.x 1 -N 2 -d modconv2_preproc-2 -pn 13014 -h localhost -N 2
Using SPDZ2k security parameter 64
Using statistical security parameter 40
Trying to run 64-bit computation
Starting timer 1 at 0 (0 MB, 0 rounds, 0 CPU seconds) after 3e-06
hot-one check party 0: 1
hot-one check party 1: 1
Stopped timer 1 at 0.011129 (0.458999 MB, 62 rounds, 0.006895 CPU seconds)
parties: 2  beta: 4  corrections: 4
converted value: 2834514287084860523
expected value: 2834514287084860523
Tinier open counter: 0
SPDZ gf2n_long open counter: 0
SPDZ2^(64+64) open counter: 5
The following benchmarks are including preprocessing (offline phase).
Time = 0.020902 seconds 
Time1 = 0.011129 seconds (0.458999 MB, 62 rounds, 0.006895 CPU seconds)
Data sent = 0.554207 MB in ~108 rounds (party 0 only; use '-v' for more details)
Global data sent = 1.10635 MB (all parties)
