Running /Users/au786248/MPSPZDimplem/implem-thresholdFHE-preproc/mp-spdz-0.4.3/Scripts/../spdz2k-party.x 0 -N 4 -d modconv1_online-2 -pn 10977 -h localhost -N 4
Running /Users/au786248/MPSPZDimplem/implem-thresholdFHE-preproc/mp-spdz-0.4.3/Scripts/../spdz2k-party.x 1 -N 4 -d modconv1_online-2 -pn 10977 -h localhost -N 4
Running /Users/au786248/MPSPZDimplem/implem-thresholdFHE-preproc/mp-spdz-0.4.3/Scripts/../spdz2k-party.x 2 -N 4 -d modconv1_online-2 -pn 10977 -h localhost -N 4
Running /Users/au786248/MPSPZDimplem/implem-thresholdFHE-preproc/mp-spdz-0.4.3/Scripts/../spdz2k-party.x 3 -N 4 -d modconv1_online-2 -pn 10977 -h localhost -N 4
Using SPDZ2k security parameter 64
Using statistical security parameter 40
Trying to run 64-bit computation
No proper key material found in Player-Data//Mascot-Secrets-R-64-c97e597deaba25dffb978697e268153ef924e62f-P0-4, generating from scratch (cannot read from Player-Data//Mascot-Secrets-R-64-c97e597deaba25dffb978697e268153ef924e62f-P0-4)
No proper key material found in Player-Data//Mascot-Secrets-2-128-9a50bc35c6c9cc217be9a7ddd86266d523b22990-P0-4, generating from scratch (cannot read from Player-Data//Mascot-Secrets-2-128-9a50bc35c6c9cc217be9a7ddd86266d523b22990-P0-4)
No proper key material found in Player-Data//Mascot-Secrets-B-64-fe9921394c99b45129ac41210fecc46e6277d1ca-P0-4, generating from scratch (cannot read from Player-Data//Mascot-Secrets-B-64-fe9921394c99b45129ac41210fecc46e6277d1ca-P0-4)
Starting timer 1 at 0 (0 MB, 0 rounds, 0 CPU seconds) after 2e-06
Stopped timer 1 at 0.002415 (0.000204 MB, 5 rounds, 0.000808 CPU seconds)
converted value: 235857962231429558
expected value: 235857962231429558
Tinier open counter: 0
SPDZ gf2n_long open counter: 0
SPDZ2^(64+64) open counter: 3
The following benchmarks are including preprocessing (offline phase).
Time = 0.070977 seconds 
Time1 = 0.002415 seconds (0.000204 MB, 5 rounds, 0.000808 CPU seconds)
Data sent = 0.1896 MB in ~112 rounds (party 0 only; use '-v' for more details)
Global data sent = 9.65544 MB (all parties)
