Running /Users/au786248/MPSPZDimplem/implem-thresholdFHE-preproc/mp-spdz-0.4.3/Scripts/../spdz2k-party.x 0 -N 16 -d modconv3_online -pn 17324 -h localhost -N 16
Running /Users/au786248/MPSPZDimplem/implem-thresholdFHE-preproc/mp-spdz-0.4.3/Scripts/../spdz2k-party.x 1 -N 16 -d modconv3_online -pn 17324 -h localhost -N 16
Running /Users/au786248/MPSPZDimplem/implem-thresholdFHE-preproc/mp-spdz-0.4.3/Scripts/../spdz2k-party.x 2 -N 16 -d modconv3_online -pn 17324 -h localhost -N 16
Running /Users/au786248/MPSPZDimplem/implem-thresholdFHE-preproc/mp-spdz-0.4.3/Scripts/../spdz2k-party.x 3 -N 16 -d modconv3_online -pn 17324 -h localhost -N 16
Running /Users/au786248/MPSPZDimplem/implem-thresholdFHE-preproc/mp-spdz-0.4.3/Scripts/../spdz2k-party.x 4 -N 16 -d modconv3_online -pn 17324 -h localhost -N 16
Running /Users/au786248/MPSPZDimplem/implem-thresholdFHE-preproc/mp-spdz-0.4.3/Scripts/../spdz2k-party.x 5 -N 16 -d modconv3_online -pn 17324 -h localhost -N 16
Running /Users/au786248/MPSPZDimplem/implem-thresholdFHE-preproc/mp-spdz-0.4.3/Scripts/../spdz2k-party.x 6 -N 16 -d modconv3_online -pn 17324 -h localhost -N 16
Running /Users/au786248/MPSPZDimplem/implem-thresholdFHE-preproc/mp-spdz-0.4.3/Scripts/../spdz2k-party.x 7 -N 16 -d modconv3_online -pn 17324 -h localhost -N 16
Running /Users/au786248/MPSPZDimplem/implem-thresholdFHE-preproc/mp-spdz-0.4.3/Scripts/../spdz2k-party.x 8 -N 16 -d modconv3_online -pn 17324 -h localhost -N 16
Running /Users/au786248/MPSPZDimplem/implem-thresholdFHE-preproc/mp-spdz-0.4.3/Scripts/../spdz2k-party.x 9 -N 16 -d modconv3_online -pn 17324 -h localhost -N 16
Running /Users/au786248/MPSPZDimplem/implem-thresholdFHE-preproc/mp-spdz-0.4.3/Scripts/../spdz2k-party.x 10 -N 16 -d modconv3_online -pn 17324 -h localhost -N 16
Running /Users/au786248/MPSPZDimplem/implem-thresholdFHE-preproc/mp-spdz-0.4.3/Scripts/../spdz2k-party.x 11 -N 16 -d modconv3_online -pn 17324 -h localhost -N 16
Running /Users/au786248/MPSPZDimplem/implem-thresholdFHE-preproc/mp-spdz-0.4.3/Scripts/../spdz2k-party.x 12 -N 16 -d modconv3_online -pn 17324 -h localhost -N 16
Running /Users/au786248/MPSPZDimplem/implem-thresholdFHE-preproc/mp-spdz-0.4.3/Scripts/../spdz2k-party.x 13 -N 16 -d modconv3_online -pn 17324 -h localhost -N 16
Running /Users/au786248/MPSPZDimplem/implem-thresholdFHE-preproc/mp-spdz-0.4.3/Scripts/../spdz2k-party.x 14 -N 16 -d modconv3_online -pn 17324 -h localhost -N 16
Running /Users/au786248/MPSPZDimplem/implem-thresholdFHE-preproc/mp-spdz-0.4.3/Scripts/../spdz2k-party.x 15 -N 16 -d modconv3_online -pn 17324 -h localhost -N 16
Using SPDZ2k security parameter 64
Using statistical security parameter 40
Trying to run 64-bit computation
Starting timer 1 at 0 (0 MB, 0 rounds, 0 CPU seconds) after 1.1e-05
Stopped timer 1 at 1.53328 (81.4922 MB, 351 rounds, 0.727944 CPU seconds)
converted value: 8231836141339908136
expected value: 8231836141339908136
Tinier open counter: 0
SPDZ gf2n_long open counter: 0
SPDZ2^(64+64) open counter: 9
The following benchmarks are including preprocessing (offline phase).
Time = 2.65939 seconds 
Time1 = 1.53328 seconds (81.4922 MB, 351 rounds, 0.727944 CPU seconds)
Data sent = 84.342 MB in ~925 rounds (party 0 only; use '-v' for more details)
Global data sent = 1541.83 MB (all parties)
Communication time accounts for more than 95 percent of total time (5.45332 seconds). This might be because of the computation and the network setting, but it could also be product of the optimization trade-off during compilation. See https://mp-spdz.readthedocs.io/en/latest/troubleshooting.html#high-number-of-rounds-or-slow-wan-execution
