Running /home/mpspdz/mp-spdz-0.3.8/Scripts/../spdz2k-party.x 0 -N 16 -d modconv2_online-16-32 -pn 13706 -h localhost -N 16
Running /home/mpspdz/mp-spdz-0.3.8/Scripts/../spdz2k-party.x 1 -N 16 -d modconv2_online-16-32 -pn 13706 -h localhost -N 16
Running /home/mpspdz/mp-spdz-0.3.8/Scripts/../spdz2k-party.x 2 -N 16 -d modconv2_online-16-32 -pn 13706 -h localhost -N 16
Running /home/mpspdz/mp-spdz-0.3.8/Scripts/../spdz2k-party.x 3 -N 16 -d modconv2_online-16-32 -pn 13706 -h localhost -N 16
Running /home/mpspdz/mp-spdz-0.3.8/Scripts/../spdz2k-party.x 4 -N 16 -d modconv2_online-16-32 -pn 13706 -h localhost -N 16
Running /home/mpspdz/mp-spdz-0.3.8/Scripts/../spdz2k-party.x 5 -N 16 -d modconv2_online-16-32 -pn 13706 -h localhost -N 16
Running /home/mpspdz/mp-spdz-0.3.8/Scripts/../spdz2k-party.x 6 -N 16 -d modconv2_online-16-32 -pn 13706 -h localhost -N 16
Running /home/mpspdz/mp-spdz-0.3.8/Scripts/../spdz2k-party.x 7 -N 16 -d modconv2_online-16-32 -pn 13706 -h localhost -N 16
Running /home/mpspdz/mp-spdz-0.3.8/Scripts/../spdz2k-party.x 8 -N 16 -d modconv2_online-16-32 -pn 13706 -h localhost -N 16
Running /home/mpspdz/mp-spdz-0.3.8/Scripts/../spdz2k-party.x 9 -N 16 -d modconv2_online-16-32 -pn 13706 -h localhost -N 16
Running /home/mpspdz/mp-spdz-0.3.8/Scripts/../spdz2k-party.x 10 -N 16 -d modconv2_online-16-32 -pn 13706 -h localhost -N 16
Running /home/mpspdz/mp-spdz-0.3.8/Scripts/../spdz2k-party.x 11 -N 16 -d modconv2_online-16-32 -pn 13706 -h localhost -N 16
Running /home/mpspdz/mp-spdz-0.3.8/Scripts/../spdz2k-party.x 12 -N 16 -d modconv2_online-16-32 -pn 13706 -h localhost -N 16
Using SPDZ2k security parameter 64
Running /home/mpspdz/mp-spdz-0.3.8/Scripts/../spdz2k-party.x 13 -N 16 -d modconv2_online-16-32 -pn 13706 -h localhost -N 16
Using statistical security parameter 40
Running /home/mpspdz/mp-spdz-0.3.8/Scripts/../spdz2k-party.x 14 -N 16 -d modconv2_online-16-32 -pn 13706 -h localhost -N 16
Running /home/mpspdz/mp-spdz-0.3.8/Scripts/../spdz2k-party.x 15 -N 16 -d modconv2_online-16-32 -pn 13706 -h localhost -N 16
Trying to run 64-bit computation
Starting timer 1 at 0 (0 MB, 0 rounds) after 2.7808e-05
Stopped timer 1 at 0.0494385 (0.0018 MB, 5 rounds)
converted value: 4093277574787258623
expected value: 4093277574787258623
Tinier open counter: 0
SPDZ gf2n_long open counter: 0
SPDZ2^(64+64) open counter: 3
The following benchmarks are including preprocessing (offline phase).
Time = 25.9146 seconds 
Time1 = 0.0494385 seconds (0.0018 MB, 5 rounds)
Data sent = 154.817 MB in ~1256 rounds (party 0 only; use '-v' for more details)
Global data sent = 2476.93 MB (all parties)
