Running /home/mpspdz/mp-spdz-0.3.8/Scripts/../spdz2k-party.x 0 -N 8 -d modconv3_online -pn 17128 -h localhost -N 8
Running /home/mpspdz/mp-spdz-0.3.8/Scripts/../spdz2k-party.x 1 -N 8 -d modconv3_online -pn 17128 -h localhost -N 8
Running /home/mpspdz/mp-spdz-0.3.8/Scripts/../spdz2k-party.x 2 -N 8 -d modconv3_online -pn 17128 -h localhost -N 8
Running /home/mpspdz/mp-spdz-0.3.8/Scripts/../spdz2k-party.x 3 -N 8 -d modconv3_online -pn 17128 -h localhost -N 8
Running /home/mpspdz/mp-spdz-0.3.8/Scripts/../spdz2k-party.x 4 -N 8 -d modconv3_online -pn 17128 -h localhost -N 8
Running /home/mpspdz/mp-spdz-0.3.8/Scripts/../spdz2k-party.x 5 -N 8 -d modconv3_online -pn 17128 -h localhost -N 8
Running /home/mpspdz/mp-spdz-0.3.8/Scripts/../spdz2k-party.x 6 -N 8 -d modconv3_online -pn 17128 -h localhost -N 8
Running /home/mpspdz/mp-spdz-0.3.8/Scripts/../spdz2k-party.x 7 -N 8 -d modconv3_online -pn 17128 -h localhost -N 8
Using SPDZ2k security parameter 64
Using statistical security parameter 40
Trying to run 64-bit computation
Starting timer 1 at 0 (0 MB, 0 rounds) after 2.2713e-05
Stopped timer 1 at 26.7311 (38.0731 MB, 185 rounds)
converted value: 264882158693471242
expected value: 264882158693471242
Tinier open counter: 0
SPDZ gf2n_long open counter: 0
SPDZ2^(64+64) open counter: 9
The following benchmarks are including preprocessing (offline phase).
Time = 85.4769 seconds 
Time1 = 26.7311 seconds (38.0731 MB, 185 rounds)
Data sent = 110.315 MB in ~768 rounds (party 0 only; use '-v' for more details)
Global data sent = 881.826 MB (all parties)
