Running /home/mpspdz/mp-spdz-0.3.8/Scripts/../spdz2k-party.x 0 -N 16 -d modconv3_online -pn 17684 -h localhost -N 16
Running /home/mpspdz/mp-spdz-0.3.8/Scripts/../spdz2k-party.x 1 -N 16 -d modconv3_online -pn 17684 -h localhost -N 16
Running /home/mpspdz/mp-spdz-0.3.8/Scripts/../spdz2k-party.x 2 -N 16 -d modconv3_online -pn 17684 -h localhost -N 16
Running /home/mpspdz/mp-spdz-0.3.8/Scripts/../spdz2k-party.x 3 -N 16 -d modconv3_online -pn 17684 -h localhost -N 16
Running /home/mpspdz/mp-spdz-0.3.8/Scripts/../spdz2k-party.x 4 -N 16 -d modconv3_online -pn 17684 -h localhost -N 16
Running /home/mpspdz/mp-spdz-0.3.8/Scripts/../spdz2k-party.x 5 -N 16 -d modconv3_online -pn 17684 -h localhost -N 16
Running /home/mpspdz/mp-spdz-0.3.8/Scripts/../spdz2k-party.x 6 -N 16 -d modconv3_online -pn 17684 -h localhost -N 16
Running /home/mpspdz/mp-spdz-0.3.8/Scripts/../spdz2k-party.x 7 -N 16 -d modconv3_online -pn 17684 -h localhost -N 16
Running /home/mpspdz/mp-spdz-0.3.8/Scripts/../spdz2k-party.x 8 -N 16 -d modconv3_online -pn 17684 -h localhost -N 16
Running /home/mpspdz/mp-spdz-0.3.8/Scripts/../spdz2k-party.x 9 -N 16 -d modconv3_online -pn 17684 -h localhost -N 16
Running /home/mpspdz/mp-spdz-0.3.8/Scripts/../spdz2k-party.x 10 -N 16 -d modconv3_online -pn 17684 -h localhost -N 16
Running /home/mpspdz/mp-spdz-0.3.8/Scripts/../spdz2k-party.x 11 -N 16 -d modconv3_online -pn 17684 -h localhost -N 16
Running /home/mpspdz/mp-spdz-0.3.8/Scripts/../spdz2k-party.x 12 -N 16 -d modconv3_online -pn 17684 -h localhost -N 16
Using SPDZ2k security parameter Running /home/mpspdz/mp-spdz-0.3.8/Scripts/../spdz2k-party.x 13 -N 16 -d modconv3_online -pn 17684 -h localhost -N 16
64
Using statistical security parameter 40
Running /home/mpspdz/mp-spdz-0.3.8/Scripts/../spdz2k-party.x 14 -N 16 -d modconv3_online -pn 17684 -h localhost -N 16
Running /home/mpspdz/mp-spdz-0.3.8/Scripts/../spdz2k-party.x 15 -N 16 -d modconv3_online -pn 17684 -h localhost -N 16
Trying to run 64-bit computation
Starting timer 1 at 0 (0 MB, 0 rounds) after 3.6416e-05
Stopped timer 1 at 12.8666 (81.4944 MB, 351 rounds)
converted value: 6212848185615823401
expected value: 6212848185615823401
Tinier open counter: 0
SPDZ gf2n_long open counter: 0
SPDZ2^(64+64) open counter: 9
The following benchmarks are including preprocessing (offline phase).
Time = 79.7501 seconds 
Time1 = 12.8666 seconds (81.4944 MB, 351 rounds)
Data sent = 236.319 MB in ~1606 rounds (party 0 only; use '-v' for more details)
Global data sent = 3779.12 MB (all parties)
