Running /home/mpspdz/mp-spdz-0.3.8/Scripts/../spdz2k-party.x 0 -N 8 -d modconv2_online-8-16 -pn 15108 -h localhost -N 8
Running /home/mpspdz/mp-spdz-0.3.8/Scripts/../spdz2k-party.x 1 -N 8 -d modconv2_online-8-16 -pn 15108 -h localhost -N 8
Running /home/mpspdz/mp-spdz-0.3.8/Scripts/../spdz2k-party.x 2 -N 8 -d modconv2_online-8-16 -pn 15108 -h localhost -N 8
Running /home/mpspdz/mp-spdz-0.3.8/Scripts/../spdz2k-party.x 3 -N 8 -d modconv2_online-8-16 -pn 15108 -h localhost -N 8
Running /home/mpspdz/mp-spdz-0.3.8/Scripts/../spdz2k-party.x 4 -N 8 -d modconv2_online-8-16 -pn 15108 -h localhost -N 8
Running /home/mpspdz/mp-spdz-0.3.8/Scripts/../spdz2k-party.x 5 -N 8 -d modconv2_online-8-16 -pn 15108 -h localhost -N 8
Running /home/mpspdz/mp-spdz-0.3.8/Scripts/../spdz2k-party.x 6 -N 8 -d modconv2_online-8-16 -pn 15108 -h localhost -N 8
Running /home/mpspdz/mp-spdz-0.3.8/Scripts/../spdz2k-party.x 7 -N 8 -d modconv2_online-8-16 -pn 15108 -h localhost -N 8
Using SPDZ2k security parameter 64
Using statistical security parameter 40
Trying to run 64-bit computation
Starting timer 1 at 0 (0 MB, 0 rounds) after 2.137e-05
Stopped timer 1 at 0.0072461 (0.00084 MB, 5 rounds)
converted value: 127242168667600306
expected value: 127242168667600306
Tinier open counter: 0
SPDZ gf2n_long open counter: 0
SPDZ2^(64+64) open counter: 3
The following benchmarks are including preprocessing (offline phase).
Time = 47.3204 seconds 
Time1 = 0.0072461 seconds (0.00084 MB, 5 rounds)
Data sent = 72.2365 MB in ~584 rounds (party 0 only; use '-v' for more details)
Global data sent = 577.872 MB (all parties)
