Running /Users/au786248/MPSPZDimplem/implem-thresholdFHE-preproc/mp-spdz-0.4.3/Scripts/../spdz2k-party.x 0 -N 8 -d modconv2_online-8 -pn 18407 -h localhost -N 8
Running /Users/au786248/MPSPZDimplem/implem-thresholdFHE-preproc/mp-spdz-0.4.3/Scripts/../spdz2k-party.x 1 -N 8 -d modconv2_online-8 -pn 18407 -h localhost -N 8
Running /Users/au786248/MPSPZDimplem/implem-thresholdFHE-preproc/mp-spdz-0.4.3/Scripts/../spdz2k-party.x 2 -N 8 -d modconv2_online-8 -pn 18407 -h localhost -N 8
Running /Users/au786248/MPSPZDimplem/implem-thresholdFHE-preproc/mp-spdz-0.4.3/Scripts/../spdz2k-party.x 3 -N 8 -d modconv2_online-8 -pn 18407 -h localhost -N 8
Running /Users/au786248/MPSPZDimplem/implem-thresholdFHE-preproc/mp-spdz-0.4.3/Scripts/../spdz2k-party.x 4 -N 8 -d modconv2_online-8 -pn 18407 -h localhost -N 8
Running /Users/au786248/MPSPZDimplem/implem-thresholdFHE-preproc/mp-spdz-0.4.3/Scripts/../spdz2k-party.x 5 -N 8 -d modconv2_online-8 -pn 18407 -h localhost -N 8
Running /Users/au786248/MPSPZDimplem/implem-thresholdFHE-preproc/mp-spdz-0.4.3/Scripts/../spdz2k-party.x 6 -N 8 -d modconv2_online-8 -pn 18407 -h localhost -N 8
Running /Users/au786248/MPSPZDimplem/implem-thresholdFHE-preproc/mp-spdz-0.4.3/Scripts/../spdz2k-party.x 7 -N 8 -d modconv2_online-8 -pn 18407 -h localhost -N 8
Using SPDZ2k security parameter 64
Using statistical security parameter 40
Trying to run 64-bit computation
Starting timer 1 at 0 (0 MB, 0 rounds, 0 CPU seconds) after 5e-06
Stopped timer 1 at 0.004573 (0.000476 MB, 5 rounds, 0.002526 CPU seconds)
converted value: 3618465533330927674
expected value: 3618465533330927674
Tinier open counter: 0
SPDZ gf2n_long open counter: 0
SPDZ2^(64+64) open counter: 3
The following benchmarks are including preprocessing (offline phase).
Time = 0.185669 seconds 
Time1 = 0.004573 seconds (0.000476 MB, 5 rounds, 0.002526 CPU seconds)
Data sent = 0.647024 MB in ~276 rounds (party 0 only; use '-v' for more details)
Global data sent = 52.1961 MB (all parties)
