Running /Users/au786248/MPSPZDimplem/implem-thresholdFHE-preproc/mp-spdz-0.4.3/Scripts/../spdz2k-party.x 0 -N 4 -d modconv3_online -pn 13444 -h localhost -N 4
Running /Users/au786248/MPSPZDimplem/implem-thresholdFHE-preproc/mp-spdz-0.4.3/Scripts/../spdz2k-party.x 1 -N 4 -d modconv3_online -pn 13444 -h localhost -N 4
Running /Users/au786248/MPSPZDimplem/implem-thresholdFHE-preproc/mp-spdz-0.4.3/Scripts/../spdz2k-party.x 2 -N 4 -d modconv3_online -pn 13444 -h localhost -N 4
Running /Users/au786248/MPSPZDimplem/implem-thresholdFHE-preproc/mp-spdz-0.4.3/Scripts/../spdz2k-party.x 3 -N 4 -d modconv3_online -pn 13444 -h localhost -N 4
Using SPDZ2k security parameter 64
Using statistical security parameter 40
Trying to run 64-bit computation
Starting timer 1 at 0 (0 MB, 0 rounds, 0 CPU seconds) after 5e-06
Stopped timer 1 at 0.068824 (16.3166 MB, 89 rounds, 0.085952 CPU seconds)
converted value: 7165793400107924588
expected value: 7165793400107924588
Tinier open counter: 0
SPDZ gf2n_long open counter: 0
SPDZ2^(64+64) open counter: 9
The following benchmarks are including preprocessing (offline phase).
Time = 0.131946 seconds 
Time1 = 0.068824 seconds (16.3166 MB, 89 rounds, 0.085952 CPU seconds)
Data sent = 16.8839 MB in ~200 rounds (party 0 only; use '-v' for more details)
Global data sent = 75.2086 MB (all parties)
Communication time accounts for more than 95 percent of total time (0.137804 seconds). This might be because of the computation and the network setting, but it could also be product of the optimization trade-off during compilation. See https://mp-spdz.readthedocs.io/en/latest/troubleshooting.html#high-number-of-rounds-or-slow-wan-execution
