Running /Users/au786248/MPSPZDimplem/implem-thresholdFHE-preproc/mp-spdz-0.4.3/Scripts/../spdz2k-party.x 0 -N 16 -d modconv1_online-2 -pn 19422 -h localhost -N 16
Running /Users/au786248/MPSPZDimplem/implem-thresholdFHE-preproc/mp-spdz-0.4.3/Scripts/../spdz2k-party.x 1 -N 16 -d modconv1_online-2 -pn 19422 -h localhost -N 16
Running /Users/au786248/MPSPZDimplem/implem-thresholdFHE-preproc/mp-spdz-0.4.3/Scripts/../spdz2k-party.x 2 -N 16 -d modconv1_online-2 -pn 19422 -h localhost -N 16
Running /Users/au786248/MPSPZDimplem/implem-thresholdFHE-preproc/mp-spdz-0.4.3/Scripts/../spdz2k-party.x 3 -N 16 -d modconv1_online-2 -pn 19422 -h localhost -N 16
Running /Users/au786248/MPSPZDimplem/implem-thresholdFHE-preproc/mp-spdz-0.4.3/Scripts/../spdz2k-party.x 4 -N 16 -d modconv1_online-2 -pn 19422 -h localhost -N 16
Running /Users/au786248/MPSPZDimplem/implem-thresholdFHE-preproc/mp-spdz-0.4.3/Scripts/../spdz2k-party.x 5 -N 16 -d modconv1_online-2 -pn 19422 -h localhost -N 16
Running /Users/au786248/MPSPZDimplem/implem-thresholdFHE-preproc/mp-spdz-0.4.3/Scripts/../spdz2k-party.x 6 -N 16 -d modconv1_online-2 -pn 19422 -h localhost -N 16
Running /Users/au786248/MPSPZDimplem/implem-thresholdFHE-preproc/mp-spdz-0.4.3/Scripts/../spdz2k-party.x 7 -N 16 -d modconv1_online-2 -pn 19422 -h localhost -N 16
Running /Users/au786248/MPSPZDimplem/implem-thresholdFHE-preproc/mp-spdz-0.4.3/Scripts/../spdz2k-party.x 8 -N 16 -d modconv1_online-2 -pn 19422 -h localhost -N 16
Running /Users/au786248/MPSPZDimplem/implem-thresholdFHE-preproc/mp-spdz-0.4.3/Scripts/../spdz2k-party.x 9 -N 16 -d modconv1_online-2 -pn 19422 -h localhost -N 16
Running /Users/au786248/MPSPZDimplem/implem-thresholdFHE-preproc/mp-spdz-0.4.3/Scripts/../spdz2k-party.x 10 -N 16 -d modconv1_online-2 -pn 19422 -h localhost -N 16
Running /Users/au786248/MPSPZDimplem/implem-thresholdFHE-preproc/mp-spdz-0.4.3/Scripts/../spdz2k-party.x 11 -N 16 -d modconv1_online-2 -pn 19422 -h localhost -N 16
Running /Users/au786248/MPSPZDimplem/implem-thresholdFHE-preproc/mp-spdz-0.4.3/Scripts/../spdz2k-party.x 12 -N 16 -d modconv1_online-2 -pn 19422 -h localhost -N 16
Running /Users/au786248/MPSPZDimplem/implem-thresholdFHE-preproc/mp-spdz-0.4.3/Scripts/../spdz2k-party.x 13 -N 16 -d modconv1_online-2 -pn 19422 -h localhost -N 16
Running /Users/au786248/MPSPZDimplem/implem-thresholdFHE-preproc/mp-spdz-0.4.3/Scripts/../spdz2k-party.x 14 -N 16 -d modconv1_online-2 -pn 19422 -h localhost -N 16
Running /Users/au786248/MPSPZDimplem/implem-thresholdFHE-preproc/mp-spdz-0.4.3/Scripts/../spdz2k-party.x 15 -N 16 -d modconv1_online-2 -pn 19422 -h localhost -N 16
Using SPDZ2k security parameter 64
Using statistical security parameter 40
Trying to run 64-bit computation
No proper key material found in Player-Data//Mascot-Secrets-R-64-c97e597deaba25dffb978697e268153ef924e62f-P0-16, generating from scratch (cannot read from Player-Data//Mascot-Secrets-R-64-c97e597deaba25dffb978697e268153ef924e62f-P0-16)
No proper key material found in Player-Data//Mascot-Secrets-2-128-9a50bc35c6c9cc217be9a7ddd86266d523b22990-P0-16, generating from scratch (cannot read from Player-Data//Mascot-Secrets-2-128-9a50bc35c6c9cc217be9a7ddd86266d523b22990-P0-16)
No proper key material found in Player-Data//Mascot-Secrets-B-64-fe9921394c99b45129ac41210fecc46e6277d1ca-P0-16, generating from scratch (cannot read from Player-Data//Mascot-Secrets-B-64-fe9921394c99b45129ac41210fecc46e6277d1ca-P0-16)
Starting timer 1 at 0 (0 MB, 0 rounds, 0 CPU seconds) after 9e-06
Stopped timer 1 at 0.023333 (0.00102 MB, 5 rounds, 0.011814 CPU seconds)
converted value: 3040856532050613297
expected value: 3040856532050613297
Tinier open counter: 0
SPDZ gf2n_long open counter: 0
SPDZ2^(64+64) open counter: 3
The following benchmarks are including preprocessing (offline phase).
Time = 0.887755 seconds 
Time1 = 0.023333 seconds (0.00102 MB, 5 rounds, 0.011814 CPU seconds)
Data sent = 0.961488 MB in ~575 rounds (party 0 only; use '-v' for more details)
Global data sent = 237.79 MB (all parties)
