Running /home/mpspdz/mp-spdz-0.3.8/Scripts/../spdz2k-party.x 0 -N 4 -d -b 20000 modconv1_online-2-1000-1024-5 -pn 17490 -h localhost -N 4
Running /home/mpspdz/mp-spdz-0.3.8/Scripts/../spdz2k-party.x 1 -N 4 -d -b 20000 modconv1_online-2-1000-1024-5 -pn 17490 -h localhost -N 4
Running /home/mpspdz/mp-spdz-0.3.8/Scripts/../spdz2k-party.x 2 -N 4 -d -b 20000 modconv1_online-2-1000-1024-5 -pn 17490 -h localhost -N 4
Running /home/mpspdz/mp-spdz-0.3.8/Scripts/../spdz2k-party.x 3 -N 4 -d -b 20000 modconv1_online-2-1000-1024-5 -pn 17490 -h localhost -N 4
Using SPDZ2k security parameter 64
Using statistical security parameter 40
Trying to run 64-bit computation
terminate called recursively
terminate called after throwing an instance of '/home/mpspdz/mp-spdz-0.3.8/Scripts/run-common.sh: line 90: 744415 Aborted                 (core dumped) $my_prefix $SPDZROOT/$bin $i $params 2>&1
     744416 Done                    | { if test "$BENCH"; then
    if test $i = $front_player; then
        tee -a $log;
    else
        cat >> $log;
    fi;
else
    if test $i = $front_player; then
        tee $log;
    else
        cat > $log;
    fi;
fi; }
/home/mpspdz/mp-spdz-0.3.8/Scripts/run-common.sh: line 90: 744417 Aborted                 (core dumped) $my_prefix $SPDZROOT/$bin $i $params 2>&1
     744419 Done                    | { if test "$BENCH"; then
    if test $i = $front_player; then
        tee -a $log;
    else
        cat >> $log;
    fi;
else
    if test $i = $front_player; then
        tee $log;
    else
        cat > $log;
    fi;
fi; }
/home/mpspdz/mp-spdz-0.3.8/Scripts/run-common.sh: line 90: 744420 Killed                  $my_prefix $SPDZROOT/$bin $i $params 2>&1
     744421 Done                    | { if test "$BENCH"; then
    if test $i = $front_player; then
        tee -a $log;
    else
        cat >> $log;
    fi;
else
    if test $i = $front_player; then
        tee $log;
    else
        cat > $log;
    fi;
fi; }
/home/mpspdz/mp-spdz-0.3.8/Scripts/run-common.sh: line 90: 744423 Aborted                 (core dumped) $my_prefix $SPDZROOT/$bin $i $params 2>&1
     744424 Done                    | { if test "$BENCH"; then
    if test $i = $front_player; then
        tee -a $log;
    else
        cat >> $log;
    fi;
else
    if test $i = $front_player; then
        tee $log;
    else
        cat > $log;
    fi;
fi; }
=== Party 1
terminate called after throwing an instance of 'closed_connection'
terminate called after throwing an instance of 'closed_connection'
terminate called after throwing an instance of 'closed_connection'
=== Party 2
Using SPDZ2k security parameter 64
Using statistical security parameter 40
Trying to run 64-bit computation
=== Party 3
Trying to run 64-bit computation
terminate called recursively
terminate called recursively
